     VMA      LMA     Size Align Out     In      Symbol
       0        0 80200000     1 . = 0x80200000
80200000 80200000      364     4 .text
80200000 80200000        e     2         /var/folders/hw/r5t5ryts3r7fw374z_3h5bmw0000gp/T/kernel-cfd782.o:(.text.boot)
80200000 80200000        0     1                 .L0 
80200000 80200000        0     1                 .L0 
80200000 80200000        0     1                 $x
80200000 80200000        0     1                 .L0 
80200000 80200000        e     1                 boot
8020000e 8020000e        0     1                 .L0 
8020000e 8020000e        0     1                 .L0 
80200010 80200010      132     4         /var/folders/hw/r5t5ryts3r7fw374z_3h5bmw0000gp/T/kernel-cfd782.o:(.text)
80200010 80200010        0     1                 .L0 
80200010 80200010        0     1                 .L0 
80200010 80200010        0     1                 $x
80200010 80200010        0     1                 .L0 
80200010 80200010        6     1                 sbi_call
80200014 80200014        0     1                 .L0 
80200016 80200016        0     1                 .L0 
80200016 80200016        0     1                 .L0 
80200016 80200016        0     1                 .L0 
80200016 80200016       14     1                 putchar
8020002c 8020002c        0     1                 .L0 
8020002c 8020002c        0     1                 .L0 
8020002c 8020002c        0     1                 .L0 
8020002c 8020002c       90     1                 kernel_entry
802000bc 802000bc        0     1                 .L0 
802000bc 802000bc        0     1                 .L0 
802000bc 802000bc        0     1                 .L0 
802000bc 802000bc        0     1                 .L0 
802000bc 802000bc        0     1                 .L0 
802000bc 802000bc       28     1                 handle_trap
802000c0 802000c0        0     1                 .L0 
802000c0 802000c0        0     1                 .L0 
802000c4 802000c4        0     1                 .L0 
802000c4 802000c4        0     1                 .L0 
802000c8 802000c8        0     1                 .L0 
802000c8 802000c8        0     1                 .L0 
802000cc 802000cc        0     1                 .L0 
802000cc 802000cc        0     1                 .L0 
802000d0 802000d0        0     1                 .L0 
802000e2 802000e2        0     1                 .L0 
802000e4 802000e4        0     1                 .L0 
802000e4 802000e4        0     1                 .L0 
802000e4 802000e4        0     1                 .L0 
802000e4 802000e4        0     1                 .L0 
802000e4 802000e4        0     1                 .L0 
802000e4 802000e4       5e     1                 kernel_main
802000e8 802000e8        0     1                 .L0 
802000fe 802000fe        0     1                 .L0 
802000fe 802000fe        0     1                 .L0 
80200106 80200106        0     1                 .L0 
8020010a 8020010a        0     1                 .L0 
8020010a 8020010a        0     1                 .L0 
8020010e 8020010e        0     1                 .L0 
8020011c 8020011c        0     1                 .L0 
8020011c 8020011c        0     1                 .L0 
80200130 80200130        0     1                 .L0 
80200130 80200130        0     1                 .L0 
80200132 80200132        0     1                 .L0 
8020013c 8020013c        0     1                 .L0 
8020013c 8020013c        0     1                 .L0 
80200140 80200140        0     1                 .L0 
80200142 80200142        0     1                 .L0 
80200142 80200142        0     1                 .L0 
80200142 80200142      222     2         /var/folders/hw/r5t5ryts3r7fw374z_3h5bmw0000gp/T/common-709714.o:(.text)
80200142 80200142        0     1                 .L0 
80200142 80200142        0     1                 .L0 
80200142 80200142        0     1                 $x
80200142 80200142        0     1                 .L0 
80200142 80200142      1a8     1                 printf
8020015e 8020015e        0     1                 .L0 
80200188 80200188        0     1                 .L0 
80200198 80200198        0     1                 .L0 
80200198 80200198        0     1                 .L0 
8020019c 8020019c        0     1                 .L0 
8020019c 8020019c        0     1                 .L0 
8020019e 8020019e        0     1                 .L0 
802001a2 802001a2        0     1                 .L0 
802001aa 802001aa        0     1                 .L0 
802001aa 802001aa        0     1                 .L0 
802001ac 802001ac        0     1                 .L0 
802001ac 802001ac        0     1                 .L0 
802001ae 802001ae        0     1                 .L0 
802001b0 802001b0        0     1                 .L0 
802001b0 802001b0        0     1                 .L0 
802001b6 802001b6        0     1                 .L0 
802001c6 802001c6        0     1                 .L0 
802001c6 802001c6        0     1                 .L0 
802001d2 802001d2        0     1                 .L0 
802001d2 802001d2        0     1                 .L0 
802001d6 802001d6        0     1                 .L0 
802001d6 802001d6        0     1                 .L0 
802001d8 802001d8        0     1                 .L0 
802001de 802001de        0     1                 .L0 
802001de 802001de        0     1                 .L0 
802001e6 802001e6        0     1                 .L0 
802001e6 802001e6        0     1                 .L0 
802001f0 802001f0        0     1                 .L0 
802001f0 802001f0        0     1                 .L0 
802001f4 802001f4        0     1                 .L0 
802001f4 802001f4        0     1                 .L0 
802001f6 802001f6        0     1                 .L0 
802001fa 802001fa        0     1                 .L0 
802001fc 802001fc        0     1                 .L0 
802001fc 802001fc        0     1                 .L0 
80200202 80200202        0     1                 .L0 
80200202 80200202        0     1                 .L0 
80200204 80200204        0     1                 .L0 
80200208 80200208        0     1                 .L0 
8020020a 8020020a        0     1                 .L0 
8020020a 8020020a        0     1                 .L0 
80200210 80200210        0     1                 .L0 
80200210 80200210        0     1                 .L0 
80200212 80200212        0     1                 .L0 
80200216 80200216        0     1                 .L0 
80200218 80200218        0     1                 .L0 
80200218 80200218        0     1                 .L0 
8020021e 8020021e        0     1                 .L0 
8020021e 8020021e        0     1                 .L0 
80200220 80200220        0     1                 .L0 
80200224 80200224        0     1                 .L0 
80200226 80200226        0     1                 .L0 
80200226 80200226        0     1                 .L0 
8020022c 8020022c        0     1                 .L0 
8020022c 8020022c        0     1                 .L0 
8020022e 8020022e        0     1                 .L0 
80200232 80200232        0     1                 .L0 
80200234 80200234        0     1                 .L0 
80200234 80200234        0     1                 .L0 
8020023a 8020023a        0     1                 .L0 
8020023a 8020023a        0     1                 .L0 
8020023c 8020023c        0     1                 .L0 
80200240 80200240        0     1                 .L0 
80200242 80200242        0     1                 .L0 
80200242 80200242        0     1                 .L0 
80200248 80200248        0     1                 .L0 
80200248 80200248        0     1                 .L0 
8020024a 8020024a        0     1                 .L0 
8020024e 8020024e        0     1                 .L0 
80200250 80200250        0     1                 .L0 
80200250 80200250        0     1                 .L0 
80200252 80200252        0     1                 .L0 
80200252 80200252        0     1                 .L0 
80200254 80200254        0     1                 .L0 
80200258 80200258        0     1                 .L0 
80200258 80200258        0     1                 .L0 
8020025a 8020025a        0     1                 .L0 
8020025a 8020025a        0     1                 .L0 
8020025c 8020025c        0     1                 .L0 
8020025e 8020025e        0     1                 .L0 
8020025e 8020025e        0     1                 .L0 
8020025e 8020025e        0     1                 .L0 
80200268 80200268        0     1                 .L0 
8020026c 8020026c        0     1                 .L0 
80200272 80200272        0     1                 .L0 
80200272 80200272        0     1                 .L0 
80200272 80200272        0     1                 .L0 
80200278 80200278        0     1                 .L0 
80200278 80200278        0     1                 .L0 
8020027c 8020027c        0     1                 .L0 
8020027e 8020027e        0     1                 .L0 
80200282 80200282        0     1                 .L0 
80200282 80200282        0     1                 .L0 
80200282 80200282        0     1                 .L0 
80200288 80200288        0     1                 .L0 
80200288 80200288        0     1                 .L0 
8020028c 8020028c        0     1                 .L0 
8020028e 8020028e        0     1                 .L0 
80200292 80200292        0     1                 .L0 
80200292 80200292        0     1                 .L0 
80200292 80200292        0     1                 .L0 
80200298 80200298        0     1                 .L0 
8020029a 8020029a        0     1                 .L0 
8020029e 8020029e        0     1                 .L0 
802002a2 802002a2        0     1                 .L0 
802002a2 802002a2        0     1                 .L0 
802002a2 802002a2        0     1                 .L0 
802002a4 802002a4        0     1                 .L0 
802002a4 802002a4        0     1                 .L0 
802002a8 802002a8        0     1                 .L0 
802002ac 802002ac        0     1                 .L0 
802002b2 802002b2        0     1                 .L0 
802002b2 802002b2        0     1                 .L0 
802002c0 802002c0        0     1                 .L0 
802002c0 802002c0        0     1                 .L0 
802002c6 802002c6        0     1                 .L0 
802002c6 802002c6        0     1                 .L0 
802002c6 802002c6        0     1                 .L0 
802002cc 802002cc        0     1                 .L0 
802002cc 802002cc        0     1                 .L0 
802002cc 802002cc        0     1                 .L0 
802002d0 802002d0        0     1                 .L0 
802002e6 802002e6        0     1                 .L0 
802002ea 802002ea        0     1                 .L0 
802002ea 802002ea        0     1                 .L0 
802002ea 802002ea        0     1                 .L0 
802002ea 802002ea        0     1                 .L0 
802002ea 802002ea        0     1                 .L0 
802002ea 802002ea       1c     1                 memcpy
802002ee 802002ee        0     1                 .L0 
802002ee 802002ee        0     1                 .L0 
802002f0 802002f0        0     1                 .L0 
802002fa 802002fa        0     1                 .L0 
80200300 80200300        0     1                 .L0 
80200300 80200300        0     1                 .L0 
80200304 80200304        0     1                 .L0 
80200304 80200304        0     1                 .L0 
80200306 80200306        0     1                 .L0 
80200306 80200306        0     1                 .L0 
80200306 80200306        0     1                 .L0 
80200306 80200306       16     1                 memset
8020030a 8020030a        0     1                 .L0 
8020030a 8020030a        0     1                 .L0 
8020030c 8020030c        0     1                 .L0 
80200310 80200310        0     1                 .L0 
80200316 80200316        0     1                 .L0 
80200316 80200316        0     1                 .L0 
8020031a 8020031a        0     1                 .L0 
8020031a 8020031a        0     1                 .L0 
8020031c 8020031c        0     1                 .L0 
8020031c 8020031c        0     1                 .L0 
8020031c 8020031c        0     1                 .L0 
8020031c 8020031c       24     1                 strcpy
80200322 80200322        0     1                 .L0 
80200326 80200326        0     1                 .L0 
80200326 80200326        0     1                 .L0 
80200328 80200328        0     1                 .L0 
80200334 80200334        0     1                 .L0 
80200336 80200336        0     1                 .L0 
80200338 80200338        0     1                 .L0 
8020033a 8020033a        0     1                 .L0 
8020033a 8020033a        0     1                 .L0 
8020033e 8020033e        0     1                 .L0 
80200340 80200340        0     1                 .L0 
80200340 80200340        0     1                 .L0 
80200340 80200340        0     1                 .L0 
80200340 80200340       24     1                 strcmp
80200344 80200344        0     1                 .L0 
80200346 80200346        0     1                 .L0 
80200348 80200348        0     1                 .L0 
8020034c 8020034c        0     1                 .L0 
80200350 80200350        0     1                 .L0 
80200350 80200350        0     1                 .L0 
80200356 80200356        0     1                 .L0 
80200358 80200358        0     1                 .L0 
8020035a 8020035a        0     1                 .L0 
80200364 80200364        0     1                 .L0 
80200364 80200364       87     4 .rodata
80200364 80200364       87     1         <internal>:(.rodata.str1.1)
802003ec 802003ec        0     4 .bss
802003ec 802003ec        0     1         __bss = .
802003ec 802003ec        0     1         __bss_end = .
802003ec 802003ec        0     1 . = ALIGN(4)
802003ec 802003ec    20000     1 . += 128 * 1024
802203ec 802203ec        0     1 __stack_top = .
       0        0      261     1 .debug_loclists
       0        0       80     1         /var/folders/hw/r5t5ryts3r7fw374z_3h5bmw0000gp/T/kernel-cfd782.o:(.debug_loclists)
       0        0        0     1                 $d
       c        c        0     1                 .L0 
      80       80      1e1     1         /var/folders/hw/r5t5ryts3r7fw374z_3h5bmw0000gp/T/common-709714.o:(.debug_loclists)
      80       80        0     1                 $d
      8c       8c        0     1                 .L0 
       0        0      2cd     1 .debug_abbrev
       0        0      19e     1         /var/folders/hw/r5t5ryts3r7fw374z_3h5bmw0000gp/T/kernel-cfd782.o:(.debug_abbrev)
       0        0        0     1                 $d
     19e      19e      12f     1         /var/folders/hw/r5t5ryts3r7fw374z_3h5bmw0000gp/T/common-709714.o:(.debug_abbrev)
     19e      19e        0     1                 $d
       0        0      6c1     1 .debug_info
       0        0      482     1         /var/folders/hw/r5t5ryts3r7fw374z_3h5bmw0000gp/T/kernel-cfd782.o:(.debug_info)
       0        0        0     1                 $d
     482      482      23f     1         /var/folders/hw/r5t5ryts3r7fw374z_3h5bmw0000gp/T/common-709714.o:(.debug_info)
     482      482        0     1                 $d
       0        0       38     1 .debug_rnglists
       0        0       1d     1         /var/folders/hw/r5t5ryts3r7fw374z_3h5bmw0000gp/T/kernel-cfd782.o:(.debug_rnglists)
       0        0        0     1                 $d
       c        c        0     1                 .L0 
      1d       1d       1b     1         /var/folders/hw/r5t5ryts3r7fw374z_3h5bmw0000gp/T/common-709714.o:(.debug_rnglists)
      1d       1d        0     1                 $d
      29       29        0     1                 .L0 
       0        0      1ac     1 .debug_str_offsets
       0        0      114     1         /var/folders/hw/r5t5ryts3r7fw374z_3h5bmw0000gp/T/kernel-cfd782.o:(.debug_str_offsets)
       0        0        0     1                 $d
       8        8        0     1                 .L0 
     114      114       98     1         /var/folders/hw/r5t5ryts3r7fw374z_3h5bmw0000gp/T/common-709714.o:(.debug_str_offsets)
     114      114        0     1                 $d
     11c      11c        0     1                 .L0 
       0        0      22a     1 .debug_str
       0        0      22a     1         <internal>:(.debug_str)
       0        0       b8     1 .debug_addr
       0        0       58     1         /var/folders/hw/r5t5ryts3r7fw374z_3h5bmw0000gp/T/kernel-cfd782.o:(.debug_addr)
       0        0        0     1                 $d
       8        8        0     1                 .L0 
      58       58       60     1         /var/folders/hw/r5t5ryts3r7fw374z_3h5bmw0000gp/T/common-709714.o:(.debug_addr)
      58       58        0     1                 $d
      60       60        0     1                 .L0 
       0        0       3b     1 .comment
       0        0       3b     1         <internal>:(.comment)
       0        0       4e     1 .riscv.attributes
       0        0       4e     1         <internal>:(.riscv.attributes)
       0        0      11c     4 .debug_frame
       0        0       84     4         /var/folders/hw/r5t5ryts3r7fw374z_3h5bmw0000gp/T/kernel-cfd782.o:(.debug_frame)
       0        0        0     1                 .L0 
       0        0        0     1                 $d
      84       84       98     4         /var/folders/hw/r5t5ryts3r7fw374z_3h5bmw0000gp/T/common-709714.o:(.debug_frame)
      84       84        0     1                 .L0 
      84       84        0     1                 $d
       0        0      425     1 .debug_line
       0        0      123     1         /var/folders/hw/r5t5ryts3r7fw374z_3h5bmw0000gp/T/kernel-cfd782.o:(.debug_line)
       0        0        0     1                 .Lline_table_start0
       0        0        0     1                 $d
     123      123      302     1         /var/folders/hw/r5t5ryts3r7fw374z_3h5bmw0000gp/T/common-709714.o:(.debug_line)
     123      123        0     1                 .Lline_table_start0
     123      123        0     1                 $d
       0        0       4b     1 .debug_line_str
       0        0       4b     1         <internal>:(.debug_line_str)
       0        0      2e0     4 .symtab
       0        0      2e0     4         <internal>:(.symtab)
       0        0       d6     1 .shstrtab
       0        0       d6     1         <internal>:(.shstrtab)
       0        0       e4     1 .strtab
       0        0       e4     1         <internal>:(.strtab)
