     VMA      LMA     Size Align Out     In      Symbol
       0        0 80200000     1 . = 0x80200000
80200000        0        0     1 __kernel_base = .
80200000 80200000     14ce     4 .text
80200000 80200000        e     2         /var/folders/hw/r5t5ryts3r7fw374z_3h5bmw0000gp/T/kernel-6f3ef7.o:(.text.boot)
80200000 80200000        0     1                 .L0 
80200000 80200000        0     1                 .L0 
80200000 80200000        0     1                 $x
80200000 80200000        0     1                 .L0 
80200000 80200000        e     1                 boot
8020000e 8020000e        0     1                 .L0 
8020000e 8020000e        0     1                 .L0 
80200010 80200010      976     4         /var/folders/hw/r5t5ryts3r7fw374z_3h5bmw0000gp/T/kernel-6f3ef7.o:(.text)
80200010 80200010        0     1                 .L0 
80200010 80200010        0     1                 .L0 
80200010 80200010        0     1                 $x
80200010 80200010        0     1                 .L0 
80200010 80200010       50     1                 alloc_pages
80200016 80200016        0     1                 .L0 
80200016 80200016        0     1                 .L0 
8020001e 8020001e        0     1                 .L0 
8020001e 8020001e        0     1                 .L0 
80200022 80200022        0     1                 .L0 
80200026 80200026        0     1                 .L0 
80200026 80200026        0     1                 .L0 
8020002e 8020002e        0     1                 .L0 
80200032 80200032        0     1                 .L0 
80200036 80200036        0     1                 .L0 
8020004c 8020004c        0     1                 .L0 
8020004e 8020004e        0     1                 .L0 
8020004e 8020004e        0     1                 .L0 
80200056 80200056        0     1                 .L0 
80200056 80200056        0     1                 .L0 
80200058 80200058        0     1                 .L0 
8020005c 8020005c        0     1                 .L0 
8020005c 8020005c        0     1                 .L0 
80200060 80200060        0     1                 .L0 
80200060 80200060        0     1                 .L0 
80200060 80200060        0     1                 .L0 
80200060 80200060        0     1                 .L0 
80200060 80200060        0     1                 .L0 
80200060 80200060       de     1                 map_page
8020006e 8020006e        0     1                 .L0 
80200070 80200070        0     1                 .L0 
80200070 80200070        0     1                 .L0 
80200074 80200074        0     1                 .L0 
80200078 80200078        0     1                 .L0 
80200088 80200088        0     1                 .L0 
8020008a 8020008a        0     1                 .L0 
8020008e 8020008e        0     1                 .L0 
80200090 80200090        0     1                 .L0 
80200090 80200090        0     1                 .L0 
80200090 80200090        0     1                 .L0 
80200096 80200096        0     1                 .L0 
80200098 80200098        0     1                 .L0 
8020009c 8020009c        0     1                 .L0 
802000aa 802000aa        0     1                 .L0 
802000ae 802000ae        0     1                 .L0 
802000b2 802000b2        0     1                 .L0 
802000b4 802000b4        0     1                 .L0 
802000b4 802000b4        0     1                 .L0 
802000b4 802000b4        0     1                 .L0 
802000c0 802000c0        0     1                 .L0 
802000c0 802000c0        0     1                 .L0 
802000c6 802000c6        0     1                 .L0 
802000c6 802000c6        0     1                 .L0 
802000ce 802000ce        0     1                 .L0 
802000ce 802000ce        0     1                 .L0 
802000d0 802000d0        0     1                 .L0 
802000d2 802000d2        0     1                 .L0 
802000da 802000da        0     1                 .L0 
802000de 802000de        0     1                 .L0 
802000e2 802000e2        0     1                 .L0 
802000f4 802000f4        0     1                 .L0 
802000f8 802000f8        0     1                 .L0 
802000fa 802000fa        0     1                 .L0 
802000fa 802000fa        0     1                 .L0 
802000fa 802000fa        0     1                 .L0 
802000fc 802000fc        0     1                 .L0 
802000fc 802000fc        0     1                 .L0 
80200104 80200104        0     1                 .L0 
80200108 80200108        0     1                 .L0 
80200108 80200108        0     1                 .L0 
8020010c 8020010c        0     1                 .L0 
80200116 80200116        0     1                 .L0 
80200116 80200116        0     1                 .L0 
8020011c 8020011c        0     1                 .L0 
80200122 80200122        0     1                 .L0 
8020012c 8020012c        0     1                 .L0 
8020012e 8020012e        0     1                 .L0 
8020013a 8020013a        0     1                 .L0 
8020013e 8020013e        0     1                 .L0 
8020013e 8020013e        0     1                 .L0 
8020013e 8020013e        0     1                 .L0 
8020013e 8020013e        0     1                 .L0 
8020013e 8020013e        0     1                 .L0 
8020013e 8020013e       14     1                 user_entry
80200146 80200146        0     1                 .L0 
80200152 80200152        0     1                 .L0 
80200152 80200152        0     1                 .L0 
80200152 80200152        0     1                 .L0 
80200152 80200152      26e     1                 create_process
8020016e 8020016e        0     1                 .L0 
80200170 80200170        0     1                 .L0 
80200170 80200170        0     1                 .L0 
8020017e 8020017e        0     1                 .L0 
8020017e 8020017e        0     1                 .L0 
80200180 80200180        0     1                 .L0 
80200180 80200180        0     1                 .L0 
80200188 80200188        0     1                 .L0 
8020018a 8020018a        0     1                 .L0 
8020018a 8020018a        0     1                 .L0 
80200192 80200192        0     1                 .L0 
80200194 80200194        0     1                 .L0 
80200194 80200194        0     1                 .L0 
8020019c 8020019c        0     1                 .L0 
8020019e 8020019e        0     1                 .L0 
8020019e 8020019e        0     1                 .L0 
802001a6 802001a6        0     1                 .L0 
802001a8 802001a8        0     1                 .L0 
802001a8 802001a8        0     1                 .L0 
802001b0 802001b0        0     1                 .L0 
802001b2 802001b2        0     1                 .L0 
802001b2 802001b2        0     1                 .L0 
802001ba 802001ba        0     1                 .L0 
802001bc 802001bc        0     1                 .L0 
802001bc 802001bc        0     1                 .L0 
802001c4 802001c4        0     1                 .L0 
802001c6 802001c6        0     1                 .L0 
802001c6 802001c6        0     1                 .L0 
802001dc 802001dc        0     1                 .L0 
802001de 802001de        0     1                 .L0 
802001de 802001de        0     1                 .L0 
802001de 802001de        0     1                 .L0 
802001e2 802001e2        0     1                 .L0 
802001e2 802001e2        0     1                 .L0 
802001e8 802001e8        0     1                 .L0 
802001ea 802001ea        0     1                 .L0 
802001ea 802001ea        0     1                 .L0 
802001ea 802001ea        0     1                 .L0 
802001f2 802001f2        0     1                 .L0 
802001f4 802001f4        0     1                 .L0 
802001f4 802001f4        0     1                 .L0 
802001f4 802001f4        0     1                 .L0 
802001fc 802001fc        0     1                 .L0 
802001fe 802001fe        0     1                 .L0 
802001fe 802001fe        0     1                 .L0 
802001fe 802001fe        0     1                 .L0 
80200206 80200206        0     1                 .L0 
80200208 80200208        0     1                 .L0 
80200208 80200208        0     1                 .L0 
80200208 80200208        0     1                 .L0 
80200210 80200210        0     1                 .L0 
80200212 80200212        0     1                 .L0 
80200212 80200212        0     1                 .L0 
80200212 80200212        0     1                 .L0 
8020021a 8020021a        0     1                 .L0 
8020021c 8020021c        0     1                 .L0 
8020021c 8020021c        0     1                 .L0 
8020021c 8020021c        0     1                 .L0 
80200224 80200224        0     1                 .L0 
80200224 80200224        0     1                 .L0 
8020022c 8020022c        0     1                 .L0 
8020022c 8020022c        0     1                 .L0 
8020022e 8020022e        0     1                 .L0 
8020022e 8020022e        0     1                 .L0 
80200238 80200238        0     1                 .L0 
80200238 80200238        0     1                 .L0 
8020023e 8020023e        0     1                 .L0 
8020024a 8020024a        0     1                 .L0 
8020024a 8020024a        0     1                 .L0 
8020024c 8020024c        0     1                 .L0 
80200250 80200250        0     1                 .L0 
80200254 80200254        0     1                 .L0 
80200258 80200258        0     1                 .L0 
8020025c 8020025c        0     1                 .L0 
80200260 80200260        0     1                 .L0 
80200264 80200264        0     1                 .L0 
80200268 80200268        0     1                 .L0 
8020026c 8020026c        0     1                 .L0 
80200270 80200270        0     1                 .L0 
80200278 80200278        0     1                 .L0 
8020027c 8020027c        0     1                 .L0 
80200280 80200280        0     1                 .L0 
80200280 80200280        0     1                 .L0 
80200284 80200284        0     1                 .L0 
80200284 80200284        0     1                 .L0 
80200298 80200298        0     1                 .L0 
8020029a 8020029a        0     1                 .L0 
8020029a 8020029a        0     1                 .L0 
8020029c 8020029c        0     1                 .L0 
802002a8 802002a8        0     1                 .L0 
802002a8 802002a8        0     1                 .L0 
802002b0 802002b0        0     1                 .L0 
802002b0 802002b0        0     1                 .L0 
802002b4 802002b4        0     1                 .L0 
802002b4 802002b4        0     1                 .L0 
802002b4 802002b4        0     1                 .L0 
802002be 802002be        0     1                 .L0 
802002be 802002be        0     1                 .L0 
802002c0 802002c0        0     1                 .L0 
802002c4 802002c4        0     1                 .L0 
802002c4 802002c4        0     1                 .L0 
802002c4 802002c4        0     1                 .L0 
802002c8 802002c8        0     1                 .L0 
802002ce 802002ce        0     1                 .L0 
802002ce 802002ce        0     1                 .L0 
802002d6 802002d6        0     1                 .L0 
802002d6 802002d6        0     1                 .L0 
802002d8 802002d8        0     1                 .L0 
802002de 802002de        0     1                 .L0 
802002e2 802002e2        0     1                 .L0 
802002f6 802002f6        0     1                 .L0 
802002f8 802002f8        0     1                 .L0 
802002f8 802002f8        0     1                 .L0 
80200302 80200302        0     1                 .L0 
80200302 80200302        0     1                 .L0 
80200304 80200304        0     1                 .L0 
8020030e 8020030e        0     1                 .L0 
8020030e 8020030e        0     1                 .L0 
80200316 80200316        0     1                 .L0 
8020031c 8020031c        0     1                 .L0 
8020031c 8020031c        0     1                 .L0 
80200320 80200320        0     1                 .L0 
80200320 80200320        0     1                 .L0 
80200332 80200332        0     1                 .L0 
80200332 80200332        0     1                 .L0 
80200334 80200334        0     1                 .L0 
80200334 80200334        0     1                 .L0 
80200336 80200336        0     1                 .L0 
8020033a 8020033a        0     1                 .L0 
8020033a 8020033a        0     1                 .L0 
8020033e 8020033e        0     1                 .L0 
80200346 80200346        0     1                 .L0 
80200346 80200346        0     1                 .L0 
80200348 80200348        0     1                 .L0 
80200350 80200350        0     1                 .L0 
80200354 80200354        0     1                 .L0 
80200354 80200354        0     1                 .L0 
80200354 80200354        0     1                 .L0 
80200358 80200358        0     1                 .L0 
80200358 80200358        0     1                 .L0 
80200360 80200360        0     1                 .L0 
80200364 80200364        0     1                 .L0 
8020036c 8020036c        0     1                 .L0 
8020036c 8020036c        0     1                 .L0 
8020036e 8020036e        0     1                 .L0 
8020036e 8020036e        0     1                 .L0 
80200372 80200372        0     1                 .L0 
80200372 80200372        0     1                 .L0 
80200376 80200376        0     1                 .L0 
8020037a 8020037a        0     1                 .L0 
8020037e 8020037e        0     1                 .L0 
80200382 80200382        0     1                 .L0 
80200386 80200386        0     1                 .L0 
8020038a 8020038a        0     1                 .L0 
8020038c 8020038c        0     1                 .L0 
80200398 80200398        0     1                 .L0 
8020039a 8020039a        0     1                 .L0 
8020039c 8020039c        0     1                 .L0 
802003a0 802003a0        0     1                 .L0 
802003a6 802003a6        0     1                 .L0 
802003aa 802003aa        0     1                 .L0 
802003aa 802003aa        0     1                 .L0 
802003aa 802003aa        0     1                 .L0 
802003be 802003be        0     1                 .L0 
802003c0 802003c0        0     1                 .L0 
802003c0 802003c0        0     1                 .L0 
802003c0 802003c0        0     1                 .L0 
802003c0 802003c0        0     1                 .L0 
802003c0 802003c0        0     1                 .L0 
802003c0 802003c0        0     1                 .L0 
802003c0 802003c0       46     1                 switch_context
80200406 80200406        0     1                 .L0 
80200406 80200406        0     1                 .L0 
80200406 80200406        0     1                 .L0 
80200406 80200406      196     1                 yield
8020040e 8020040e        0     1                 .L0 
8020040e 8020040e        0     1                 .L0 
80200412 80200412        0     1                 .L0 
80200412 80200412        0     1                 .L0 
80200420 80200420        0     1                 .L0 
80200432 80200432        0     1                 .L0 
80200432 80200432        0     1                 .L0 
80200434 80200434        0     1                 .L0 
80200434 80200434        0     1                 .L0 
80200438 80200438        0     1                 .L0 
80200438 80200438        0     1                 .L0 
8020043a 8020043a        0     1                 .L0 
8020043a 8020043a        0     1                 .L0 
8020043e 8020043e        0     1                 .L0 
80200440 80200440        0     1                 .L0 
80200444 80200444        0     1                 .L0 
80200444 80200444        0     1                 .L0 
8020044c 8020044c        0     1                 .L0 
80200460 80200460        0     1                 .L0 
80200462 80200462        0     1                 .L0 
80200466 80200466        0     1                 .L0 
80200468 80200468        0     1                 .L0 
8020046c 8020046c        0     1                 .L0 
8020046c 8020046c        0     1                 .L0 
80200474 80200474        0     1                 .L0 
80200488 80200488        0     1                 .L0 
8020048c 8020048c        0     1                 .L0 
80200490 80200490        0     1                 .L0 
80200492 80200492        0     1                 .L0 
80200496 80200496        0     1                 .L0 
80200496 80200496        0     1                 .L0 
8020049e 8020049e        0     1                 .L0 
802004b2 802004b2        0     1                 .L0 
802004b4 802004b4        0     1                 .L0 
802004b8 802004b8        0     1                 .L0 
802004ba 802004ba        0     1                 .L0 
802004be 802004be        0     1                 .L0 
802004be 802004be        0     1                 .L0 
802004c6 802004c6        0     1                 .L0 
802004da 802004da        0     1                 .L0 
802004de 802004de        0     1                 .L0 
802004e2 802004e2        0     1                 .L0 
802004e4 802004e4        0     1                 .L0 
802004e8 802004e8        0     1                 .L0 
802004e8 802004e8        0     1                 .L0 
802004f0 802004f0        0     1                 .L0 
80200504 80200504        0     1                 .L0 
80200506 80200506        0     1                 .L0 
8020050a 8020050a        0     1                 .L0 
8020050c 8020050c        0     1                 .L0 
80200510 80200510        0     1                 .L0 
80200510 80200510        0     1                 .L0 
80200518 80200518        0     1                 .L0 
8020052c 8020052c        0     1                 .L0 
80200530 80200530        0     1                 .L0 
80200534 80200534        0     1                 .L0 
80200536 80200536        0     1                 .L0 
8020053a 8020053a        0     1                 .L0 
8020053a 8020053a        0     1                 .L0 
80200556 80200556        0     1                 .L0 
8020055a 8020055a        0     1                 .L0 
8020055c 8020055c        0     1                 .L0 
80200560 80200560        0     1                 .L0 
80200560 80200560        0     1                 .L0 
80200562 80200562        0     1                 .L0 
80200562 80200562        0     1                 .L0 
80200566 80200566        0     1                 .L0 
8020056e 8020056e        0     1                 .L0 
80200570 80200570        0     1                 .L0 
80200572 80200572        0     1                 .L0 
80200578 80200578        0     1                 .L0 
8020057a 8020057a        0     1                 .L0 
8020058a 8020058a        0     1                 .L0 
8020058e 8020058e        0     1                 .L0 
8020058e 8020058e        0     1                 .L0 
80200590 80200590        0     1                 .L0 
80200590 80200590        0     1                 .L0 
80200594 80200594        0     1                 .L0 
80200598 80200598        0     1                 .L0 
80200598 80200598        0     1                 .L0 
8020059a 8020059a        0     1                 .L0 
8020059a 8020059a        0     1                 .L0 
8020059c 8020059c        0     1                 .L0 
8020059c 8020059c        0     1                 .L0 
8020059c 8020059c        0     1                 .L0 
8020059c 8020059c        0     1                 .L0 
8020059c 8020059c        0     1                 .L0 
8020059c 8020059c        6     1                 sbi_call
802005a0 802005a0        0     1                 .L0 
802005a0 802005a0        0     1                 .L0 
802005a2 802005a2        0     1                 .L0 
802005a2 802005a2        0     1                 .L0 
802005a2 802005a2        0     1                 .L0 
802005a2 802005a2       14     1                 putchar
802005b4 802005b4        0     1                 .L0 
802005b4 802005b4        0     1                 .L0 
802005b6 802005b6        0     1                 .L0 
802005b6 802005b6        0     1                 .L0 
802005b6 802005b6        0     1                 .L0 
802005b6 802005b6       16     1                 getchar
802005ca 802005ca        0     1                 .L0 
802005ca 802005ca        0     1                 .L0 
802005cc 802005cc        0     1                 .L0 
802005cc 802005cc        0     1                 .L0 
802005cc 802005cc        0     1                 .L0 
802005cc 802005cc        0     1                 .L0 
802005cc 802005cc       96     1                 kernel_entry
80200662 80200662        0     1                 .L0 
80200662 80200662        0     1                 .L0 
80200662 80200662        0     1                 .L0 
80200662 80200662        0     1                 .L0 
80200662 80200662        0     1                 .L0 
80200662 80200662      108     1                 handle_syscall
80200668 80200668        0     1                 .L0 
80200684 80200684        0     1                 .L0 
8020069e 8020069e        0     1                 .L0 
8020069e 8020069e        0     1                 .L0 
802006a2 802006a2        0     1                 .L0 
802006b4 802006b4        0     1                 .L0 
802006b4 802006b4        0     1                 .L0 
802006b6 802006b6        0     1                 .L0 
802006b6 802006b6        0     1                 .L0 
802006b6 802006b6        0     1                 .L0 
802006b8 802006b8        0     1                 .L0 
802006b8 802006b8        0     1                 .L0 
802006bc 802006bc        0     1                 .L0 
802006bc 802006bc        0     1                 .L0 
802006c0 802006c0        0     1                 .L0 
802006c2 802006c2        0     1                 .L0 
802006c2 802006c2        0     1                 .L0 
802006c4 802006c4        0     1                 .L0 
802006c4 802006c4        0     1                 .L0 
802006c4 802006c4        0     1                 .L0 
802006c4 802006c4        0     1                 .L0 
802006c4 802006c4        0     1                 .L0 
802006cc 802006cc        0     1                 .L0 
802006cc 802006cc        0     1                 .L0 
802006ce 802006ce        0     1                 .L0 
802006d8 802006d8        0     1                 .L0 
802006d8 802006d8        0     1                 .L0 
802006de 802006de        0     1                 .L0 
802006e0 802006e0        0     1                 .L0 
802006e2 802006e2        0     1                 .L0 
802006e2 802006e2        0     1                 .L0 
802006f8 802006f8        0     1                 .L0 
802006fa 802006fa        0     1                 .L0 
802006fa 802006fa        0     1                 .L0 
802006fa 802006fa        0     1                 .L0 
802006fc 802006fc        0     1                 .L0 
80200710 80200710        0     1                 .L0 
80200710 80200710        0     1                 .L0 
80200714 80200714        0     1                 .L0 
80200714 80200714        0     1                 .L0 
80200714 80200714        0     1                 .L0 
80200716 80200716        0     1                 .L0 
80200716 80200716        0     1                 .L0 
8020072a 8020072a        0     1                 .L0 
8020072a 8020072a        0     1                 .L0 
8020072e 8020072e        0     1                 .L0 
8020072e 8020072e        0     1                 .L0 
8020072e 8020072e        0     1                 .L0 
8020074a 8020074a        0     1                 .L0 
8020074a 8020074a        0     1                 .L0 
8020074a 8020074a        0     1                 .L0 
8020074e 8020074e        0     1                 .L0 
80200752 80200752        0     1                 .L0 
80200752 80200752        0     1                 .L0 
80200752 80200752        0     1                 .L0 
80200756 80200756        0     1                 .L0 
80200768 80200768        0     1                 .L0 
8020076a 8020076a        0     1                 .L0 
8020076a 8020076a        0     1                 .L0 
8020076a 8020076a        0     1                 .L0 
8020076a 8020076a        0     1                 .L0 
8020076a 8020076a        0     1                 .L0 
8020076a 8020076a       42     1                 handle_trap
80200770 80200770        0     1                 .L0 
80200770 80200770        0     1                 .L0 
80200774 80200774        0     1                 .L0 
80200778 80200778        0     1                 .L0 
8020077a 8020077a        0     1                 .L0 
8020077e 8020077e        0     1                 .L0 
8020077e 8020077e        0     1                 .L0 
80200782 80200782        0     1                 .L0 
80200782 80200782        0     1                 .L0 
80200784 80200784        0     1                 .L0 
80200784 80200784        0     1                 .L0 
80200786 80200786        0     1                 .L0 
80200786 80200786        0     1                 .L0 
8020078a 8020078a        0     1                 .L0 
8020078e 8020078e        0     1                 .L0 
8020078e 8020078e        0     1                 .L0 
80200792 80200792        0     1                 .L0 
80200792 80200792        0     1                 .L0 
80200792 80200792        0     1                 .L0 
80200796 80200796        0     1                 .L0 
802007aa 802007aa        0     1                 .L0 
802007ac 802007ac        0     1                 .L0 
802007ac 802007ac        0     1                 .L0 
802007ac 802007ac        0     1                 .L0 
802007ac 802007ac        0     1                 .L0 
802007ac 802007ac        0     1                 .L0 
802007ac 802007ac       10     1                 delay
802007b4 802007b4        0     1                 .L0 
802007b6 802007b6        0     1                 .L0 
802007b8 802007b8        0     1                 .L0 
802007b8 802007b8        0     1                 .L0 
802007ba 802007ba        0     1                 .L0 
802007ba 802007ba        0     1                 .L0 
802007bc 802007bc        0     1                 .L0 
802007bc 802007bc        0     1                 .L0 
802007bc 802007bc        0     1                 .L0 
802007bc 802007bc       3a     1                 proc_a_entry
802007c2 802007c2        0     1                 .L0 
802007cc 802007cc        0     1                 .L0 
802007cc 802007cc        0     1                 .L0 
802007d4 802007d4        0     1                 .L0 
802007d4 802007d4        0     1                 .L0 
802007d4 802007d4        0     1                 .L0 
802007ea 802007ea        0     1                 .L0 
802007ea 802007ea        0     1                 .L0 
802007ec 802007ec        0     1                 .L0 
802007ec 802007ec        0     1                 .L0 
802007ee 802007ee        0     1                 .L0 
802007f0 802007f0        0     1                 .L0 
802007f2 802007f2        0     1                 .L0 
802007f2 802007f2        0     1                 .L0 
802007f6 802007f6        0     1                 .L0 
802007f6 802007f6        0     1                 .L0 
802007f6 802007f6        0     1                 .L0 
802007f6 802007f6        0     1                 .L0 
802007f6 802007f6        0     1                 .L0 
802007f6 802007f6       3a     1                 proc_b_entry
802007fc 802007fc        0     1                 .L0 
80200806 80200806        0     1                 .L0 
80200806 80200806        0     1                 .L0 
8020080e 8020080e        0     1                 .L0 
8020080e 8020080e        0     1                 .L0 
8020080e 8020080e        0     1                 .L0 
80200824 80200824        0     1                 .L0 
80200824 80200824        0     1                 .L0 
80200826 80200826        0     1                 .L0 
80200826 80200826        0     1                 .L0 
80200828 80200828        0     1                 .L0 
8020082a 8020082a        0     1                 .L0 
8020082c 8020082c        0     1                 .L0 
8020082c 8020082c        0     1                 .L0 
80200830 80200830        0     1                 .L0 
80200830 80200830        0     1                 .L0 
80200830 80200830        0     1                 .L0 
80200830 80200830        0     1                 .L0 
80200830 80200830        0     1                 .L0 
80200830 80200830      156     1                 kernel_main
80200848 80200848        0     1                 .L0 
8020085e 8020085e        0     1                 .L0 
8020085e 8020085e        0     1                 .L0 
80200866 80200866        0     1                 .L0 
8020086a 8020086a        0     1                 .L0 
8020086a 8020086a        0     1                 .L0 
8020086c 8020086c        0     1                 .L0 
8020086c 8020086c        0     1                 .L0 
8020086e 8020086e        0     1                 .L0 
80200874 80200874        0     1                 .L0 
80200874 80200874        0     1                 .L0 
80200880 80200880        0     1                 .L0 
80200884 80200884        0     1                 .L0 
80200886 80200886        0     1                 .L0 
80200898 80200898        0     1                 .L0 
80200898 80200898        0     1                 .L0 
802008ac 802008ac        0     1                 .L0 
802008ac 802008ac        0     1                 .L0 
802008b4 802008b4        0     1                 .L0 
802008b4 802008b4        0     1                 .L0 
802008b6 802008b6        0     1                 .L0 
802008b8 802008b8        0     1                 .L0 
802008c0 802008c0        0     1                 .L0 
802008c4 802008c4        0     1                 .L0 
802008c8 802008c8        0     1                 .L0 
802008dc 802008dc        0     1                 .L0 
802008de 802008de        0     1                 .L0 
802008de 802008de        0     1                 .L0 
802008e6 802008e6        0     1                 .L0 
802008e6 802008e6        0     1                 .L0 
802008ea 802008ea        0     1                 .L0 
802008ea 802008ea        0     1                 .L0 
802008ec 802008ec        0     1                 .L0 
802008f2 802008f2        0     1                 .L0 
802008f6 802008f6        0     1                 .L0 
802008f6 802008f6        0     1                 .L0 
8020090a 8020090a        0     1                 .L0 
8020090c 8020090c        0     1                 .L0 
8020090c 8020090c        0     1                 .L0 
80200914 80200914        0     1                 .L0 
80200914 80200914        0     1                 .L0 
80200920 80200920        0     1                 .L0 
80200920 80200920        0     1                 .L0 
8020092c 8020092c        0     1                 .L0 
8020092c 8020092c        0     1                 .L0 
80200934 80200934        0     1                 .L0 
80200934 80200934        0     1                 .L0 
80200940 80200940        0     1                 .L0 
80200940 80200940        0     1                 .L0 
8020094c 8020094c        0     1                 .L0 
8020094c 8020094c        0     1                 .L0 
80200958 80200958        0     1                 .L0 
80200958 80200958        0     1                 .L0 
8020096c 8020096c        0     1                 .L0 
8020096c 8020096c        0     1                 .L0 
8020096e 8020096e        0     1                 .L0 
8020096e 8020096e        0     1                 .L0 
80200984 80200984        0     1                 .L0 
80200986 80200986        0     1                 .L0 
80200986 80200986        0     1                 .L0 
80200986 80200986      276     2         /var/folders/hw/r5t5ryts3r7fw374z_3h5bmw0000gp/T/common-3c9c5f.o:(.text)
80200986 80200986        0     1                 .L0 
80200986 80200986        0     1                 .L0 
80200986 80200986        0     1                 $x
80200986 80200986        0     1                 .L0 
80200986 80200986      1a8     1                 printf
802009a2 802009a2        0     1                 .L0 
802009cc 802009cc        0     1                 .L0 
802009dc 802009dc        0     1                 .L0 
802009dc 802009dc        0     1                 .L0 
802009e0 802009e0        0     1                 .L0 
802009e0 802009e0        0     1                 .L0 
802009e2 802009e2        0     1                 .L0 
802009e6 802009e6        0     1                 .L0 
802009ee 802009ee        0     1                 .L0 
802009ee 802009ee        0     1                 .L0 
802009f0 802009f0        0     1                 .L0 
802009f0 802009f0        0     1                 .L0 
802009f2 802009f2        0     1                 .L0 
802009f4 802009f4        0     1                 .L0 
802009f4 802009f4        0     1                 .L0 
802009fa 802009fa        0     1                 .L0 
80200a0a 80200a0a        0     1                 .L0 
80200a0a 80200a0a        0     1                 .L0 
80200a16 80200a16        0     1                 .L0 
80200a16 80200a16        0     1                 .L0 
80200a1a 80200a1a        0     1                 .L0 
80200a1a 80200a1a        0     1                 .L0 
80200a1c 80200a1c        0     1                 .L0 
80200a22 80200a22        0     1                 .L0 
80200a22 80200a22        0     1                 .L0 
80200a2a 80200a2a        0     1                 .L0 
80200a2a 80200a2a        0     1                 .L0 
80200a34 80200a34        0     1                 .L0 
80200a34 80200a34        0     1                 .L0 
80200a38 80200a38        0     1                 .L0 
80200a38 80200a38        0     1                 .L0 
80200a3a 80200a3a        0     1                 .L0 
80200a3e 80200a3e        0     1                 .L0 
80200a40 80200a40        0     1                 .L0 
80200a40 80200a40        0     1                 .L0 
80200a46 80200a46        0     1                 .L0 
80200a46 80200a46        0     1                 .L0 
80200a48 80200a48        0     1                 .L0 
80200a4c 80200a4c        0     1                 .L0 
80200a4e 80200a4e        0     1                 .L0 
80200a4e 80200a4e        0     1                 .L0 
80200a54 80200a54        0     1                 .L0 
80200a54 80200a54        0     1                 .L0 
80200a56 80200a56        0     1                 .L0 
80200a5a 80200a5a        0     1                 .L0 
80200a5c 80200a5c        0     1                 .L0 
80200a5c 80200a5c        0     1                 .L0 
80200a62 80200a62        0     1                 .L0 
80200a62 80200a62        0     1                 .L0 
80200a64 80200a64        0     1                 .L0 
80200a68 80200a68        0     1                 .L0 
80200a6a 80200a6a        0     1                 .L0 
80200a6a 80200a6a        0     1                 .L0 
80200a70 80200a70        0     1                 .L0 
80200a70 80200a70        0     1                 .L0 
80200a72 80200a72        0     1                 .L0 
80200a76 80200a76        0     1                 .L0 
80200a78 80200a78        0     1                 .L0 
80200a78 80200a78        0     1                 .L0 
80200a7e 80200a7e        0     1                 .L0 
80200a7e 80200a7e        0     1                 .L0 
80200a80 80200a80        0     1                 .L0 
80200a84 80200a84        0     1                 .L0 
80200a86 80200a86        0     1                 .L0 
80200a86 80200a86        0     1                 .L0 
80200a8c 80200a8c        0     1                 .L0 
80200a8c 80200a8c        0     1                 .L0 
80200a8e 80200a8e        0     1                 .L0 
80200a92 80200a92        0     1                 .L0 
80200a94 80200a94        0     1                 .L0 
80200a94 80200a94        0     1                 .L0 
80200a96 80200a96        0     1                 .L0 
80200a96 80200a96        0     1                 .L0 
80200a98 80200a98        0     1                 .L0 
80200a9c 80200a9c        0     1                 .L0 
80200a9c 80200a9c        0     1                 .L0 
80200a9e 80200a9e        0     1                 .L0 
80200a9e 80200a9e        0     1                 .L0 
80200aa0 80200aa0        0     1                 .L0 
80200aa2 80200aa2        0     1                 .L0 
80200aa2 80200aa2        0     1                 .L0 
80200aa2 80200aa2        0     1                 .L0 
80200aac 80200aac        0     1                 .L0 
80200ab0 80200ab0        0     1                 .L0 
80200ab6 80200ab6        0     1                 .L0 
80200ab6 80200ab6        0     1                 .L0 
80200ab6 80200ab6        0     1                 .L0 
80200abc 80200abc        0     1                 .L0 
80200abc 80200abc        0     1                 .L0 
80200ac0 80200ac0        0     1                 .L0 
80200ac2 80200ac2        0     1                 .L0 
80200ac6 80200ac6        0     1                 .L0 
80200ac6 80200ac6        0     1                 .L0 
80200ac6 80200ac6        0     1                 .L0 
80200acc 80200acc        0     1                 .L0 
80200acc 80200acc        0     1                 .L0 
80200ad0 80200ad0        0     1                 .L0 
80200ad2 80200ad2        0     1                 .L0 
80200ad6 80200ad6        0     1                 .L0 
80200ad6 80200ad6        0     1                 .L0 
80200ad6 80200ad6        0     1                 .L0 
80200adc 80200adc        0     1                 .L0 
80200ade 80200ade        0     1                 .L0 
80200ae2 80200ae2        0     1                 .L0 
80200ae6 80200ae6        0     1                 .L0 
80200ae6 80200ae6        0     1                 .L0 
80200ae6 80200ae6        0     1                 .L0 
80200ae8 80200ae8        0     1                 .L0 
80200ae8 80200ae8        0     1                 .L0 
80200aec 80200aec        0     1                 .L0 
80200af0 80200af0        0     1                 .L0 
80200af6 80200af6        0     1                 .L0 
80200af6 80200af6        0     1                 .L0 
80200b04 80200b04        0     1                 .L0 
80200b04 80200b04        0     1                 .L0 
80200b0a 80200b0a        0     1                 .L0 
80200b0a 80200b0a        0     1                 .L0 
80200b0a 80200b0a        0     1                 .L0 
80200b10 80200b10        0     1                 .L0 
80200b10 80200b10        0     1                 .L0 
80200b10 80200b10        0     1                 .L0 
80200b14 80200b14        0     1                 .L0 
80200b2a 80200b2a        0     1                 .L0 
80200b2e 80200b2e        0     1                 .L0 
80200b2e 80200b2e        0     1                 .L0 
80200b2e 80200b2e        0     1                 .L0 
80200b2e 80200b2e        0     1                 .L0 
80200b2e 80200b2e        0     1                 .L0 
80200b2e 80200b2e       1c     1                 memcpy
80200b32 80200b32        0     1                 .L0 
80200b32 80200b32        0     1                 .L0 
80200b34 80200b34        0     1                 .L0 
80200b3e 80200b3e        0     1                 .L0 
80200b44 80200b44        0     1                 .L0 
80200b44 80200b44        0     1                 .L0 
80200b48 80200b48        0     1                 .L0 
80200b48 80200b48        0     1                 .L0 
80200b4a 80200b4a        0     1                 .L0 
80200b4a 80200b4a        0     1                 .L0 
80200b4a 80200b4a        0     1                 .L0 
80200b4a 80200b4a       16     1                 memset
80200b4e 80200b4e        0     1                 .L0 
80200b4e 80200b4e        0     1                 .L0 
80200b50 80200b50        0     1                 .L0 
80200b54 80200b54        0     1                 .L0 
80200b5a 80200b5a        0     1                 .L0 
80200b5a 80200b5a        0     1                 .L0 
80200b5e 80200b5e        0     1                 .L0 
80200b5e 80200b5e        0     1                 .L0 
80200b60 80200b60        0     1                 .L0 
80200b60 80200b60        0     1                 .L0 
80200b60 80200b60        0     1                 .L0 
80200b60 80200b60       24     1                 strcpy
80200b66 80200b66        0     1                 .L0 
80200b6a 80200b6a        0     1                 .L0 
80200b6a 80200b6a        0     1                 .L0 
80200b6c 80200b6c        0     1                 .L0 
80200b78 80200b78        0     1                 .L0 
80200b7a 80200b7a        0     1                 .L0 
80200b7c 80200b7c        0     1                 .L0 
80200b7e 80200b7e        0     1                 .L0 
80200b7e 80200b7e        0     1                 .L0 
80200b82 80200b82        0     1                 .L0 
80200b84 80200b84        0     1                 .L0 
80200b84 80200b84        0     1                 .L0 
80200b84 80200b84        0     1                 .L0 
80200b84 80200b84       24     1                 strcmp
80200b88 80200b88        0     1                 .L0 
80200b8a 80200b8a        0     1                 .L0 
80200b8c 80200b8c        0     1                 .L0 
80200b90 80200b90        0     1                 .L0 
80200b94 80200b94        0     1                 .L0 
80200b94 80200b94        0     1                 .L0 
80200b9a 80200b9a        0     1                 .L0 
80200b9c 80200b9c        0     1                 .L0 
80200b9e 80200b9e        0     1                 .L0 
80200ba6 80200ba6        0     1                 .L0 
80200ba8 80200ba8        0     1                 .L0 
80200ba8 80200ba8        0     1                 .L0 
80200ba8 80200ba8        0     1                 .L0 
80200ba8 80200ba8       22     1                 strncmp
80200baa 80200baa        0     1                 .L0 
80200baa 80200baa        0     1                 .L0 
80200bb2 80200bb2        0     1                 .L0 
80200bb2 80200bb2        0     1                 .L0 
80200bb8 80200bb8        0     1                 .L0 
80200bb8 80200bb8        0     1                 .L0 
80200bbe 80200bbe        0     1                 .L0 
80200bc0 80200bc0        0     1                 .L0 
80200bc0 80200bc0        0     1                 .L0 
80200bc4 80200bc4        0     1                 .L0 
80200bc8 80200bc8        0     1                 .L0 
80200bc8 80200bc8        0     1                 .L0 
80200bca 80200bca        0     1                 .L0 
80200bca 80200bca        0     1                 .L0 
80200bca 80200bca        0     1                 .L0 
80200bca 80200bca        0     1                 .L0 
80200bca 80200bca        a     1                 srand
80200bd2 80200bd2        0     1                 .L0 
80200bd4 80200bd4        0     1                 .L0 
80200bd4 80200bd4        0     1                 .L0 
80200bd4 80200bd4        0     1                 .L0 
80200bd4 80200bd4        0     1                 .L0 
80200bd4 80200bd4        0     1                 .L0 
80200bd4 80200bd4       28     1                 rand
80200be4 80200be4        0     1                 .L0 
80200bee 80200bee        0     1                 .L0 
80200bf0 80200bf0        0     1                 .L0 
80200bf6 80200bf6        0     1                 .L0 
80200bfa 80200bfa        0     1                 .L0 
80200bfc 80200bfc        0     1                 .L0 
80200bfc 80200bfc        0     1                 .L0 
80200bfc 80200bfc      322     2         /var/folders/hw/r5t5ryts3r7fw374z_3h5bmw0000gp/T/virtio-3c35a0.o:(.text)
80200bfc 80200bfc        0     1                 .L0 
80200bfc 80200bfc        0     1                 .L0 
80200bfc 80200bfc        0     1                 $x
80200bfc 80200bfc        0     1                 .L0 
80200bfc 80200bfc        a     1                 virtio_reg_read32
80200c04 80200c04        0     1                 .L0 
80200c06 80200c06        0     1                 .L0 
80200c06 80200c06        0     1                 .L0 
80200c06 80200c06        0     1                 .L0 
80200c06 80200c06        c     1                 virtio_reg_read64
80200c10 80200c10        0     1                 .L0 
80200c12 80200c12        0     1                 .L0 
80200c12 80200c12        0     1                 .L0 
80200c12 80200c12        0     1                 .L0 
80200c12 80200c12        a     1                 virtio_reg_write32
80200c1a 80200c1a        0     1                 .L0 
80200c1c 80200c1c        0     1                 .L0 
80200c1c 80200c1c        0     1                 .L0 
80200c1c 80200c1c        0     1                 .L0 
80200c1c 80200c1c        e     1                 virtio_reg_fetch_and_or32
80200c26 80200c26        0     1                 .L0 
80200c28 80200c28        0     1                 .L0 
80200c2a 80200c2a        0     1                 .L0 
80200c2a 80200c2a        0     1                 .L0 
80200c2a 80200c2a        0     1                 .L0 
80200c2a 80200c2a       38     1                 virtq_init
80200c30 80200c30        0     1                 .L0 
80200c32 80200c32        0     1                 .L0 
80200c38 80200c38        0     1                 .L0 
80200c38 80200c38        0     1                 .L0 
80200c50 80200c50        0     1                 .L0 
80200c52 80200c52        0     1                 .L0 
80200c54 80200c54        0     1                 .L0 
80200c58 80200c58        0     1                 .L0 
80200c5a 80200c5a        0     1                 .L0 
80200c5e 80200c5e        0     1                 .L0 
80200c5e 80200c5e        0     1                 .L0 
80200c62 80200c62        0     1                 .L0 
80200c62 80200c62        0     1                 .L0 
80200c62 80200c62        0     1                 .L0 
80200c62 80200c62        0     1                 .L0 
80200c62 80200c62        0     1                 .L0 
80200c62 80200c62       fc     1                 virtio_blk_init
80200c6a 80200c6a        0     1                 .L0 
80200c6e 80200c6e        0     1                 .L0 
80200c78 80200c78        0     1                 .L0 
80200c7c 80200c7c        0     1                 .L0 
80200c7c 80200c7c        0     1                 .L0 
80200c80 80200c80        0     1                 .L0 
80200c84 80200c84        0     1                 .L0 
80200c84 80200c84        0     1                 .L0 
80200c88 80200c88        0     1                 .L0 
80200c8c 80200c8c        0     1                 .L0 
80200c8c 80200c8c        0     1                 .L0 
80200c90 80200c90        0     1                 .L0 
80200c90 80200c90        0     1                 .L0 
80200c92 80200c92        0     1                 .L0 
80200c96 80200c96        0     1                 .L0 
80200c96 80200c96        0     1                 .L0 
80200c98 80200c98        0     1                 .L0 
80200c98 80200c98        0     1                 .L0 
80200c9a 80200c9a        0     1                 .L0 
80200c9e 80200c9e        0     1                 .L0 
80200c9e 80200c9e        0     1                 .L0 
80200ca0 80200ca0        0     1                 .L0 
80200ca0 80200ca0        0     1                 .L0 
80200ca2 80200ca2        0     1                 .L0 
80200ca6 80200ca6        0     1                 .L0 
80200ca6 80200ca6        0     1                 .L0 
80200ca8 80200ca8        0     1                 .L0 
80200ca8 80200ca8        0     1                 .L0 
80200cae 80200cae        0     1                 .L0 
80200cae 80200cae        0     1                 .L0 
80200cb8 80200cb8        0     1                 .L0 
80200cba 80200cba        0     1                 .L0 
80200cbe 80200cbe        0     1                 .L0 
80200cc2 80200cc2        0     1                 .L0 
80200cc2 80200cc2        0     1                 .L0 
80200cc8 80200cc8        0     1                 .L0 
80200cc8 80200cc8        0     1                 .L0 
80200ccc 80200ccc        0     1                 .L0 
80200ccc 80200ccc        0     1                 .L0 
80200cce 80200cce        0     1                 .L0 
80200cce 80200cce        0     1                 .L0 
80200cd2 80200cd2        0     1                 .L0 
80200cd2 80200cd2        0     1                 .L0 
80200cd4 80200cd4        0     1                 .L0 
80200cd4 80200cd4        0     1                 .L0 
80200cd8 80200cd8        0     1                 .L0 
80200cd8 80200cd8        0     1                 .L0 
80200cda 80200cda        0     1                 .L0 
80200cda 80200cda        0     1                 .L0 
80200cde 80200cde        0     1                 .L0 
80200ce2 80200ce2        0     1                 .L0 
80200ce6 80200ce6        0     1                 .L0 
80200cf2 80200cf2        0     1                 .L0 
80200cf6 80200cf6        0     1                 .L0 
80200d00 80200d00        0     1                 .L0 
80200d00 80200d00        0     1                 .L0 
80200d06 80200d06        0     1                 .L0 
80200d06 80200d06        0     1                 .L0 
80200d0a 80200d0a        0     1                 .L0 
80200d0c 80200d0c        0     1                 .L0 
80200d12 80200d12        0     1                 .L0 
80200d16 80200d16        0     1                 .L0 
80200d16 80200d16        0     1                 .L0 
80200d2c 80200d2c        0     1                 .L0 
80200d2e 80200d2e        0     1                 .L0 
80200d2e 80200d2e        0     1                 .L0 
80200d44 80200d44        0     1                 .L0 
80200d46 80200d46        0     1                 .L0 
80200d46 80200d46        0     1                 .L0 
80200d5c 80200d5c        0     1                 .L0 
80200d5e 80200d5e        0     1                 .L0 
80200d5e 80200d5e        0     1                 .L0 
80200d5e 80200d5e        0     1                 .L0 
80200d5e 80200d5e        0     1                 .L0 
80200d5e 80200d5e        0     1                 .L0 
80200d5e 80200d5e       34     1                 virtq_kick
80200d80 80200d80        0     1                 .L0 
80200d84 80200d84        0     1                 .L0 
80200d90 80200d90        0     1                 .L0 
80200d92 80200d92        0     1                 .L0 
80200d92 80200d92        0     1                 .L0 
80200d92 80200d92        0     1                 .L0 
80200d92 80200d92       18     1                 virtq_is_busy
80200d96 80200d96        0     1                 .L0 
80200da8 80200da8        0     1                 .L0 
80200daa 80200daa        0     1                 .L0 
80200daa 80200daa        0     1                 .L0 
80200daa 80200daa        0     1                 .L0 
80200daa 80200daa      174     1                 read_write_disk
80200db6 80200db6        0     1                 .L0 
80200db8 80200db8        0     1                 .L0 
80200db8 80200db8        0     1                 .L0 
80200dc4 80200dc4        0     1                 .L0 
80200dce 80200dce        0     1                 .L0 
80200dda 80200dda        0     1                 .L0 
80200ddc 80200ddc        0     1                 .L0 
80200e00 80200e00        0     1                 .L0 
80200e20 80200e20        0     1                 .L0 
80200e22 80200e22        0     1                 .L0 
80200e24 80200e24        0     1                 .L0 
80200e2c 80200e2c        0     1                 .L0 
80200e2c 80200e2c        0     1                 .L0 
80200e30 80200e30        0     1                 .L0 
80200e30 80200e30        0     1                 .L0 
80200e30 80200e30        0     1                 .L0 
80200e34 80200e34        0     1                 .L0 
80200e38 80200e38        0     1                 .L0 
80200e3c 80200e3c        0     1                 .L0 
80200e42 80200e42        0     1                 .L0 
80200e44 80200e44        0     1                 .L0 
80200e44 80200e44        0     1                 .L0 
80200e46 80200e46        0     1                 .L0 
80200e46 80200e46        0     1                 .L0 
80200e46 80200e46        0     1                 .L0 
80200e46 80200e46        0     1                 .L0 
80200e46 80200e46        0     1                 .L0 
80200e48 80200e48        0     1                 .L0 
80200e48 80200e48        0     1                 .L0 
80200e5c 80200e5c        0     1                 .L0 
80200e5c 80200e5c        0     1                 .L0 
80200e66 80200e66        0     1                 .L0 
80200e8c 80200e8c        0     1                 .L0 
80200e90 80200e90        0     1                 .L0 
80200e9c 80200e9c        0     1                 .L0 
80200ea4 80200ea4        0     1                 .L0 
80200eba 80200eba        0     1                 .L0 
80200ece 80200ece        0     1                 .L0 
80200ed2 80200ed2        0     1                 .L0 
80200ed6 80200ed6        0     1                 .L0 
80200edc 80200edc        0     1                 .L0 
80200ede 80200ede        0     1                 .L0 
80200ee0 80200ee0        0     1                 .L0 
80200ee8 80200ee8        0     1                 .L0 
80200eec 80200eec        0     1                 .L0 
80200ef0 80200ef0        0     1                 .L0 
80200ef2 80200ef2        0     1                 .L0 
80200ef4 80200ef4        0     1                 .L0 
80200ef4 80200ef4        0     1                 .L0 
80200ef6 80200ef6        0     1                 .L0 
80200ef6 80200ef6        0     1                 .L0 
80200ef6 80200ef6        0     1                 .L0 
80200ef6 80200ef6        0     1                 .L0 
80200ef6 80200ef6        0     1                 .L0 
80200ef8 80200ef8        0     1                 .L0 
80200efc 80200efc        0     1                 .L0 
80200f00 80200f00        0     1                 .L0 
80200f02 80200f02        0     1                 .L0 
80200f06 80200f06        0     1                 .L0 
80200f06 80200f06        0     1                 .L0 
80200f0a 80200f0a        0     1                 .L0 
80200f10 80200f10        0     1                 .L0 
80200f14 80200f14        0     1                 .L0 
80200f18 80200f18        0     1                 .L0 
80200f1c 80200f1c        0     1                 .L0 
80200f1e 80200f1e        0     1                 .L0 
80200f1e 80200f1e        0     1                 .L0 
80200f1e 80200f1e        0     1                 .L0 
80200f1e 80200f1e      5b0     2         /var/folders/hw/r5t5ryts3r7fw374z_3h5bmw0000gp/T/fat16-098356.o:(.text)
80200f1e 80200f1e        0     1                 .L0 
80200f1e 80200f1e        0     1                 .L0 
80200f1e 80200f1e        0     1                 $x
80200f1e 80200f1e        0     1                 .L0 
80200f1e 80200f1e       5a     1                 init_fat16_disk
80200f2e 80200f2e        0     1                 .L0 
80200f30 80200f30        0     1                 .L0 
80200f38 80200f38        0     1                 .L0 
80200f3c 80200f3c        0     1                 .L0 
80200f42 80200f42        0     1                 .L0 
80200f42 80200f42        0     1                 .L0 
80200f42 80200f42        0     1                 .L0 
80200f4a 80200f4a        0     1                 .L0 
80200f4a 80200f4a        0     1                 .L0 
80200f4c 80200f4c        0     1                 .L0 
80200f50 80200f50        0     1                 .L0 
80200f50 80200f50        0     1                 .L0 
80200f58 80200f58        0     1                 .L0 
80200f58 80200f58        0     1                 .L0 
80200f58 80200f58        0     1                 .L0 
80200f60 80200f60        0     1                 .L0 
80200f60 80200f60        0     1                 .L0 
80200f62 80200f62        0     1                 .L0 
80200f66 80200f66        0     1                 .L0 
80200f66 80200f66        0     1                 .L0 
80200f72 80200f72        0     1                 .L0 
80200f78 80200f78        0     1                 .L0 
80200f78 80200f78        0     1                 .L0 
80200f78 80200f78        0     1                 .L0 
80200f78 80200f78        0     1                 .L0 
80200f78 80200f78        0     1                 .L0 
80200f78 80200f78      354     1                 create_file
80200f90 80200f90        0     1                 .L0 
80200f92 80200f92        0     1                 .L0 
80200f94 80200f94        0     1                 .L0 
80200f94 80200f94        0     1                 .L0 
80200fa2 80200fa2        0     1                 .L0 
80200fa2 80200fa2        0     1                 .L0 
80200fb0 80200fb0        0     1                 .L0 
80200fb0 80200fb0        0     1                 .L0 
80200fb0 80200fb0        0     1                 .L0 
80200fb8 80200fb8        0     1                 .L0 
80200fb8 80200fb8        0     1                 .L0 
80200fba 80200fba        0     1                 .L0 
80200fbe 80200fbe        0     1                 .L0 
80200fc2 80200fc2        0     1                 .L0 
80200fc2 80200fc2        0     1                 .L0 
80200fd2 80200fd2        0     1                 .L0 
80200fd2 80200fd2        0     1                 .L0 
80200fd2 80200fd2        0     1                 .L0 
80200fda 80200fda        0     1                 .L0 
80200fda 80200fda        0     1                 .L0 
80200fdc 80200fdc        0     1                 .L0 
80200fe0 80200fe0        0     1                 .L0 
80200fe4 80200fe4        0     1                 .L0 
80200fe4 80200fe4        0     1                 .L0 
80200fee 80200fee        0     1                 .L0 
80200ff2 80200ff2        0     1                 .L0 
80200ff6 80200ff6        0     1                 .L0 
80200ffa 80200ffa        0     1                 .L0 
80200ffa 80200ffa        0     1                 .L0 
80201008 80201008        0     1                 .L0 
8020100a 8020100a        0     1                 .L0 
8020100e 8020100e        0     1                 .L0 
80201012 80201012        0     1                 .L0 
80201012 80201012        0     1                 .L0 
80201018 80201018        0     1                 .L0 
8020101a 8020101a        0     1                 .L0 
8020101e 8020101e        0     1                 .L0 
80201022 80201022        0     1                 .L0 
80201022 80201022        0     1                 .L0 
80201028 80201028        0     1                 .L0 
8020102a 8020102a        0     1                 .L0 
8020102e 8020102e        0     1                 .L0 
80201032 80201032        0     1                 .L0 
80201032 80201032        0     1                 .L0 
80201038 80201038        0     1                 .L0 
8020103a 8020103a        0     1                 .L0 
8020103e 8020103e        0     1                 .L0 
80201042 80201042        0     1                 .L0 
80201042 80201042        0     1                 .L0 
80201048 80201048        0     1                 .L0 
8020104a 8020104a        0     1                 .L0 
8020104e 8020104e        0     1                 .L0 
80201052 80201052        0     1                 .L0 
80201052 80201052        0     1                 .L0 
80201058 80201058        0     1                 .L0 
8020105a 8020105a        0     1                 .L0 
8020105e 8020105e        0     1                 .L0 
80201062 80201062        0     1                 .L0 
80201062 80201062        0     1                 .L0 
80201068 80201068        0     1                 .L0 
8020106a 8020106a        0     1                 .L0 
8020106e 8020106e        0     1                 .L0 
80201072 80201072        0     1                 .L0 
80201072 80201072        0     1                 .L0 
80201078 80201078        0     1                 .L0 
8020107a 8020107a        0     1                 .L0 
8020107e 8020107e        0     1                 .L0 
80201082 80201082        0     1                 .L0 
80201082 80201082        0     1                 .L0 
80201088 80201088        0     1                 .L0 
8020108a 8020108a        0     1                 .L0 
8020108e 8020108e        0     1                 .L0 
80201092 80201092        0     1                 .L0 
80201092 80201092        0     1                 .L0 
80201098 80201098        0     1                 .L0 
8020109a 8020109a        0     1                 .L0 
8020109e 8020109e        0     1                 .L0 
802010a2 802010a2        0     1                 .L0 
802010a2 802010a2        0     1                 .L0 
802010a8 802010a8        0     1                 .L0 
802010aa 802010aa        0     1                 .L0 
802010ae 802010ae        0     1                 .L0 
802010b2 802010b2        0     1                 .L0 
802010b2 802010b2        0     1                 .L0 
802010b8 802010b8        0     1                 .L0 
802010ba 802010ba        0     1                 .L0 
802010be 802010be        0     1                 .L0 
802010c2 802010c2        0     1                 .L0 
802010c2 802010c2        0     1                 .L0 
802010c8 802010c8        0     1                 .L0 
802010ca 802010ca        0     1                 .L0 
802010ce 802010ce        0     1                 .L0 
802010d2 802010d2        0     1                 .L0 
802010d2 802010d2        0     1                 .L0 
802010d8 802010d8        0     1                 .L0 
802010da 802010da        0     1                 .L0 
802010de 802010de        0     1                 .L0 
802010e2 802010e2        0     1                 .L0 
802010e2 802010e2        0     1                 .L0 
802010e8 802010e8        0     1                 .L0 
802010ea 802010ea        0     1                 .L0 
802010ee 802010ee        0     1                 .L0 
802010f2 802010f2        0     1                 .L0 
802010f2 802010f2        0     1                 .L0 
802010f2 802010f2        0     1                 .L0 
802010fc 802010fc        0     1                 .L0 
80201102 80201102        0     1                 .L0 
80201102 80201102        0     1                 .L0 
80201106 80201106        0     1                 .L0 
80201108 80201108        0     1                 .L0 
8020110c 8020110c        0     1                 .L0 
80201110 80201110        0     1                 .L0 
80201110 80201110        0     1                 .L0 
80201118 80201118        0     1                 .L0 
80201118 80201118        0     1                 .L0 
80201118 80201118        0     1                 .L0 
8020111a 8020111a        0     1                 .L0 
8020111c 8020111c        0     1                 .L0 
8020111e 8020111e        0     1                 .L0 
8020111e 8020111e        0     1                 .L0 
8020111e 8020111e        0     1                 .L0 
8020112c 8020112c        0     1                 .L0 
8020112c 8020112c        0     1                 .L0 
80201136 80201136        0     1                 .L0 
80201136 80201136        0     1                 .L0 
8020113a 8020113a        0     1                 .L0 
80201144 80201144        0     1                 .L0 
80201144 80201144        0     1                 .L0 
8020114a 8020114a        0     1                 .L0 
8020114c 8020114c        0     1                 .L0 
80201150 80201150        0     1                 .L0 
80201154 80201154        0     1                 .L0 
80201158 80201158        0     1                 .L0 
8020115e 8020115e        0     1                 .L0 
80201160 80201160        0     1                 .L0 
80201164 80201164        0     1                 .L0 
80201168 80201168        0     1                 .L0 
8020116c 8020116c        0     1                 .L0 
80201172 80201172        0     1                 .L0 
80201174 80201174        0     1                 .L0 
80201178 80201178        0     1                 .L0 
8020117c 8020117c        0     1                 .L0 
80201180 80201180        0     1                 .L0 
80201186 80201186        0     1                 .L0 
80201188 80201188        0     1                 .L0 
8020118c 8020118c        0     1                 .L0 
80201190 80201190        0     1                 .L0 
80201194 80201194        0     1                 .L0 
8020119a 8020119a        0     1                 .L0 
8020119c 8020119c        0     1                 .L0 
802011a0 802011a0        0     1                 .L0 
802011a4 802011a4        0     1                 .L0 
802011a8 802011a8        0     1                 .L0 
802011ae 802011ae        0     1                 .L0 
802011b0 802011b0        0     1                 .L0 
802011b4 802011b4        0     1                 .L0 
802011b8 802011b8        0     1                 .L0 
802011bc 802011bc        0     1                 .L0 
802011c2 802011c2        0     1                 .L0 
802011c4 802011c4        0     1                 .L0 
802011c8 802011c8        0     1                 .L0 
802011cc 802011cc        0     1                 .L0 
802011d0 802011d0        0     1                 .L0 
802011d6 802011d6        0     1                 .L0 
802011d8 802011d8        0     1                 .L0 
802011dc 802011dc        0     1                 .L0 
802011e0 802011e0        0     1                 .L0 
802011e4 802011e4        0     1                 .L0 
802011ea 802011ea        0     1                 .L0 
802011ee 802011ee        0     1                 .L0 
802011f2 802011f2        0     1                 .L0 
802011f4 802011f4        0     1                 .L0 
802011f8 802011f8        0     1                 .L0 
802011fa 802011fa        0     1                 .L0 
802011fe 802011fe        0     1                 .L0 
80201202 80201202        0     1                 .L0 
80201204 80201204        0     1                 .L0 
80201208 80201208        0     1                 .L0 
8020120c 8020120c        0     1                 .L0 
8020120e 8020120e        0     1                 .L0 
80201212 80201212        0     1                 .L0 
80201212 80201212        0     1                 .L0 
80201216 80201216        0     1                 .L0 
8020122c 8020122c        0     1                 .L0 
80201234 80201234        0     1                 .L0 
8020123e 8020123e        0     1                 .L0 
80201246 80201246        0     1                 .L0 
80201246 80201246        0     1                 .L0 
80201246 80201246        0     1                 .L0 
8020124e 8020124e        0     1                 .L0 
8020124e 8020124e        0     1                 .L0 
80201250 80201250        0     1                 .L0 
80201254 80201254        0     1                 .L0 
80201258 80201258        0     1                 .L0 
80201258 80201258        0     1                 .L0 
80201268 80201268        0     1                 .L0 
80201268 80201268        0     1                 .L0 
80201268 80201268        0     1                 .L0 
80201270 80201270        0     1                 .L0 
80201270 80201270        0     1                 .L0 
80201272 80201272        0     1                 .L0 
80201276 80201276        0     1                 .L0 
8020127a 8020127a        0     1                 .L0 
8020127a 8020127a        0     1                 .L0 
80201282 80201282        0     1                 .L0 
80201282 80201282        0     1                 .L0 
80201282 80201282        0     1                 .L0 
8020128a 8020128a        0     1                 .L0 
8020128a 8020128a        0     1                 .L0 
8020128c 8020128c        0     1                 .L0 
80201290 80201290        0     1                 .L0 
80201294 80201294        0     1                 .L0 
80201294 80201294        0     1                 .L0 
802012a6 802012a6        0     1                 .L0 
802012a6 802012a6        0     1                 .L0 
802012a8 802012a8        0     1                 .L0 
802012a8 802012a8        0     1                 .L0 
802012a8 802012a8        0     1                 .L0 
802012b2 802012b2        0     1                 .L0 
802012be 802012be        0     1                 .L0 
802012c2 802012c2        0     1                 .L0 
802012c2 802012c2        0     1                 .L0 
802012c2 802012c2        0     1                 .L0 
802012cc 802012cc        0     1                 .L0 
802012cc 802012cc        0     1                 .L0 
802012cc 802012cc        0     1                 .L0 
802012cc 802012cc        0     1                 .L0 
802012cc 802012cc        0     1                 .L0 
802012cc 802012cc      202     1                 list_root_dir
802012e4 802012e4        0     1                 .L0 
802012f4 802012f4        0     1                 .L0 
802012f4 802012f4        0     1                 .L0 
802012f4 802012f4        0     1                 .L0 
802012fc 802012fc        0     1                 .L0 
802012fc 802012fc        0     1                 .L0 
802012fe 802012fe        0     1                 .L0 
80201302 80201302        0     1                 .L0 
80201306 80201306        0     1                 .L0 
80201306 80201306        0     1                 .L0 
80201312 80201312        0     1                 .L0 
80201312 80201312        0     1                 .L0 
8020134e 8020134e        0     1                 .L0 
8020134e 8020134e        0     1                 .L0 
8020134e 8020134e        0     1                 .L0 
80201352 80201352        0     1                 .L0 
80201352 80201352        0     1                 .L0 
80201354 80201354        0     1                 .L0 
80201358 80201358        0     1                 .L0 
80201358 80201358        0     1                 .L0 
80201358 80201358        0     1                 .L0 
8020135a 8020135a        0     1                 .L0 
8020135a 8020135a        0     1                 .L0 
8020135e 8020135e        0     1                 .L0 
80201368 80201368        0     1                 .L0 
80201368 80201368        0     1                 .L0 
80201386 80201386        0     1                 .L0 
8020138c 8020138c        0     1                 .L0 
8020138c 8020138c        0     1                 .L0 
80201392 80201392        0     1                 .L0 
80201392 80201392        0     1                 .L0 
8020139e 8020139e        0     1                 .L0 
802013a4 802013a4        0     1                 .L0 
802013a4 802013a4        0     1                 .L0 
802013a6 802013a6        0     1                 .L0 
802013aa 802013aa        0     1                 .L0 
802013ae 802013ae        0     1                 .L0 
802013ae 802013ae        0     1                 .L0 
802013ae 802013ae        0     1                 .L0 
802013b2 802013b2        0     1                 .L0 
802013b8 802013b8        0     1                 .L0 
802013b8 802013b8        0     1                 .L0 
802013bc 802013bc        0     1                 .L0 
802013be 802013be        0     1                 .L0 
802013c2 802013c2        0     1                 .L0 
802013c8 802013c8        0     1                 .L0 
802013c8 802013c8        0     1                 .L0 
802013ce 802013ce        0     1                 .L0 
802013d2 802013d2        0     1                 .L0 
802013d6 802013d6        0     1                 .L0 
802013e0 802013e0        0     1                 .L0 
802013e4 802013e4        0     1                 .L0 
802013e8 802013e8        0     1                 .L0 
802013e8 802013e8        0     1                 .L0 
802013ec 802013ec        0     1                 .L0 
802013f0 802013f0        0     1                 .L0 
802013f0 802013f0        0     1                 .L0 
802013f4 802013f4        0     1                 .L0 
802013f8 802013f8        0     1                 .L0 
802013f8 802013f8        0     1                 .L0 
802013fc 802013fc        0     1                 .L0 
80201400 80201400        0     1                 .L0 
80201400 80201400        0     1                 .L0 
80201404 80201404        0     1                 .L0 
80201408 80201408        0     1                 .L0 
80201408 80201408        0     1                 .L0 
8020140c 8020140c        0     1                 .L0 
80201410 80201410        0     1                 .L0 
80201410 80201410        0     1                 .L0 
80201414 80201414        0     1                 .L0 
8020141a 8020141a        0     1                 .L0 
8020141a 8020141a        0     1                 .L0 
80201424 80201424        0     1                 .L0 
80201428 80201428        0     1                 .L0 
8020142c 8020142c        0     1                 .L0 
80201436 80201436        0     1                 .L0 
8020143a 8020143a        0     1                 .L0 
8020143e 8020143e        0     1                 .L0 
80201448 80201448        0     1                 .L0 
8020144c 8020144c        0     1                 .L0 
80201450 80201450        0     1                 .L0 
8020145a 8020145a        0     1                 .L0 
8020145e 8020145e        0     1                 .L0 
80201462 80201462        0     1                 .L0 
8020146c 8020146c        0     1                 .L0 
80201470 80201470        0     1                 .L0 
80201474 80201474        0     1                 .L0 
8020147e 8020147e        0     1                 .L0 
80201482 80201482        0     1                 .L0 
80201486 80201486        0     1                 .L0 
80201486 80201486        0     1                 .L0 
8020148a 8020148a        0     1                 .L0 
80201492 80201492        0     1                 .L0 
80201496 80201496        0     1                 .L0 
8020149a 8020149a        0     1                 .L0 
8020149a 8020149a        0     1                 .L0 
8020149e 8020149e        0     1                 .L0 
802014a0 802014a0        0     1                 .L0 
802014a2 802014a2        0     1                 .L0 
802014a8 802014a8        0     1                 .L0 
802014ac 802014ac        0     1                 .L0 
802014b0 802014b0        0     1                 .L0 
802014b2 802014b2        0     1                 .L0 
802014b4 802014b4        0     1                 .L0 
802014b4 802014b4        0     1                 .L0 
802014ca 802014ca        0     1                 .L0 
802014ce 802014ce        0     1                 .L0 
802014ce 802014ce        0     1                 .L0 
802014d0 802014d0      41c     4 .rodata
802014d0 802014d0       14     4         /var/folders/hw/r5t5ryts3r7fw374z_3h5bmw0000gp/T/kernel-6f3ef7.o:(.rodata)
802014d0 802014d0        0     1                 .LJTI10_0
802014d0 802014d0        0     1                 $d
802014e4 802014e4      408     1         <internal>:(.rodata.str1.1)
802018ec 802018ec    105b8     4 .data
802018ec 802018ec        4     4         /var/folders/hw/r5t5ryts3r7fw374z_3h5bmw0000gp/T/kernel-6f3ef7.o:(.data)
802018ec 802018ec        4     1                 alloc_pages.next_paddr
802018ec 802018ec        0     1                 $d
802018f0 802018f0        4     4         /var/folders/hw/r5t5ryts3r7fw374z_3h5bmw0000gp/T/common-3c9c5f.o:(.data)
802018f0 802018f0        4     1                 next
802018f0 802018f0        0     1                 $d
802018f4 802018f4    105b0     1         shell.bin.o:(.data)
802018f4 802018f4        0     1                 _binary_shell_bin_start
80211ea4 80211ea4        0     1                 _binary_shell_bin_end
80211ea8 80211ea8    142a8     8 .bss
80211ea8 80211ea8        0     1         __bss = .
80211ea8 80211ea8    10090     4         /var/folders/hw/r5t5ryts3r7fw374z_3h5bmw0000gp/T/kernel-6f3ef7.o:(.bss)
80211ea8 80211ea8        0     1                 $d
80211ea8 80211ea8    10080     1                 procs
80221f28 80221f28        4     1                 proc_a
80221f2c 80221f2c        4     1                 proc_b
80221f30 80221f30        8     1                 .L_MergedGlobals
80221f30 80221f30        4     1                 idle_proc
80221f34 80221f34        4     1                 current_proc
80221f38 80221f38       18     8         /var/folders/hw/r5t5ryts3r7fw374z_3h5bmw0000gp/T/virtio-3c35a0.o:(.bss)
80221f38 80221f38       18     1                 .L_MergedGlobals
80221f38 80221f38        0     1                 $d
80221f38 80221f38        4     1                 blk_request_vq
80221f3c 80221f3c        4     1                 blk_req_paddr
80221f40 80221f40        4     1                 blk_req
80221f48 80221f48        8     1                 blk_capacity
80221f50 80221f50     4200     4         /var/folders/hw/r5t5ryts3r7fw374z_3h5bmw0000gp/T/fat16-098356.o:(.bss)
80221f50 80221f50        0     1                 $d
80221f50 80221f50      200     1                 root_dir
80222150 80222150     4000     1                 fat
80226150 80226150        0     1         __bss_end = .
80226150 80226150        0     1 . = ALIGN(4)
80226150 80226150    20000     1 . += 128 * 1024
80246150 80246150        0     1 __stack_top = .
80246150 80246150      eb0     1 . = ALIGN(4096)
80247000 80247000        0     1 __free_ram = .
80247000 80247000  4000000     1 . += 64 * 1024 * 1024
84247000 84247000        0     1 __free_ram_end = .
       0        0      d51     1 .debug_loclists
       0        0      69a     1         /var/folders/hw/r5t5ryts3r7fw374z_3h5bmw0000gp/T/kernel-6f3ef7.o:(.debug_loclists)
       0        0        0     1                 $d
       c        c        0     1                 .L0 
     69a      69a      224     1         /var/folders/hw/r5t5ryts3r7fw374z_3h5bmw0000gp/T/common-3c9c5f.o:(.debug_loclists)
     69a      69a        0     1                 $d
     6a6      6a6        0     1                 .L0 
     8be      8be      12b     1         /var/folders/hw/r5t5ryts3r7fw374z_3h5bmw0000gp/T/virtio-3c35a0.o:(.debug_loclists)
     8be      8be        0     1                 $d
     8ca      8ca        0     1                 .L0 
     9e9      9e9      368     1         /var/folders/hw/r5t5ryts3r7fw374z_3h5bmw0000gp/T/fat16-098356.o:(.debug_loclists)
     9e9      9e9        0     1                 $d
     9f5      9f5        0     1                 .L0 
       0        0      801     1 .debug_abbrev
       0        0      319     1         /var/folders/hw/r5t5ryts3r7fw374z_3h5bmw0000gp/T/kernel-6f3ef7.o:(.debug_abbrev)
       0        0        0     1                 $d
     319      319      157     1         /var/folders/hw/r5t5ryts3r7fw374z_3h5bmw0000gp/T/common-3c9c5f.o:(.debug_abbrev)
     319      319        0     1                 $d
     470      470      1ff     1         /var/folders/hw/r5t5ryts3r7fw374z_3h5bmw0000gp/T/virtio-3c35a0.o:(.debug_abbrev)
     470      470        0     1                 $d
     66f      66f      192     1         /var/folders/hw/r5t5ryts3r7fw374z_3h5bmw0000gp/T/fat16-098356.o:(.debug_abbrev)
     66f      66f        0     1                 $d
       0        0     1c49     1 .debug_info
       0        0      d96     1         /var/folders/hw/r5t5ryts3r7fw374z_3h5bmw0000gp/T/kernel-6f3ef7.o:(.debug_info)
       0        0        0     1                 $d
     d96      d96      2aa     1         /var/folders/hw/r5t5ryts3r7fw374z_3h5bmw0000gp/T/common-3c9c5f.o:(.debug_info)
     d96      d96        0     1                 $d
    1040     1040      76b     1         /var/folders/hw/r5t5ryts3r7fw374z_3h5bmw0000gp/T/virtio-3c35a0.o:(.debug_info)
    1040     1040        0     1                 $d
    17ab     17ab      49e     1         /var/folders/hw/r5t5ryts3r7fw374z_3h5bmw0000gp/T/fat16-098356.o:(.debug_info)
    17ab     17ab        0     1                 $d
       0        0      121     1 .debug_rnglists
       0        0       8f     1         /var/folders/hw/r5t5ryts3r7fw374z_3h5bmw0000gp/T/kernel-6f3ef7.o:(.debug_rnglists)
       0        0        0     1                 $d
       c        c        0     1                 .L0 
      8f       8f       2a     1         /var/folders/hw/r5t5ryts3r7fw374z_3h5bmw0000gp/T/common-3c9c5f.o:(.debug_rnglists)
      8f       8f        0     1                 $d
      9b       9b        0     1                 .L0 
      b9       b9       2a     1         /var/folders/hw/r5t5ryts3r7fw374z_3h5bmw0000gp/T/virtio-3c35a0.o:(.debug_rnglists)
      b9       b9        0     1                 $d
      c5       c5        0     1                 .L0 
      e3       e3       3e     1         /var/folders/hw/r5t5ryts3r7fw374z_3h5bmw0000gp/T/fat16-098356.o:(.debug_rnglists)
      e3       e3        0     1                 $d
      ef       ef        0     1                 .L0 
       0        0      470     1 .debug_str_offsets
       0        0      1ec     1         /var/folders/hw/r5t5ryts3r7fw374z_3h5bmw0000gp/T/kernel-6f3ef7.o:(.debug_str_offsets)
       0        0        0     1                 $d
       8        8        0     1                 .L0 
     1ec      1ec       b0     1         /var/folders/hw/r5t5ryts3r7fw374z_3h5bmw0000gp/T/common-3c9c5f.o:(.debug_str_offsets)
     1ec      1ec        0     1                 $d
     1f4      1f4        0     1                 .L0 
     29c      29c      108     1         /var/folders/hw/r5t5ryts3r7fw374z_3h5bmw0000gp/T/virtio-3c35a0.o:(.debug_str_offsets)
     29c      29c        0     1                 $d
     2a4      2a4        0     1                 .L0 
     3a4      3a4       cc     1         /var/folders/hw/r5t5ryts3r7fw374z_3h5bmw0000gp/T/fat16-098356.o:(.debug_str_offsets)
     3a4      3a4        0     1                 $d
     3ac      3ac        0     1                 .L0 
       0        0      6fd     1 .debug_str
       0        0      6fd     1         <internal>:(.debug_str)
       0        0      3a8     1 .debug_addr
       0        0      1a4     1         /var/folders/hw/r5t5ryts3r7fw374z_3h5bmw0000gp/T/kernel-6f3ef7.o:(.debug_addr)
       0        0        0     1                 $d
       8        8        0     1                 .L0 
     1a4      1a4       70     1         /var/folders/hw/r5t5ryts3r7fw374z_3h5bmw0000gp/T/common-3c9c5f.o:(.debug_addr)
     1a4      1a4        0     1                 $d
     1ac      1ac        0     1                 .L0 
     214      214       d8     1         /var/folders/hw/r5t5ryts3r7fw374z_3h5bmw0000gp/T/virtio-3c35a0.o:(.debug_addr)
     214      214        0     1                 $d
     21c      21c        0     1                 .L0 
     2ec      2ec       bc     1         /var/folders/hw/r5t5ryts3r7fw374z_3h5bmw0000gp/T/fat16-098356.o:(.debug_addr)
     2ec      2ec        0     1                 $d
     2f4      2f4        0     1                 .L0 
       0        0       3b     1 .comment
       0        0       3b     1         <internal>:(.comment)
       0        0       4e     1 .riscv.attributes
       0        0       4e     1         <internal>:(.riscv.attributes)
       0        0      45c     4 .debug_frame
       0        0      1d4     4         /var/folders/hw/r5t5ryts3r7fw374z_3h5bmw0000gp/T/kernel-6f3ef7.o:(.debug_frame)
       0        0        0     1                 .L0 
       0        0        0     1                 $d
     1d4      1d4       c8     4         /var/folders/hw/r5t5ryts3r7fw374z_3h5bmw0000gp/T/common-3c9c5f.o:(.debug_frame)
     1d4      1d4        0     1                 .L0 
     1d4      1d4        0     1                 $d
     29c      29c      10c     4         /var/folders/hw/r5t5ryts3r7fw374z_3h5bmw0000gp/T/virtio-3c35a0.o:(.debug_frame)
     29c      29c        0     1                 .L0 
     29c      29c        0     1                 $d
     3a8      3a8       b4     4         /var/folders/hw/r5t5ryts3r7fw374z_3h5bmw0000gp/T/fat16-098356.o:(.debug_frame)
     3a8      3a8        0     1                 .L0 
     3a8      3a8        0     1                 $d
       0        0     16e7     1 .debug_line
       0        0      8d1     1         /var/folders/hw/r5t5ryts3r7fw374z_3h5bmw0000gp/T/kernel-6f3ef7.o:(.debug_line)
       0        0        0     1                 .Lline_table_start0
       0        0        0     1                 $d
     8d1      8d1      380     1         /var/folders/hw/r5t5ryts3r7fw374z_3h5bmw0000gp/T/common-3c9c5f.o:(.debug_line)
     8d1      8d1        0     1                 .Lline_table_start0
     8d1      8d1        0     1                 $d
     c51      c51      3d2     1         /var/folders/hw/r5t5ryts3r7fw374z_3h5bmw0000gp/T/virtio-3c35a0.o:(.debug_line)
     c51      c51        0     1                 .Lline_table_start0
     c51      c51        0     1                 $d
    1023     1023      6c4     1         /var/folders/hw/r5t5ryts3r7fw374z_3h5bmw0000gp/T/fat16-098356.o:(.debug_line)
    1023     1023        0     1                 .Lline_table_start0
    1023     1023        0     1                 $d
       0        0      106     1 .debug_line_str
       0        0      106     1         <internal>:(.debug_line_str)
       0        0      7f0     4 .symtab
       0        0      7f0     4         <internal>:(.symtab)
       0        0       dc     1 .shstrtab
       0        0       dc     1         <internal>:(.shstrtab)
       0        0      39b     1 .strtab
       0        0      39b     1         <internal>:(.strtab)
