     VMA      LMA     Size Align Out     In      Symbol
       0        0 80200000     1 . = 0x80200000
80200000 80200000      7a0     4 .text
80200000 80200000        e     2         /var/folders/hw/r5t5ryts3r7fw374z_3h5bmw0000gp/T/kernel-d9e400.o:(.text.boot)
80200000 80200000        0     1                 .L0 
80200000 80200000        0     1                 .L0 
80200000 80200000        0     1                 $x
80200000 80200000        0     1                 .L0 
80200000 80200000        e     1                 boot
8020000e 8020000e        0     1                 .L0 
8020000e 8020000e        0     1                 .L0 
80200010 80200010      56e     4         /var/folders/hw/r5t5ryts3r7fw374z_3h5bmw0000gp/T/kernel-d9e400.o:(.text)
80200010 80200010        0     1                 .L0 
80200010 80200010        0     1                 .L0 
80200010 80200010        0     1                 $x
80200010 80200010        0     1                 .L0 
80200010 80200010       f8     1                 create_process
8020001e 8020001e        0     1                 .L0 
80200020 80200020        0     1                 .L0 
80200020 80200020        0     1                 .L0 
80200028 80200028        0     1                 .L0 
8020002a 8020002a        0     1                 .L0 
8020002a 8020002a        0     1                 .L0 
80200032 80200032        0     1                 .L0 
80200034 80200034        0     1                 .L0 
80200034 80200034        0     1                 .L0 
8020003c 8020003c        0     1                 .L0 
8020003e 8020003e        0     1                 .L0 
8020003e 8020003e        0     1                 .L0 
80200046 80200046        0     1                 .L0 
80200048 80200048        0     1                 .L0 
80200048 80200048        0     1                 .L0 
80200050 80200050        0     1                 .L0 
80200052 80200052        0     1                 .L0 
80200052 80200052        0     1                 .L0 
8020005a 8020005a        0     1                 .L0 
8020005c 8020005c        0     1                 .L0 
8020005c 8020005c        0     1                 .L0 
80200064 80200064        0     1                 .L0 
80200068 80200068        0     1                 .L0 
8020006a 8020006a        0     1                 .L0 
8020006a 8020006a        0     1                 .L0 
8020006a 8020006a        0     1                 .L0 
8020006e 8020006e        0     1                 .L0 
8020007e 8020007e        0     1                 .L0 
8020007e 8020007e        0     1                 .L0 
80200080 80200080        0     1                 .L0 
80200082 80200082        0     1                 .L0 
80200084 80200084        0     1                 .L0 
80200084 80200084        0     1                 .L0 
80200084 80200084        0     1                 .L0 
8020008c 8020008c        0     1                 .L0 
8020008c 8020008c        0     1                 .L0 
80200092 80200092        0     1                 .L0 
80200094 80200094        0     1                 .L0 
80200094 80200094        0     1                 .L0 
80200094 80200094        0     1                 .L0 
8020009c 8020009c        0     1                 .L0 
8020009e 8020009e        0     1                 .L0 
8020009e 8020009e        0     1                 .L0 
8020009e 8020009e        0     1                 .L0 
802000a6 802000a6        0     1                 .L0 
802000a8 802000a8        0     1                 .L0 
802000a8 802000a8        0     1                 .L0 
802000a8 802000a8        0     1                 .L0 
802000b0 802000b0        0     1                 .L0 
802000b2 802000b2        0     1                 .L0 
802000b2 802000b2        0     1                 .L0 
802000b2 802000b2        0     1                 .L0 
802000ba 802000ba        0     1                 .L0 
802000bc 802000bc        0     1                 .L0 
802000bc 802000bc        0     1                 .L0 
802000bc 802000bc        0     1                 .L0 
802000c4 802000c4        0     1                 .L0 
802000c4 802000c4        0     1                 .L0 
802000cc 802000cc        0     1                 .L0 
802000d0 802000d0        0     1                 .L0 
802000d4 802000d4        0     1                 .L0 
802000d8 802000d8        0     1                 .L0 
802000dc 802000dc        0     1                 .L0 
802000e0 802000e0        0     1                 .L0 
802000e4 802000e4        0     1                 .L0 
802000e8 802000e8        0     1                 .L0 
802000ec 802000ec        0     1                 .L0 
802000f2 802000f2        0     1                 .L0 
802000f6 802000f6        0     1                 .L0 
802000fa 802000fa        0     1                 .L0 
802000fe 802000fe        0     1                 .L0 
80200104 80200104        0     1                 .L0 
80200106 80200106        0     1                 .L0 
80200108 80200108        0     1                 .L0 
80200108 80200108        0     1                 .L0 
80200108 80200108        0     1                 .L0 
80200108 80200108        0     1                 .L0 
80200108 80200108        0     1                 .L0 
80200108 80200108        6     1                 sbi_call
8020010c 8020010c        0     1                 .L0 
8020010c 8020010c        0     1                 .L0 
8020010e 8020010e        0     1                 .L0 
8020010e 8020010e        0     1                 .L0 
8020010e 8020010e        0     1                 .L0 
8020010e 8020010e       14     1                 putchar
80200120 80200120        0     1                 .L0 
80200120 80200120        0     1                 .L0 
80200122 80200122        0     1                 .L0 
80200122 80200122        0     1                 .L0 
80200122 80200122        0     1                 .L0 
80200122 80200122       4e     1                 alloc_pages
80200128 80200128        0     1                 .L0 
80200128 80200128        0     1                 .L0 
80200130 80200130        0     1                 .L0 
80200130 80200130        0     1                 .L0 
80200134 80200134        0     1                 .L0 
80200138 80200138        0     1                 .L0 
80200138 80200138        0     1                 .L0 
80200140 80200140        0     1                 .L0 
80200144 80200144        0     1                 .L0 
80200148 80200148        0     1                 .L0 
8020015e 8020015e        0     1                 .L0 
80200160 80200160        0     1                 .L0 
80200160 80200160        0     1                 .L0 
80200166 80200166        0     1                 .L0 
80200166 80200166        0     1                 .L0 
80200168 80200168        0     1                 .L0 
8020016c 8020016c        0     1                 .L0 
8020016c 8020016c        0     1                 .L0 
80200170 80200170        0     1                 .L0 
80200170 80200170        0     1                 .L0 
80200170 80200170        0     1                 .L0 
80200170 80200170        0     1                 .L0 
80200170 80200170        0     1                 .L0 
80200170 80200170       90     1                 kernel_entry
80200200 80200200        0     1                 .L0 
80200200 80200200        0     1                 .L0 
80200200 80200200        0     1                 .L0 
80200200 80200200        0     1                 .L0 
80200200 80200200        0     1                 .L0 
80200200 80200200       28     1                 handle_trap
80200204 80200204        0     1                 .L0 
80200204 80200204        0     1                 .L0 
80200208 80200208        0     1                 .L0 
80200208 80200208        0     1                 .L0 
8020020c 8020020c        0     1                 .L0 
8020020c 8020020c        0     1                 .L0 
80200210 80200210        0     1                 .L0 
80200210 80200210        0     1                 .L0 
80200214 80200214        0     1                 .L0 
80200226 80200226        0     1                 .L0 
80200228 80200228        0     1                 .L0 
80200228 80200228        0     1                 .L0 
80200228 80200228        0     1                 .L0 
80200228 80200228        0     1                 .L0 
80200228 80200228        0     1                 .L0 
80200228 80200228       46     1                 switch_context
8020026e 8020026e        0     1                 .L0 
8020026e 8020026e        0     1                 .L0 
8020026e 8020026e        0     1                 .L0 
8020026e 8020026e        0     1                 .L0 
8020026e 8020026e       10     1                 delay
80200276 80200276        0     1                 .L0 
80200278 80200278        0     1                 .L0 
8020027a 8020027a        0     1                 .L0 
8020027a 8020027a        0     1                 .L0 
8020027c 8020027c        0     1                 .L0 
8020027c 8020027c        0     1                 .L0 
8020027e 8020027e        0     1                 .L0 
8020027e 8020027e        0     1                 .L0 
8020027e 8020027e        0     1                 .L0 
8020027e 8020027e       50     1                 proc_a_entry
80200288 80200288        0     1                 .L0 
80200292 80200292        0     1                 .L0 
80200292 80200292        0     1                 .L0 
802002a2 802002a2        0     1                 .L0 
802002a2 802002a2        0     1                 .L0 
802002a2 802002a2        0     1                 .L0 
802002b8 802002b8        0     1                 .L0 
802002b8 802002b8        0     1                 .L0 
802002bc 802002bc        0     1                 .L0 
802002be 802002be        0     1                 .L0 
802002c0 802002c0        0     1                 .L0 
802002c2 802002c2        0     1                 .L0 
802002c4 802002c4        0     1                 .L0 
802002c4 802002c4        0     1                 .L0 
802002c6 802002c6        0     1                 .L0 
802002c8 802002c8        0     1                 .L0 
802002ca 802002ca        0     1                 .L0 
802002ca 802002ca        0     1                 .L0 
802002ce 802002ce        0     1                 .L0 
802002ce 802002ce        0     1                 .L0 
802002ce 802002ce        0     1                 .L0 
802002ce 802002ce        0     1                 .L0 
802002ce 802002ce        0     1                 .L0 
802002ce 802002ce       50     1                 proc_b_entry
802002d8 802002d8        0     1                 .L0 
802002e2 802002e2        0     1                 .L0 
802002e2 802002e2        0     1                 .L0 
802002f2 802002f2        0     1                 .L0 
802002f2 802002f2        0     1                 .L0 
802002f2 802002f2        0     1                 .L0 
80200308 80200308        0     1                 .L0 
80200308 80200308        0     1                 .L0 
8020030a 8020030a        0     1                 .L0 
8020030e 8020030e        0     1                 .L0 
80200310 80200310        0     1                 .L0 
80200312 80200312        0     1                 .L0 
80200314 80200314        0     1                 .L0 
80200314 80200314        0     1                 .L0 
80200316 80200316        0     1                 .L0 
80200318 80200318        0     1                 .L0 
8020031a 8020031a        0     1                 .L0 
8020031a 8020031a        0     1                 .L0 
8020031e 8020031e        0     1                 .L0 
8020031e 8020031e        0     1                 .L0 
8020031e 8020031e        0     1                 .L0 
8020031e 8020031e        0     1                 .L0 
8020031e 8020031e        0     1                 .L0 
8020031e 8020031e      260     1                 kernel_main
80200328 80200328        0     1                 .L0 
8020033e 8020033e        0     1                 .L0 
8020033e 8020033e        0     1                 .L0 
80200346 80200346        0     1                 .L0 
80200346 80200346        0     1                 .L0 
8020034e 8020034e        0     1                 .L0 
8020034e 8020034e        0     1                 .L0 
80200352 80200352        0     1                 .L0 
80200356 80200356        0     1                 .L0 
8020035a 8020035a        0     1                 .L0 
8020035c 8020035c        0     1                 .L0 
8020035c 8020035c        0     1                 .L0 
8020036c 8020036c        0     1                 .L0 
8020036e 8020036e        0     1                 .L0 
8020036e 8020036e        0     1                 .L0 
80200376 80200376        0     1                 .L0 
80200378 80200378        0     1                 .L0 
80200378 80200378        0     1                 .L0 
80200380 80200380        0     1                 .L0 
80200382 80200382        0     1                 .L0 
80200382 80200382        0     1                 .L0 
8020038a 8020038a        0     1                 .L0 
8020038c 8020038c        0     1                 .L0 
8020038c 8020038c        0     1                 .L0 
80200394 80200394        0     1                 .L0 
80200396 80200396        0     1                 .L0 
80200396 80200396        0     1                 .L0 
8020039e 8020039e        0     1                 .L0 
802003a0 802003a0        0     1                 .L0 
802003a0 802003a0        0     1                 .L0 
802003a8 802003a8        0     1                 .L0 
802003aa 802003aa        0     1                 .L0 
802003aa 802003aa        0     1                 .L0 
802003be 802003be        0     1                 .L0 
802003c0 802003c0        0     1                 .L0 
802003c0 802003c0        0     1                 .L0 
802003c0 802003c0        0     1                 .L0 
802003c8 802003c8        0     1                 .L0 
802003c8 802003c8        0     1                 .L0 
802003ce 802003ce        0     1                 .L0 
802003d0 802003d0        0     1                 .L0 
802003d0 802003d0        0     1                 .L0 
802003d0 802003d0        0     1                 .L0 
802003d8 802003d8        0     1                 .L0 
802003da 802003da        0     1                 .L0 
802003da 802003da        0     1                 .L0 
802003da 802003da        0     1                 .L0 
802003e2 802003e2        0     1                 .L0 
802003e4 802003e4        0     1                 .L0 
802003e4 802003e4        0     1                 .L0 
802003e4 802003e4        0     1                 .L0 
802003ec 802003ec        0     1                 .L0 
802003ee 802003ee        0     1                 .L0 
802003ee 802003ee        0     1                 .L0 
802003ee 802003ee        0     1                 .L0 
802003f6 802003f6        0     1                 .L0 
802003f8 802003f8        0     1                 .L0 
802003f8 802003f8        0     1                 .L0 
802003f8 802003f8        0     1                 .L0 
80200400 80200400        0     1                 .L0 
80200400 80200400        0     1                 .L0 
80200402 80200402        0     1                 .L0 
8020040e 8020040e        0     1                 .L0 
80200412 80200412        0     1                 .L0 
80200412 80200412        0     1                 .L0 
80200416 80200416        0     1                 .L0 
80200416 80200416        0     1                 .L0 
8020041a 8020041a        0     1                 .L0 
8020041a 8020041a        0     1                 .L0 
8020041e 8020041e        0     1                 .L0 
8020041e 8020041e        0     1                 .L0 
80200422 80200422        0     1                 .L0 
80200422 80200422        0     1                 .L0 
80200426 80200426        0     1                 .L0 
80200426 80200426        0     1                 .L0 
8020042a 8020042a        0     1                 .L0 
8020042a 8020042a        0     1                 .L0 
8020042e 8020042e        0     1                 .L0 
8020042e 8020042e        0     1                 .L0 
80200432 80200432        0     1                 .L0 
80200432 80200432        0     1                 .L0 
80200434 80200434        0     1                 .L0 
80200438 80200438        0     1                 .L0 
80200438 80200438        0     1                 .L0 
8020043c 8020043c        0     1                 .L0 
8020043c 8020043c        0     1                 .L0 
80200440 80200440        0     1                 .L0 
80200440 80200440        0     1                 .L0 
80200444 80200444        0     1                 .L0 
80200444 80200444        0     1                 .L0 
80200446 80200446        0     1                 .L0 
80200446 80200446        0     1                 .L0 
80200448 80200448        0     1                 .L0 
80200448 80200448        0     1                 .L0 
8020044a 8020044a        0     1                 .L0 
8020044c 8020044c        0     1                 .L0 
8020044c 8020044c        0     1                 .L0 
80200456 80200456        0     1                 .L0 
80200456 80200456        0     1                 .L0 
8020045e 8020045e        0     1                 .L0 
80200466 80200466        0     1                 .L0 
80200468 80200468        0     1                 .L0 
80200468 80200468        0     1                 .L0 
80200470 80200470        0     1                 .L0 
80200472 80200472        0     1                 .L0 
80200472 80200472        0     1                 .L0 
8020047a 8020047a        0     1                 .L0 
8020047c 8020047c        0     1                 .L0 
8020047c 8020047c        0     1                 .L0 
80200484 80200484        0     1                 .L0 
80200486 80200486        0     1                 .L0 
80200486 80200486        0     1                 .L0 
8020048e 8020048e        0     1                 .L0 
80200490 80200490        0     1                 .L0 
80200490 80200490        0     1                 .L0 
80200498 80200498        0     1                 .L0 
8020049a 8020049a        0     1                 .L0 
8020049a 8020049a        0     1                 .L0 
802004ae 802004ae        0     1                 .L0 
802004b0 802004b0        0     1                 .L0 
802004b0 802004b0        0     1                 .L0 
802004b0 802004b0        0     1                 .L0 
802004b8 802004b8        0     1                 .L0 
802004b8 802004b8        0     1                 .L0 
802004be 802004be        0     1                 .L0 
802004c0 802004c0        0     1                 .L0 
802004c0 802004c0        0     1                 .L0 
802004c0 802004c0        0     1                 .L0 
802004c8 802004c8        0     1                 .L0 
802004ca 802004ca        0     1                 .L0 
802004ca 802004ca        0     1                 .L0 
802004ca 802004ca        0     1                 .L0 
802004d2 802004d2        0     1                 .L0 
802004d4 802004d4        0     1                 .L0 
802004d4 802004d4        0     1                 .L0 
802004d4 802004d4        0     1                 .L0 
802004dc 802004dc        0     1                 .L0 
802004de 802004de        0     1                 .L0 
802004de 802004de        0     1                 .L0 
802004de 802004de        0     1                 .L0 
802004e6 802004e6        0     1                 .L0 
802004e8 802004e8        0     1                 .L0 
802004e8 802004e8        0     1                 .L0 
802004e8 802004e8        0     1                 .L0 
802004f0 802004f0        0     1                 .L0 
802004f0 802004f0        0     1                 .L0 
802004f0 802004f0        0     1                 .L0 
802004f2 802004f2        0     1                 .L0 
802004f2 802004f2        0     1                 .L0 
802004fc 802004fc        0     1                 .L0 
802004fc 802004fc        0     1                 .L0 
80200500 80200500        0     1                 .L0 
80200500 80200500        0     1                 .L0 
80200504 80200504        0     1                 .L0 
80200504 80200504        0     1                 .L0 
80200508 80200508        0     1                 .L0 
80200508 80200508        0     1                 .L0 
8020050c 8020050c        0     1                 .L0 
8020050c 8020050c        0     1                 .L0 
80200510 80200510        0     1                 .L0 
80200510 80200510        0     1                 .L0 
80200514 80200514        0     1                 .L0 
80200514 80200514        0     1                 .L0 
80200518 80200518        0     1                 .L0 
80200518 80200518        0     1                 .L0 
8020051c 8020051c        0     1                 .L0 
8020051c 8020051c        0     1                 .L0 
80200520 80200520        0     1                 .L0 
80200520 80200520        0     1                 .L0 
80200522 80200522        0     1                 .L0 
80200526 80200526        0     1                 .L0 
80200526 80200526        0     1                 .L0 
8020052a 8020052a        0     1                 .L0 
8020052a 8020052a        0     1                 .L0 
8020052e 8020052e        0     1                 .L0 
8020052e 8020052e        0     1                 .L0 
80200532 80200532        0     1                 .L0 
80200532 80200532        0     1                 .L0 
80200534 80200534        0     1                 .L0 
80200536 80200536        0     1                 .L0 
80200538 80200538        0     1                 .L0 
80200538 80200538        0     1                 .L0 
8020053c 8020053c        0     1                 .L0 
8020053c 8020053c        0     1                 .L0 
80200540 80200540        0     1                 .L0 
80200546 80200546        0     1                 .L0 
80200546 80200546        0     1                 .L0 
80200552 80200552        0     1                 .L0 
80200552 80200552        0     1                 .L0 
80200552 80200552        0     1                 .L0 
80200568 80200568        0     1                 .L0 
80200568 80200568        0     1                 .L0 
8020056c 8020056c        0     1                 .L0 
8020056e 8020056e        0     1                 .L0 
80200570 80200570        0     1                 .L0 
80200572 80200572        0     1                 .L0 
80200574 80200574        0     1                 .L0 
80200574 80200574        0     1                 .L0 
80200576 80200576        0     1                 .L0 
80200578 80200578        0     1                 .L0 
8020057a 8020057a        0     1                 .L0 
8020057a 8020057a        0     1                 .L0 
8020057e 8020057e        0     1                 .L0 
8020057e 8020057e        0     1                 .L0 
8020057e 8020057e        0     1                 .L0 
8020057e 8020057e      222     2         /var/folders/hw/r5t5ryts3r7fw374z_3h5bmw0000gp/T/common-dbe324.o:(.text)
8020057e 8020057e        0     1                 .L0 
8020057e 8020057e        0     1                 .L0 
8020057e 8020057e        0     1                 $x
8020057e 8020057e        0     1                 .L0 
8020057e 8020057e      1a8     1                 printf
8020059a 8020059a        0     1                 .L0 
802005c4 802005c4        0     1                 .L0 
802005d4 802005d4        0     1                 .L0 
802005d4 802005d4        0     1                 .L0 
802005d8 802005d8        0     1                 .L0 
802005d8 802005d8        0     1                 .L0 
802005da 802005da        0     1                 .L0 
802005de 802005de        0     1                 .L0 
802005e6 802005e6        0     1                 .L0 
802005e6 802005e6        0     1                 .L0 
802005e8 802005e8        0     1                 .L0 
802005e8 802005e8        0     1                 .L0 
802005ea 802005ea        0     1                 .L0 
802005ec 802005ec        0     1                 .L0 
802005ec 802005ec        0     1                 .L0 
802005f2 802005f2        0     1                 .L0 
80200602 80200602        0     1                 .L0 
80200602 80200602        0     1                 .L0 
8020060e 8020060e        0     1                 .L0 
8020060e 8020060e        0     1                 .L0 
80200612 80200612        0     1                 .L0 
80200612 80200612        0     1                 .L0 
80200614 80200614        0     1                 .L0 
8020061a 8020061a        0     1                 .L0 
8020061a 8020061a        0     1                 .L0 
80200622 80200622        0     1                 .L0 
80200622 80200622        0     1                 .L0 
8020062c 8020062c        0     1                 .L0 
8020062c 8020062c        0     1                 .L0 
80200630 80200630        0     1                 .L0 
80200630 80200630        0     1                 .L0 
80200632 80200632        0     1                 .L0 
80200636 80200636        0     1                 .L0 
80200638 80200638        0     1                 .L0 
80200638 80200638        0     1                 .L0 
8020063e 8020063e        0     1                 .L0 
8020063e 8020063e        0     1                 .L0 
80200640 80200640        0     1                 .L0 
80200644 80200644        0     1                 .L0 
80200646 80200646        0     1                 .L0 
80200646 80200646        0     1                 .L0 
8020064c 8020064c        0     1                 .L0 
8020064c 8020064c        0     1                 .L0 
8020064e 8020064e        0     1                 .L0 
80200652 80200652        0     1                 .L0 
80200654 80200654        0     1                 .L0 
80200654 80200654        0     1                 .L0 
8020065a 8020065a        0     1                 .L0 
8020065a 8020065a        0     1                 .L0 
8020065c 8020065c        0     1                 .L0 
80200660 80200660        0     1                 .L0 
80200662 80200662        0     1                 .L0 
80200662 80200662        0     1                 .L0 
80200668 80200668        0     1                 .L0 
80200668 80200668        0     1                 .L0 
8020066a 8020066a        0     1                 .L0 
8020066e 8020066e        0     1                 .L0 
80200670 80200670        0     1                 .L0 
80200670 80200670        0     1                 .L0 
80200676 80200676        0     1                 .L0 
80200676 80200676        0     1                 .L0 
80200678 80200678        0     1                 .L0 
8020067c 8020067c        0     1                 .L0 
8020067e 8020067e        0     1                 .L0 
8020067e 8020067e        0     1                 .L0 
80200684 80200684        0     1                 .L0 
80200684 80200684        0     1                 .L0 
80200686 80200686        0     1                 .L0 
8020068a 8020068a        0     1                 .L0 
8020068c 8020068c        0     1                 .L0 
8020068c 8020068c        0     1                 .L0 
8020068e 8020068e        0     1                 .L0 
8020068e 8020068e        0     1                 .L0 
80200690 80200690        0     1                 .L0 
80200694 80200694        0     1                 .L0 
80200694 80200694        0     1                 .L0 
80200696 80200696        0     1                 .L0 
80200696 80200696        0     1                 .L0 
80200698 80200698        0     1                 .L0 
8020069a 8020069a        0     1                 .L0 
8020069a 8020069a        0     1                 .L0 
8020069a 8020069a        0     1                 .L0 
802006a4 802006a4        0     1                 .L0 
802006a8 802006a8        0     1                 .L0 
802006ae 802006ae        0     1                 .L0 
802006ae 802006ae        0     1                 .L0 
802006ae 802006ae        0     1                 .L0 
802006b4 802006b4        0     1                 .L0 
802006b4 802006b4        0     1                 .L0 
802006b8 802006b8        0     1                 .L0 
802006ba 802006ba        0     1                 .L0 
802006be 802006be        0     1                 .L0 
802006be 802006be        0     1                 .L0 
802006be 802006be        0     1                 .L0 
802006c4 802006c4        0     1                 .L0 
802006c4 802006c4        0     1                 .L0 
802006c8 802006c8        0     1                 .L0 
802006ca 802006ca        0     1                 .L0 
802006ce 802006ce        0     1                 .L0 
802006ce 802006ce        0     1                 .L0 
802006ce 802006ce        0     1                 .L0 
802006d4 802006d4        0     1                 .L0 
802006d6 802006d6        0     1                 .L0 
802006da 802006da        0     1                 .L0 
802006de 802006de        0     1                 .L0 
802006de 802006de        0     1                 .L0 
802006de 802006de        0     1                 .L0 
802006e0 802006e0        0     1                 .L0 
802006e0 802006e0        0     1                 .L0 
802006e4 802006e4        0     1                 .L0 
802006e8 802006e8        0     1                 .L0 
802006ee 802006ee        0     1                 .L0 
802006ee 802006ee        0     1                 .L0 
802006fc 802006fc        0     1                 .L0 
802006fc 802006fc        0     1                 .L0 
80200702 80200702        0     1                 .L0 
80200702 80200702        0     1                 .L0 
80200702 80200702        0     1                 .L0 
80200708 80200708        0     1                 .L0 
80200708 80200708        0     1                 .L0 
80200708 80200708        0     1                 .L0 
8020070c 8020070c        0     1                 .L0 
80200722 80200722        0     1                 .L0 
80200726 80200726        0     1                 .L0 
80200726 80200726        0     1                 .L0 
80200726 80200726        0     1                 .L0 
80200726 80200726        0     1                 .L0 
80200726 80200726        0     1                 .L0 
80200726 80200726       1c     1                 memcpy
8020072a 8020072a        0     1                 .L0 
8020072a 8020072a        0     1                 .L0 
8020072c 8020072c        0     1                 .L0 
80200736 80200736        0     1                 .L0 
8020073c 8020073c        0     1                 .L0 
8020073c 8020073c        0     1                 .L0 
80200740 80200740        0     1                 .L0 
80200740 80200740        0     1                 .L0 
80200742 80200742        0     1                 .L0 
80200742 80200742        0     1                 .L0 
80200742 80200742        0     1                 .L0 
80200742 80200742       16     1                 memset
80200746 80200746        0     1                 .L0 
80200746 80200746        0     1                 .L0 
80200748 80200748        0     1                 .L0 
8020074c 8020074c        0     1                 .L0 
80200752 80200752        0     1                 .L0 
80200752 80200752        0     1                 .L0 
80200756 80200756        0     1                 .L0 
80200756 80200756        0     1                 .L0 
80200758 80200758        0     1                 .L0 
80200758 80200758        0     1                 .L0 
80200758 80200758        0     1                 .L0 
80200758 80200758       24     1                 strcpy
8020075e 8020075e        0     1                 .L0 
80200762 80200762        0     1                 .L0 
80200762 80200762        0     1                 .L0 
80200764 80200764        0     1                 .L0 
80200770 80200770        0     1                 .L0 
80200772 80200772        0     1                 .L0 
80200774 80200774        0     1                 .L0 
80200776 80200776        0     1                 .L0 
80200776 80200776        0     1                 .L0 
8020077a 8020077a        0     1                 .L0 
8020077c 8020077c        0     1                 .L0 
8020077c 8020077c        0     1                 .L0 
8020077c 8020077c        0     1                 .L0 
8020077c 8020077c       24     1                 strcmp
80200780 80200780        0     1                 .L0 
80200782 80200782        0     1                 .L0 
80200784 80200784        0     1                 .L0 
80200788 80200788        0     1                 .L0 
8020078c 8020078c        0     1                 .L0 
8020078c 8020078c        0     1                 .L0 
80200792 80200792        0     1                 .L0 
80200794 80200794        0     1                 .L0 
80200796 80200796        0     1                 .L0 
802007a0 802007a0        0     1                 .L0 
802007a0 802007a0       c6     4 .rodata
802007a0 802007a0       c6     1         <internal>:(.rodata.str1.1)
80200868 80200868        4     4 .data
80200868 80200868        4     4         /var/folders/hw/r5t5ryts3r7fw374z_3h5bmw0000gp/T/kernel-d9e400.o:(.data)
80200868 80200868        4     1                 alloc_pages.next_paddr
80200868 80200868        0     1                 $d
8020086c 8020086c    10068     4 .bss
8020086c 8020086c        0     1         __bss = .
8020086c 8020086c    10068     4         /var/folders/hw/r5t5ryts3r7fw374z_3h5bmw0000gp/T/kernel-d9e400.o:(.bss)
8020086c 8020086c        0     1                 $d
8020086c 8020086c    10060     1                 procs
802108cc 802108cc        8     1                 .L_MergedGlobals
802108cc 802108cc        4     1                 proc_a
802108d0 802108d0        4     1                 proc_b
802108d4 802108d4        0     1         __bss_end = .
802108d4 802108d4        0     1 . = ALIGN(4)
802108d4 802108d4    20000     1 . += 128 * 1024
802308d4 802308d4        0     1 __stack_top = .
802308d4 802308d4      72c     1 . = ALIGN(4096)
80231000 80231000        0     1 __free_ram = .
80231000 80231000  4000000     1 . += 64 * 1024 * 1024
84231000 84231000        0     1 __free_ram_end = .
       0        0      70e     1 .debug_loclists
       0        0      52d     1         /var/folders/hw/r5t5ryts3r7fw374z_3h5bmw0000gp/T/kernel-d9e400.o:(.debug_loclists)
       0        0        0     1                 $d
       c        c        0     1                 .L0 
     52d      52d      1e1     1         /var/folders/hw/r5t5ryts3r7fw374z_3h5bmw0000gp/T/common-dbe324.o:(.debug_loclists)
     52d      52d        0     1                 $d
     539      539        0     1                 .L0 
       0        0      36f     1 .debug_abbrev
       0        0      240     1         /var/folders/hw/r5t5ryts3r7fw374z_3h5bmw0000gp/T/kernel-d9e400.o:(.debug_abbrev)
       0        0        0     1                 $d
     240      240      12f     1         /var/folders/hw/r5t5ryts3r7fw374z_3h5bmw0000gp/T/common-dbe324.o:(.debug_abbrev)
     240      240        0     1                 $d
       0        0      a79     1 .debug_info
       0        0      83a     1         /var/folders/hw/r5t5ryts3r7fw374z_3h5bmw0000gp/T/kernel-d9e400.o:(.debug_info)
       0        0        0     1                 $d
     83a      83a      23f     1         /var/folders/hw/r5t5ryts3r7fw374z_3h5bmw0000gp/T/common-dbe324.o:(.debug_info)
     83a      83a        0     1                 $d
       0        0       77     1 .debug_rnglists
       0        0       5c     1         /var/folders/hw/r5t5ryts3r7fw374z_3h5bmw0000gp/T/kernel-d9e400.o:(.debug_rnglists)
       0        0        0     1                 $d
       c        c        0     1                 .L0 
      5c       5c       1b     1         /var/folders/hw/r5t5ryts3r7fw374z_3h5bmw0000gp/T/common-dbe324.o:(.debug_rnglists)
      5c       5c        0     1                 $d
      68       68        0     1                 .L0 
       0        0      20c     1 .debug_str_offsets
       0        0      174     1         /var/folders/hw/r5t5ryts3r7fw374z_3h5bmw0000gp/T/kernel-d9e400.o:(.debug_str_offsets)
       0        0        0     1                 $d
       8        8        0     1                 .L0 
     174      174       98     1         /var/folders/hw/r5t5ryts3r7fw374z_3h5bmw0000gp/T/common-dbe324.o:(.debug_str_offsets)
     174      174        0     1                 $d
     17c      17c        0     1                 .L0 
       0        0      2c9     1 .debug_str
       0        0      2c9     1         <internal>:(.debug_str)
       0        0      11c     1 .debug_addr
       0        0       bc     1         /var/folders/hw/r5t5ryts3r7fw374z_3h5bmw0000gp/T/kernel-d9e400.o:(.debug_addr)
       0        0        0     1                 $d
       8        8        0     1                 .L0 
      bc       bc       60     1         /var/folders/hw/r5t5ryts3r7fw374z_3h5bmw0000gp/T/common-dbe324.o:(.debug_addr)
      bc       bc        0     1                 $d
      c4       c4        0     1                 .L0 
       0        0       3b     1 .comment
       0        0       3b     1         <internal>:(.comment)
       0        0       4e     1 .riscv.attributes
       0        0       4e     1         <internal>:(.riscv.attributes)
       0        0      1b4     4 .debug_frame
       0        0      11c     4         /var/folders/hw/r5t5ryts3r7fw374z_3h5bmw0000gp/T/kernel-d9e400.o:(.debug_frame)
       0        0        0     1                 .L0 
       0        0        0     1                 $d
     11c      11c       98     4         /var/folders/hw/r5t5ryts3r7fw374z_3h5bmw0000gp/T/common-dbe324.o:(.debug_frame)
     11c      11c        0     1                 .L0 
     11c      11c        0     1                 $d
       0        0      8ae     1 .debug_line
       0        0      5ac     1         /var/folders/hw/r5t5ryts3r7fw374z_3h5bmw0000gp/T/kernel-d9e400.o:(.debug_line)
       0        0        0     1                 .Lline_table_start0
       0        0        0     1                 $d
     5ac      5ac      302     1         /var/folders/hw/r5t5ryts3r7fw374z_3h5bmw0000gp/T/common-dbe324.o:(.debug_line)
     5ac      5ac        0     1                 .Lline_table_start0
     5ac      5ac        0     1                 $d
       0        0       4b     1 .debug_line_str
       0        0       4b     1         <internal>:(.debug_line_str)
       0        0      3c0     4 .symtab
       0        0      3c0     4         <internal>:(.symtab)
       0        0       dc     1 .shstrtab
       0        0       dc     1         <internal>:(.shstrtab)
       0        0      179     1 .strtab
       0        0      179     1         <internal>:(.strtab)
