     VMA      LMA     Size Align Out     In      Symbol
       0        0 80200000     1 . = 0x80200000
80200000        0        0     1 __kernel_base = .
80200000 80200000     1256     4 .text
80200000 80200000        e     2         /var/folders/hw/r5t5ryts3r7fw374z_3h5bmw0000gp/T/kernel-f2913f.o:(.text.boot)
80200000 80200000        0     1                 .L0 
80200000 80200000        0     1                 .L0 
80200000 80200000        0     1                 $x
80200000 80200000        0     1                 .L0 
80200000 80200000        e     1                 boot
8020000e 8020000e        0     1                 .L0 
8020000e 8020000e        0     1                 .L0 
80200010 80200010      fd8     4         /var/folders/hw/r5t5ryts3r7fw374z_3h5bmw0000gp/T/kernel-f2913f.o:(.text)
80200010 80200010        0     1                 .L0 
80200010 80200010        0     1                 .L0 
80200010 80200010        0     1                 $x
80200010 80200010        0     1                 .L0 
80200010 80200010        a     1                 virtio_reg_read32
80200018 80200018        0     1                 .L0 
8020001a 8020001a        0     1                 .L0 
8020001a 8020001a        0     1                 .L0 
8020001a 8020001a        0     1                 .L0 
8020001a 8020001a        c     1                 virtio_reg_read64
80200024 80200024        0     1                 .L0 
80200026 80200026        0     1                 .L0 
80200026 80200026        0     1                 .L0 
80200026 80200026        0     1                 .L0 
80200026 80200026        a     1                 virtio_reg_write32
8020002e 8020002e        0     1                 .L0 
80200030 80200030        0     1                 .L0 
80200030 80200030        0     1                 .L0 
80200030 80200030        0     1                 .L0 
80200030 80200030        e     1                 virtio_reg_fetch_and_or32
8020003a 8020003a        0     1                 .L0 
8020003c 8020003c        0     1                 .L0 
8020003e 8020003e        0     1                 .L0 
8020003e 8020003e        0     1                 .L0 
8020003e 8020003e        0     1                 .L0 
8020003e 8020003e       52     1                 alloc_pages
80200044 80200044        0     1                 .L0 
80200044 80200044        0     1                 .L0 
8020004c 8020004c        0     1                 .L0 
8020004c 8020004c        0     1                 .L0 
80200050 80200050        0     1                 .L0 
80200054 80200054        0     1                 .L0 
80200054 80200054        0     1                 .L0 
8020005c 8020005c        0     1                 .L0 
80200060 80200060        0     1                 .L0 
80200064 80200064        0     1                 .L0 
8020007c 8020007c        0     1                 .L0 
8020007e 8020007e        0     1                 .L0 
8020007e 8020007e        0     1                 .L0 
80200086 80200086        0     1                 .L0 
80200086 80200086        0     1                 .L0 
80200088 80200088        0     1                 .L0 
8020008c 8020008c        0     1                 .L0 
8020008c 8020008c        0     1                 .L0 
80200090 80200090        0     1                 .L0 
80200090 80200090        0     1                 .L0 
80200090 80200090        0     1                 .L0 
80200090 80200090        0     1                 .L0 
80200090 80200090        0     1                 .L0 
80200090 80200090       e0     1                 map_page
8020009e 8020009e        0     1                 .L0 
802000a0 802000a0        0     1                 .L0 
802000a0 802000a0        0     1                 .L0 
802000a4 802000a4        0     1                 .L0 
802000a8 802000a8        0     1                 .L0 
802000b8 802000b8        0     1                 .L0 
802000ba 802000ba        0     1                 .L0 
802000be 802000be        0     1                 .L0 
802000c0 802000c0        0     1                 .L0 
802000c0 802000c0        0     1                 .L0 
802000c0 802000c0        0     1                 .L0 
802000c6 802000c6        0     1                 .L0 
802000c8 802000c8        0     1                 .L0 
802000cc 802000cc        0     1                 .L0 
802000da 802000da        0     1                 .L0 
802000de 802000de        0     1                 .L0 
802000e2 802000e2        0     1                 .L0 
802000e4 802000e4        0     1                 .L0 
802000e4 802000e4        0     1                 .L0 
802000e4 802000e4        0     1                 .L0 
802000f0 802000f0        0     1                 .L0 
802000f0 802000f0        0     1                 .L0 
802000f6 802000f6        0     1                 .L0 
802000f6 802000f6        0     1                 .L0 
802000fe 802000fe        0     1                 .L0 
802000fe 802000fe        0     1                 .L0 
80200100 80200100        0     1                 .L0 
80200102 80200102        0     1                 .L0 
8020010a 8020010a        0     1                 .L0 
8020010e 8020010e        0     1                 .L0 
80200112 80200112        0     1                 .L0 
80200126 80200126        0     1                 .L0 
8020012a 8020012a        0     1                 .L0 
8020012c 8020012c        0     1                 .L0 
8020012c 8020012c        0     1                 .L0 
8020012c 8020012c        0     1                 .L0 
8020012e 8020012e        0     1                 .L0 
8020012e 8020012e        0     1                 .L0 
80200136 80200136        0     1                 .L0 
8020013a 8020013a        0     1                 .L0 
8020013a 8020013a        0     1                 .L0 
8020013e 8020013e        0     1                 .L0 
80200148 80200148        0     1                 .L0 
80200148 80200148        0     1                 .L0 
8020014e 8020014e        0     1                 .L0 
80200154 80200154        0     1                 .L0 
8020015e 8020015e        0     1                 .L0 
80200160 80200160        0     1                 .L0 
8020016c 8020016c        0     1                 .L0 
80200170 80200170        0     1                 .L0 
80200170 80200170        0     1                 .L0 
80200170 80200170        0     1                 .L0 
80200170 80200170        0     1                 .L0 
80200170 80200170        0     1                 .L0 
80200170 80200170       14     1                 user_entry
80200178 80200178        0     1                 .L0 
80200184 80200184        0     1                 .L0 
80200184 80200184        0     1                 .L0 
80200184 80200184        0     1                 .L0 
80200184 80200184      280     1                 create_process
802001a0 802001a0        0     1                 .L0 
802001a2 802001a2        0     1                 .L0 
802001a2 802001a2        0     1                 .L0 
802001b0 802001b0        0     1                 .L0 
802001b0 802001b0        0     1                 .L0 
802001b2 802001b2        0     1                 .L0 
802001b2 802001b2        0     1                 .L0 
802001ba 802001ba        0     1                 .L0 
802001bc 802001bc        0     1                 .L0 
802001bc 802001bc        0     1                 .L0 
802001c4 802001c4        0     1                 .L0 
802001c6 802001c6        0     1                 .L0 
802001c6 802001c6        0     1                 .L0 
802001ce 802001ce        0     1                 .L0 
802001d0 802001d0        0     1                 .L0 
802001d0 802001d0        0     1                 .L0 
802001d8 802001d8        0     1                 .L0 
802001da 802001da        0     1                 .L0 
802001da 802001da        0     1                 .L0 
802001e2 802001e2        0     1                 .L0 
802001e4 802001e4        0     1                 .L0 
802001e4 802001e4        0     1                 .L0 
802001ec 802001ec        0     1                 .L0 
802001ee 802001ee        0     1                 .L0 
802001ee 802001ee        0     1                 .L0 
802001f6 802001f6        0     1                 .L0 
802001f8 802001f8        0     1                 .L0 
802001f8 802001f8        0     1                 .L0 
80200210 80200210        0     1                 .L0 
80200212 80200212        0     1                 .L0 
80200212 80200212        0     1                 .L0 
80200212 80200212        0     1                 .L0 
80200216 80200216        0     1                 .L0 
80200216 80200216        0     1                 .L0 
8020021c 8020021c        0     1                 .L0 
8020021e 8020021e        0     1                 .L0 
8020021e 8020021e        0     1                 .L0 
8020021e 8020021e        0     1                 .L0 
80200226 80200226        0     1                 .L0 
80200228 80200228        0     1                 .L0 
80200228 80200228        0     1                 .L0 
80200228 80200228        0     1                 .L0 
80200230 80200230        0     1                 .L0 
80200232 80200232        0     1                 .L0 
80200232 80200232        0     1                 .L0 
80200232 80200232        0     1                 .L0 
8020023a 8020023a        0     1                 .L0 
8020023c 8020023c        0     1                 .L0 
8020023c 8020023c        0     1                 .L0 
8020023c 8020023c        0     1                 .L0 
80200244 80200244        0     1                 .L0 
80200246 80200246        0     1                 .L0 
80200246 80200246        0     1                 .L0 
80200246 80200246        0     1                 .L0 
8020024e 8020024e        0     1                 .L0 
80200250 80200250        0     1                 .L0 
80200250 80200250        0     1                 .L0 
80200250 80200250        0     1                 .L0 
80200258 80200258        0     1                 .L0 
80200258 80200258        0     1                 .L0 
80200260 80200260        0     1                 .L0 
80200260 80200260        0     1                 .L0 
80200262 80200262        0     1                 .L0 
80200262 80200262        0     1                 .L0 
8020026c 8020026c        0     1                 .L0 
8020026c 8020026c        0     1                 .L0 
80200272 80200272        0     1                 .L0 
8020027e 8020027e        0     1                 .L0 
8020027e 8020027e        0     1                 .L0 
80200280 80200280        0     1                 .L0 
80200284 80200284        0     1                 .L0 
80200288 80200288        0     1                 .L0 
8020028c 8020028c        0     1                 .L0 
80200290 80200290        0     1                 .L0 
80200294 80200294        0     1                 .L0 
80200298 80200298        0     1                 .L0 
8020029c 8020029c        0     1                 .L0 
802002a0 802002a0        0     1                 .L0 
802002a4 802002a4        0     1                 .L0 
802002ac 802002ac        0     1                 .L0 
802002b0 802002b0        0     1                 .L0 
802002b4 802002b4        0     1                 .L0 
802002b4 802002b4        0     1                 .L0 
802002b8 802002b8        0     1                 .L0 
802002b8 802002b8        0     1                 .L0 
802002d0 802002d0        0     1                 .L0 
802002d2 802002d2        0     1                 .L0 
802002d2 802002d2        0     1                 .L0 
802002d4 802002d4        0     1                 .L0 
802002e0 802002e0        0     1                 .L0 
802002e0 802002e0        0     1                 .L0 
802002e8 802002e8        0     1                 .L0 
802002e8 802002e8        0     1                 .L0 
802002ec 802002ec        0     1                 .L0 
802002ec 802002ec        0     1                 .L0 
802002ec 802002ec        0     1                 .L0 
802002f6 802002f6        0     1                 .L0 
802002f6 802002f6        0     1                 .L0 
802002f8 802002f8        0     1                 .L0 
802002fc 802002fc        0     1                 .L0 
802002fc 802002fc        0     1                 .L0 
802002fc 802002fc        0     1                 .L0 
80200300 80200300        0     1                 .L0 
80200306 80200306        0     1                 .L0 
80200306 80200306        0     1                 .L0 
8020030e 8020030e        0     1                 .L0 
8020030e 8020030e        0     1                 .L0 
80200310 80200310        0     1                 .L0 
80200316 80200316        0     1                 .L0 
8020031a 8020031a        0     1                 .L0 
80200332 80200332        0     1                 .L0 
80200334 80200334        0     1                 .L0 
80200334 80200334        0     1                 .L0 
8020033e 8020033e        0     1                 .L0 
8020033e 8020033e        0     1                 .L0 
80200340 80200340        0     1                 .L0 
8020034a 8020034a        0     1                 .L0 
8020034a 8020034a        0     1                 .L0 
80200352 80200352        0     1                 .L0 
80200358 80200358        0     1                 .L0 
80200358 80200358        0     1                 .L0 
8020035c 8020035c        0     1                 .L0 
8020035c 8020035c        0     1                 .L0 
8020036e 8020036e        0     1                 .L0 
8020036e 8020036e        0     1                 .L0 
80200370 80200370        0     1                 .L0 
80200370 80200370        0     1                 .L0 
80200372 80200372        0     1                 .L0 
80200378 80200378        0     1                 .L0 
80200378 80200378        0     1                 .L0 
8020037c 8020037c        0     1                 .L0 
80200384 80200384        0     1                 .L0 
80200384 80200384        0     1                 .L0 
80200386 80200386        0     1                 .L0 
8020038e 8020038e        0     1                 .L0 
80200392 80200392        0     1                 .L0 
80200392 80200392        0     1                 .L0 
80200392 80200392        0     1                 .L0 
80200396 80200396        0     1                 .L0 
80200396 80200396        0     1                 .L0 
8020039e 8020039e        0     1                 .L0 
802003a2 802003a2        0     1                 .L0 
802003ac 802003ac        0     1                 .L0 
802003ac 802003ac        0     1                 .L0 
802003ae 802003ae        0     1                 .L0 
802003ae 802003ae        0     1                 .L0 
802003b2 802003b2        0     1                 .L0 
802003b2 802003b2        0     1                 .L0 
802003b6 802003b6        0     1                 .L0 
802003ba 802003ba        0     1                 .L0 
802003be 802003be        0     1                 .L0 
802003c2 802003c2        0     1                 .L0 
802003c6 802003c6        0     1                 .L0 
802003ca 802003ca        0     1                 .L0 
802003cc 802003cc        0     1                 .L0 
802003d8 802003d8        0     1                 .L0 
802003da 802003da        0     1                 .L0 
802003dc 802003dc        0     1                 .L0 
802003e0 802003e0        0     1                 .L0 
802003e6 802003e6        0     1                 .L0 
802003ea 802003ea        0     1                 .L0 
802003ea 802003ea        0     1                 .L0 
802003ea 802003ea        0     1                 .L0 
80200402 80200402        0     1                 .L0 
80200404 80200404        0     1                 .L0 
80200404 80200404        0     1                 .L0 
80200404 80200404        0     1                 .L0 
80200404 80200404        0     1                 .L0 
80200404 80200404        0     1                 .L0 
80200404 80200404        0     1                 .L0 
80200404 80200404       46     1                 switch_context
8020044a 8020044a        0     1                 .L0 
8020044a 8020044a        0     1                 .L0 
8020044a 8020044a        0     1                 .L0 
8020044a 8020044a      194     1                 yield
80200454 80200454        0     1                 .L0 
80200454 80200454        0     1                 .L0 
80200462 80200462        0     1                 .L0 
80200474 80200474        0     1                 .L0 
80200474 80200474        0     1                 .L0 
80200476 80200476        0     1                 .L0 
80200476 80200476        0     1                 .L0 
8020047a 8020047a        0     1                 .L0 
8020047a 8020047a        0     1                 .L0 
8020047c 8020047c        0     1                 .L0 
8020047c 8020047c        0     1                 .L0 
80200480 80200480        0     1                 .L0 
80200482 80200482        0     1                 .L0 
80200486 80200486        0     1                 .L0 
80200486 80200486        0     1                 .L0 
8020048e 8020048e        0     1                 .L0 
802004a2 802004a2        0     1                 .L0 
802004a4 802004a4        0     1                 .L0 
802004a8 802004a8        0     1                 .L0 
802004aa 802004aa        0     1                 .L0 
802004ae 802004ae        0     1                 .L0 
802004ae 802004ae        0     1                 .L0 
802004b6 802004b6        0     1                 .L0 
802004ca 802004ca        0     1                 .L0 
802004ce 802004ce        0     1                 .L0 
802004d2 802004d2        0     1                 .L0 
802004d4 802004d4        0     1                 .L0 
802004d8 802004d8        0     1                 .L0 
802004d8 802004d8        0     1                 .L0 
802004e0 802004e0        0     1                 .L0 
802004f4 802004f4        0     1                 .L0 
802004f6 802004f6        0     1                 .L0 
802004fa 802004fa        0     1                 .L0 
802004fc 802004fc        0     1                 .L0 
80200500 80200500        0     1                 .L0 
80200500 80200500        0     1                 .L0 
80200508 80200508        0     1                 .L0 
8020051c 8020051c        0     1                 .L0 
80200520 80200520        0     1                 .L0 
80200524 80200524        0     1                 .L0 
80200526 80200526        0     1                 .L0 
8020052a 8020052a        0     1                 .L0 
8020052a 8020052a        0     1                 .L0 
80200532 80200532        0     1                 .L0 
80200546 80200546        0     1                 .L0 
80200548 80200548        0     1                 .L0 
8020054c 8020054c        0     1                 .L0 
8020054e 8020054e        0     1                 .L0 
80200552 80200552        0     1                 .L0 
80200552 80200552        0     1                 .L0 
8020055a 8020055a        0     1                 .L0 
8020056e 8020056e        0     1                 .L0 
80200572 80200572        0     1                 .L0 
80200576 80200576        0     1                 .L0 
80200578 80200578        0     1                 .L0 
8020057c 8020057c        0     1                 .L0 
8020057c 8020057c        0     1                 .L0 
80200598 80200598        0     1                 .L0 
8020059c 8020059c        0     1                 .L0 
8020059e 8020059e        0     1                 .L0 
802005a2 802005a2        0     1                 .L0 
802005a2 802005a2        0     1                 .L0 
802005a4 802005a4        0     1                 .L0 
802005a4 802005a4        0     1                 .L0 
802005a8 802005a8        0     1                 .L0 
802005b0 802005b0        0     1                 .L0 
802005b2 802005b2        0     1                 .L0 
802005b4 802005b4        0     1                 .L0 
802005ba 802005ba        0     1                 .L0 
802005bc 802005bc        0     1                 .L0 
802005cc 802005cc        0     1                 .L0 
802005d0 802005d0        0     1                 .L0 
802005d0 802005d0        0     1                 .L0 
802005d2 802005d2        0     1                 .L0 
802005d2 802005d2        0     1                 .L0 
802005d6 802005d6        0     1                 .L0 
802005da 802005da        0     1                 .L0 
802005da 802005da        0     1                 .L0 
802005dc 802005dc        0     1                 .L0 
802005dc 802005dc        0     1                 .L0 
802005de 802005de        0     1                 .L0 
802005de 802005de        0     1                 .L0 
802005de 802005de        0     1                 .L0 
802005de 802005de        0     1                 .L0 
802005de 802005de        0     1                 .L0 
802005de 802005de        6     1                 sbi_call
802005e2 802005e2        0     1                 .L0 
802005e2 802005e2        0     1                 .L0 
802005e4 802005e4        0     1                 .L0 
802005e4 802005e4        0     1                 .L0 
802005e4 802005e4        0     1                 .L0 
802005e4 802005e4       14     1                 putchar
802005f6 802005f6        0     1                 .L0 
802005f6 802005f6        0     1                 .L0 
802005f8 802005f8        0     1                 .L0 
802005f8 802005f8        0     1                 .L0 
802005f8 802005f8        0     1                 .L0 
802005f8 802005f8       16     1                 getchar
8020060c 8020060c        0     1                 .L0 
8020060c 8020060c        0     1                 .L0 
8020060e 8020060e        0     1                 .L0 
80200610 80200610        0     1                 .L0 
80200610 80200610        0     1                 .L0 
80200610 80200610        0     1                 .L0 
80200610 80200610       96     1                 kernel_entry
802006a6 802006a6        0     1                 .L0 
802006a6 802006a6        0     1                 .L0 
802006a6 802006a6        0     1                 .L0 
802006a6 802006a6        0     1                 .L0 
802006a6 802006a6        0     1                 .L0 
802006a6 802006a6       f8     1                 handle_syscall
802006ac 802006ac        0     1                 .L0 
802006ca 802006ca        0     1                 .L0 
802006ce 802006ce        0     1                 .L0 
802006d0 802006d0        0     1                 .L0 
802006d4 802006d4        0     1                 .L0 
802006d6 802006d6        0     1                 .L0 
802006da 802006da        0     1                 .L0 
802006da 802006da        0     1                 .L0 
802006dc 802006dc        0     1                 .L0 
802006f0 802006f0        0     1                 .L0 
802006f0 802006f0        0     1                 .L0 
802006f4 802006f4        0     1                 .L0 
802006f4 802006f4        0     1                 .L0 
802006f4 802006f4        0     1                 .L0 
802006f6 802006f6        0     1                 .L0 
802006f6 802006f6        0     1                 .L0 
8020070a 8020070a        0     1                 .L0 
8020070a 8020070a        0     1                 .L0 
8020070e 8020070e        0     1                 .L0 
8020070e 8020070e        0     1                 .L0 
8020070e 8020070e        0     1                 .L0 
8020072a 8020072a        0     1                 .L0 
8020072a 8020072a        0     1                 .L0 
8020072c 8020072c        0     1                 .L0 
8020072c 8020072c        0     1                 .L0 
8020072c 8020072c        0     1                 .L0 
80200734 80200734        0     1                 .L0 
80200734 80200734        0     1                 .L0 
80200736 80200736        0     1                 .L0 
80200742 80200742        0     1                 .L0 
80200742 80200742        0     1                 .L0 
80200748 80200748        0     1                 .L0 
8020074a 8020074a        0     1                 .L0 
8020074c 8020074c        0     1                 .L0 
8020074c 8020074c        0     1                 .L0 
80200764 80200764        0     1                 .L0 
80200766 80200766        0     1                 .L0 
80200766 80200766        0     1                 .L0 
80200766 80200766        0     1                 .L0 
8020076a 8020076a        0     1                 .L0 
8020076a 8020076a        0     1                 .L0 
8020077c 8020077c        0     1                 .L0 
8020077c 8020077c        0     1                 .L0 
8020077c 8020077c        0     1                 .L0 
80200780 80200780        0     1                 .L0 
80200784 80200784        0     1                 .L0 
80200784 80200784        0     1                 .L0 
80200784 80200784        0     1                 .L0 
80200788 80200788        0     1                 .L0 
8020079c 8020079c        0     1                 .L0 
8020079e 8020079e        0     1                 .L0 
8020079e 8020079e        0     1                 .L0 
8020079e 8020079e        0     1                 .L0 
8020079e 8020079e        0     1                 .L0 
8020079e 8020079e        0     1                 .L0 
8020079e 8020079e       44     1                 handle_trap
802007a4 802007a4        0     1                 .L0 
802007a4 802007a4        0     1                 .L0 
802007a8 802007a8        0     1                 .L0 
802007ac 802007ac        0     1                 .L0 
802007ae 802007ae        0     1                 .L0 
802007b2 802007b2        0     1                 .L0 
802007b2 802007b2        0     1                 .L0 
802007b6 802007b6        0     1                 .L0 
802007b6 802007b6        0     1                 .L0 
802007b8 802007b8        0     1                 .L0 
802007b8 802007b8        0     1                 .L0 
802007ba 802007ba        0     1                 .L0 
802007ba 802007ba        0     1                 .L0 
802007be 802007be        0     1                 .L0 
802007c2 802007c2        0     1                 .L0 
802007c2 802007c2        0     1                 .L0 
802007c6 802007c6        0     1                 .L0 
802007c6 802007c6        0     1                 .L0 
802007c6 802007c6        0     1                 .L0 
802007ca 802007ca        0     1                 .L0 
802007e0 802007e0        0     1                 .L0 
802007e2 802007e2        0     1                 .L0 
802007e2 802007e2        0     1                 .L0 
802007e2 802007e2        0     1                 .L0 
802007e2 802007e2        0     1                 .L0 
802007e2 802007e2        0     1                 .L0 
802007e2 802007e2       76     1                 virtq_init
802007ea 802007ea        0     1                 .L0 
802007ec 802007ec        0     1                 .L0 
802007ec 802007ec        0     1                 .L0 
802007f4 802007f4        0     1                 .L0 
802007f4 802007f4        0     1                 .L0 
802007f6 802007f6        0     1                 .L0 
802007f8 802007f8        0     1                 .L0 
80200800 80200800        0     1                 .L0 
80200804 80200804        0     1                 .L0 
80200808 80200808        0     1                 .L0 
8020081e 8020081e        0     1                 .L0 
80200820 80200820        0     1                 .L0 
80200820 80200820        0     1                 .L0 
8020082a 8020082a        0     1                 .L0 
8020082a 8020082a        0     1                 .L0 
8020082c 8020082c        0     1                 .L0 
80200842 80200842        0     1                 .L0 
80200844 80200844        0     1                 .L0 
80200846 80200846        0     1                 .L0 
8020084a 8020084a        0     1                 .L0 
8020084e 8020084e        0     1                 .L0 
80200852 80200852        0     1                 .L0 
80200854 80200854        0     1                 .L0 
80200854 80200854        0     1                 .L0 
80200858 80200858        0     1                 .L0 
80200858 80200858        0     1                 .L0 
80200858 80200858        0     1                 .L0 
80200858 80200858        0     1                 .L0 
80200858 80200858        0     1                 .L0 
80200858 80200858      176     1                 virtio_blk_init
80200868 80200868        0     1                 .L0 
8020086c 8020086c        0     1                 .L0 
80200876 80200876        0     1                 .L0 
8020087a 8020087a        0     1                 .L0 
8020087a 8020087a        0     1                 .L0 
8020087e 8020087e        0     1                 .L0 
80200882 80200882        0     1                 .L0 
80200882 80200882        0     1                 .L0 
80200886 80200886        0     1                 .L0 
8020088a 8020088a        0     1                 .L0 
8020088a 8020088a        0     1                 .L0 
8020088e 8020088e        0     1                 .L0 
8020088e 8020088e        0     1                 .L0 
80200890 80200890        0     1                 .L0 
80200894 80200894        0     1                 .L0 
80200894 80200894        0     1                 .L0 
80200896 80200896        0     1                 .L0 
80200896 80200896        0     1                 .L0 
80200898 80200898        0     1                 .L0 
8020089c 8020089c        0     1                 .L0 
8020089c 8020089c        0     1                 .L0 
8020089e 8020089e        0     1                 .L0 
8020089e 8020089e        0     1                 .L0 
802008a0 802008a0        0     1                 .L0 
802008a0 802008a0        0     1                 .L0 
802008a4 802008a4        0     1                 .L0 
802008a4 802008a4        0     1                 .L0 
802008a8 802008a8        0     1                 .L0 
802008a8 802008a8        0     1                 .L0 
802008aa 802008aa        0     1                 .L0 
802008aa 802008aa        0     1                 .L0 
802008ae 802008ae        0     1                 .L0 
802008ae 802008ae        0     1                 .L0 
802008b0 802008b0        0     1                 .L0 
802008b2 802008b2        0     1                 .L0 
802008ba 802008ba        0     1                 .L0 
802008be 802008be        0     1                 .L0 
802008c2 802008c2        0     1                 .L0 
802008d8 802008d8        0     1                 .L0 
802008da 802008da        0     1                 .L0 
802008da 802008da        0     1                 .L0 
802008da 802008da        0     1                 .L0 
802008f0 802008f0        0     1                 .L0 
802008f2 802008f2        0     1                 .L0 
802008f2 802008f2        0     1                 .L0 
80200908 80200908        0     1                 .L0 
8020090a 8020090a        0     1                 .L0 
8020090a 8020090a        0     1                 .L0 
80200920 80200920        0     1                 .L0 
80200922 80200922        0     1                 .L0 
80200922 80200922        0     1                 .L0 
80200922 80200922        0     1                 .L0 
8020092c 8020092c        0     1                 .L0 
8020092c 8020092c        0     1                 .L0 
8020092e 8020092e        0     1                 .L0 
80200936 80200936        0     1                 .L0 
80200938 80200938        0     1                 .L0 
8020093c 8020093c        0     1                 .L0 
80200942 80200942        0     1                 .L0 
80200942 80200942        0     1                 .L0 
8020094a 8020094a        0     1                 .L0 
8020094a 8020094a        0     1                 .L0 
8020094e 8020094e        0     1                 .L0 
8020094e 8020094e        0     1                 .L0 
80200952 80200952        0     1                 .L0 
80200952 80200952        0     1                 .L0 
80200956 80200956        0     1                 .L0 
80200956 80200956        0     1                 .L0 
80200958 80200958        0     1                 .L0 
80200958 80200958        0     1                 .L0 
8020095c 8020095c        0     1                 .L0 
8020095c 8020095c        0     1                 .L0 
8020095e 8020095e        0     1                 .L0 
8020095e 8020095e        0     1                 .L0 
80200966 80200966        0     1                 .L0 
80200972 80200972        0     1                 .L0 
8020097a 8020097a        0     1                 .L0 
80200984 80200984        0     1                 .L0 
80200984 80200984        0     1                 .L0 
80200988 80200988        0     1                 .L0 
80200988 80200988        0     1                 .L0 
8020098e 8020098e        0     1                 .L0 
80200992 80200992        0     1                 .L0 
80200992 80200992        0     1                 .L0 
802009a8 802009a8        0     1                 .L0 
802009aa 802009aa        0     1                 .L0 
802009aa 802009aa        0     1                 .L0 
802009b4 802009b4        0     1                 .L0 
802009b4 802009b4        0     1                 .L0 
802009bc 802009bc        0     1                 .L0 
802009c0 802009c0        0     1                 .L0 
802009ca 802009ca        0     1                 .L0 
802009ce 802009ce        0     1                 .L0 
802009ce 802009ce        0     1                 .L0 
802009ce 802009ce        0     1                 .L0 
802009ce 802009ce        0     1                 .L0 
802009ce 802009ce        0     1                 .L0 
802009ce 802009ce       34     1                 virtq_kick
802009f0 802009f0        0     1                 .L0 
802009f4 802009f4        0     1                 .L0 
80200a00 80200a00        0     1                 .L0 
80200a02 80200a02        0     1                 .L0 
80200a02 80200a02        0     1                 .L0 
80200a02 80200a02        0     1                 .L0 
80200a02 80200a02       18     1                 virtq_is_busy
80200a06 80200a06        0     1                 .L0 
80200a18 80200a18        0     1                 .L0 
80200a1a 80200a1a        0     1                 .L0 
80200a1a 80200a1a        0     1                 .L0 
80200a1a 80200a1a        0     1                 .L0 
80200a1a 80200a1a      16c     1                 read_write_disk
80200a26 80200a26        0     1                 .L0 
80200a28 80200a28        0     1                 .L0 
80200a28 80200a28        0     1                 .L0 
80200a34 80200a34        0     1                 .L0 
80200a3e 80200a3e        0     1                 .L0 
80200a4a 80200a4a        0     1                 .L0 
80200a4c 80200a4c        0     1                 .L0 
80200a70 80200a70        0     1                 .L0 
80200a90 80200a90        0     1                 .L0 
80200a92 80200a92        0     1                 .L0 
80200a94 80200a94        0     1                 .L0 
80200a9c 80200a9c        0     1                 .L0 
80200a9c 80200a9c        0     1                 .L0 
80200aa0 80200aa0        0     1                 .L0 
80200aa0 80200aa0        0     1                 .L0 
80200aa0 80200aa0        0     1                 .L0 
80200aa4 80200aa4        0     1                 .L0 
80200aa8 80200aa8        0     1                 .L0 
80200aac 80200aac        0     1                 .L0 
80200ab2 80200ab2        0     1                 .L0 
80200ab4 80200ab4        0     1                 .L0 
80200ab4 80200ab4        0     1                 .L0 
80200ab6 80200ab6        0     1                 .L0 
80200ab6 80200ab6        0     1                 .L0 
80200ab6 80200ab6        0     1                 .L0 
80200ab6 80200ab6        0     1                 .L0 
80200ab6 80200ab6        0     1                 .L0 
80200ab8 80200ab8        0     1                 .L0 
80200abc 80200abc        0     1                 .L0 
80200af4 80200af4        0     1                 .L0 
80200af8 80200af8        0     1                 .L0 
80200b04 80200b04        0     1                 .L0 
80200b0c 80200b0c        0     1                 .L0 
80200b22 80200b22        0     1                 .L0 
80200b36 80200b36        0     1                 .L0 
80200b3a 80200b3a        0     1                 .L0 
80200b3e 80200b3e        0     1                 .L0 
80200b44 80200b44        0     1                 .L0 
80200b46 80200b46        0     1                 .L0 
80200b48 80200b48        0     1                 .L0 
80200b50 80200b50        0     1                 .L0 
80200b54 80200b54        0     1                 .L0 
80200b58 80200b58        0     1                 .L0 
80200b5a 80200b5a        0     1                 .L0 
80200b5c 80200b5c        0     1                 .L0 
80200b5c 80200b5c        0     1                 .L0 
80200b5e 80200b5e        0     1                 .L0 
80200b5e 80200b5e        0     1                 .L0 
80200b5e 80200b5e        0     1                 .L0 
80200b5e 80200b5e        0     1                 .L0 
80200b5e 80200b5e        0     1                 .L0 
80200b60 80200b60        0     1                 .L0 
80200b64 80200b64        0     1                 .L0 
80200b68 80200b68        0     1                 .L0 
80200b6a 80200b6a        0     1                 .L0 
80200b6e 80200b6e        0     1                 .L0 
80200b6e 80200b6e        0     1                 .L0 
80200b72 80200b72        0     1                 .L0 
80200b78 80200b78        0     1                 .L0 
80200b7c 80200b7c        0     1                 .L0 
80200b80 80200b80        0     1                 .L0 
80200b84 80200b84        0     1                 .L0 
80200b86 80200b86        0     1                 .L0 
80200b86 80200b86        0     1                 .L0 
80200b86 80200b86        0     1                 .L0 
80200b86 80200b86        0     1                 .L0 
80200b86 80200b86        0     1                 .L0 
80200b86 80200b86        4     1                 cluster_to_sector
80200b88 80200b88        0     1                 .L0 
80200b88 80200b88        0     1                 .L0 
80200b8a 80200b8a        0     1                 .L0 
80200b8a 80200b8a        0     1                 .L0 
80200b8a 80200b8a        0     1                 .L0 
80200b8a 80200b8a        c     1                 read_cluster
80200b90 80200b90        0     1                 .L0 
80200b90 80200b90        0     1                 .L0 
80200b94 80200b94        0     1                 .L0 
80200b96 80200b96        0     1                 .L0 
80200b96 80200b96        0     1                 .L0 
80200b96 80200b96        0     1                 .L0 
80200b96 80200b96        0     1                 .L0 
80200b96 80200b96        0     1                 .L0 
80200b96 80200b96        0     1                 .L0 
80200b96 80200b96        c     1                 write_cluster
80200b9a 80200b9a        0     1                 .L0 
80200b9e 80200b9e        0     1                 .L0 
80200ba0 80200ba0        0     1                 .L0 
80200ba2 80200ba2        0     1                 .L0 
80200ba2 80200ba2        0     1                 .L0 
80200ba2 80200ba2        0     1                 .L0 
80200ba2 80200ba2        0     1                 .L0 
80200ba2 80200ba2        0     1                 .L0 
80200ba2 80200ba2        0     1                 .L0 
80200ba2 80200ba2       98     1                 copy_name_dynamic
80200bae 80200bae        0     1                 .L0 
80200bb0 80200bb0        0     1                 .L0 
80200bb2 80200bb2        0     1                 .L0 
80200bb8 80200bb8        0     1                 .L0 
80200bc0 80200bc0        0     1                 .L0 
80200bc2 80200bc2        0     1                 .L0 
80200bc4 80200bc4        0     1                 .L0 
80200bca 80200bca        0     1                 .L0 
80200bcc 80200bcc        0     1                 .L0 
80200bce 80200bce        0     1                 .L0 
80200bce 80200bce        0     1                 .L0 
80200bd6 80200bd6        0     1                 .L0 
80200bd6 80200bd6        0     1                 .L0 
80200bda 80200bda        0     1                 .L0 
80200bda 80200bda        0     1                 .L0 
80200bdc 80200bdc        0     1                 .L0 
80200bdc 80200bdc        0     1                 .L0 
80200bde 80200bde        0     1                 .L0 
80200be2 80200be2        0     1                 .L0 
80200bea 80200bea        0     1                 .L0 
80200bee 80200bee        0     1                 .L0 
80200bf2 80200bf2        0     1                 .L0 
80200c08 80200c08        0     1                 .L0 
80200c0a 80200c0a        0     1                 .L0 
80200c0a 80200c0a        0     1                 .L0 
80200c10 80200c10        0     1                 .L0 
80200c10 80200c10        0     1                 .L0 
80200c18 80200c18        0     1                 .L0 
80200c24 80200c24        0     1                 .L0 
80200c28 80200c28        0     1                 .L0 
80200c2c 80200c2c        0     1                 .L0 
80200c34 80200c34        0     1                 .L0 
80200c36 80200c36        0     1                 .L0 
80200c36 80200c36        0     1                 .L0 
80200c3a 80200c3a        0     1                 .L0 
80200c3a 80200c3a        0     1                 .L0 
80200c3a 80200c3a        0     1                 .L0 
80200c3a 80200c3a        0     1                 .L0 
80200c3a 80200c3a        0     1                 .L0 
80200c3a 80200c3a      1d0     1                 create_file
80200c4c 80200c4c        0     1                 .L0 
80200c4c 80200c4c        0     1                 .L0 
80200c4c 80200c4c        0     1                 .L0 
80200c5c 80200c5c        0     1                 .L0 
80200c5e 80200c5e        0     1                 .L0 
80200c5e 80200c5e        0     1                 .L0 
80200c62 80200c62        0     1                 .L0 
80200c64 80200c64        0     1                 .L0 
80200c64 80200c64        0     1                 .L0 
80200c68 80200c68        0     1                 .L0 
80200c6a 80200c6a        0     1                 .L0 
80200c6a 80200c6a        0     1                 .L0 
80200c6e 80200c6e        0     1                 .L0 
80200c70 80200c70        0     1                 .L0 
80200c70 80200c70        0     1                 .L0 
80200c74 80200c74        0     1                 .L0 
80200c76 80200c76        0     1                 .L0 
80200c76 80200c76        0     1                 .L0 
80200c7a 80200c7a        0     1                 .L0 
80200c7c 80200c7c        0     1                 .L0 
80200c7c 80200c7c        0     1                 .L0 
80200c80 80200c80        0     1                 .L0 
80200c82 80200c82        0     1                 .L0 
80200c82 80200c82        0     1                 .L0 
80200c86 80200c86        0     1                 .L0 
80200c88 80200c88        0     1                 .L0 
80200c88 80200c88        0     1                 .L0 
80200c8c 80200c8c        0     1                 .L0 
80200c8e 80200c8e        0     1                 .L0 
80200c8e 80200c8e        0     1                 .L0 
80200c92 80200c92        0     1                 .L0 
80200c94 80200c94        0     1                 .L0 
80200c94 80200c94        0     1                 .L0 
80200c98 80200c98        0     1                 .L0 
80200c9a 80200c9a        0     1                 .L0 
80200c9a 80200c9a        0     1                 .L0 
80200c9e 80200c9e        0     1                 .L0 
80200ca0 80200ca0        0     1                 .L0 
80200ca0 80200ca0        0     1                 .L0 
80200ca4 80200ca4        0     1                 .L0 
80200ca6 80200ca6        0     1                 .L0 
80200ca6 80200ca6        0     1                 .L0 
80200caa 80200caa        0     1                 .L0 
80200cac 80200cac        0     1                 .L0 
80200cac 80200cac        0     1                 .L0 
80200cb0 80200cb0        0     1                 .L0 
80200cb2 80200cb2        0     1                 .L0 
80200cb2 80200cb2        0     1                 .L0 
80200cb6 80200cb6        0     1                 .L0 
80200cb8 80200cb8        0     1                 .L0 
80200cbc 80200cbc        0     1                 .L0 
80200cbe 80200cbe        0     1                 .L0 
80200cc0 80200cc0        0     1                 .L0 
80200cc0 80200cc0        0     1                 .L0 
80200cc2 80200cc2        0     1                 .L0 
80200cc4 80200cc4        0     1                 .L0 
80200cc4 80200cc4        0     1                 .L0 
80200cc6 80200cc6        0     1                 .L0 
80200cc8 80200cc8        0     1                 .L0 
80200cc8 80200cc8        0     1                 .L0 
80200cca 80200cca        0     1                 .L0 
80200ccc 80200ccc        0     1                 .L0 
80200ccc 80200ccc        0     1                 .L0 
80200cce 80200cce        0     1                 .L0 
80200cd0 80200cd0        0     1                 .L0 
80200cd0 80200cd0        0     1                 .L0 
80200cd2 80200cd2        0     1                 .L0 
80200cd4 80200cd4        0     1                 .L0 
80200cd4 80200cd4        0     1                 .L0 
80200cd6 80200cd6        0     1                 .L0 
80200cd8 80200cd8        0     1                 .L0 
80200cd8 80200cd8        0     1                 .L0 
80200cda 80200cda        0     1                 .L0 
80200cdc 80200cdc        0     1                 .L0 
80200cdc 80200cdc        0     1                 .L0 
80200cde 80200cde        0     1                 .L0 
80200ce0 80200ce0        0     1                 .L0 
80200ce0 80200ce0        0     1                 .L0 
80200ce2 80200ce2        0     1                 .L0 
80200ce4 80200ce4        0     1                 .L0 
80200ce4 80200ce4        0     1                 .L0 
80200ce6 80200ce6        0     1                 .L0 
80200ce8 80200ce8        0     1                 .L0 
80200ce8 80200ce8        0     1                 .L0 
80200cea 80200cea        0     1                 .L0 
80200cec 80200cec        0     1                 .L0 
80200cec 80200cec        0     1                 .L0 
80200cee 80200cee        0     1                 .L0 
80200cf0 80200cf0        0     1                 .L0 
80200cf0 80200cf0        0     1                 .L0 
80200d02 80200d02        0     1                 .L0 
80200d02 80200d02        0     1                 .L0 
80200d08 80200d08        0     1                 .L0 
80200d08 80200d08        0     1                 .L0 
80200d0a 80200d0a        0     1                 .L0 
80200d10 80200d10        0     1                 .L0 
80200d10 80200d10        0     1                 .L0 
80200d12 80200d12        0     1                 .L0 
80200d12 80200d12        0     1                 .L0 
80200d14 80200d14        0     1                 .L0 
80200d14 80200d14        0     1                 .L0 
80200d36 80200d36        0     1                 .L0 
80200d3e 80200d3e        0     1                 .L0 
80200d40 80200d40        0     1                 .L0 
80200d42 80200d42        0     1                 .L0 
80200d48 80200d48        0     1                 .L0 
80200d4a 80200d4a        0     1                 .L0 
80200d4c 80200d4c        0     1                 .L0 
80200d4c 80200d4c        0     1                 .L0 
80200d54 80200d54        0     1                 .L0 
80200d54 80200d54        0     1                 .L0 
80200d58 80200d58        0     1                 .L0 
80200d58 80200d58        0     1                 .L0 
80200d5a 80200d5a        0     1                 .L0 
80200d5a 80200d5a        0     1                 .L0 
80200d5c 80200d5c        0     1                 .L0 
80200d60 80200d60        0     1                 .L0 
80200d68 80200d68        0     1                 .L0 
80200d6c 80200d6c        0     1                 .L0 
80200d70 80200d70        0     1                 .L0 
80200d74 80200d74        0     1                 .L0 
80200d86 80200d86        0     1                 .L0 
80200d88 80200d88        0     1                 .L0 
80200d88 80200d88        0     1                 .L0 
80200d88 80200d88        0     1                 .L0 
80200d8a 80200d8a        0     1                 .L0 
80200d8a 80200d8a        0     1                 .L0 
80200d8c 80200d8c        0     1                 .L0 
80200d90 80200d90        0     1                 .L0 
80200d90 80200d90        0     1                 .L0 
80200d92 80200d92        0     1                 .L0 
80200d9a 80200d9a        0     1                 .L0 
80200da6 80200da6        0     1                 .L0 
80200daa 80200daa        0     1                 .L0 
80200dae 80200dae        0     1                 .L0 
80200dae 80200dae        0     1                 .L0 
80200db6 80200db6        0     1                 .L0 
80200db6 80200db6        0     1                 .L0 
80200db8 80200db8        0     1                 .L0 
80200db8 80200db8        0     1                 .L0 
80200dc0 80200dc0        0     1                 .L0 
80200dc0 80200dc0        0     1                 .L0 
80200dc6 80200dc6        0     1                 .L0 
80200dca 80200dca        0     1                 .L0 
80200de0 80200de0        0     1                 .L0 
80200de2 80200de2        0     1                 .L0 
80200de2 80200de2        0     1                 .L0 
80200dec 80200dec        0     1                 .L0 
80200dec 80200dec        0     1                 .L0 
80200df4 80200df4        0     1                 .L0 
80200df4 80200df4        0     1                 .L0 
80200df6 80200df6        0     1                 .L0 
80200df6 80200df6        0     1                 .L0 
80200df6 80200df6        0     1                 .L0 
80200e06 80200e06        0     1                 .L0 
80200e0a 80200e0a        0     1                 .L0 
80200e0a 80200e0a        0     1                 .L0 
80200e0a 80200e0a        0     1                 .L0 
80200e0a 80200e0a        0     1                 .L0 
80200e0a 80200e0a        0     1                 .L0 
80200e0a 80200e0a       10     1                 delay
80200e12 80200e12        0     1                 .L0 
80200e14 80200e14        0     1                 .L0 
80200e16 80200e16        0     1                 .L0 
80200e16 80200e16        0     1                 .L0 
80200e18 80200e18        0     1                 .L0 
80200e18 80200e18        0     1                 .L0 
80200e1a 80200e1a        0     1                 .L0 
80200e1a 80200e1a        0     1                 .L0 
80200e1a 80200e1a        0     1                 .L0 
80200e1a 80200e1a       3c     1                 proc_a_entry
80200e20 80200e20        0     1                 .L0 
80200e2a 80200e2a        0     1                 .L0 
80200e2a 80200e2a        0     1                 .L0 
80200e32 80200e32        0     1                 .L0 
80200e32 80200e32        0     1                 .L0 
80200e32 80200e32        0     1                 .L0 
80200e48 80200e48        0     1                 .L0 
80200e48 80200e48        0     1                 .L0 
80200e4c 80200e4c        0     1                 .L0 
80200e4c 80200e4c        0     1                 .L0 
80200e4e 80200e4e        0     1                 .L0 
80200e50 80200e50        0     1                 .L0 
80200e52 80200e52        0     1                 .L0 
80200e52 80200e52        0     1                 .L0 
80200e56 80200e56        0     1                 .L0 
80200e56 80200e56        0     1                 .L0 
80200e56 80200e56        0     1                 .L0 
80200e56 80200e56        0     1                 .L0 
80200e56 80200e56        0     1                 .L0 
80200e56 80200e56       3c     1                 proc_b_entry
80200e5c 80200e5c        0     1                 .L0 
80200e66 80200e66        0     1                 .L0 
80200e66 80200e66        0     1                 .L0 
80200e6e 80200e6e        0     1                 .L0 
80200e6e 80200e6e        0     1                 .L0 
80200e6e 80200e6e        0     1                 .L0 
80200e84 80200e84        0     1                 .L0 
80200e84 80200e84        0     1                 .L0 
80200e88 80200e88        0     1                 .L0 
80200e88 80200e88        0     1                 .L0 
80200e8a 80200e8a        0     1                 .L0 
80200e8c 80200e8c        0     1                 .L0 
80200e8e 80200e8e        0     1                 .L0 
80200e8e 80200e8e        0     1                 .L0 
80200e92 80200e92        0     1                 .L0 
80200e92 80200e92        0     1                 .L0 
80200e92 80200e92        0     1                 .L0 
80200e92 80200e92        0     1                 .L0 
80200e92 80200e92        0     1                 .L0 
80200e92 80200e92      156     1                 kernel_main
80200eaa 80200eaa        0     1                 .L0 
80200ec0 80200ec0        0     1                 .L0 
80200ec0 80200ec0        0     1                 .L0 
80200ec8 80200ec8        0     1                 .L0 
80200ecc 80200ecc        0     1                 .L0 
80200ecc 80200ecc        0     1                 .L0 
80200ece 80200ece        0     1                 .L0 
80200ece 80200ece        0     1                 .L0 
80200ed6 80200ed6        0     1                 .L0 
80200ed6 80200ed6        0     1                 .L0 
80200eda 80200eda        0     1                 .L0 
80200ede 80200ede        0     1                 .L0 
80200ee2 80200ee2        0     1                 .L0 
80200ee6 80200ee6        0     1                 .L0 
80200ef8 80200ef8        0     1                 .L0 
80200ef8 80200ef8        0     1                 .L0 
80200f0c 80200f0c        0     1                 .L0 
80200f0c 80200f0c        0     1                 .L0 
80200f14 80200f14        0     1                 .L0 
80200f14 80200f14        0     1                 .L0 
80200f16 80200f16        0     1                 .L0 
80200f18 80200f18        0     1                 .L0 
80200f20 80200f20        0     1                 .L0 
80200f24 80200f24        0     1                 .L0 
80200f28 80200f28        0     1                 .L0 
80200f3e 80200f3e        0     1                 .L0 
80200f40 80200f40        0     1                 .L0 
80200f40 80200f40        0     1                 .L0 
80200f48 80200f48        0     1                 .L0 
80200f48 80200f48        0     1                 .L0 
80200f4c 80200f4c        0     1                 .L0 
80200f4c 80200f4c        0     1                 .L0 
80200f4e 80200f4e        0     1                 .L0 
80200f54 80200f54        0     1                 .L0 
80200f58 80200f58        0     1                 .L0 
80200f58 80200f58        0     1                 .L0 
80200f6e 80200f6e        0     1                 .L0 
80200f70 80200f70        0     1                 .L0 
80200f70 80200f70        0     1                 .L0 
80200f78 80200f78        0     1                 .L0 
80200f78 80200f78        0     1                 .L0 
80200f84 80200f84        0     1                 .L0 
80200f84 80200f84        0     1                 .L0 
80200f90 80200f90        0     1                 .L0 
80200f90 80200f90        0     1                 .L0 
80200f98 80200f98        0     1                 .L0 
80200f98 80200f98        0     1                 .L0 
80200fa4 80200fa4        0     1                 .L0 
80200fa4 80200fa4        0     1                 .L0 
80200fb0 80200fb0        0     1                 .L0 
80200fb0 80200fb0        0     1                 .L0 
80200fb8 80200fb8        0     1                 .L0 
80200fb8 80200fb8        0     1                 .L0 
80200fcc 80200fcc        0     1                 .L0 
80200fcc 80200fcc        0     1                 .L0 
80200fd0 80200fd0        0     1                 .L0 
80200fd0 80200fd0        0     1                 .L0 
80200fe6 80200fe6        0     1                 .L0 
80200fe8 80200fe8        0     1                 .L0 
80200fe8 80200fe8        0     1                 .L0 
80200fe8 80200fe8      26e     2         /var/folders/hw/r5t5ryts3r7fw374z_3h5bmw0000gp/T/common-320a4b.o:(.text)
80200fe8 80200fe8        0     1                 .L0 
80200fe8 80200fe8        0     1                 .L0 
80200fe8 80200fe8        0     1                 $x
80200fe8 80200fe8        0     1                 .L0 
80200fe8 80200fe8      1c2     1                 printf
80201004 80201004        0     1                 .L0 
8020102e 8020102e        0     1                 .L0 
8020103e 8020103e        0     1                 .L0 
8020103e 8020103e        0     1                 .L0 
80201042 80201042        0     1                 .L0 
80201042 80201042        0     1                 .L0 
80201044 80201044        0     1                 .L0 
80201048 80201048        0     1                 .L0 
80201050 80201050        0     1                 .L0 
80201050 80201050        0     1                 .L0 
80201054 80201054        0     1                 .L0 
80201054 80201054        0     1                 .L0 
80201056 80201056        0     1                 .L0 
80201058 80201058        0     1                 .L0 
80201058 80201058        0     1                 .L0 
8020105e 8020105e        0     1                 .L0 
8020106e 8020106e        0     1                 .L0 
8020106e 8020106e        0     1                 .L0 
8020107a 8020107a        0     1                 .L0 
8020107a 8020107a        0     1                 .L0 
8020107e 8020107e        0     1                 .L0 
8020107e 8020107e        0     1                 .L0 
80201080 80201080        0     1                 .L0 
80201086 80201086        0     1                 .L0 
80201086 80201086        0     1                 .L0 
8020108e 8020108e        0     1                 .L0 
8020108e 8020108e        0     1                 .L0 
80201098 80201098        0     1                 .L0 
80201098 80201098        0     1                 .L0 
8020109c 8020109c        0     1                 .L0 
8020109c 8020109c        0     1                 .L0 
8020109e 8020109e        0     1                 .L0 
802010a2 802010a2        0     1                 .L0 
802010a6 802010a6        0     1                 .L0 
802010a6 802010a6        0     1                 .L0 
802010ac 802010ac        0     1                 .L0 
802010ac 802010ac        0     1                 .L0 
802010ae 802010ae        0     1                 .L0 
802010b2 802010b2        0     1                 .L0 
802010b6 802010b6        0     1                 .L0 
802010b6 802010b6        0     1                 .L0 
802010bc 802010bc        0     1                 .L0 
802010bc 802010bc        0     1                 .L0 
802010be 802010be        0     1                 .L0 
802010c2 802010c2        0     1                 .L0 
802010c6 802010c6        0     1                 .L0 
802010c6 802010c6        0     1                 .L0 
802010cc 802010cc        0     1                 .L0 
802010cc 802010cc        0     1                 .L0 
802010ce 802010ce        0     1                 .L0 
802010d2 802010d2        0     1                 .L0 
802010d6 802010d6        0     1                 .L0 
802010d6 802010d6        0     1                 .L0 
802010dc 802010dc        0     1                 .L0 
802010dc 802010dc        0     1                 .L0 
802010de 802010de        0     1                 .L0 
802010e2 802010e2        0     1                 .L0 
802010e6 802010e6        0     1                 .L0 
802010e6 802010e6        0     1                 .L0 
802010ec 802010ec        0     1                 .L0 
802010ec 802010ec        0     1                 .L0 
802010ee 802010ee        0     1                 .L0 
802010f2 802010f2        0     1                 .L0 
802010f6 802010f6        0     1                 .L0 
802010f6 802010f6        0     1                 .L0 
802010fc 802010fc        0     1                 .L0 
802010fc 802010fc        0     1                 .L0 
802010fe 802010fe        0     1                 .L0 
80201102 80201102        0     1                 .L0 
80201106 80201106        0     1                 .L0 
80201106 80201106        0     1                 .L0 
80201108 80201108        0     1                 .L0 
80201108 80201108        0     1                 .L0 
8020110a 8020110a        0     1                 .L0 
8020110e 8020110e        0     1                 .L0 
8020110e 8020110e        0     1                 .L0 
80201112 80201112        0     1                 .L0 
80201112 80201112        0     1                 .L0 
80201114 80201114        0     1                 .L0 
80201116 80201116        0     1                 .L0 
80201116 80201116        0     1                 .L0 
80201116 80201116        0     1                 .L0 
80201120 80201120        0     1                 .L0 
80201124 80201124        0     1                 .L0 
8020112a 8020112a        0     1                 .L0 
8020112a 8020112a        0     1                 .L0 
8020112a 8020112a        0     1                 .L0 
80201132 80201132        0     1                 .L0 
80201132 80201132        0     1                 .L0 
80201136 80201136        0     1                 .L0 
80201138 80201138        0     1                 .L0 
8020113c 8020113c        0     1                 .L0 
8020113c 8020113c        0     1                 .L0 
8020113c 8020113c        0     1                 .L0 
80201144 80201144        0     1                 .L0 
80201144 80201144        0     1                 .L0 
80201148 80201148        0     1                 .L0 
8020114a 8020114a        0     1                 .L0 
8020114e 8020114e        0     1                 .L0 
8020114e 8020114e        0     1                 .L0 
8020114e 8020114e        0     1                 .L0 
80201154 80201154        0     1                 .L0 
80201156 80201156        0     1                 .L0 
8020115a 8020115a        0     1                 .L0 
8020115e 8020115e        0     1                 .L0 
8020115e 8020115e        0     1                 .L0 
8020115e 8020115e        0     1                 .L0 
80201160 80201160        0     1                 .L0 
80201160 80201160        0     1                 .L0 
80201164 80201164        0     1                 .L0 
80201168 80201168        0     1                 .L0 
80201170 80201170        0     1                 .L0 
80201170 80201170        0     1                 .L0 
8020117e 8020117e        0     1                 .L0 
8020117e 8020117e        0     1                 .L0 
80201184 80201184        0     1                 .L0 
80201184 80201184        0     1                 .L0 
80201184 80201184        0     1                 .L0 
8020118c 8020118c        0     1                 .L0 
8020118c 8020118c        0     1                 .L0 
8020118c 8020118c        0     1                 .L0 
80201190 80201190        0     1                 .L0 
802011a6 802011a6        0     1                 .L0 
802011aa 802011aa        0     1                 .L0 
802011aa 802011aa        0     1                 .L0 
802011aa 802011aa        0     1                 .L0 
802011aa 802011aa        0     1                 .L0 
802011aa 802011aa        0     1                 .L0 
802011aa 802011aa       1c     1                 memcpy
802011ae 802011ae        0     1                 .L0 
802011ae 802011ae        0     1                 .L0 
802011b0 802011b0        0     1                 .L0 
802011ba 802011ba        0     1                 .L0 
802011c0 802011c0        0     1                 .L0 
802011c0 802011c0        0     1                 .L0 
802011c4 802011c4        0     1                 .L0 
802011c4 802011c4        0     1                 .L0 
802011c6 802011c6        0     1                 .L0 
802011c6 802011c6        0     1                 .L0 
802011c6 802011c6        0     1                 .L0 
802011c6 802011c6       16     1                 memset
802011ca 802011ca        0     1                 .L0 
802011ca 802011ca        0     1                 .L0 
802011cc 802011cc        0     1                 .L0 
802011d0 802011d0        0     1                 .L0 
802011d6 802011d6        0     1                 .L0 
802011d6 802011d6        0     1                 .L0 
802011da 802011da        0     1                 .L0 
802011da 802011da        0     1                 .L0 
802011dc 802011dc        0     1                 .L0 
802011dc 802011dc        0     1                 .L0 
802011dc 802011dc        0     1                 .L0 
802011dc 802011dc       24     1                 strcpy
802011e2 802011e2        0     1                 .L0 
802011e6 802011e6        0     1                 .L0 
802011e6 802011e6        0     1                 .L0 
802011e8 802011e8        0     1                 .L0 
802011f4 802011f4        0     1                 .L0 
802011f6 802011f6        0     1                 .L0 
802011f8 802011f8        0     1                 .L0 
802011fa 802011fa        0     1                 .L0 
802011fa 802011fa        0     1                 .L0 
802011fe 802011fe        0     1                 .L0 
80201200 80201200        0     1                 .L0 
80201200 80201200        0     1                 .L0 
80201200 80201200        0     1                 .L0 
80201200 80201200       24     1                 strcmp
80201204 80201204        0     1                 .L0 
80201206 80201206        0     1                 .L0 
80201208 80201208        0     1                 .L0 
8020120c 8020120c        0     1                 .L0 
80201210 80201210        0     1                 .L0 
80201210 80201210        0     1                 .L0 
80201216 80201216        0     1                 .L0 
80201218 80201218        0     1                 .L0 
8020121a 8020121a        0     1                 .L0 
80201222 80201222        0     1                 .L0 
80201224 80201224        0     1                 .L0 
80201224 80201224        0     1                 .L0 
80201224 80201224        0     1                 .L0 
80201224 80201224        a     1                 srand
8020122c 8020122c        0     1                 .L0 
8020122e 8020122e        0     1                 .L0 
8020122e 8020122e        0     1                 .L0 
8020122e 8020122e        0     1                 .L0 
8020122e 8020122e        0     1                 .L0 
8020122e 8020122e        0     1                 .L0 
8020122e 8020122e       28     1                 rand
8020123e 8020123e        0     1                 .L0 
80201248 80201248        0     1                 .L0 
8020124a 8020124a        0     1                 .L0 
80201250 80201250        0     1                 .L0 
80201254 80201254        0     1                 .L0 
80201256 80201256        0     1                 .L0 
80201256 80201256        0     1                 .L0 
80201258 80201258      328     4 .rodata
80201258 80201258      328     1         <internal>:(.rodata.str1.1)
80201580 80201580    10558     4 .data
80201580 80201580        4     4         /var/folders/hw/r5t5ryts3r7fw374z_3h5bmw0000gp/T/kernel-f2913f.o:(.data)
80201580 80201580        4     1                 alloc_pages.next_paddr
80201580 80201580        0     1                 $d
80201584 80201584        4     4         /var/folders/hw/r5t5ryts3r7fw374z_3h5bmw0000gp/T/common-320a4b.o:(.data)
80201584 80201584        4     1                 next
80201584 80201584        0     1                 $d
80201588 80201588    10550     1         shell.bin.o:(.data)
80201588 80201588        0     1                 _binary_shell_bin_start
80211ad8 80211ad8        0     1                 _binary_shell_bin_end
80211ad8 80211ad8    121e8     8 .bss
80211ad8 80211ad8        0     1         __bss = .
80211ad8 80211ad8    121e8     8         /var/folders/hw/r5t5ryts3r7fw374z_3h5bmw0000gp/T/kernel-f2913f.o:(.bss)
80211ad8 80211ad8        0     1                 $d
80211ad8 80211ad8    10080     1                 procs
80221b58 80221b58      140     1                 root_dir
80221c98 80221c98     2000     1                 fat
80223c98 80223c98        4     1                 proc_a
80223c9c 80223c9c        4     1                 proc_b
80223ca0 80223ca0       20     1                 .L_MergedGlobals
80223ca0 80223ca0        4     1                 idle_proc
80223ca4 80223ca4        4     1                 current_proc
80223ca8 80223ca8        4     1                 blk_request_vq
80223cac 80223cac        4     1                 blk_req_paddr
80223cb0 80223cb0        4     1                 blk_req
80223cb8 80223cb8        8     1                 blk_capacity
80223cc0 80223cc0        0     1         __bss_end = .
80223cc0 80223cc0        0     1 . = ALIGN(4)
80223cc0 80223cc0    20000     1 . += 128 * 1024
80243cc0 80243cc0        0     1 __stack_top = .
80243cc0 80243cc0      340     1 . = ALIGN(4096)
80244000 80244000        0     1 __free_ram = .
80244000 80244000  4000000     1 . += 64 * 1024 * 1024
84244000 84244000        0     1 __free_ram_end = .
       0        0      c9f     1 .debug_loclists
       0        0      abe     1         /var/folders/hw/r5t5ryts3r7fw374z_3h5bmw0000gp/T/kernel-f2913f.o:(.debug_loclists)
       0        0        0     1                 $d
       c        c        0     1                 .L0 
     abe      abe      1e1     1         /var/folders/hw/r5t5ryts3r7fw374z_3h5bmw0000gp/T/common-320a4b.o:(.debug_loclists)
     abe      abe        0     1                 $d
     aca      aca        0     1                 .L0 
       0        0      4e1     1 .debug_abbrev
       0        0      38a     1         /var/folders/hw/r5t5ryts3r7fw374z_3h5bmw0000gp/T/kernel-f2913f.o:(.debug_abbrev)
       0        0        0     1                 $d
     38a      38a      157     1         /var/folders/hw/r5t5ryts3r7fw374z_3h5bmw0000gp/T/common-320a4b.o:(.debug_abbrev)
     38a      38a        0     1                 $d
       0        0     1a1d     1 .debug_info
       0        0     17aa     1         /var/folders/hw/r5t5ryts3r7fw374z_3h5bmw0000gp/T/kernel-f2913f.o:(.debug_info)
       0        0        0     1                 $d
    17aa     17aa      273     1         /var/folders/hw/r5t5ryts3r7fw374z_3h5bmw0000gp/T/common-320a4b.o:(.debug_info)
    17aa     17aa        0     1                 $d
       0        0      131     1 .debug_rnglists
       0        0      116     1         /var/folders/hw/r5t5ryts3r7fw374z_3h5bmw0000gp/T/kernel-f2913f.o:(.debug_rnglists)
       0        0        0     1                 $d
       c        c        0     1                 .L0 
     116      116       1b     1         /var/folders/hw/r5t5ryts3r7fw374z_3h5bmw0000gp/T/common-320a4b.o:(.debug_rnglists)
     116      116        0     1                 $d
     122      122        0     1                 .L0 
       0        0      398     1 .debug_str_offsets
       0        0      2ec     1         /var/folders/hw/r5t5ryts3r7fw374z_3h5bmw0000gp/T/kernel-f2913f.o:(.debug_str_offsets)
       0        0        0     1                 $d
       8        8        0     1                 .L0 
     2ec      2ec       ac     1         /var/folders/hw/r5t5ryts3r7fw374z_3h5bmw0000gp/T/common-320a4b.o:(.debug_str_offsets)
     2ec      2ec        0     1                 $d
     2f4      2f4        0     1                 .L0 
       0        0      659     1 .debug_str
       0        0      659     1         <internal>:(.debug_str)
       0        0      330     1 .debug_addr
       0        0      2c4     1         /var/folders/hw/r5t5ryts3r7fw374z_3h5bmw0000gp/T/kernel-f2913f.o:(.debug_addr)
       0        0        0     1                 $d
       8        8        0     1                 .L0 
     2c4      2c4       6c     1         /var/folders/hw/r5t5ryts3r7fw374z_3h5bmw0000gp/T/common-320a4b.o:(.debug_addr)
     2c4      2c4        0     1                 $d
     2cc      2cc        0     1                 .L0 
       0        0       3b     1 .comment
       0        0       3b     1         <internal>:(.comment)
       0        0       4e     1 .riscv.attributes
       0        0       4e     1         <internal>:(.riscv.attributes)
       0        0      414     4 .debug_frame
       0        0      35c     4         /var/folders/hw/r5t5ryts3r7fw374z_3h5bmw0000gp/T/kernel-f2913f.o:(.debug_frame)
       0        0        0     1                 .L0 
       0        0        0     1                 $d
     35c      35c       b8     4         /var/folders/hw/r5t5ryts3r7fw374z_3h5bmw0000gp/T/common-320a4b.o:(.debug_frame)
     35c      35c        0     1                 .L0 
     35c      35c        0     1                 $d
       0        0     12ff     1 .debug_line
       0        0      fb6     1         /var/folders/hw/r5t5ryts3r7fw374z_3h5bmw0000gp/T/kernel-f2913f.o:(.debug_line)
       0        0        0     1                 .Lline_table_start0
       0        0        0     1                 $d
     fb6      fb6      349     1         /var/folders/hw/r5t5ryts3r7fw374z_3h5bmw0000gp/T/common-320a4b.o:(.debug_line)
     fb6      fb6        0     1                 .Lline_table_start0
     fb6      fb6        0     1                 $d
       0        0       4b     1 .debug_line_str
       0        0       4b     1         <internal>:(.debug_line_str)
       0        0      5f0     4 .symtab
       0        0      5f0     4         <internal>:(.symtab)
       0        0       dc     1 .shstrtab
       0        0       dc     1         <internal>:(.shstrtab)
       0        0      346     1 .strtab
       0        0      346     1         <internal>:(.strtab)
