     VMA      LMA     Size Align Out     In      Symbol
       0        0 80200000     1 . = 0x80200000
80200000        0        0     1 __kernel_base = .
80200000 80200000     11a4     4 .text
80200000 80200000        e     2         /var/folders/hw/r5t5ryts3r7fw374z_3h5bmw0000gp/T/kernel-6abdb6.o:(.text.boot)
80200000 80200000        0     1                 .L0 
80200000 80200000        0     1                 .L0 
80200000 80200000        0     1                 $x
80200000 80200000        0     1                 .L0 
80200000 80200000        e     1                 boot
8020000e 8020000e        0     1                 .L0 
8020000e 8020000e        0     1                 .L0 
80200010 80200010      ba8     4         /var/folders/hw/r5t5ryts3r7fw374z_3h5bmw0000gp/T/kernel-6abdb6.o:(.text)
80200010 80200010        0     1                 .L0 
80200010 80200010        0     1                 .L0 
80200010 80200010        0     1                 $x
80200010 80200010        0     1                 .L0 
80200010 80200010       50     1                 alloc_pages
80200016 80200016        0     1                 .L0 
80200016 80200016        0     1                 .L0 
8020001e 8020001e        0     1                 .L0 
8020001e 8020001e        0     1                 .L0 
80200022 80200022        0     1                 .L0 
80200026 80200026        0     1                 .L0 
80200026 80200026        0     1                 .L0 
8020002e 8020002e        0     1                 .L0 
80200032 80200032        0     1                 .L0 
80200036 80200036        0     1                 .L0 
8020004c 8020004c        0     1                 .L0 
8020004e 8020004e        0     1                 .L0 
8020004e 8020004e        0     1                 .L0 
80200056 80200056        0     1                 .L0 
80200056 80200056        0     1                 .L0 
80200058 80200058        0     1                 .L0 
8020005c 8020005c        0     1                 .L0 
8020005c 8020005c        0     1                 .L0 
80200060 80200060        0     1                 .L0 
80200060 80200060        0     1                 .L0 
80200060 80200060        0     1                 .L0 
80200060 80200060        0     1                 .L0 
80200060 80200060        0     1                 .L0 
80200060 80200060       de     1                 map_page
8020006e 8020006e        0     1                 .L0 
80200070 80200070        0     1                 .L0 
80200070 80200070        0     1                 .L0 
80200074 80200074        0     1                 .L0 
80200078 80200078        0     1                 .L0 
80200088 80200088        0     1                 .L0 
8020008a 8020008a        0     1                 .L0 
8020008e 8020008e        0     1                 .L0 
80200090 80200090        0     1                 .L0 
80200090 80200090        0     1                 .L0 
80200090 80200090        0     1                 .L0 
80200096 80200096        0     1                 .L0 
80200098 80200098        0     1                 .L0 
8020009c 8020009c        0     1                 .L0 
802000aa 802000aa        0     1                 .L0 
802000ae 802000ae        0     1                 .L0 
802000b2 802000b2        0     1                 .L0 
802000b4 802000b4        0     1                 .L0 
802000b4 802000b4        0     1                 .L0 
802000b4 802000b4        0     1                 .L0 
802000c0 802000c0        0     1                 .L0 
802000c0 802000c0        0     1                 .L0 
802000c6 802000c6        0     1                 .L0 
802000c6 802000c6        0     1                 .L0 
802000ce 802000ce        0     1                 .L0 
802000ce 802000ce        0     1                 .L0 
802000d0 802000d0        0     1                 .L0 
802000d2 802000d2        0     1                 .L0 
802000da 802000da        0     1                 .L0 
802000de 802000de        0     1                 .L0 
802000e2 802000e2        0     1                 .L0 
802000f4 802000f4        0     1                 .L0 
802000f8 802000f8        0     1                 .L0 
802000fa 802000fa        0     1                 .L0 
802000fa 802000fa        0     1                 .L0 
802000fa 802000fa        0     1                 .L0 
802000fc 802000fc        0     1                 .L0 
802000fc 802000fc        0     1                 .L0 
80200104 80200104        0     1                 .L0 
80200108 80200108        0     1                 .L0 
80200108 80200108        0     1                 .L0 
8020010c 8020010c        0     1                 .L0 
80200116 80200116        0     1                 .L0 
80200116 80200116        0     1                 .L0 
8020011c 8020011c        0     1                 .L0 
80200122 80200122        0     1                 .L0 
8020012c 8020012c        0     1                 .L0 
8020012e 8020012e        0     1                 .L0 
8020013a 8020013a        0     1                 .L0 
8020013e 8020013e        0     1                 .L0 
8020013e 8020013e        0     1                 .L0 
8020013e 8020013e        0     1                 .L0 
8020013e 8020013e        0     1                 .L0 
8020013e 8020013e        0     1                 .L0 
8020013e 8020013e       14     1                 user_entry
80200146 80200146        0     1                 .L0 
80200152 80200152        0     1                 .L0 
80200152 80200152        0     1                 .L0 
80200152 80200152        0     1                 .L0 
80200152 80200152      278     1                 create_process
8020016e 8020016e        0     1                 .L0 
80200170 80200170        0     1                 .L0 
80200170 80200170        0     1                 .L0 
8020017e 8020017e        0     1                 .L0 
8020017e 8020017e        0     1                 .L0 
80200180 80200180        0     1                 .L0 
80200180 80200180        0     1                 .L0 
80200188 80200188        0     1                 .L0 
8020018a 8020018a        0     1                 .L0 
8020018a 8020018a        0     1                 .L0 
80200192 80200192        0     1                 .L0 
80200194 80200194        0     1                 .L0 
80200194 80200194        0     1                 .L0 
8020019c 8020019c        0     1                 .L0 
8020019e 8020019e        0     1                 .L0 
8020019e 8020019e        0     1                 .L0 
802001a6 802001a6        0     1                 .L0 
802001a8 802001a8        0     1                 .L0 
802001a8 802001a8        0     1                 .L0 
802001b0 802001b0        0     1                 .L0 
802001b2 802001b2        0     1                 .L0 
802001b2 802001b2        0     1                 .L0 
802001ba 802001ba        0     1                 .L0 
802001bc 802001bc        0     1                 .L0 
802001bc 802001bc        0     1                 .L0 
802001c4 802001c4        0     1                 .L0 
802001c6 802001c6        0     1                 .L0 
802001c6 802001c6        0     1                 .L0 
802001de 802001de        0     1                 .L0 
802001e0 802001e0        0     1                 .L0 
802001e0 802001e0        0     1                 .L0 
802001e0 802001e0        0     1                 .L0 
802001e4 802001e4        0     1                 .L0 
802001e4 802001e4        0     1                 .L0 
802001ea 802001ea        0     1                 .L0 
802001ec 802001ec        0     1                 .L0 
802001ec 802001ec        0     1                 .L0 
802001ec 802001ec        0     1                 .L0 
802001f4 802001f4        0     1                 .L0 
802001f6 802001f6        0     1                 .L0 
802001f6 802001f6        0     1                 .L0 
802001f6 802001f6        0     1                 .L0 
802001fe 802001fe        0     1                 .L0 
80200200 80200200        0     1                 .L0 
80200200 80200200        0     1                 .L0 
80200200 80200200        0     1                 .L0 
80200208 80200208        0     1                 .L0 
8020020a 8020020a        0     1                 .L0 
8020020a 8020020a        0     1                 .L0 
8020020a 8020020a        0     1                 .L0 
80200212 80200212        0     1                 .L0 
80200214 80200214        0     1                 .L0 
80200214 80200214        0     1                 .L0 
80200214 80200214        0     1                 .L0 
8020021c 8020021c        0     1                 .L0 
8020021e 8020021e        0     1                 .L0 
8020021e 8020021e        0     1                 .L0 
8020021e 8020021e        0     1                 .L0 
80200226 80200226        0     1                 .L0 
80200226 80200226        0     1                 .L0 
8020022e 8020022e        0     1                 .L0 
8020022e 8020022e        0     1                 .L0 
80200230 80200230        0     1                 .L0 
80200230 80200230        0     1                 .L0 
8020023a 8020023a        0     1                 .L0 
8020023a 8020023a        0     1                 .L0 
80200240 80200240        0     1                 .L0 
8020024c 8020024c        0     1                 .L0 
8020024c 8020024c        0     1                 .L0 
8020024e 8020024e        0     1                 .L0 
80200252 80200252        0     1                 .L0 
80200256 80200256        0     1                 .L0 
8020025a 8020025a        0     1                 .L0 
8020025e 8020025e        0     1                 .L0 
80200262 80200262        0     1                 .L0 
80200266 80200266        0     1                 .L0 
8020026a 8020026a        0     1                 .L0 
8020026e 8020026e        0     1                 .L0 
80200272 80200272        0     1                 .L0 
8020027a 8020027a        0     1                 .L0 
8020027e 8020027e        0     1                 .L0 
80200282 80200282        0     1                 .L0 
80200282 80200282        0     1                 .L0 
80200286 80200286        0     1                 .L0 
80200286 80200286        0     1                 .L0 
8020029c 8020029c        0     1                 .L0 
8020029e 8020029e        0     1                 .L0 
8020029e 8020029e        0     1                 .L0 
802002a0 802002a0        0     1                 .L0 
802002ac 802002ac        0     1                 .L0 
802002ac 802002ac        0     1                 .L0 
802002b4 802002b4        0     1                 .L0 
802002b4 802002b4        0     1                 .L0 
802002b8 802002b8        0     1                 .L0 
802002b8 802002b8        0     1                 .L0 
802002b8 802002b8        0     1                 .L0 
802002c2 802002c2        0     1                 .L0 
802002c2 802002c2        0     1                 .L0 
802002c4 802002c4        0     1                 .L0 
802002c8 802002c8        0     1                 .L0 
802002c8 802002c8        0     1                 .L0 
802002c8 802002c8        0     1                 .L0 
802002cc 802002cc        0     1                 .L0 
802002d2 802002d2        0     1                 .L0 
802002d2 802002d2        0     1                 .L0 
802002da 802002da        0     1                 .L0 
802002da 802002da        0     1                 .L0 
802002dc 802002dc        0     1                 .L0 
802002e2 802002e2        0     1                 .L0 
802002e6 802002e6        0     1                 .L0 
802002fc 802002fc        0     1                 .L0 
802002fe 802002fe        0     1                 .L0 
802002fe 802002fe        0     1                 .L0 
80200308 80200308        0     1                 .L0 
80200308 80200308        0     1                 .L0 
8020030a 8020030a        0     1                 .L0 
80200314 80200314        0     1                 .L0 
80200314 80200314        0     1                 .L0 
8020031c 8020031c        0     1                 .L0 
80200322 80200322        0     1                 .L0 
80200322 80200322        0     1                 .L0 
80200326 80200326        0     1                 .L0 
80200326 80200326        0     1                 .L0 
80200338 80200338        0     1                 .L0 
80200338 80200338        0     1                 .L0 
8020033a 8020033a        0     1                 .L0 
8020033a 8020033a        0     1                 .L0 
8020033c 8020033c        0     1                 .L0 
80200342 80200342        0     1                 .L0 
80200342 80200342        0     1                 .L0 
80200346 80200346        0     1                 .L0 
8020034e 8020034e        0     1                 .L0 
8020034e 8020034e        0     1                 .L0 
80200350 80200350        0     1                 .L0 
80200358 80200358        0     1                 .L0 
8020035c 8020035c        0     1                 .L0 
8020035c 8020035c        0     1                 .L0 
8020035c 8020035c        0     1                 .L0 
80200360 80200360        0     1                 .L0 
80200360 80200360        0     1                 .L0 
80200368 80200368        0     1                 .L0 
8020036c 8020036c        0     1                 .L0 
80200376 80200376        0     1                 .L0 
80200376 80200376        0     1                 .L0 
80200378 80200378        0     1                 .L0 
80200378 80200378        0     1                 .L0 
8020037c 8020037c        0     1                 .L0 
8020037c 8020037c        0     1                 .L0 
80200380 80200380        0     1                 .L0 
80200384 80200384        0     1                 .L0 
80200388 80200388        0     1                 .L0 
8020038c 8020038c        0     1                 .L0 
80200390 80200390        0     1                 .L0 
80200394 80200394        0     1                 .L0 
80200396 80200396        0     1                 .L0 
802003a2 802003a2        0     1                 .L0 
802003a4 802003a4        0     1                 .L0 
802003a6 802003a6        0     1                 .L0 
802003aa 802003aa        0     1                 .L0 
802003b0 802003b0        0     1                 .L0 
802003b4 802003b4        0     1                 .L0 
802003b4 802003b4        0     1                 .L0 
802003b4 802003b4        0     1                 .L0 
802003c8 802003c8        0     1                 .L0 
802003ca 802003ca        0     1                 .L0 
802003ca 802003ca        0     1                 .L0 
802003ca 802003ca        0     1                 .L0 
802003ca 802003ca        0     1                 .L0 
802003ca 802003ca        0     1                 .L0 
802003ca 802003ca        0     1                 .L0 
802003ca 802003ca       46     1                 switch_context
80200410 80200410        0     1                 .L0 
80200410 80200410        0     1                 .L0 
80200410 80200410        0     1                 .L0 
80200410 80200410      196     1                 yield
80200418 80200418        0     1                 .L0 
80200418 80200418        0     1                 .L0 
8020041c 8020041c        0     1                 .L0 
8020041c 8020041c        0     1                 .L0 
8020042a 8020042a        0     1                 .L0 
8020043c 8020043c        0     1                 .L0 
8020043c 8020043c        0     1                 .L0 
8020043e 8020043e        0     1                 .L0 
8020043e 8020043e        0     1                 .L0 
80200442 80200442        0     1                 .L0 
80200442 80200442        0     1                 .L0 
80200444 80200444        0     1                 .L0 
80200444 80200444        0     1                 .L0 
80200448 80200448        0     1                 .L0 
8020044a 8020044a        0     1                 .L0 
8020044e 8020044e        0     1                 .L0 
8020044e 8020044e        0     1                 .L0 
80200456 80200456        0     1                 .L0 
8020046a 8020046a        0     1                 .L0 
8020046c 8020046c        0     1                 .L0 
80200470 80200470        0     1                 .L0 
80200472 80200472        0     1                 .L0 
80200476 80200476        0     1                 .L0 
80200476 80200476        0     1                 .L0 
8020047e 8020047e        0     1                 .L0 
80200492 80200492        0     1                 .L0 
80200496 80200496        0     1                 .L0 
8020049a 8020049a        0     1                 .L0 
8020049c 8020049c        0     1                 .L0 
802004a0 802004a0        0     1                 .L0 
802004a0 802004a0        0     1                 .L0 
802004a8 802004a8        0     1                 .L0 
802004bc 802004bc        0     1                 .L0 
802004be 802004be        0     1                 .L0 
802004c2 802004c2        0     1                 .L0 
802004c4 802004c4        0     1                 .L0 
802004c8 802004c8        0     1                 .L0 
802004c8 802004c8        0     1                 .L0 
802004d0 802004d0        0     1                 .L0 
802004e4 802004e4        0     1                 .L0 
802004e8 802004e8        0     1                 .L0 
802004ec 802004ec        0     1                 .L0 
802004ee 802004ee        0     1                 .L0 
802004f2 802004f2        0     1                 .L0 
802004f2 802004f2        0     1                 .L0 
802004fa 802004fa        0     1                 .L0 
8020050e 8020050e        0     1                 .L0 
80200510 80200510        0     1                 .L0 
80200514 80200514        0     1                 .L0 
80200516 80200516        0     1                 .L0 
8020051a 8020051a        0     1                 .L0 
8020051a 8020051a        0     1                 .L0 
80200522 80200522        0     1                 .L0 
80200536 80200536        0     1                 .L0 
8020053a 8020053a        0     1                 .L0 
8020053e 8020053e        0     1                 .L0 
80200540 80200540        0     1                 .L0 
80200544 80200544        0     1                 .L0 
80200544 80200544        0     1                 .L0 
80200560 80200560        0     1                 .L0 
80200564 80200564        0     1                 .L0 
80200566 80200566        0     1                 .L0 
8020056a 8020056a        0     1                 .L0 
8020056a 8020056a        0     1                 .L0 
8020056c 8020056c        0     1                 .L0 
8020056c 8020056c        0     1                 .L0 
80200570 80200570        0     1                 .L0 
80200578 80200578        0     1                 .L0 
8020057a 8020057a        0     1                 .L0 
8020057c 8020057c        0     1                 .L0 
80200582 80200582        0     1                 .L0 
80200584 80200584        0     1                 .L0 
80200594 80200594        0     1                 .L0 
80200598 80200598        0     1                 .L0 
80200598 80200598        0     1                 .L0 
8020059a 8020059a        0     1                 .L0 
8020059a 8020059a        0     1                 .L0 
8020059e 8020059e        0     1                 .L0 
802005a2 802005a2        0     1                 .L0 
802005a2 802005a2        0     1                 .L0 
802005a4 802005a4        0     1                 .L0 
802005a4 802005a4        0     1                 .L0 
802005a6 802005a6        0     1                 .L0 
802005a6 802005a6        0     1                 .L0 
802005a6 802005a6        0     1                 .L0 
802005a6 802005a6        0     1                 .L0 
802005a6 802005a6        0     1                 .L0 
802005a6 802005a6        6     1                 sbi_call
802005aa 802005aa        0     1                 .L0 
802005aa 802005aa        0     1                 .L0 
802005ac 802005ac        0     1                 .L0 
802005ac 802005ac        0     1                 .L0 
802005ac 802005ac        0     1                 .L0 
802005ac 802005ac       14     1                 putchar
802005be 802005be        0     1                 .L0 
802005be 802005be        0     1                 .L0 
802005c0 802005c0        0     1                 .L0 
802005c0 802005c0        0     1                 .L0 
802005c0 802005c0        0     1                 .L0 
802005c0 802005c0       16     1                 getchar
802005d4 802005d4        0     1                 .L0 
802005d4 802005d4        0     1                 .L0 
802005d6 802005d6        0     1                 .L0 
802005d6 802005d6        0     1                 .L0 
802005d6 802005d6        0     1                 .L0 
802005d6 802005d6        0     1                 .L0 
802005d6 802005d6      144     1                 create_file
802005e0 802005e0        0     1                 .L0 
802005e2 802005e2        0     1                 .L0 
802005e2 802005e2        0     1                 .L0 
802005f2 802005f2        0     1                 .L0 
802005f4 802005f4        0     1                 .L0 
802005f4 802005f4        0     1                 .L0 
802005f8 802005f8        0     1                 .L0 
802005fa 802005fa        0     1                 .L0 
802005fa 802005fa        0     1                 .L0 
802005fe 802005fe        0     1                 .L0 
80200600 80200600        0     1                 .L0 
80200600 80200600        0     1                 .L0 
80200604 80200604        0     1                 .L0 
80200606 80200606        0     1                 .L0 
80200606 80200606        0     1                 .L0 
8020060a 8020060a        0     1                 .L0 
8020060c 8020060c        0     1                 .L0 
8020060c 8020060c        0     1                 .L0 
80200610 80200610        0     1                 .L0 
80200612 80200612        0     1                 .L0 
80200612 80200612        0     1                 .L0 
80200616 80200616        0     1                 .L0 
80200618 80200618        0     1                 .L0 
80200618 80200618        0     1                 .L0 
8020061c 8020061c        0     1                 .L0 
8020061e 8020061e        0     1                 .L0 
8020061e 8020061e        0     1                 .L0 
80200622 80200622        0     1                 .L0 
80200624 80200624        0     1                 .L0 
80200624 80200624        0     1                 .L0 
80200628 80200628        0     1                 .L0 
8020062a 8020062a        0     1                 .L0 
8020062a 8020062a        0     1                 .L0 
8020062e 8020062e        0     1                 .L0 
80200630 80200630        0     1                 .L0 
80200630 80200630        0     1                 .L0 
80200634 80200634        0     1                 .L0 
80200636 80200636        0     1                 .L0 
80200636 80200636        0     1                 .L0 
8020063a 8020063a        0     1                 .L0 
8020063c 8020063c        0     1                 .L0 
8020063c 8020063c        0     1                 .L0 
80200640 80200640        0     1                 .L0 
80200642 80200642        0     1                 .L0 
80200642 80200642        0     1                 .L0 
80200646 80200646        0     1                 .L0 
80200648 80200648        0     1                 .L0 
80200648 80200648        0     1                 .L0 
8020064c 8020064c        0     1                 .L0 
8020064e 8020064e        0     1                 .L0 
80200652 80200652        0     1                 .L0 
80200654 80200654        0     1                 .L0 
80200656 80200656        0     1                 .L0 
80200656 80200656        0     1                 .L0 
80200658 80200658        0     1                 .L0 
8020065a 8020065a        0     1                 .L0 
8020065a 8020065a        0     1                 .L0 
8020065c 8020065c        0     1                 .L0 
8020065e 8020065e        0     1                 .L0 
8020065e 8020065e        0     1                 .L0 
80200660 80200660        0     1                 .L0 
80200662 80200662        0     1                 .L0 
80200662 80200662        0     1                 .L0 
80200664 80200664        0     1                 .L0 
80200666 80200666        0     1                 .L0 
80200666 80200666        0     1                 .L0 
80200668 80200668        0     1                 .L0 
8020066a 8020066a        0     1                 .L0 
8020066a 8020066a        0     1                 .L0 
8020066c 8020066c        0     1                 .L0 
8020066e 8020066e        0     1                 .L0 
8020066e 8020066e        0     1                 .L0 
80200670 80200670        0     1                 .L0 
80200672 80200672        0     1                 .L0 
80200672 80200672        0     1                 .L0 
80200674 80200674        0     1                 .L0 
80200676 80200676        0     1                 .L0 
80200676 80200676        0     1                 .L0 
80200678 80200678        0     1                 .L0 
8020067a 8020067a        0     1                 .L0 
8020067a 8020067a        0     1                 .L0 
8020067c 8020067c        0     1                 .L0 
8020067e 8020067e        0     1                 .L0 
8020067e 8020067e        0     1                 .L0 
80200680 80200680        0     1                 .L0 
80200682 80200682        0     1                 .L0 
80200682 80200682        0     1                 .L0 
80200684 80200684        0     1                 .L0 
80200686 80200686        0     1                 .L0 
80200686 80200686        0     1                 .L0 
80200694 80200694        0     1                 .L0 
80200694 80200694        0     1                 .L0 
8020069a 8020069a        0     1                 .L0 
8020069c 8020069c        0     1                 .L0 
802006a2 802006a2        0     1                 .L0 
802006a2 802006a2        0     1                 .L0 
802006a2 802006a2        0     1                 .L0 
802006a4 802006a4        0     1                 .L0 
802006a6 802006a6        0     1                 .L0 
802006a6 802006a6        0     1                 .L0 
802006b0 802006b0        0     1                 .L0 
802006b4 802006b4        0     1                 .L0 
802006b8 802006b8        0     1                 .L0 
802006ba 802006ba        0     1                 .L0 
802006bc 802006bc        0     1                 .L0 
802006c0 802006c0        0     1                 .L0 
802006c0 802006c0        0     1                 .L0 
802006c8 802006c8        0     1                 .L0 
802006c8 802006c8        0     1                 .L0 
802006ca 802006ca        0     1                 .L0 
802006ca 802006ca        0     1                 .L0 
802006d2 802006d2        0     1                 .L0 
802006d2 802006d2        0     1                 .L0 
802006d4 802006d4        0     1                 .L0 
802006dc 802006dc        0     1                 .L0 
802006e0 802006e0        0     1                 .L0 
802006e4 802006e4        0     1                 .L0 
802006f8 802006f8        0     1                 .L0 
802006fa 802006fa        0     1                 .L0 
802006fa 802006fa        0     1                 .L0 
80200704 80200704        0     1                 .L0 
80200704 80200704        0     1                 .L0 
8020070c 8020070c        0     1                 .L0 
8020070c 8020070c        0     1                 .L0 
8020070e 8020070e        0     1                 .L0 
8020070e 8020070e        0     1                 .L0 
8020070e 8020070e        0     1                 .L0 
80200716 80200716        0     1                 .L0 
8020071a 8020071a        0     1                 .L0 
8020071a 8020071a        0     1                 .L0 
8020071a 8020071a        0     1                 .L0 
8020071a 8020071a        0     1                 .L0 
8020071a 8020071a        0     1                 .L0 
8020071a 8020071a       d2     1                 list_root_dir
80200722 80200722        0     1                 .L0 
80200722 80200722        0     1                 .L0 
80200722 80200722        0     1                 .L0 
8020072c 8020072c        0     1                 .L0 
8020073a 8020073a        0     1                 .L0 
8020073a 8020073a        0     1                 .L0 
8020073c 8020073c        0     1                 .L0 
80200744 80200744        0     1                 .L0 
80200744 80200744        0     1                 .L0 
80200746 80200746        0     1                 .L0 
8020074e 8020074e        0     1                 .L0 
8020074e 8020074e        0     1                 .L0 
80200750 80200750        0     1                 .L0 
80200758 80200758        0     1                 .L0 
80200758 80200758        0     1                 .L0 
8020075a 8020075a        0     1                 .L0 
80200762 80200762        0     1                 .L0 
80200762 80200762        0     1                 .L0 
80200764 80200764        0     1                 .L0 
8020076c 8020076c        0     1                 .L0 
8020076c 8020076c        0     1                 .L0 
80200770 80200770        0     1                 .L0 
80200778 80200778        0     1                 .L0 
80200778 80200778        0     1                 .L0 
8020077c 8020077c        0     1                 .L0 
80200784 80200784        0     1                 .L0 
80200784 80200784        0     1                 .L0 
80200788 80200788        0     1                 .L0 
80200790 80200790        0     1                 .L0 
80200790 80200790        0     1                 .L0 
80200794 80200794        0     1                 .L0 
8020079c 8020079c        0     1                 .L0 
8020079c 8020079c        0     1                 .L0 
802007a0 802007a0        0     1                 .L0 
802007a8 802007a8        0     1                 .L0 
802007a8 802007a8        0     1                 .L0 
802007ac 802007ac        0     1                 .L0 
802007b4 802007b4        0     1                 .L0 
802007b4 802007b4        0     1                 .L0 
802007b8 802007b8        0     1                 .L0 
802007c0 802007c0        0     1                 .L0 
802007c0 802007c0        0     1                 .L0 
802007c4 802007c4        0     1                 .L0 
802007cc 802007cc        0     1                 .L0 
802007cc 802007cc        0     1                 .L0 
802007d0 802007d0        0     1                 .L0 
802007d8 802007d8        0     1                 .L0 
802007d8 802007d8        0     1                 .L0 
802007dc 802007dc        0     1                 .L0 
802007e2 802007e2        0     1                 .L0 
802007e8 802007e8        0     1                 .L0 
802007ea 802007ea        0     1                 .L0 
802007ec 802007ec        0     1                 .L0 
802007ec 802007ec        0     1                 .L0 
802007ec 802007ec        0     1                 .L0 
802007ec 802007ec        0     1                 .L0 
802007ec 802007ec        0     1                 .L0 
802007ec 802007ec        0     1                 .L0 
802007ec 802007ec       96     1                 kernel_entry
80200882 80200882        0     1                 .L0 
80200882 80200882        0     1                 .L0 
80200882 80200882        0     1                 .L0 
80200882 80200882        0     1                 .L0 
80200882 80200882        0     1                 .L0 
80200882 80200882      11e     1                 handle_syscall
80200888 80200888        0     1                 .L0 
802008a4 802008a4        0     1                 .L0 
802008be 802008be        0     1                 .L0 
802008be 802008be        0     1                 .L0 
802008c2 802008c2        0     1                 .L0 
802008d4 802008d4        0     1                 .L0 
802008d4 802008d4        0     1                 .L0 
802008d6 802008d6        0     1                 .L0 
802008d6 802008d6        0     1                 .L0 
802008d6 802008d6        0     1                 .L0 
802008d8 802008d8        0     1                 .L0 
802008d8 802008d8        0     1                 .L0 
802008da 802008da        0     1                 .L0 
802008da 802008da        0     1                 .L0 
802008dc 802008dc        0     1                 .L0 
802008dc 802008dc        0     1                 .L0 
802008fa 802008fa        0     1                 .L0 
802008fa 802008fa        0     1                 .L0 
802008fa 802008fa        0     1                 .L0 
80200910 80200910        0     1                 .L0 
80200912 80200912        0     1                 .L0 
80200912 80200912        0     1                 .L0 
80200912 80200912        0     1                 .L0 
8020091a 8020091a        0     1                 .L0 
8020091a 8020091a        0     1                 .L0 
8020091c 8020091c        0     1                 .L0 
80200926 80200926        0     1                 .L0 
80200926 80200926        0     1                 .L0 
8020092c 8020092c        0     1                 .L0 
8020092e 8020092e        0     1                 .L0 
80200930 80200930        0     1                 .L0 
80200930 80200930        0     1                 .L0 
80200946 80200946        0     1                 .L0 
80200948 80200948        0     1                 .L0 
80200948 80200948        0     1                 .L0 
80200948 80200948        0     1                 .L0 
8020094a 8020094a        0     1                 .L0 
8020095e 8020095e        0     1                 .L0 
8020095e 8020095e        0     1                 .L0 
80200962 80200962        0     1                 .L0 
80200962 80200962        0     1                 .L0 
80200962 80200962        0     1                 .L0 
80200964 80200964        0     1                 .L0 
80200964 80200964        0     1                 .L0 
80200978 80200978        0     1                 .L0 
80200978 80200978        0     1                 .L0 
8020097c 8020097c        0     1                 .L0 
8020097c 8020097c        0     1                 .L0 
8020097c 8020097c        0     1                 .L0 
80200998 80200998        0     1                 .L0 
80200998 80200998        0     1                 .L0 
80200998 80200998        0     1                 .L0 
8020099c 8020099c        0     1                 .L0 
802009a0 802009a0        0     1                 .L0 
802009a0 802009a0        0     1                 .L0 
802009a0 802009a0        0     1                 .L0 
802009a0 802009a0        0     1                 .L0 
802009a0 802009a0        0     1                 .L0 
802009a0 802009a0       42     1                 handle_trap
802009a6 802009a6        0     1                 .L0 
802009a6 802009a6        0     1                 .L0 
802009aa 802009aa        0     1                 .L0 
802009ae 802009ae        0     1                 .L0 
802009b0 802009b0        0     1                 .L0 
802009b4 802009b4        0     1                 .L0 
802009b4 802009b4        0     1                 .L0 
802009b8 802009b8        0     1                 .L0 
802009b8 802009b8        0     1                 .L0 
802009ba 802009ba        0     1                 .L0 
802009ba 802009ba        0     1                 .L0 
802009bc 802009bc        0     1                 .L0 
802009bc 802009bc        0     1                 .L0 
802009c0 802009c0        0     1                 .L0 
802009c4 802009c4        0     1                 .L0 
802009c4 802009c4        0     1                 .L0 
802009c8 802009c8        0     1                 .L0 
802009c8 802009c8        0     1                 .L0 
802009c8 802009c8        0     1                 .L0 
802009cc 802009cc        0     1                 .L0 
802009e0 802009e0        0     1                 .L0 
802009e2 802009e2        0     1                 .L0 
802009e2 802009e2        0     1                 .L0 
802009e2 802009e2        0     1                 .L0 
802009e2 802009e2        0     1                 .L0 
802009e2 802009e2        0     1                 .L0 
802009e2 802009e2       10     1                 delay
802009ea 802009ea        0     1                 .L0 
802009ec 802009ec        0     1                 .L0 
802009ee 802009ee        0     1                 .L0 
802009ee 802009ee        0     1                 .L0 
802009f0 802009f0        0     1                 .L0 
802009f0 802009f0        0     1                 .L0 
802009f2 802009f2        0     1                 .L0 
802009f2 802009f2        0     1                 .L0 
802009f2 802009f2        0     1                 .L0 
802009f2 802009f2       3a     1                 proc_a_entry
802009f8 802009f8        0     1                 .L0 
80200a02 80200a02        0     1                 .L0 
80200a02 80200a02        0     1                 .L0 
80200a0a 80200a0a        0     1                 .L0 
80200a0a 80200a0a        0     1                 .L0 
80200a0a 80200a0a        0     1                 .L0 
80200a20 80200a20        0     1                 .L0 
80200a20 80200a20        0     1                 .L0 
80200a22 80200a22        0     1                 .L0 
80200a22 80200a22        0     1                 .L0 
80200a24 80200a24        0     1                 .L0 
80200a26 80200a26        0     1                 .L0 
80200a28 80200a28        0     1                 .L0 
80200a28 80200a28        0     1                 .L0 
80200a2c 80200a2c        0     1                 .L0 
80200a2c 80200a2c        0     1                 .L0 
80200a2c 80200a2c        0     1                 .L0 
80200a2c 80200a2c        0     1                 .L0 
80200a2c 80200a2c        0     1                 .L0 
80200a2c 80200a2c       3a     1                 proc_b_entry
80200a32 80200a32        0     1                 .L0 
80200a3c 80200a3c        0     1                 .L0 
80200a3c 80200a3c        0     1                 .L0 
80200a44 80200a44        0     1                 .L0 
80200a44 80200a44        0     1                 .L0 
80200a44 80200a44        0     1                 .L0 
80200a5a 80200a5a        0     1                 .L0 
80200a5a 80200a5a        0     1                 .L0 
80200a5c 80200a5c        0     1                 .L0 
80200a5c 80200a5c        0     1                 .L0 
80200a5e 80200a5e        0     1                 .L0 
80200a60 80200a60        0     1                 .L0 
80200a62 80200a62        0     1                 .L0 
80200a62 80200a62        0     1                 .L0 
80200a66 80200a66        0     1                 .L0 
80200a66 80200a66        0     1                 .L0 
80200a66 80200a66        0     1                 .L0 
80200a66 80200a66        0     1                 .L0 
80200a66 80200a66        0     1                 .L0 
80200a66 80200a66      152     1                 kernel_main
80200a7e 80200a7e        0     1                 .L0 
80200a94 80200a94        0     1                 .L0 
80200a94 80200a94        0     1                 .L0 
80200a9c 80200a9c        0     1                 .L0 
80200aa0 80200aa0        0     1                 .L0 
80200aa0 80200aa0        0     1                 .L0 
80200aa2 80200aa2        0     1                 .L0 
80200aa2 80200aa2        0     1                 .L0 
80200aaa 80200aaa        0     1                 .L0 
80200aaa 80200aaa        0     1                 .L0 
80200ab6 80200ab6        0     1                 .L0 
80200aba 80200aba        0     1                 .L0 
80200abc 80200abc        0     1                 .L0 
80200ace 80200ace        0     1                 .L0 
80200ace 80200ace        0     1                 .L0 
80200ae2 80200ae2        0     1                 .L0 
80200ae2 80200ae2        0     1                 .L0 
80200aea 80200aea        0     1                 .L0 
80200aea 80200aea        0     1                 .L0 
80200aec 80200aec        0     1                 .L0 
80200aee 80200aee        0     1                 .L0 
80200af6 80200af6        0     1                 .L0 
80200afa 80200afa        0     1                 .L0 
80200afe 80200afe        0     1                 .L0 
80200b12 80200b12        0     1                 .L0 
80200b14 80200b14        0     1                 .L0 
80200b14 80200b14        0     1                 .L0 
80200b1c 80200b1c        0     1                 .L0 
80200b1c 80200b1c        0     1                 .L0 
80200b20 80200b20        0     1                 .L0 
80200b20 80200b20        0     1                 .L0 
80200b22 80200b22        0     1                 .L0 
80200b28 80200b28        0     1                 .L0 
80200b2c 80200b2c        0     1                 .L0 
80200b2c 80200b2c        0     1                 .L0 
80200b40 80200b40        0     1                 .L0 
80200b42 80200b42        0     1                 .L0 
80200b42 80200b42        0     1                 .L0 
80200b4a 80200b4a        0     1                 .L0 
80200b4a 80200b4a        0     1                 .L0 
80200b56 80200b56        0     1                 .L0 
80200b56 80200b56        0     1                 .L0 
80200b62 80200b62        0     1                 .L0 
80200b62 80200b62        0     1                 .L0 
80200b6a 80200b6a        0     1                 .L0 
80200b6a 80200b6a        0     1                 .L0 
80200b76 80200b76        0     1                 .L0 
80200b76 80200b76        0     1                 .L0 
80200b82 80200b82        0     1                 .L0 
80200b82 80200b82        0     1                 .L0 
80200b8a 80200b8a        0     1                 .L0 
80200b8a 80200b8a        0     1                 .L0 
80200b9e 80200b9e        0     1                 .L0 
80200b9e 80200b9e        0     1                 .L0 
80200ba0 80200ba0        0     1                 .L0 
80200ba0 80200ba0        0     1                 .L0 
80200bb6 80200bb6        0     1                 .L0 
80200bb8 80200bb8        0     1                 .L0 
80200bb8 80200bb8        0     1                 .L0 
80200bb8 80200bb8      254     2         /var/folders/hw/r5t5ryts3r7fw374z_3h5bmw0000gp/T/common-ef3a02.o:(.text)
80200bb8 80200bb8        0     1                 .L0 
80200bb8 80200bb8        0     1                 .L0 
80200bb8 80200bb8        0     1                 $x
80200bb8 80200bb8        0     1                 .L0 
80200bb8 80200bb8      1a8     1                 printf
80200bd4 80200bd4        0     1                 .L0 
80200bfe 80200bfe        0     1                 .L0 
80200c0e 80200c0e        0     1                 .L0 
80200c0e 80200c0e        0     1                 .L0 
80200c12 80200c12        0     1                 .L0 
80200c12 80200c12        0     1                 .L0 
80200c14 80200c14        0     1                 .L0 
80200c18 80200c18        0     1                 .L0 
80200c20 80200c20        0     1                 .L0 
80200c20 80200c20        0     1                 .L0 
80200c22 80200c22        0     1                 .L0 
80200c22 80200c22        0     1                 .L0 
80200c24 80200c24        0     1                 .L0 
80200c26 80200c26        0     1                 .L0 
80200c26 80200c26        0     1                 .L0 
80200c2c 80200c2c        0     1                 .L0 
80200c3c 80200c3c        0     1                 .L0 
80200c3c 80200c3c        0     1                 .L0 
80200c48 80200c48        0     1                 .L0 
80200c48 80200c48        0     1                 .L0 
80200c4c 80200c4c        0     1                 .L0 
80200c4c 80200c4c        0     1                 .L0 
80200c4e 80200c4e        0     1                 .L0 
80200c54 80200c54        0     1                 .L0 
80200c54 80200c54        0     1                 .L0 
80200c5c 80200c5c        0     1                 .L0 
80200c5c 80200c5c        0     1                 .L0 
80200c66 80200c66        0     1                 .L0 
80200c66 80200c66        0     1                 .L0 
80200c6a 80200c6a        0     1                 .L0 
80200c6a 80200c6a        0     1                 .L0 
80200c6c 80200c6c        0     1                 .L0 
80200c70 80200c70        0     1                 .L0 
80200c72 80200c72        0     1                 .L0 
80200c72 80200c72        0     1                 .L0 
80200c78 80200c78        0     1                 .L0 
80200c78 80200c78        0     1                 .L0 
80200c7a 80200c7a        0     1                 .L0 
80200c7e 80200c7e        0     1                 .L0 
80200c80 80200c80        0     1                 .L0 
80200c80 80200c80        0     1                 .L0 
80200c86 80200c86        0     1                 .L0 
80200c86 80200c86        0     1                 .L0 
80200c88 80200c88        0     1                 .L0 
80200c8c 80200c8c        0     1                 .L0 
80200c8e 80200c8e        0     1                 .L0 
80200c8e 80200c8e        0     1                 .L0 
80200c94 80200c94        0     1                 .L0 
80200c94 80200c94        0     1                 .L0 
80200c96 80200c96        0     1                 .L0 
80200c9a 80200c9a        0     1                 .L0 
80200c9c 80200c9c        0     1                 .L0 
80200c9c 80200c9c        0     1                 .L0 
80200ca2 80200ca2        0     1                 .L0 
80200ca2 80200ca2        0     1                 .L0 
80200ca4 80200ca4        0     1                 .L0 
80200ca8 80200ca8        0     1                 .L0 
80200caa 80200caa        0     1                 .L0 
80200caa 80200caa        0     1                 .L0 
80200cb0 80200cb0        0     1                 .L0 
80200cb0 80200cb0        0     1                 .L0 
80200cb2 80200cb2        0     1                 .L0 
80200cb6 80200cb6        0     1                 .L0 
80200cb8 80200cb8        0     1                 .L0 
80200cb8 80200cb8        0     1                 .L0 
80200cbe 80200cbe        0     1                 .L0 
80200cbe 80200cbe        0     1                 .L0 
80200cc0 80200cc0        0     1                 .L0 
80200cc4 80200cc4        0     1                 .L0 
80200cc6 80200cc6        0     1                 .L0 
80200cc6 80200cc6        0     1                 .L0 
80200cc8 80200cc8        0     1                 .L0 
80200cc8 80200cc8        0     1                 .L0 
80200cca 80200cca        0     1                 .L0 
80200cce 80200cce        0     1                 .L0 
80200cce 80200cce        0     1                 .L0 
80200cd0 80200cd0        0     1                 .L0 
80200cd0 80200cd0        0     1                 .L0 
80200cd2 80200cd2        0     1                 .L0 
80200cd4 80200cd4        0     1                 .L0 
80200cd4 80200cd4        0     1                 .L0 
80200cd4 80200cd4        0     1                 .L0 
80200cde 80200cde        0     1                 .L0 
80200ce2 80200ce2        0     1                 .L0 
80200ce8 80200ce8        0     1                 .L0 
80200ce8 80200ce8        0     1                 .L0 
80200ce8 80200ce8        0     1                 .L0 
80200cee 80200cee        0     1                 .L0 
80200cee 80200cee        0     1                 .L0 
80200cf2 80200cf2        0     1                 .L0 
80200cf4 80200cf4        0     1                 .L0 
80200cf8 80200cf8        0     1                 .L0 
80200cf8 80200cf8        0     1                 .L0 
80200cf8 80200cf8        0     1                 .L0 
80200cfe 80200cfe        0     1                 .L0 
80200cfe 80200cfe        0     1                 .L0 
80200d02 80200d02        0     1                 .L0 
80200d04 80200d04        0     1                 .L0 
80200d08 80200d08        0     1                 .L0 
80200d08 80200d08        0     1                 .L0 
80200d08 80200d08        0     1                 .L0 
80200d0e 80200d0e        0     1                 .L0 
80200d10 80200d10        0     1                 .L0 
80200d14 80200d14        0     1                 .L0 
80200d18 80200d18        0     1                 .L0 
80200d18 80200d18        0     1                 .L0 
80200d18 80200d18        0     1                 .L0 
80200d1a 80200d1a        0     1                 .L0 
80200d1a 80200d1a        0     1                 .L0 
80200d1e 80200d1e        0     1                 .L0 
80200d22 80200d22        0     1                 .L0 
80200d28 80200d28        0     1                 .L0 
80200d28 80200d28        0     1                 .L0 
80200d36 80200d36        0     1                 .L0 
80200d36 80200d36        0     1                 .L0 
80200d3c 80200d3c        0     1                 .L0 
80200d3c 80200d3c        0     1                 .L0 
80200d3c 80200d3c        0     1                 .L0 
80200d42 80200d42        0     1                 .L0 
80200d42 80200d42        0     1                 .L0 
80200d42 80200d42        0     1                 .L0 
80200d46 80200d46        0     1                 .L0 
80200d5c 80200d5c        0     1                 .L0 
80200d60 80200d60        0     1                 .L0 
80200d60 80200d60        0     1                 .L0 
80200d60 80200d60        0     1                 .L0 
80200d60 80200d60        0     1                 .L0 
80200d60 80200d60        0     1                 .L0 
80200d60 80200d60       1c     1                 memcpy
80200d64 80200d64        0     1                 .L0 
80200d64 80200d64        0     1                 .L0 
80200d66 80200d66        0     1                 .L0 
80200d70 80200d70        0     1                 .L0 
80200d76 80200d76        0     1                 .L0 
80200d76 80200d76        0     1                 .L0 
80200d7a 80200d7a        0     1                 .L0 
80200d7a 80200d7a        0     1                 .L0 
80200d7c 80200d7c        0     1                 .L0 
80200d7c 80200d7c        0     1                 .L0 
80200d7c 80200d7c        0     1                 .L0 
80200d7c 80200d7c       16     1                 memset
80200d80 80200d80        0     1                 .L0 
80200d80 80200d80        0     1                 .L0 
80200d82 80200d82        0     1                 .L0 
80200d86 80200d86        0     1                 .L0 
80200d8c 80200d8c        0     1                 .L0 
80200d8c 80200d8c        0     1                 .L0 
80200d90 80200d90        0     1                 .L0 
80200d90 80200d90        0     1                 .L0 
80200d92 80200d92        0     1                 .L0 
80200d92 80200d92        0     1                 .L0 
80200d92 80200d92        0     1                 .L0 
80200d92 80200d92       24     1                 strcpy
80200d98 80200d98        0     1                 .L0 
80200d9c 80200d9c        0     1                 .L0 
80200d9c 80200d9c        0     1                 .L0 
80200d9e 80200d9e        0     1                 .L0 
80200daa 80200daa        0     1                 .L0 
80200dac 80200dac        0     1                 .L0 
80200dae 80200dae        0     1                 .L0 
80200db0 80200db0        0     1                 .L0 
80200db0 80200db0        0     1                 .L0 
80200db4 80200db4        0     1                 .L0 
80200db6 80200db6        0     1                 .L0 
80200db6 80200db6        0     1                 .L0 
80200db6 80200db6        0     1                 .L0 
80200db6 80200db6       24     1                 strcmp
80200dba 80200dba        0     1                 .L0 
80200dbc 80200dbc        0     1                 .L0 
80200dbe 80200dbe        0     1                 .L0 
80200dc2 80200dc2        0     1                 .L0 
80200dc6 80200dc6        0     1                 .L0 
80200dc6 80200dc6        0     1                 .L0 
80200dcc 80200dcc        0     1                 .L0 
80200dce 80200dce        0     1                 .L0 
80200dd0 80200dd0        0     1                 .L0 
80200dd8 80200dd8        0     1                 .L0 
80200dda 80200dda        0     1                 .L0 
80200dda 80200dda        0     1                 .L0 
80200dda 80200dda        0     1                 .L0 
80200dda 80200dda        a     1                 srand
80200de2 80200de2        0     1                 .L0 
80200de4 80200de4        0     1                 .L0 
80200de4 80200de4        0     1                 .L0 
80200de4 80200de4        0     1                 .L0 
80200de4 80200de4        0     1                 .L0 
80200de4 80200de4        0     1                 .L0 
80200de4 80200de4       28     1                 rand
80200df4 80200df4        0     1                 .L0 
80200dfe 80200dfe        0     1                 .L0 
80200e00 80200e00        0     1                 .L0 
80200e06 80200e06        0     1                 .L0 
80200e0a 80200e0a        0     1                 .L0 
80200e0c 80200e0c        0     1                 .L0 
80200e0c 80200e0c        0     1                 .L0 
80200e0c 80200e0c      322     2         /var/folders/hw/r5t5ryts3r7fw374z_3h5bmw0000gp/T/virtio-95744a.o:(.text)
80200e0c 80200e0c        0     1                 .L0 
80200e0c 80200e0c        0     1                 .L0 
80200e0c 80200e0c        0     1                 $x
80200e0c 80200e0c        0     1                 .L0 
80200e0c 80200e0c        a     1                 virtio_reg_read32
80200e14 80200e14        0     1                 .L0 
80200e16 80200e16        0     1                 .L0 
80200e16 80200e16        0     1                 .L0 
80200e16 80200e16        0     1                 .L0 
80200e16 80200e16        c     1                 virtio_reg_read64
80200e20 80200e20        0     1                 .L0 
80200e22 80200e22        0     1                 .L0 
80200e22 80200e22        0     1                 .L0 
80200e22 80200e22        0     1                 .L0 
80200e22 80200e22        a     1                 virtio_reg_write32
80200e2a 80200e2a        0     1                 .L0 
80200e2c 80200e2c        0     1                 .L0 
80200e2c 80200e2c        0     1                 .L0 
80200e2c 80200e2c        0     1                 .L0 
80200e2c 80200e2c        e     1                 virtio_reg_fetch_and_or32
80200e36 80200e36        0     1                 .L0 
80200e38 80200e38        0     1                 .L0 
80200e3a 80200e3a        0     1                 .L0 
80200e3a 80200e3a        0     1                 .L0 
80200e3a 80200e3a        0     1                 .L0 
80200e3a 80200e3a       38     1                 virtq_init
80200e40 80200e40        0     1                 .L0 
80200e42 80200e42        0     1                 .L0 
80200e48 80200e48        0     1                 .L0 
80200e48 80200e48        0     1                 .L0 
80200e60 80200e60        0     1                 .L0 
80200e62 80200e62        0     1                 .L0 
80200e64 80200e64        0     1                 .L0 
80200e68 80200e68        0     1                 .L0 
80200e6a 80200e6a        0     1                 .L0 
80200e6e 80200e6e        0     1                 .L0 
80200e6e 80200e6e        0     1                 .L0 
80200e72 80200e72        0     1                 .L0 
80200e72 80200e72        0     1                 .L0 
80200e72 80200e72        0     1                 .L0 
80200e72 80200e72        0     1                 .L0 
80200e72 80200e72        0     1                 .L0 
80200e72 80200e72       fc     1                 virtio_blk_init
80200e7a 80200e7a        0     1                 .L0 
80200e7e 80200e7e        0     1                 .L0 
80200e88 80200e88        0     1                 .L0 
80200e8c 80200e8c        0     1                 .L0 
80200e8c 80200e8c        0     1                 .L0 
80200e90 80200e90        0     1                 .L0 
80200e94 80200e94        0     1                 .L0 
80200e94 80200e94        0     1                 .L0 
80200e98 80200e98        0     1                 .L0 
80200e9c 80200e9c        0     1                 .L0 
80200e9c 80200e9c        0     1                 .L0 
80200ea0 80200ea0        0     1                 .L0 
80200ea0 80200ea0        0     1                 .L0 
80200ea2 80200ea2        0     1                 .L0 
80200ea6 80200ea6        0     1                 .L0 
80200ea6 80200ea6        0     1                 .L0 
80200ea8 80200ea8        0     1                 .L0 
80200ea8 80200ea8        0     1                 .L0 
80200eaa 80200eaa        0     1                 .L0 
80200eae 80200eae        0     1                 .L0 
80200eae 80200eae        0     1                 .L0 
80200eb0 80200eb0        0     1                 .L0 
80200eb0 80200eb0        0     1                 .L0 
80200eb2 80200eb2        0     1                 .L0 
80200eb6 80200eb6        0     1                 .L0 
80200eb6 80200eb6        0     1                 .L0 
80200eb8 80200eb8        0     1                 .L0 
80200eb8 80200eb8        0     1                 .L0 
80200ebe 80200ebe        0     1                 .L0 
80200ebe 80200ebe        0     1                 .L0 
80200ec8 80200ec8        0     1                 .L0 
80200eca 80200eca        0     1                 .L0 
80200ece 80200ece        0     1                 .L0 
80200ed2 80200ed2        0     1                 .L0 
80200ed2 80200ed2        0     1                 .L0 
80200ed8 80200ed8        0     1                 .L0 
80200ed8 80200ed8        0     1                 .L0 
80200edc 80200edc        0     1                 .L0 
80200edc 80200edc        0     1                 .L0 
80200ede 80200ede        0     1                 .L0 
80200ede 80200ede        0     1                 .L0 
80200ee2 80200ee2        0     1                 .L0 
80200ee2 80200ee2        0     1                 .L0 
80200ee4 80200ee4        0     1                 .L0 
80200ee4 80200ee4        0     1                 .L0 
80200ee8 80200ee8        0     1                 .L0 
80200ee8 80200ee8        0     1                 .L0 
80200eea 80200eea        0     1                 .L0 
80200eea 80200eea        0     1                 .L0 
80200eee 80200eee        0     1                 .L0 
80200ef2 80200ef2        0     1                 .L0 
80200ef6 80200ef6        0     1                 .L0 
80200f02 80200f02        0     1                 .L0 
80200f06 80200f06        0     1                 .L0 
80200f10 80200f10        0     1                 .L0 
80200f10 80200f10        0     1                 .L0 
80200f16 80200f16        0     1                 .L0 
80200f16 80200f16        0     1                 .L0 
80200f1a 80200f1a        0     1                 .L0 
80200f1c 80200f1c        0     1                 .L0 
80200f22 80200f22        0     1                 .L0 
80200f26 80200f26        0     1                 .L0 
80200f26 80200f26        0     1                 .L0 
80200f3c 80200f3c        0     1                 .L0 
80200f3e 80200f3e        0     1                 .L0 
80200f3e 80200f3e        0     1                 .L0 
80200f54 80200f54        0     1                 .L0 
80200f56 80200f56        0     1                 .L0 
80200f56 80200f56        0     1                 .L0 
80200f6c 80200f6c        0     1                 .L0 
80200f6e 80200f6e        0     1                 .L0 
80200f6e 80200f6e        0     1                 .L0 
80200f6e 80200f6e        0     1                 .L0 
80200f6e 80200f6e        0     1                 .L0 
80200f6e 80200f6e        0     1                 .L0 
80200f6e 80200f6e       34     1                 virtq_kick
80200f90 80200f90        0     1                 .L0 
80200f94 80200f94        0     1                 .L0 
80200fa0 80200fa0        0     1                 .L0 
80200fa2 80200fa2        0     1                 .L0 
80200fa2 80200fa2        0     1                 .L0 
80200fa2 80200fa2        0     1                 .L0 
80200fa2 80200fa2       18     1                 virtq_is_busy
80200fa6 80200fa6        0     1                 .L0 
80200fb8 80200fb8        0     1                 .L0 
80200fba 80200fba        0     1                 .L0 
80200fba 80200fba        0     1                 .L0 
80200fba 80200fba        0     1                 .L0 
80200fba 80200fba      174     1                 read_write_disk
80200fc6 80200fc6        0     1                 .L0 
80200fc8 80200fc8        0     1                 .L0 
80200fc8 80200fc8        0     1                 .L0 
80200fd4 80200fd4        0     1                 .L0 
80200fde 80200fde        0     1                 .L0 
80200fea 80200fea        0     1                 .L0 
80200fec 80200fec        0     1                 .L0 
80201010 80201010        0     1                 .L0 
80201030 80201030        0     1                 .L0 
80201032 80201032        0     1                 .L0 
80201034 80201034        0     1                 .L0 
8020103c 8020103c        0     1                 .L0 
8020103c 8020103c        0     1                 .L0 
80201040 80201040        0     1                 .L0 
80201040 80201040        0     1                 .L0 
80201040 80201040        0     1                 .L0 
80201044 80201044        0     1                 .L0 
80201048 80201048        0     1                 .L0 
8020104c 8020104c        0     1                 .L0 
80201052 80201052        0     1                 .L0 
80201054 80201054        0     1                 .L0 
80201054 80201054        0     1                 .L0 
80201056 80201056        0     1                 .L0 
80201056 80201056        0     1                 .L0 
80201056 80201056        0     1                 .L0 
80201056 80201056        0     1                 .L0 
80201056 80201056        0     1                 .L0 
80201058 80201058        0     1                 .L0 
80201058 80201058        0     1                 .L0 
8020106c 8020106c        0     1                 .L0 
8020106c 8020106c        0     1                 .L0 
80201076 80201076        0     1                 .L0 
8020109c 8020109c        0     1                 .L0 
802010a0 802010a0        0     1                 .L0 
802010ac 802010ac        0     1                 .L0 
802010b4 802010b4        0     1                 .L0 
802010ca 802010ca        0     1                 .L0 
802010de 802010de        0     1                 .L0 
802010e2 802010e2        0     1                 .L0 
802010e6 802010e6        0     1                 .L0 
802010ec 802010ec        0     1                 .L0 
802010ee 802010ee        0     1                 .L0 
802010f0 802010f0        0     1                 .L0 
802010f8 802010f8        0     1                 .L0 
802010fc 802010fc        0     1                 .L0 
80201100 80201100        0     1                 .L0 
80201102 80201102        0     1                 .L0 
80201104 80201104        0     1                 .L0 
80201104 80201104        0     1                 .L0 
80201106 80201106        0     1                 .L0 
80201106 80201106        0     1                 .L0 
80201106 80201106        0     1                 .L0 
80201106 80201106        0     1                 .L0 
80201106 80201106        0     1                 .L0 
80201108 80201108        0     1                 .L0 
8020110c 8020110c        0     1                 .L0 
80201110 80201110        0     1                 .L0 
80201112 80201112        0     1                 .L0 
80201116 80201116        0     1                 .L0 
80201116 80201116        0     1                 .L0 
8020111a 8020111a        0     1                 .L0 
80201120 80201120        0     1                 .L0 
80201124 80201124        0     1                 .L0 
80201128 80201128        0     1                 .L0 
8020112c 8020112c        0     1                 .L0 
8020112e 8020112e        0     1                 .L0 
8020112e 8020112e        0     1                 .L0 
8020112e 8020112e        0     1                 .L0 
8020112e 8020112e       76     2         /var/folders/hw/r5t5ryts3r7fw374z_3h5bmw0000gp/T/fat16-77ce19.o:(.text)
8020112e 8020112e        0     1                 .L0 
8020112e 8020112e        0     1                 .L0 
8020112e 8020112e        0     1                 $x
8020112e 8020112e        0     1                 .L0 
8020112e 8020112e        4     1                 cluster_to_sector
80201130 80201130        0     1                 .L0 
80201132 80201132        0     1                 .L0 
80201132 80201132        0     1                 .L0 
80201132 80201132        0     1                 .L0 
80201132 80201132        c     1                 read_cluster
80201138 80201138        0     1                 .L0 
8020113c 8020113c        0     1                 .L0 
8020113e 8020113e        0     1                 .L0 
8020113e 8020113e        0     1                 .L0 
8020113e 8020113e        0     1                 .L0 
8020113e 8020113e        0     1                 .L0 
8020113e 8020113e        0     1                 .L0 
8020113e 8020113e        0     1                 .L0 
8020113e 8020113e        c     1                 write_cluster
80201142 80201142        0     1                 .L0 
80201146 80201146        0     1                 .L0 
80201148 80201148        0     1                 .L0 
8020114a 8020114a        0     1                 .L0 
8020114a 8020114a        0     1                 .L0 
8020114a 8020114a        0     1                 .L0 
8020114a 8020114a        0     1                 .L0 
8020114a 8020114a        0     1                 .L0 
8020114a 8020114a        0     1                 .L0 
8020114a 8020114a       5a     1                 copy_name_dynamic
80201154 80201154        0     1                 .L0 
80201156 80201156        0     1                 .L0 
80201158 80201158        0     1                 .L0 
8020115e 8020115e        0     1                 .L0 
80201166 80201166        0     1                 .L0 
80201168 80201168        0     1                 .L0 
8020116a 8020116a        0     1                 .L0 
80201170 80201170        0     1                 .L0 
80201172 80201172        0     1                 .L0 
80201174 80201174        0     1                 .L0 
80201176 80201176        0     1                 .L0 
80201178 80201178        0     1                 .L0 
8020117c 8020117c        0     1                 .L0 
8020117c 8020117c        0     1                 .L0 
80201184 80201184        0     1                 .L0 
80201190 80201190        0     1                 .L0 
80201194 80201194        0     1                 .L0 
802011a0 802011a0        0     1                 .L0 
802011a0 802011a0        0     1                 .L0 
802011a4 802011a4        0     1                 .L0 
802011a4 802011a4        0     1                 .L0 
802011a4 802011a4      35a     4 .rodata
802011a4 802011a4       14     4         /var/folders/hw/r5t5ryts3r7fw374z_3h5bmw0000gp/T/kernel-6abdb6.o:(.rodata)
802011a4 802011a4        0     1                 .LJTI12_0
802011a4 802011a4        0     1                 $d
802011b8 802011b8      346     1         <internal>:(.rodata.str1.1)
80201500 80201500    10598     4 .data
80201500 80201500        4     4         /var/folders/hw/r5t5ryts3r7fw374z_3h5bmw0000gp/T/kernel-6abdb6.o:(.data)
80201500 80201500        4     1                 alloc_pages.next_paddr
80201500 80201500        0     1                 $d
80201504 80201504        4     4         /var/folders/hw/r5t5ryts3r7fw374z_3h5bmw0000gp/T/common-ef3a02.o:(.data)
80201504 80201504        4     1                 next
80201504 80201504        0     1                 $d
80201508 80201508    10590     1         shell.bin.o:(.data)
80201508 80201508        0     1                 _binary_shell_bin_start
80211a98 80211a98        0     1                 _binary_shell_bin_end
80211a98 80211a98    121e8     8 .bss
80211a98 80211a98        0     1         __bss = .
80211a98 80211a98    10090     4         /var/folders/hw/r5t5ryts3r7fw374z_3h5bmw0000gp/T/kernel-6abdb6.o:(.bss)
80211a98 80211a98        0     1                 $d
80211a98 80211a98    10080     1                 procs
80221b18 80221b18        4     1                 proc_a
80221b1c 80221b1c        4     1                 proc_b
80221b20 80221b20        8     1                 .L_MergedGlobals
80221b20 80221b20        4     1                 idle_proc
80221b24 80221b24        4     1                 current_proc
80221b28 80221b28       18     8         /var/folders/hw/r5t5ryts3r7fw374z_3h5bmw0000gp/T/virtio-95744a.o:(.bss)
80221b28 80221b28       18     1                 .L_MergedGlobals
80221b28 80221b28        0     1                 $d
80221b28 80221b28        4     1                 blk_request_vq
80221b2c 80221b2c        4     1                 blk_req_paddr
80221b30 80221b30        4     1                 blk_req
80221b38 80221b38        8     1                 blk_capacity
80221b40 80221b40     2140     4         /var/folders/hw/r5t5ryts3r7fw374z_3h5bmw0000gp/T/fat16-77ce19.o:(.bss)
80221b40 80221b40        0     1                 $d
80221b40 80221b40     2000     1                 fat
80223b40 80223b40      140     1                 root_dir
80223c80 80223c80        0     1         __bss_end = .
80223c80 80223c80        0     1 . = ALIGN(4)
80223c80 80223c80    20000     1 . += 128 * 1024
80243c80 80243c80        0     1 __stack_top = .
80243c80 80243c80      380     1 . = ALIGN(4096)
80244000 80244000        0     1 __free_ram = .
80244000 80244000  4000000     1 . += 64 * 1024 * 1024
84244000 84244000        0     1 __free_ram_end = .
       0        0      c44     1 .debug_loclists
       0        0      8a9     1         /var/folders/hw/r5t5ryts3r7fw374z_3h5bmw0000gp/T/kernel-6abdb6.o:(.debug_loclists)
       0        0        0     1                 $d
       c        c        0     1                 .L0 
     8a9      8a9      1e1     1         /var/folders/hw/r5t5ryts3r7fw374z_3h5bmw0000gp/T/common-ef3a02.o:(.debug_loclists)
     8a9      8a9        0     1                 $d
     8b5      8b5        0     1                 .L0 
     a8a      a8a      12b     1         /var/folders/hw/r5t5ryts3r7fw374z_3h5bmw0000gp/T/virtio-95744a.o:(.debug_loclists)
     a8a      a8a        0     1                 $d
     a96      a96        0     1                 .L0 
     bb5      bb5       8f     1         /var/folders/hw/r5t5ryts3r7fw374z_3h5bmw0000gp/T/fat16-77ce19.o:(.debug_loclists)
     bb5      bb5        0     1                 $d
     bc1      bc1        0     1                 .L0 
       0        0      812     1 .debug_abbrev
       0        0      33d     1         /var/folders/hw/r5t5ryts3r7fw374z_3h5bmw0000gp/T/kernel-6abdb6.o:(.debug_abbrev)
       0        0        0     1                 $d
     33d      33d      157     1         /var/folders/hw/r5t5ryts3r7fw374z_3h5bmw0000gp/T/common-ef3a02.o:(.debug_abbrev)
     33d      33d        0     1                 $d
     494      494      1ff     1         /var/folders/hw/r5t5ryts3r7fw374z_3h5bmw0000gp/T/virtio-95744a.o:(.debug_abbrev)
     494      494        0     1                 $d
     693      693      17f     1         /var/folders/hw/r5t5ryts3r7fw374z_3h5bmw0000gp/T/fat16-77ce19.o:(.debug_abbrev)
     693      693        0     1                 $d
       0        0     1ab9     1 .debug_info
       0        0      ed4     1         /var/folders/hw/r5t5ryts3r7fw374z_3h5bmw0000gp/T/kernel-6abdb6.o:(.debug_info)
       0        0        0     1                 $d
     ed4      ed4      273     1         /var/folders/hw/r5t5ryts3r7fw374z_3h5bmw0000gp/T/common-ef3a02.o:(.debug_info)
     ed4      ed4        0     1                 $d
    1147     1147      76b     1         /var/folders/hw/r5t5ryts3r7fw374z_3h5bmw0000gp/T/virtio-95744a.o:(.debug_info)
    1147     1147        0     1                 $d
    18b2     18b2      207     1         /var/folders/hw/r5t5ryts3r7fw374z_3h5bmw0000gp/T/fat16-77ce19.o:(.debug_info)
    18b2     18b2        0     1                 $d
       0        0       e5     1 .debug_rnglists
       0        0       a0     1         /var/folders/hw/r5t5ryts3r7fw374z_3h5bmw0000gp/T/kernel-6abdb6.o:(.debug_rnglists)
       0        0        0     1                 $d
       c        c        0     1                 .L0 
      a0       a0       1b     1         /var/folders/hw/r5t5ryts3r7fw374z_3h5bmw0000gp/T/common-ef3a02.o:(.debug_rnglists)
      a0       a0        0     1                 $d
      ac       ac        0     1                 .L0 
      bb       bb       2a     1         /var/folders/hw/r5t5ryts3r7fw374z_3h5bmw0000gp/T/virtio-95744a.o:(.debug_rnglists)
      bb       bb        0     1                 $d
      c7       c7        0     1                 .L0 
       0        0      45c     1 .debug_str_offsets
       0        0      218     1         /var/folders/hw/r5t5ryts3r7fw374z_3h5bmw0000gp/T/kernel-6abdb6.o:(.debug_str_offsets)
       0        0        0     1                 $d
       8        8        0     1                 .L0 
     218      218       ac     1         /var/folders/hw/r5t5ryts3r7fw374z_3h5bmw0000gp/T/common-ef3a02.o:(.debug_str_offsets)
     218      218        0     1                 $d
     220      220        0     1                 .L0 
     2c4      2c4      108     1         /var/folders/hw/r5t5ryts3r7fw374z_3h5bmw0000gp/T/virtio-95744a.o:(.debug_str_offsets)
     2c4      2c4        0     1                 $d
     2cc      2cc        0     1                 .L0 
     3cc      3cc       90     1         /var/folders/hw/r5t5ryts3r7fw374z_3h5bmw0000gp/T/fat16-77ce19.o:(.debug_str_offsets)
     3cc      3cc        0     1                 $d
     3d4      3d4        0     1                 .L0 
       0        0      665     1 .debug_str
       0        0      665     1         <internal>:(.debug_str)
       0        0      378     1 .debug_addr
       0        0      208     1         /var/folders/hw/r5t5ryts3r7fw374z_3h5bmw0000gp/T/kernel-6abdb6.o:(.debug_addr)
       0        0        0     1                 $d
       8        8        0     1                 .L0 
     208      208       6c     1         /var/folders/hw/r5t5ryts3r7fw374z_3h5bmw0000gp/T/common-ef3a02.o:(.debug_addr)
     208      208        0     1                 $d
     210      210        0     1                 .L0 
     274      274       d8     1         /var/folders/hw/r5t5ryts3r7fw374z_3h5bmw0000gp/T/virtio-95744a.o:(.debug_addr)
     274      274        0     1                 $d
     27c      27c        0     1                 .L0 
     34c      34c       2c     1         /var/folders/hw/r5t5ryts3r7fw374z_3h5bmw0000gp/T/fat16-77ce19.o:(.debug_addr)
     34c      34c        0     1                 $d
     354      354        0     1                 .L0 
       0        0       3b     1 .comment
       0        0       3b     1         <internal>:(.comment)
       0        0       4e     1 .riscv.attributes
       0        0       4e     1         <internal>:(.riscv.attributes)
       0        0      444     4 .debug_frame
       0        0      214     4         /var/folders/hw/r5t5ryts3r7fw374z_3h5bmw0000gp/T/kernel-6abdb6.o:(.debug_frame)
       0        0        0     1                 .L0 
       0        0        0     1                 $d
     214      214       b8     4         /var/folders/hw/r5t5ryts3r7fw374z_3h5bmw0000gp/T/common-ef3a02.o:(.debug_frame)
     214      214        0     1                 .L0 
     214      214        0     1                 $d
     2cc      2cc      10c     4         /var/folders/hw/r5t5ryts3r7fw374z_3h5bmw0000gp/T/virtio-95744a.o:(.debug_frame)
     2cc      2cc        0     1                 .L0 
     2cc      2cc        0     1                 $d
     3d8      3d8       6c     4         /var/folders/hw/r5t5ryts3r7fw374z_3h5bmw0000gp/T/fat16-77ce19.o:(.debug_frame)
     3d8      3d8        0     1                 .L0 
     3d8      3d8        0     1                 $d
       0        0     143e     1 .debug_line
       0        0      be6     1         /var/folders/hw/r5t5ryts3r7fw374z_3h5bmw0000gp/T/kernel-6abdb6.o:(.debug_line)
       0        0        0     1                 .Lline_table_start0
       0        0        0     1                 $d
     be6      be6      349     1         /var/folders/hw/r5t5ryts3r7fw374z_3h5bmw0000gp/T/common-ef3a02.o:(.debug_line)
     be6      be6        0     1                 .Lline_table_start0
     be6      be6        0     1                 $d
     f2f      f2f      3ce     1         /var/folders/hw/r5t5ryts3r7fw374z_3h5bmw0000gp/T/virtio-95744a.o:(.debug_line)
     f2f      f2f        0     1                 .Lline_table_start0
     f2f      f2f        0     1                 $d
    12fd     12fd      141     1         /var/folders/hw/r5t5ryts3r7fw374z_3h5bmw0000gp/T/fat16-77ce19.o:(.debug_line)
    12fd     12fd        0     1                 .Lline_table_start0
    12fd     12fd        0     1                 $d
       0        0       e1     1 .debug_line_str
       0        0       e1     1         <internal>:(.debug_line_str)
       0        0      7f0     4 .symtab
       0        0      7f0     4         <internal>:(.symtab)
       0        0       dc     1 .shstrtab
       0        0       dc     1         <internal>:(.shstrtab)
       0        0      3bc     1 .strtab
       0        0      3bc     1         <internal>:(.strtab)
