     VMA      LMA     Size Align Out     In      Symbol
       0        0 80200000     1 . = 0x80200000
80200000        0        0     1 __kernel_base = .
80200000 80200000     18d2     4 .text
80200000 80200000        e     2         /var/folders/hw/r5t5ryts3r7fw374z_3h5bmw0000gp/T/kernel-fea16a.o:(.text.boot)
80200000 80200000        0     1                 .L0 
80200000 80200000        0     1                 .L0 
80200000 80200000        0     1                 $x
80200000 80200000        0     1                 .L0 
80200000 80200000        e     1                 boot
8020000e 8020000e        0     1                 .L0 
8020000e 8020000e        0     1                 .L0 
80200010 80200010      978     4         /var/folders/hw/r5t5ryts3r7fw374z_3h5bmw0000gp/T/kernel-fea16a.o:(.text)
80200010 80200010        0     1                 .L0 
80200010 80200010        0     1                 .L0 
80200010 80200010        0     1                 $x
80200010 80200010        0     1                 .L0 
80200010 80200010       50     1                 alloc_pages
80200016 80200016        0     1                 .L0 
80200016 80200016        0     1                 .L0 
8020001e 8020001e        0     1                 .L0 
8020001e 8020001e        0     1                 .L0 
80200022 80200022        0     1                 .L0 
80200026 80200026        0     1                 .L0 
80200026 80200026        0     1                 .L0 
8020002e 8020002e        0     1                 .L0 
80200032 80200032        0     1                 .L0 
80200036 80200036        0     1                 .L0 
8020004c 8020004c        0     1                 .L0 
8020004e 8020004e        0     1                 .L0 
8020004e 8020004e        0     1                 .L0 
80200056 80200056        0     1                 .L0 
80200056 80200056        0     1                 .L0 
80200058 80200058        0     1                 .L0 
8020005c 8020005c        0     1                 .L0 
8020005c 8020005c        0     1                 .L0 
80200060 80200060        0     1                 .L0 
80200060 80200060        0     1                 .L0 
80200060 80200060        0     1                 .L0 
80200060 80200060        0     1                 .L0 
80200060 80200060        0     1                 .L0 
80200060 80200060       de     1                 map_page
8020006e 8020006e        0     1                 .L0 
80200070 80200070        0     1                 .L0 
80200070 80200070        0     1                 .L0 
80200074 80200074        0     1                 .L0 
80200078 80200078        0     1                 .L0 
80200088 80200088        0     1                 .L0 
8020008a 8020008a        0     1                 .L0 
8020008e 8020008e        0     1                 .L0 
80200090 80200090        0     1                 .L0 
80200090 80200090        0     1                 .L0 
80200090 80200090        0     1                 .L0 
80200096 80200096        0     1                 .L0 
80200098 80200098        0     1                 .L0 
8020009c 8020009c        0     1                 .L0 
802000aa 802000aa        0     1                 .L0 
802000ae 802000ae        0     1                 .L0 
802000b2 802000b2        0     1                 .L0 
802000b4 802000b4        0     1                 .L0 
802000b4 802000b4        0     1                 .L0 
802000b4 802000b4        0     1                 .L0 
802000c0 802000c0        0     1                 .L0 
802000c0 802000c0        0     1                 .L0 
802000c6 802000c6        0     1                 .L0 
802000c6 802000c6        0     1                 .L0 
802000ce 802000ce        0     1                 .L0 
802000ce 802000ce        0     1                 .L0 
802000d0 802000d0        0     1                 .L0 
802000d2 802000d2        0     1                 .L0 
802000da 802000da        0     1                 .L0 
802000de 802000de        0     1                 .L0 
802000e2 802000e2        0     1                 .L0 
802000f4 802000f4        0     1                 .L0 
802000f8 802000f8        0     1                 .L0 
802000fa 802000fa        0     1                 .L0 
802000fa 802000fa        0     1                 .L0 
802000fa 802000fa        0     1                 .L0 
802000fc 802000fc        0     1                 .L0 
802000fc 802000fc        0     1                 .L0 
80200104 80200104        0     1                 .L0 
80200108 80200108        0     1                 .L0 
80200108 80200108        0     1                 .L0 
8020010c 8020010c        0     1                 .L0 
80200116 80200116        0     1                 .L0 
80200116 80200116        0     1                 .L0 
8020011c 8020011c        0     1                 .L0 
80200122 80200122        0     1                 .L0 
8020012c 8020012c        0     1                 .L0 
8020012e 8020012e        0     1                 .L0 
8020013a 8020013a        0     1                 .L0 
8020013e 8020013e        0     1                 .L0 
8020013e 8020013e        0     1                 .L0 
8020013e 8020013e        0     1                 .L0 
8020013e 8020013e        0     1                 .L0 
8020013e 8020013e        0     1                 .L0 
8020013e 8020013e       14     1                 user_entry
80200146 80200146        0     1                 .L0 
80200152 80200152        0     1                 .L0 
80200152 80200152        0     1                 .L0 
80200152 80200152        0     1                 .L0 
80200152 80200152      26e     1                 create_process
8020016e 8020016e        0     1                 .L0 
80200170 80200170        0     1                 .L0 
80200170 80200170        0     1                 .L0 
8020017e 8020017e        0     1                 .L0 
8020017e 8020017e        0     1                 .L0 
80200180 80200180        0     1                 .L0 
80200180 80200180        0     1                 .L0 
80200188 80200188        0     1                 .L0 
8020018a 8020018a        0     1                 .L0 
8020018a 8020018a        0     1                 .L0 
80200192 80200192        0     1                 .L0 
80200194 80200194        0     1                 .L0 
80200194 80200194        0     1                 .L0 
8020019c 8020019c        0     1                 .L0 
8020019e 8020019e        0     1                 .L0 
8020019e 8020019e        0     1                 .L0 
802001a6 802001a6        0     1                 .L0 
802001a8 802001a8        0     1                 .L0 
802001a8 802001a8        0     1                 .L0 
802001b0 802001b0        0     1                 .L0 
802001b2 802001b2        0     1                 .L0 
802001b2 802001b2        0     1                 .L0 
802001ba 802001ba        0     1                 .L0 
802001bc 802001bc        0     1                 .L0 
802001bc 802001bc        0     1                 .L0 
802001c4 802001c4        0     1                 .L0 
802001c6 802001c6        0     1                 .L0 
802001c6 802001c6        0     1                 .L0 
802001dc 802001dc        0     1                 .L0 
802001de 802001de        0     1                 .L0 
802001de 802001de        0     1                 .L0 
802001de 802001de        0     1                 .L0 
802001e2 802001e2        0     1                 .L0 
802001e2 802001e2        0     1                 .L0 
802001e8 802001e8        0     1                 .L0 
802001ea 802001ea        0     1                 .L0 
802001ea 802001ea        0     1                 .L0 
802001ea 802001ea        0     1                 .L0 
802001f2 802001f2        0     1                 .L0 
802001f4 802001f4        0     1                 .L0 
802001f4 802001f4        0     1                 .L0 
802001f4 802001f4        0     1                 .L0 
802001fc 802001fc        0     1                 .L0 
802001fe 802001fe        0     1                 .L0 
802001fe 802001fe        0     1                 .L0 
802001fe 802001fe        0     1                 .L0 
80200206 80200206        0     1                 .L0 
80200208 80200208        0     1                 .L0 
80200208 80200208        0     1                 .L0 
80200208 80200208        0     1                 .L0 
80200210 80200210        0     1                 .L0 
80200212 80200212        0     1                 .L0 
80200212 80200212        0     1                 .L0 
80200212 80200212        0     1                 .L0 
8020021a 8020021a        0     1                 .L0 
8020021c 8020021c        0     1                 .L0 
8020021c 8020021c        0     1                 .L0 
8020021c 8020021c        0     1                 .L0 
80200224 80200224        0     1                 .L0 
80200224 80200224        0     1                 .L0 
8020022c 8020022c        0     1                 .L0 
8020022c 8020022c        0     1                 .L0 
8020022e 8020022e        0     1                 .L0 
8020022e 8020022e        0     1                 .L0 
80200238 80200238        0     1                 .L0 
80200238 80200238        0     1                 .L0 
8020023e 8020023e        0     1                 .L0 
8020024a 8020024a        0     1                 .L0 
8020024a 8020024a        0     1                 .L0 
8020024c 8020024c        0     1                 .L0 
80200250 80200250        0     1                 .L0 
80200254 80200254        0     1                 .L0 
80200258 80200258        0     1                 .L0 
8020025c 8020025c        0     1                 .L0 
80200260 80200260        0     1                 .L0 
80200264 80200264        0     1                 .L0 
80200268 80200268        0     1                 .L0 
8020026c 8020026c        0     1                 .L0 
80200270 80200270        0     1                 .L0 
80200278 80200278        0     1                 .L0 
8020027c 8020027c        0     1                 .L0 
80200280 80200280        0     1                 .L0 
80200280 80200280        0     1                 .L0 
80200284 80200284        0     1                 .L0 
80200284 80200284        0     1                 .L0 
80200298 80200298        0     1                 .L0 
8020029a 8020029a        0     1                 .L0 
8020029a 8020029a        0     1                 .L0 
8020029c 8020029c        0     1                 .L0 
802002a8 802002a8        0     1                 .L0 
802002a8 802002a8        0     1                 .L0 
802002b0 802002b0        0     1                 .L0 
802002b0 802002b0        0     1                 .L0 
802002b4 802002b4        0     1                 .L0 
802002b4 802002b4        0     1                 .L0 
802002b4 802002b4        0     1                 .L0 
802002be 802002be        0     1                 .L0 
802002be 802002be        0     1                 .L0 
802002c0 802002c0        0     1                 .L0 
802002c4 802002c4        0     1                 .L0 
802002c4 802002c4        0     1                 .L0 
802002c4 802002c4        0     1                 .L0 
802002c8 802002c8        0     1                 .L0 
802002ce 802002ce        0     1                 .L0 
802002ce 802002ce        0     1                 .L0 
802002d6 802002d6        0     1                 .L0 
802002d6 802002d6        0     1                 .L0 
802002d8 802002d8        0     1                 .L0 
802002de 802002de        0     1                 .L0 
802002e2 802002e2        0     1                 .L0 
802002f6 802002f6        0     1                 .L0 
802002f8 802002f8        0     1                 .L0 
802002f8 802002f8        0     1                 .L0 
80200302 80200302        0     1                 .L0 
80200302 80200302        0     1                 .L0 
80200304 80200304        0     1                 .L0 
8020030e 8020030e        0     1                 .L0 
8020030e 8020030e        0     1                 .L0 
80200316 80200316        0     1                 .L0 
8020031c 8020031c        0     1                 .L0 
8020031c 8020031c        0     1                 .L0 
80200320 80200320        0     1                 .L0 
80200320 80200320        0     1                 .L0 
80200332 80200332        0     1                 .L0 
80200332 80200332        0     1                 .L0 
80200334 80200334        0     1                 .L0 
80200334 80200334        0     1                 .L0 
80200336 80200336        0     1                 .L0 
8020033a 8020033a        0     1                 .L0 
8020033a 8020033a        0     1                 .L0 
8020033e 8020033e        0     1                 .L0 
80200346 80200346        0     1                 .L0 
80200346 80200346        0     1                 .L0 
80200348 80200348        0     1                 .L0 
80200350 80200350        0     1                 .L0 
80200354 80200354        0     1                 .L0 
80200354 80200354        0     1                 .L0 
80200354 80200354        0     1                 .L0 
80200358 80200358        0     1                 .L0 
80200358 80200358        0     1                 .L0 
80200360 80200360        0     1                 .L0 
80200364 80200364        0     1                 .L0 
8020036c 8020036c        0     1                 .L0 
8020036c 8020036c        0     1                 .L0 
8020036e 8020036e        0     1                 .L0 
8020036e 8020036e        0     1                 .L0 
80200372 80200372        0     1                 .L0 
80200372 80200372        0     1                 .L0 
80200376 80200376        0     1                 .L0 
8020037a 8020037a        0     1                 .L0 
8020037e 8020037e        0     1                 .L0 
80200382 80200382        0     1                 .L0 
80200386 80200386        0     1                 .L0 
8020038a 8020038a        0     1                 .L0 
8020038c 8020038c        0     1                 .L0 
80200398 80200398        0     1                 .L0 
8020039a 8020039a        0     1                 .L0 
8020039c 8020039c        0     1                 .L0 
802003a0 802003a0        0     1                 .L0 
802003a6 802003a6        0     1                 .L0 
802003aa 802003aa        0     1                 .L0 
802003aa 802003aa        0     1                 .L0 
802003aa 802003aa        0     1                 .L0 
802003be 802003be        0     1                 .L0 
802003c0 802003c0        0     1                 .L0 
802003c0 802003c0        0     1                 .L0 
802003c0 802003c0        0     1                 .L0 
802003c0 802003c0        0     1                 .L0 
802003c0 802003c0        0     1                 .L0 
802003c0 802003c0        0     1                 .L0 
802003c0 802003c0       46     1                 switch_context
80200406 80200406        0     1                 .L0 
80200406 80200406        0     1                 .L0 
80200406 80200406        0     1                 .L0 
80200406 80200406      196     1                 yield
8020040e 8020040e        0     1                 .L0 
8020040e 8020040e        0     1                 .L0 
80200412 80200412        0     1                 .L0 
80200412 80200412        0     1                 .L0 
80200420 80200420        0     1                 .L0 
80200432 80200432        0     1                 .L0 
80200432 80200432        0     1                 .L0 
80200434 80200434        0     1                 .L0 
80200434 80200434        0     1                 .L0 
80200438 80200438        0     1                 .L0 
80200438 80200438        0     1                 .L0 
8020043a 8020043a        0     1                 .L0 
8020043a 8020043a        0     1                 .L0 
8020043e 8020043e        0     1                 .L0 
80200440 80200440        0     1                 .L0 
80200444 80200444        0     1                 .L0 
80200444 80200444        0     1                 .L0 
8020044c 8020044c        0     1                 .L0 
80200460 80200460        0     1                 .L0 
80200462 80200462        0     1                 .L0 
80200466 80200466        0     1                 .L0 
80200468 80200468        0     1                 .L0 
8020046c 8020046c        0     1                 .L0 
8020046c 8020046c        0     1                 .L0 
80200474 80200474        0     1                 .L0 
80200488 80200488        0     1                 .L0 
8020048c 8020048c        0     1                 .L0 
80200490 80200490        0     1                 .L0 
80200492 80200492        0     1                 .L0 
80200496 80200496        0     1                 .L0 
80200496 80200496        0     1                 .L0 
8020049e 8020049e        0     1                 .L0 
802004b2 802004b2        0     1                 .L0 
802004b4 802004b4        0     1                 .L0 
802004b8 802004b8        0     1                 .L0 
802004ba 802004ba        0     1                 .L0 
802004be 802004be        0     1                 .L0 
802004be 802004be        0     1                 .L0 
802004c6 802004c6        0     1                 .L0 
802004da 802004da        0     1                 .L0 
802004de 802004de        0     1                 .L0 
802004e2 802004e2        0     1                 .L0 
802004e4 802004e4        0     1                 .L0 
802004e8 802004e8        0     1                 .L0 
802004e8 802004e8        0     1                 .L0 
802004f0 802004f0        0     1                 .L0 
80200504 80200504        0     1                 .L0 
80200506 80200506        0     1                 .L0 
8020050a 8020050a        0     1                 .L0 
8020050c 8020050c        0     1                 .L0 
80200510 80200510        0     1                 .L0 
80200510 80200510        0     1                 .L0 
80200518 80200518        0     1                 .L0 
8020052c 8020052c        0     1                 .L0 
80200530 80200530        0     1                 .L0 
80200534 80200534        0     1                 .L0 
80200536 80200536        0     1                 .L0 
8020053a 8020053a        0     1                 .L0 
8020053a 8020053a        0     1                 .L0 
80200556 80200556        0     1                 .L0 
8020055a 8020055a        0     1                 .L0 
8020055c 8020055c        0     1                 .L0 
80200560 80200560        0     1                 .L0 
80200560 80200560        0     1                 .L0 
80200562 80200562        0     1                 .L0 
80200562 80200562        0     1                 .L0 
80200566 80200566        0     1                 .L0 
8020056e 8020056e        0     1                 .L0 
80200570 80200570        0     1                 .L0 
80200572 80200572        0     1                 .L0 
80200578 80200578        0     1                 .L0 
8020057a 8020057a        0     1                 .L0 
8020058a 8020058a        0     1                 .L0 
8020058e 8020058e        0     1                 .L0 
8020058e 8020058e        0     1                 .L0 
80200590 80200590        0     1                 .L0 
80200590 80200590        0     1                 .L0 
80200594 80200594        0     1                 .L0 
80200598 80200598        0     1                 .L0 
80200598 80200598        0     1                 .L0 
8020059a 8020059a        0     1                 .L0 
8020059a 8020059a        0     1                 .L0 
8020059c 8020059c        0     1                 .L0 
8020059c 8020059c        0     1                 .L0 
8020059c 8020059c        0     1                 .L0 
8020059c 8020059c        0     1                 .L0 
8020059c 8020059c        0     1                 .L0 
8020059c 8020059c        6     1                 sbi_call
802005a0 802005a0        0     1                 .L0 
802005a0 802005a0        0     1                 .L0 
802005a2 802005a2        0     1                 .L0 
802005a2 802005a2        0     1                 .L0 
802005a2 802005a2        0     1                 .L0 
802005a2 802005a2       14     1                 putchar
802005b4 802005b4        0     1                 .L0 
802005b4 802005b4        0     1                 .L0 
802005b6 802005b6        0     1                 .L0 
802005b6 802005b6        0     1                 .L0 
802005b6 802005b6        0     1                 .L0 
802005b6 802005b6       16     1                 getchar
802005ca 802005ca        0     1                 .L0 
802005ca 802005ca        0     1                 .L0 
802005cc 802005cc        0     1                 .L0 
802005cc 802005cc        0     1                 .L0 
802005cc 802005cc        0     1                 .L0 
802005cc 802005cc        0     1                 .L0 
802005cc 802005cc       96     1                 kernel_entry
80200662 80200662        0     1                 .L0 
80200662 80200662        0     1                 .L0 
80200662 80200662        0     1                 .L0 
80200662 80200662        0     1                 .L0 
80200662 80200662        0     1                 .L0 
80200662 80200662      10e     1                 handle_syscall
80200668 80200668        0     1                 .L0 
80200684 80200684        0     1                 .L0 
8020069e 8020069e        0     1                 .L0 
8020069e 8020069e        0     1                 .L0 
802006a2 802006a2        0     1                 .L0 
802006b4 802006b4        0     1                 .L0 
802006b4 802006b4        0     1                 .L0 
802006b6 802006b6        0     1                 .L0 
802006b6 802006b6        0     1                 .L0 
802006b6 802006b6        0     1                 .L0 
802006b8 802006b8        0     1                 .L0 
802006b8 802006b8        0     1                 .L0 
802006bc 802006bc        0     1                 .L0 
802006bc 802006bc        0     1                 .L0 
802006be 802006be        0     1                 .L0 
802006be 802006be        0     1                 .L0 
802006be 802006be        0     1                 .L0 
802006c6 802006c6        0     1                 .L0 
802006c6 802006c6        0     1                 .L0 
802006c8 802006c8        0     1                 .L0 
802006d2 802006d2        0     1                 .L0 
802006d2 802006d2        0     1                 .L0 
802006d8 802006d8        0     1                 .L0 
802006da 802006da        0     1                 .L0 
802006dc 802006dc        0     1                 .L0 
802006dc 802006dc        0     1                 .L0 
802006f2 802006f2        0     1                 .L0 
802006f4 802006f4        0     1                 .L0 
802006f4 802006f4        0     1                 .L0 
802006f4 802006f4        0     1                 .L0 
802006f6 802006f6        0     1                 .L0 
8020070a 8020070a        0     1                 .L0 
8020070a 8020070a        0     1                 .L0 
8020070e 8020070e        0     1                 .L0 
8020070e 8020070e        0     1                 .L0 
8020070e 8020070e        0     1                 .L0 
80200710 80200710        0     1                 .L0 
80200710 80200710        0     1                 .L0 
80200724 80200724        0     1                 .L0 
80200724 80200724        0     1                 .L0 
80200728 80200728        0     1                 .L0 
80200728 80200728        0     1                 .L0 
80200728 80200728        0     1                 .L0 
80200744 80200744        0     1                 .L0 
80200744 80200744        0     1                 .L0 
80200744 80200744        0     1                 .L0 
80200748 80200748        0     1                 .L0 
8020074c 8020074c        0     1                 .L0 
8020074c 8020074c        0     1                 .L0 
8020074c 8020074c        0     1                 .L0 
8020074c 8020074c        0     1                 .L0 
80200750 80200750        0     1                 .L0 
80200750 80200750        0     1                 .L0 
80200750 80200750        0     1                 .L0 
80200754 80200754        0     1                 .L0 
80200756 80200756        0     1                 .L0 
80200756 80200756        0     1                 .L0 
80200758 80200758        0     1                 .L0 
80200758 80200758        0     1                 .L0 
80200758 80200758        0     1                 .L0 
80200758 80200758        0     1                 .L0 
8020075c 8020075c        0     1                 .L0 
8020076e 8020076e        0     1                 .L0 
80200770 80200770        0     1                 .L0 
80200770 80200770        0     1                 .L0 
80200770 80200770        0     1                 .L0 
80200770 80200770        0     1                 .L0 
80200770 80200770        0     1                 .L0 
80200770 80200770       42     1                 handle_trap
80200776 80200776        0     1                 .L0 
80200776 80200776        0     1                 .L0 
8020077a 8020077a        0     1                 .L0 
8020077e 8020077e        0     1                 .L0 
80200780 80200780        0     1                 .L0 
80200784 80200784        0     1                 .L0 
80200784 80200784        0     1                 .L0 
80200788 80200788        0     1                 .L0 
80200788 80200788        0     1                 .L0 
8020078a 8020078a        0     1                 .L0 
8020078a 8020078a        0     1                 .L0 
8020078c 8020078c        0     1                 .L0 
8020078c 8020078c        0     1                 .L0 
80200790 80200790        0     1                 .L0 
80200794 80200794        0     1                 .L0 
80200794 80200794        0     1                 .L0 
80200798 80200798        0     1                 .L0 
80200798 80200798        0     1                 .L0 
80200798 80200798        0     1                 .L0 
8020079c 8020079c        0     1                 .L0 
802007b0 802007b0        0     1                 .L0 
802007b2 802007b2        0     1                 .L0 
802007b2 802007b2        0     1                 .L0 
802007b2 802007b2        0     1                 .L0 
802007b2 802007b2        0     1                 .L0 
802007b2 802007b2        0     1                 .L0 
802007b2 802007b2       10     1                 delay
802007ba 802007ba        0     1                 .L0 
802007bc 802007bc        0     1                 .L0 
802007be 802007be        0     1                 .L0 
802007be 802007be        0     1                 .L0 
802007c0 802007c0        0     1                 .L0 
802007c0 802007c0        0     1                 .L0 
802007c2 802007c2        0     1                 .L0 
802007c2 802007c2        0     1                 .L0 
802007c2 802007c2        0     1                 .L0 
802007c2 802007c2       3a     1                 proc_a_entry
802007c8 802007c8        0     1                 .L0 
802007d2 802007d2        0     1                 .L0 
802007d2 802007d2        0     1                 .L0 
802007da 802007da        0     1                 .L0 
802007da 802007da        0     1                 .L0 
802007da 802007da        0     1                 .L0 
802007f0 802007f0        0     1                 .L0 
802007f0 802007f0        0     1                 .L0 
802007f2 802007f2        0     1                 .L0 
802007f2 802007f2        0     1                 .L0 
802007f4 802007f4        0     1                 .L0 
802007f6 802007f6        0     1                 .L0 
802007f8 802007f8        0     1                 .L0 
802007f8 802007f8        0     1                 .L0 
802007fc 802007fc        0     1                 .L0 
802007fc 802007fc        0     1                 .L0 
802007fc 802007fc        0     1                 .L0 
802007fc 802007fc        0     1                 .L0 
802007fc 802007fc        0     1                 .L0 
802007fc 802007fc       3a     1                 proc_b_entry
80200802 80200802        0     1                 .L0 
8020080c 8020080c        0     1                 .L0 
8020080c 8020080c        0     1                 .L0 
80200814 80200814        0     1                 .L0 
80200814 80200814        0     1                 .L0 
80200814 80200814        0     1                 .L0 
8020082a 8020082a        0     1                 .L0 
8020082a 8020082a        0     1                 .L0 
8020082c 8020082c        0     1                 .L0 
8020082c 8020082c        0     1                 .L0 
8020082e 8020082e        0     1                 .L0 
80200830 80200830        0     1                 .L0 
80200832 80200832        0     1                 .L0 
80200832 80200832        0     1                 .L0 
80200836 80200836        0     1                 .L0 
80200836 80200836        0     1                 .L0 
80200836 80200836        0     1                 .L0 
80200836 80200836        0     1                 .L0 
80200836 80200836        0     1                 .L0 
80200836 80200836      152     1                 kernel_main
8020084e 8020084e        0     1                 .L0 
80200864 80200864        0     1                 .L0 
80200864 80200864        0     1                 .L0 
8020086c 8020086c        0     1                 .L0 
80200870 80200870        0     1                 .L0 
80200870 80200870        0     1                 .L0 
80200872 80200872        0     1                 .L0 
80200872 80200872        0     1                 .L0 
80200874 80200874        0     1                 .L0 
8020087a 8020087a        0     1                 .L0 
8020087a 8020087a        0     1                 .L0 
80200886 80200886        0     1                 .L0 
8020088a 8020088a        0     1                 .L0 
8020088c 8020088c        0     1                 .L0 
8020089e 8020089e        0     1                 .L0 
8020089e 8020089e        0     1                 .L0 
802008b2 802008b2        0     1                 .L0 
802008b2 802008b2        0     1                 .L0 
802008ba 802008ba        0     1                 .L0 
802008ba 802008ba        0     1                 .L0 
802008bc 802008bc        0     1                 .L0 
802008be 802008be        0     1                 .L0 
802008c6 802008c6        0     1                 .L0 
802008ca 802008ca        0     1                 .L0 
802008ce 802008ce        0     1                 .L0 
802008e2 802008e2        0     1                 .L0 
802008e4 802008e4        0     1                 .L0 
802008e4 802008e4        0     1                 .L0 
802008ec 802008ec        0     1                 .L0 
802008ec 802008ec        0     1                 .L0 
802008f0 802008f0        0     1                 .L0 
802008f0 802008f0        0     1                 .L0 
802008f2 802008f2        0     1                 .L0 
802008f8 802008f8        0     1                 .L0 
802008fc 802008fc        0     1                 .L0 
802008fc 802008fc        0     1                 .L0 
80200910 80200910        0     1                 .L0 
80200912 80200912        0     1                 .L0 
80200912 80200912        0     1                 .L0 
8020091a 8020091a        0     1                 .L0 
8020091a 8020091a        0     1                 .L0 
80200926 80200926        0     1                 .L0 
80200926 80200926        0     1                 .L0 
80200932 80200932        0     1                 .L0 
80200932 80200932        0     1                 .L0 
8020093a 8020093a        0     1                 .L0 
8020093a 8020093a        0     1                 .L0 
80200946 80200946        0     1                 .L0 
80200946 80200946        0     1                 .L0 
8020095a 8020095a        0     1                 .L0 
8020095a 8020095a        0     1                 .L0 
8020096e 8020096e        0     1                 .L0 
8020096e 8020096e        0     1                 .L0 
80200970 80200970        0     1                 .L0 
80200970 80200970        0     1                 .L0 
80200986 80200986        0     1                 .L0 
80200988 80200988        0     1                 .L0 
80200988 80200988        0     1                 .L0 
80200988 80200988      276     2         /var/folders/hw/r5t5ryts3r7fw374z_3h5bmw0000gp/T/common-a38162.o:(.text)
80200988 80200988        0     1                 .L0 
80200988 80200988        0     1                 .L0 
80200988 80200988        0     1                 $x
80200988 80200988        0     1                 .L0 
80200988 80200988      1a8     1                 printf
802009a4 802009a4        0     1                 .L0 
802009ce 802009ce        0     1                 .L0 
802009de 802009de        0     1                 .L0 
802009de 802009de        0     1                 .L0 
802009e2 802009e2        0     1                 .L0 
802009e2 802009e2        0     1                 .L0 
802009e4 802009e4        0     1                 .L0 
802009e8 802009e8        0     1                 .L0 
802009f0 802009f0        0     1                 .L0 
802009f0 802009f0        0     1                 .L0 
802009f2 802009f2        0     1                 .L0 
802009f2 802009f2        0     1                 .L0 
802009f4 802009f4        0     1                 .L0 
802009f6 802009f6        0     1                 .L0 
802009f6 802009f6        0     1                 .L0 
802009fc 802009fc        0     1                 .L0 
80200a0c 80200a0c        0     1                 .L0 
80200a0c 80200a0c        0     1                 .L0 
80200a18 80200a18        0     1                 .L0 
80200a18 80200a18        0     1                 .L0 
80200a1c 80200a1c        0     1                 .L0 
80200a1c 80200a1c        0     1                 .L0 
80200a1e 80200a1e        0     1                 .L0 
80200a24 80200a24        0     1                 .L0 
80200a24 80200a24        0     1                 .L0 
80200a2c 80200a2c        0     1                 .L0 
80200a2c 80200a2c        0     1                 .L0 
80200a36 80200a36        0     1                 .L0 
80200a36 80200a36        0     1                 .L0 
80200a3a 80200a3a        0     1                 .L0 
80200a3a 80200a3a        0     1                 .L0 
80200a3c 80200a3c        0     1                 .L0 
80200a40 80200a40        0     1                 .L0 
80200a42 80200a42        0     1                 .L0 
80200a42 80200a42        0     1                 .L0 
80200a48 80200a48        0     1                 .L0 
80200a48 80200a48        0     1                 .L0 
80200a4a 80200a4a        0     1                 .L0 
80200a4e 80200a4e        0     1                 .L0 
80200a50 80200a50        0     1                 .L0 
80200a50 80200a50        0     1                 .L0 
80200a56 80200a56        0     1                 .L0 
80200a56 80200a56        0     1                 .L0 
80200a58 80200a58        0     1                 .L0 
80200a5c 80200a5c        0     1                 .L0 
80200a5e 80200a5e        0     1                 .L0 
80200a5e 80200a5e        0     1                 .L0 
80200a64 80200a64        0     1                 .L0 
80200a64 80200a64        0     1                 .L0 
80200a66 80200a66        0     1                 .L0 
80200a6a 80200a6a        0     1                 .L0 
80200a6c 80200a6c        0     1                 .L0 
80200a6c 80200a6c        0     1                 .L0 
80200a72 80200a72        0     1                 .L0 
80200a72 80200a72        0     1                 .L0 
80200a74 80200a74        0     1                 .L0 
80200a78 80200a78        0     1                 .L0 
80200a7a 80200a7a        0     1                 .L0 
80200a7a 80200a7a        0     1                 .L0 
80200a80 80200a80        0     1                 .L0 
80200a80 80200a80        0     1                 .L0 
80200a82 80200a82        0     1                 .L0 
80200a86 80200a86        0     1                 .L0 
80200a88 80200a88        0     1                 .L0 
80200a88 80200a88        0     1                 .L0 
80200a8e 80200a8e        0     1                 .L0 
80200a8e 80200a8e        0     1                 .L0 
80200a90 80200a90        0     1                 .L0 
80200a94 80200a94        0     1                 .L0 
80200a96 80200a96        0     1                 .L0 
80200a96 80200a96        0     1                 .L0 
80200a98 80200a98        0     1                 .L0 
80200a98 80200a98        0     1                 .L0 
80200a9a 80200a9a        0     1                 .L0 
80200a9e 80200a9e        0     1                 .L0 
80200a9e 80200a9e        0     1                 .L0 
80200aa0 80200aa0        0     1                 .L0 
80200aa0 80200aa0        0     1                 .L0 
80200aa2 80200aa2        0     1                 .L0 
80200aa4 80200aa4        0     1                 .L0 
80200aa4 80200aa4        0     1                 .L0 
80200aa4 80200aa4        0     1                 .L0 
80200aae 80200aae        0     1                 .L0 
80200ab2 80200ab2        0     1                 .L0 
80200ab8 80200ab8        0     1                 .L0 
80200ab8 80200ab8        0     1                 .L0 
80200ab8 80200ab8        0     1                 .L0 
80200abe 80200abe        0     1                 .L0 
80200abe 80200abe        0     1                 .L0 
80200ac2 80200ac2        0     1                 .L0 
80200ac4 80200ac4        0     1                 .L0 
80200ac8 80200ac8        0     1                 .L0 
80200ac8 80200ac8        0     1                 .L0 
80200ac8 80200ac8        0     1                 .L0 
80200ace 80200ace        0     1                 .L0 
80200ace 80200ace        0     1                 .L0 
80200ad2 80200ad2        0     1                 .L0 
80200ad4 80200ad4        0     1                 .L0 
80200ad8 80200ad8        0     1                 .L0 
80200ad8 80200ad8        0     1                 .L0 
80200ad8 80200ad8        0     1                 .L0 
80200ade 80200ade        0     1                 .L0 
80200ae0 80200ae0        0     1                 .L0 
80200ae4 80200ae4        0     1                 .L0 
80200ae8 80200ae8        0     1                 .L0 
80200ae8 80200ae8        0     1                 .L0 
80200ae8 80200ae8        0     1                 .L0 
80200aea 80200aea        0     1                 .L0 
80200aea 80200aea        0     1                 .L0 
80200aee 80200aee        0     1                 .L0 
80200af2 80200af2        0     1                 .L0 
80200af8 80200af8        0     1                 .L0 
80200af8 80200af8        0     1                 .L0 
80200b06 80200b06        0     1                 .L0 
80200b06 80200b06        0     1                 .L0 
80200b0c 80200b0c        0     1                 .L0 
80200b0c 80200b0c        0     1                 .L0 
80200b0c 80200b0c        0     1                 .L0 
80200b12 80200b12        0     1                 .L0 
80200b12 80200b12        0     1                 .L0 
80200b12 80200b12        0     1                 .L0 
80200b16 80200b16        0     1                 .L0 
80200b2c 80200b2c        0     1                 .L0 
80200b30 80200b30        0     1                 .L0 
80200b30 80200b30        0     1                 .L0 
80200b30 80200b30        0     1                 .L0 
80200b30 80200b30        0     1                 .L0 
80200b30 80200b30        0     1                 .L0 
80200b30 80200b30       1c     1                 memcpy
80200b34 80200b34        0     1                 .L0 
80200b34 80200b34        0     1                 .L0 
80200b36 80200b36        0     1                 .L0 
80200b40 80200b40        0     1                 .L0 
80200b46 80200b46        0     1                 .L0 
80200b46 80200b46        0     1                 .L0 
80200b4a 80200b4a        0     1                 .L0 
80200b4a 80200b4a        0     1                 .L0 
80200b4c 80200b4c        0     1                 .L0 
80200b4c 80200b4c        0     1                 .L0 
80200b4c 80200b4c        0     1                 .L0 
80200b4c 80200b4c       16     1                 memset
80200b50 80200b50        0     1                 .L0 
80200b50 80200b50        0     1                 .L0 
80200b52 80200b52        0     1                 .L0 
80200b56 80200b56        0     1                 .L0 
80200b5c 80200b5c        0     1                 .L0 
80200b5c 80200b5c        0     1                 .L0 
80200b60 80200b60        0     1                 .L0 
80200b60 80200b60        0     1                 .L0 
80200b62 80200b62        0     1                 .L0 
80200b62 80200b62        0     1                 .L0 
80200b62 80200b62        0     1                 .L0 
80200b62 80200b62       24     1                 strcpy
80200b68 80200b68        0     1                 .L0 
80200b6c 80200b6c        0     1                 .L0 
80200b6c 80200b6c        0     1                 .L0 
80200b6e 80200b6e        0     1                 .L0 
80200b7a 80200b7a        0     1                 .L0 
80200b7c 80200b7c        0     1                 .L0 
80200b7e 80200b7e        0     1                 .L0 
80200b80 80200b80        0     1                 .L0 
80200b80 80200b80        0     1                 .L0 
80200b84 80200b84        0     1                 .L0 
80200b86 80200b86        0     1                 .L0 
80200b86 80200b86        0     1                 .L0 
80200b86 80200b86        0     1                 .L0 
80200b86 80200b86       24     1                 strcmp
80200b8a 80200b8a        0     1                 .L0 
80200b8c 80200b8c        0     1                 .L0 
80200b8e 80200b8e        0     1                 .L0 
80200b92 80200b92        0     1                 .L0 
80200b96 80200b96        0     1                 .L0 
80200b96 80200b96        0     1                 .L0 
80200b9c 80200b9c        0     1                 .L0 
80200b9e 80200b9e        0     1                 .L0 
80200ba0 80200ba0        0     1                 .L0 
80200ba8 80200ba8        0     1                 .L0 
80200baa 80200baa        0     1                 .L0 
80200baa 80200baa        0     1                 .L0 
80200baa 80200baa        0     1                 .L0 
80200baa 80200baa       22     1                 strncmp
80200bac 80200bac        0     1                 .L0 
80200bac 80200bac        0     1                 .L0 
80200bb4 80200bb4        0     1                 .L0 
80200bb4 80200bb4        0     1                 .L0 
80200bba 80200bba        0     1                 .L0 
80200bba 80200bba        0     1                 .L0 
80200bc0 80200bc0        0     1                 .L0 
80200bc2 80200bc2        0     1                 .L0 
80200bc2 80200bc2        0     1                 .L0 
80200bc6 80200bc6        0     1                 .L0 
80200bca 80200bca        0     1                 .L0 
80200bca 80200bca        0     1                 .L0 
80200bcc 80200bcc        0     1                 .L0 
80200bcc 80200bcc        0     1                 .L0 
80200bcc 80200bcc        0     1                 .L0 
80200bcc 80200bcc        0     1                 .L0 
80200bcc 80200bcc        a     1                 srand
80200bd4 80200bd4        0     1                 .L0 
80200bd6 80200bd6        0     1                 .L0 
80200bd6 80200bd6        0     1                 .L0 
80200bd6 80200bd6        0     1                 .L0 
80200bd6 80200bd6        0     1                 .L0 
80200bd6 80200bd6        0     1                 .L0 
80200bd6 80200bd6       28     1                 rand
80200be6 80200be6        0     1                 .L0 
80200bf0 80200bf0        0     1                 .L0 
80200bf2 80200bf2        0     1                 .L0 
80200bf8 80200bf8        0     1                 .L0 
80200bfc 80200bfc        0     1                 .L0 
80200bfe 80200bfe        0     1                 .L0 
80200bfe 80200bfe        0     1                 .L0 
80200bfe 80200bfe      322     2         /var/folders/hw/r5t5ryts3r7fw374z_3h5bmw0000gp/T/virtio-12223c.o:(.text)
80200bfe 80200bfe        0     1                 .L0 
80200bfe 80200bfe        0     1                 .L0 
80200bfe 80200bfe        0     1                 $x
80200bfe 80200bfe        0     1                 .L0 
80200bfe 80200bfe        a     1                 virtio_reg_read32
80200c06 80200c06        0     1                 .L0 
80200c08 80200c08        0     1                 .L0 
80200c08 80200c08        0     1                 .L0 
80200c08 80200c08        0     1                 .L0 
80200c08 80200c08        c     1                 virtio_reg_read64
80200c12 80200c12        0     1                 .L0 
80200c14 80200c14        0     1                 .L0 
80200c14 80200c14        0     1                 .L0 
80200c14 80200c14        0     1                 .L0 
80200c14 80200c14        a     1                 virtio_reg_write32
80200c1c 80200c1c        0     1                 .L0 
80200c1e 80200c1e        0     1                 .L0 
80200c1e 80200c1e        0     1                 .L0 
80200c1e 80200c1e        0     1                 .L0 
80200c1e 80200c1e        e     1                 virtio_reg_fetch_and_or32
80200c28 80200c28        0     1                 .L0 
80200c2a 80200c2a        0     1                 .L0 
80200c2c 80200c2c        0     1                 .L0 
80200c2c 80200c2c        0     1                 .L0 
80200c2c 80200c2c        0     1                 .L0 
80200c2c 80200c2c       38     1                 virtq_init
80200c32 80200c32        0     1                 .L0 
80200c34 80200c34        0     1                 .L0 
80200c3a 80200c3a        0     1                 .L0 
80200c3a 80200c3a        0     1                 .L0 
80200c52 80200c52        0     1                 .L0 
80200c54 80200c54        0     1                 .L0 
80200c56 80200c56        0     1                 .L0 
80200c5a 80200c5a        0     1                 .L0 
80200c5c 80200c5c        0     1                 .L0 
80200c60 80200c60        0     1                 .L0 
80200c60 80200c60        0     1                 .L0 
80200c64 80200c64        0     1                 .L0 
80200c64 80200c64        0     1                 .L0 
80200c64 80200c64        0     1                 .L0 
80200c64 80200c64        0     1                 .L0 
80200c64 80200c64        0     1                 .L0 
80200c64 80200c64       fc     1                 virtio_blk_init
80200c6c 80200c6c        0     1                 .L0 
80200c70 80200c70        0     1                 .L0 
80200c7a 80200c7a        0     1                 .L0 
80200c7e 80200c7e        0     1                 .L0 
80200c7e 80200c7e        0     1                 .L0 
80200c82 80200c82        0     1                 .L0 
80200c86 80200c86        0     1                 .L0 
80200c86 80200c86        0     1                 .L0 
80200c8a 80200c8a        0     1                 .L0 
80200c8e 80200c8e        0     1                 .L0 
80200c8e 80200c8e        0     1                 .L0 
80200c92 80200c92        0     1                 .L0 
80200c92 80200c92        0     1                 .L0 
80200c94 80200c94        0     1                 .L0 
80200c98 80200c98        0     1                 .L0 
80200c98 80200c98        0     1                 .L0 
80200c9a 80200c9a        0     1                 .L0 
80200c9a 80200c9a        0     1                 .L0 
80200c9c 80200c9c        0     1                 .L0 
80200ca0 80200ca0        0     1                 .L0 
80200ca0 80200ca0        0     1                 .L0 
80200ca2 80200ca2        0     1                 .L0 
80200ca2 80200ca2        0     1                 .L0 
80200ca4 80200ca4        0     1                 .L0 
80200ca8 80200ca8        0     1                 .L0 
80200ca8 80200ca8        0     1                 .L0 
80200caa 80200caa        0     1                 .L0 
80200caa 80200caa        0     1                 .L0 
80200cb0 80200cb0        0     1                 .L0 
80200cb0 80200cb0        0     1                 .L0 
80200cba 80200cba        0     1                 .L0 
80200cbc 80200cbc        0     1                 .L0 
80200cc0 80200cc0        0     1                 .L0 
80200cc4 80200cc4        0     1                 .L0 
80200cc4 80200cc4        0     1                 .L0 
80200cca 80200cca        0     1                 .L0 
80200cca 80200cca        0     1                 .L0 
80200cce 80200cce        0     1                 .L0 
80200cce 80200cce        0     1                 .L0 
80200cd0 80200cd0        0     1                 .L0 
80200cd0 80200cd0        0     1                 .L0 
80200cd4 80200cd4        0     1                 .L0 
80200cd4 80200cd4        0     1                 .L0 
80200cd6 80200cd6        0     1                 .L0 
80200cd6 80200cd6        0     1                 .L0 
80200cda 80200cda        0     1                 .L0 
80200cda 80200cda        0     1                 .L0 
80200cdc 80200cdc        0     1                 .L0 
80200cdc 80200cdc        0     1                 .L0 
80200ce0 80200ce0        0     1                 .L0 
80200ce4 80200ce4        0     1                 .L0 
80200ce8 80200ce8        0     1                 .L0 
80200cf4 80200cf4        0     1                 .L0 
80200cf8 80200cf8        0     1                 .L0 
80200d02 80200d02        0     1                 .L0 
80200d02 80200d02        0     1                 .L0 
80200d08 80200d08        0     1                 .L0 
80200d08 80200d08        0     1                 .L0 
80200d0c 80200d0c        0     1                 .L0 
80200d0e 80200d0e        0     1                 .L0 
80200d14 80200d14        0     1                 .L0 
80200d18 80200d18        0     1                 .L0 
80200d18 80200d18        0     1                 .L0 
80200d2e 80200d2e        0     1                 .L0 
80200d30 80200d30        0     1                 .L0 
80200d30 80200d30        0     1                 .L0 
80200d46 80200d46        0     1                 .L0 
80200d48 80200d48        0     1                 .L0 
80200d48 80200d48        0     1                 .L0 
80200d5e 80200d5e        0     1                 .L0 
80200d60 80200d60        0     1                 .L0 
80200d60 80200d60        0     1                 .L0 
80200d60 80200d60        0     1                 .L0 
80200d60 80200d60        0     1                 .L0 
80200d60 80200d60        0     1                 .L0 
80200d60 80200d60       34     1                 virtq_kick
80200d82 80200d82        0     1                 .L0 
80200d86 80200d86        0     1                 .L0 
80200d92 80200d92        0     1                 .L0 
80200d94 80200d94        0     1                 .L0 
80200d94 80200d94        0     1                 .L0 
80200d94 80200d94        0     1                 .L0 
80200d94 80200d94       18     1                 virtq_is_busy
80200d98 80200d98        0     1                 .L0 
80200daa 80200daa        0     1                 .L0 
80200dac 80200dac        0     1                 .L0 
80200dac 80200dac        0     1                 .L0 
80200dac 80200dac        0     1                 .L0 
80200dac 80200dac      174     1                 read_write_disk
80200db8 80200db8        0     1                 .L0 
80200dba 80200dba        0     1                 .L0 
80200dba 80200dba        0     1                 .L0 
80200dc6 80200dc6        0     1                 .L0 
80200dd0 80200dd0        0     1                 .L0 
80200ddc 80200ddc        0     1                 .L0 
80200dde 80200dde        0     1                 .L0 
80200e02 80200e02        0     1                 .L0 
80200e22 80200e22        0     1                 .L0 
80200e24 80200e24        0     1                 .L0 
80200e26 80200e26        0     1                 .L0 
80200e2e 80200e2e        0     1                 .L0 
80200e2e 80200e2e        0     1                 .L0 
80200e32 80200e32        0     1                 .L0 
80200e32 80200e32        0     1                 .L0 
80200e32 80200e32        0     1                 .L0 
80200e36 80200e36        0     1                 .L0 
80200e3a 80200e3a        0     1                 .L0 
80200e3e 80200e3e        0     1                 .L0 
80200e44 80200e44        0     1                 .L0 
80200e46 80200e46        0     1                 .L0 
80200e46 80200e46        0     1                 .L0 
80200e48 80200e48        0     1                 .L0 
80200e48 80200e48        0     1                 .L0 
80200e48 80200e48        0     1                 .L0 
80200e48 80200e48        0     1                 .L0 
80200e48 80200e48        0     1                 .L0 
80200e4a 80200e4a        0     1                 .L0 
80200e4a 80200e4a        0     1                 .L0 
80200e5e 80200e5e        0     1                 .L0 
80200e5e 80200e5e        0     1                 .L0 
80200e68 80200e68        0     1                 .L0 
80200e8e 80200e8e        0     1                 .L0 
80200e92 80200e92        0     1                 .L0 
80200e9e 80200e9e        0     1                 .L0 
80200ea6 80200ea6        0     1                 .L0 
80200ebc 80200ebc        0     1                 .L0 
80200ed0 80200ed0        0     1                 .L0 
80200ed4 80200ed4        0     1                 .L0 
80200ed8 80200ed8        0     1                 .L0 
80200ede 80200ede        0     1                 .L0 
80200ee0 80200ee0        0     1                 .L0 
80200ee2 80200ee2        0     1                 .L0 
80200eea 80200eea        0     1                 .L0 
80200eee 80200eee        0     1                 .L0 
80200ef2 80200ef2        0     1                 .L0 
80200ef4 80200ef4        0     1                 .L0 
80200ef6 80200ef6        0     1                 .L0 
80200ef6 80200ef6        0     1                 .L0 
80200ef8 80200ef8        0     1                 .L0 
80200ef8 80200ef8        0     1                 .L0 
80200ef8 80200ef8        0     1                 .L0 
80200ef8 80200ef8        0     1                 .L0 
80200ef8 80200ef8        0     1                 .L0 
80200efa 80200efa        0     1                 .L0 
80200efe 80200efe        0     1                 .L0 
80200f02 80200f02        0     1                 .L0 
80200f04 80200f04        0     1                 .L0 
80200f08 80200f08        0     1                 .L0 
80200f08 80200f08        0     1                 .L0 
80200f0c 80200f0c        0     1                 .L0 
80200f12 80200f12        0     1                 .L0 
80200f16 80200f16        0     1                 .L0 
80200f1a 80200f1a        0     1                 .L0 
80200f1e 80200f1e        0     1                 .L0 
80200f20 80200f20        0     1                 .L0 
80200f20 80200f20        0     1                 .L0 
80200f20 80200f20        0     1                 .L0 
80200f20 80200f20      9b2     2         /var/folders/hw/r5t5ryts3r7fw374z_3h5bmw0000gp/T/fat16-2787e4.o:(.text)
80200f20 80200f20        0     1                 .L0 
80200f20 80200f20        0     1                 .L0 
80200f20 80200f20        0     1                 $x
80200f20 80200f20        0     1                 .L0 
80200f20 80200f20       5a     1                 init_fat16_disk
80200f30 80200f30        0     1                 .L0 
80200f32 80200f32        0     1                 .L0 
80200f3a 80200f3a        0     1                 .L0 
80200f3e 80200f3e        0     1                 .L0 
80200f44 80200f44        0     1                 .L0 
80200f44 80200f44        0     1                 .L0 
80200f44 80200f44        0     1                 .L0 
80200f4c 80200f4c        0     1                 .L0 
80200f4c 80200f4c        0     1                 .L0 
80200f4e 80200f4e        0     1                 .L0 
80200f52 80200f52        0     1                 .L0 
80200f52 80200f52        0     1                 .L0 
80200f5a 80200f5a        0     1                 .L0 
80200f5a 80200f5a        0     1                 .L0 
80200f5a 80200f5a        0     1                 .L0 
80200f62 80200f62        0     1                 .L0 
80200f62 80200f62        0     1                 .L0 
80200f64 80200f64        0     1                 .L0 
80200f68 80200f68        0     1                 .L0 
80200f68 80200f68        0     1                 .L0 
80200f74 80200f74        0     1                 .L0 
80200f7a 80200f7a        0     1                 .L0 
80200f7a 80200f7a        0     1                 .L0 
80200f7a 80200f7a        0     1                 .L0 
80200f7a 80200f7a        0     1                 .L0 
80200f7a 80200f7a        0     1                 .L0 
80200f7a 80200f7a        c     1                 read_cluster
80200f80 80200f80        0     1                 .L0 
80200f80 80200f80        0     1                 .L0 
80200f84 80200f84        0     1                 .L0 
80200f86 80200f86        0     1                 .L0 
80200f86 80200f86        0     1                 .L0 
80200f86 80200f86        0     1                 .L0 
80200f86 80200f86        0     1                 .L0 
80200f86 80200f86        0     1                 .L0 
80200f86 80200f86        0     1                 .L0 
80200f86 80200f86        c     1                 write_cluster
80200f8a 80200f8a        0     1                 .L0 
80200f8e 80200f8e        0     1                 .L0 
80200f90 80200f90        0     1                 .L0 
80200f92 80200f92        0     1                 .L0 
80200f92 80200f92        0     1                 .L0 
80200f92 80200f92        0     1                 .L0 
80200f92 80200f92        0     1                 .L0 
80200f92 80200f92        0     1                 .L0 
80200f92 80200f92        0     1                 .L0 
80200f92 80200f92      350     1                 create_file
80200fca 80200fca        0     1                 .L0 
80200fcc 80200fcc        0     1                 .L0 
80200fce 80200fce        0     1                 .L0 
80200fd0 80200fd0        0     1                 .L0 
80200fde 80200fde        0     1                 .L0 
80200fde 80200fde        0     1                 .L0 
80200fde 80200fde        0     1                 .L0 
80200fe6 80200fe6        0     1                 .L0 
80200fe6 80200fe6        0     1                 .L0 
80200fe8 80200fe8        0     1                 .L0 
80200fec 80200fec        0     1                 .L0 
80200ff0 80200ff0        0     1                 .L0 
80200ff0 80200ff0        0     1                 .L0 
80201000 80201000        0     1                 .L0 
80201000 80201000        0     1                 .L0 
80201000 80201000        0     1                 .L0 
80201008 80201008        0     1                 .L0 
80201008 80201008        0     1                 .L0 
8020100a 8020100a        0     1                 .L0 
8020100e 8020100e        0     1                 .L0 
80201012 80201012        0     1                 .L0 
80201012 80201012        0     1                 .L0 
80201024 80201024        0     1                 .L0 
80201024 80201024        0     1                 .L0 
80201028 80201028        0     1                 .L0 
8020102e 8020102e        0     1                 .L0 
80201034 80201034        0     1                 .L0 
80201038 80201038        0     1                 .L0 
80201038 80201038        0     1                 .L0 
80201042 80201042        0     1                 .L0 
80201042 80201042        0     1                 .L0 
80201042 80201042        0     1                 .L0 
80201056 80201056        0     1                 .L0 
80201056 80201056        0     1                 .L0 
8020105c 8020105c        0     1                 .L0 
8020105e 8020105e        0     1                 .L0 
80201068 80201068        0     1                 .L0 
80201068 80201068        0     1                 .L0 
80201072 80201072        0     1                 .L0 
80201072 80201072        0     1                 .L0 
80201072 80201072        0     1                 .L0 
8020107c 8020107c        0     1                 .L0 
8020107c 8020107c        0     1                 .L0 
8020108a 8020108a        0     1                 .L0 
8020108a 8020108a        0     1                 .L0 
80201090 80201090        0     1                 .L0 
80201092 80201092        0     1                 .L0 
80201096 80201096        0     1                 .L0 
8020109a 8020109a        0     1                 .L0 
8020109e 8020109e        0     1                 .L0 
802010a4 802010a4        0     1                 .L0 
802010a6 802010a6        0     1                 .L0 
802010aa 802010aa        0     1                 .L0 
802010ae 802010ae        0     1                 .L0 
802010b2 802010b2        0     1                 .L0 
802010b8 802010b8        0     1                 .L0 
802010ba 802010ba        0     1                 .L0 
802010be 802010be        0     1                 .L0 
802010c2 802010c2        0     1                 .L0 
802010c6 802010c6        0     1                 .L0 
802010cc 802010cc        0     1                 .L0 
802010ce 802010ce        0     1                 .L0 
802010d2 802010d2        0     1                 .L0 
802010d6 802010d6        0     1                 .L0 
802010da 802010da        0     1                 .L0 
802010e0 802010e0        0     1                 .L0 
802010e2 802010e2        0     1                 .L0 
802010e6 802010e6        0     1                 .L0 
802010ea 802010ea        0     1                 .L0 
802010ee 802010ee        0     1                 .L0 
802010f4 802010f4        0     1                 .L0 
802010f6 802010f6        0     1                 .L0 
802010fa 802010fa        0     1                 .L0 
802010fe 802010fe        0     1                 .L0 
80201102 80201102        0     1                 .L0 
80201108 80201108        0     1                 .L0 
8020110a 8020110a        0     1                 .L0 
8020110e 8020110e        0     1                 .L0 
80201112 80201112        0     1                 .L0 
80201116 80201116        0     1                 .L0 
8020111c 8020111c        0     1                 .L0 
8020111e 8020111e        0     1                 .L0 
80201122 80201122        0     1                 .L0 
80201126 80201126        0     1                 .L0 
8020112a 8020112a        0     1                 .L0 
80201130 80201130        0     1                 .L0 
80201134 80201134        0     1                 .L0 
80201138 80201138        0     1                 .L0 
8020113a 8020113a        0     1                 .L0 
8020113e 8020113e        0     1                 .L0 
80201140 80201140        0     1                 .L0 
80201144 80201144        0     1                 .L0 
80201148 80201148        0     1                 .L0 
8020114a 8020114a        0     1                 .L0 
8020114e 8020114e        0     1                 .L0 
80201152 80201152        0     1                 .L0 
80201154 80201154        0     1                 .L0 
80201158 80201158        0     1                 .L0 
80201180 80201180        0     1                 .L0 
80201180 80201180        0     1                 .L0 
80201184 80201184        0     1                 .L0 
80201186 80201186        0     1                 .L0 
80201196 80201196        0     1                 .L0 
80201198 80201198        0     1                 .L0 
80201198 80201198        0     1                 .L0 
8020119c 8020119c        0     1                 .L0 
8020119c 8020119c        0     1                 .L0 
8020119c 8020119c        0     1                 .L0 
802011a0 802011a0        0     1                 .L0 
802011a0 802011a0        0     1                 .L0 
802011a6 802011a6        0     1                 .L0 
802011aa 802011aa        0     1                 .L0 
802011b0 802011b0        0     1                 .L0 
802011b0 802011b0        0     1                 .L0 
802011b2 802011b2        0     1                 .L0 
802011b6 802011b6        0     1                 .L0 
802011b6 802011b6        0     1                 .L0 
802011ba 802011ba        0     1                 .L0 
802011be 802011be        0     1                 .L0 
802011c2 802011c2        0     1                 .L0 
802011c2 802011c2        0     1                 .L0 
802011c2 802011c2        0     1                 .L0 
802011c8 802011c8        0     1                 .L0 
802011cc 802011cc        0     1                 .L0 
802011d2 802011d2        0     1                 .L0 
802011d2 802011d2        0     1                 .L0 
802011d6 802011d6        0     1                 .L0 
802011da 802011da        0     1                 .L0 
802011de 802011de        0     1                 .L0 
802011e2 802011e2        0     1                 .L0 
802011e4 802011e4        0     1                 .L0 
802011ec 802011ec        0     1                 .L0 
802011f2 802011f2        0     1                 .L0 
80201208 80201208        0     1                 .L0 
8020120a 8020120a        0     1                 .L0 
8020120a 8020120a        0     1                 .L0 
80201210 80201210        0     1                 .L0 
80201210 80201210        0     1                 .L0 
80201210 80201210        0     1                 .L0 
80201216 80201216        0     1                 .L0 
80201216 80201216        0     1                 .L0 
8020121c 8020121c        0     1                 .L0 
8020121c 8020121c        0     1                 .L0 
8020121c 8020121c        0     1                 .L0 
80201224 80201224        0     1                 .L0 
80201224 80201224        0     1                 .L0 
80201224 80201224        0     1                 .L0 
80201228 80201228        0     1                 .L0 
8020122a 8020122a        0     1                 .L0 
8020122a 8020122a        0     1                 .L0 
8020122a 8020122a        0     1                 .L0 
8020125e 8020125e        0     1                 .L0 
80201264 80201264        0     1                 .L0 
80201264 80201264        0     1                 .L0 
80201264 80201264        0     1                 .L0 
8020126a 8020126a        0     1                 .L0 
8020126e 8020126e        0     1                 .L0 
8020126e 8020126e        0     1                 .L0 
80201270 80201270        0     1                 .L0 
80201270 80201270        0     1                 .L0 
80201276 80201276        0     1                 .L0 
80201276 80201276        0     1                 .L0 
80201276 80201276        0     1                 .L0 
8020127e 8020127e        0     1                 .L0 
8020127e 8020127e        0     1                 .L0 
80201280 80201280        0     1                 .L0 
80201284 80201284        0     1                 .L0 
80201288 80201288        0     1                 .L0 
80201288 80201288        0     1                 .L0 
80201298 80201298        0     1                 .L0 
80201298 80201298        0     1                 .L0 
80201298 80201298        0     1                 .L0 
802012a0 802012a0        0     1                 .L0 
802012a0 802012a0        0     1                 .L0 
802012a2 802012a2        0     1                 .L0 
802012a6 802012a6        0     1                 .L0 
802012aa 802012aa        0     1                 .L0 
802012aa 802012aa        0     1                 .L0 
802012ba 802012ba        0     1                 .L0 
802012ba 802012ba        0     1                 .L0 
802012ba 802012ba        0     1                 .L0 
802012c2 802012c2        0     1                 .L0 
802012c2 802012c2        0     1                 .L0 
802012c4 802012c4        0     1                 .L0 
802012c8 802012c8        0     1                 .L0 
802012cc 802012cc        0     1                 .L0 
802012cc 802012cc        0     1                 .L0 
802012de 802012de        0     1                 .L0 
802012de 802012de        0     1                 .L0 
802012e2 802012e2        0     1                 .L0 
802012e2 802012e2        0     1                 .L0 
802012e2 802012e2        0     1                 .L0 
802012e2 802012e2        0     1                 .L0 
802012e2 802012e2        0     1                 .L0 
802012e2 802012e2       c2     1                 read_file
80201302 80201302        0     1                 .L0 
80201304 80201304        0     1                 .L0 
80201306 80201306        0     1                 .L0 
80201308 80201308        0     1                 .L0 
80201316 80201316        0     1                 .L0 
80201316 80201316        0     1                 .L0 
80201316 80201316        0     1                 .L0 
8020131e 8020131e        0     1                 .L0 
8020131e 8020131e        0     1                 .L0 
80201320 80201320        0     1                 .L0 
80201324 80201324        0     1                 .L0 
80201328 80201328        0     1                 .L0 
80201328 80201328        0     1                 .L0 
8020132a 8020132a        0     1                 .L0 
80201334 80201334        0     1                 .L0 
80201336 80201336        0     1                 .L0 
80201338 80201338        0     1                 .L0 
80201338 80201338        0     1                 .L0 
8020133c 8020133c        0     1                 .L0 
80201348 80201348        0     1                 .L0 
80201348 80201348        0     1                 .L0 
80201348 80201348        0     1                 .L0 
8020134c 8020134c        0     1                 .L0 
80201352 80201352        0     1                 .L0 
80201352 80201352        0     1                 .L0 
80201356 80201356        0     1                 .L0 
80201358 80201358        0     1                 .L0 
80201358 80201358        0     1                 .L0 
8020135c 8020135c        0     1                 .L0 
80201360 80201360        0     1                 .L0 
80201360 80201360        0     1                 .L0 
8020136a 8020136a        0     1                 .L0 
8020136a 8020136a        0     1                 .L0 
8020136c 8020136c        0     1                 .L0 
80201372 80201372        0     1                 .L0 
80201372 80201372        0     1                 .L0 
80201376 80201376        0     1                 .L0 
80201376 80201376        0     1                 .L0 
8020137a 8020137a        0     1                 .L0 
8020137c 8020137c        0     1                 .L0 
8020137c 8020137c        0     1                 .L0 
80201380 80201380        0     1                 .L0 
80201380 80201380        0     1                 .L0 
80201380 80201380        0     1                 .L0 
80201382 80201382        0     1                 .L0 
80201382 80201382        0     1                 .L0 
8020139e 8020139e        0     1                 .L0 
802013a4 802013a4        0     1                 .L0 
802013a4 802013a4        0     1                 .L0 
802013a4 802013a4        0     1                 .L0 
802013a4 802013a4        0     1                 .L0 
802013a4 802013a4        0     1                 .L0 
802013a4 802013a4      204     1                 list_root_dir
802013bc 802013bc        0     1                 .L0 
802013cc 802013cc        0     1                 .L0 
802013cc 802013cc        0     1                 .L0 
802013cc 802013cc        0     1                 .L0 
802013d4 802013d4        0     1                 .L0 
802013d4 802013d4        0     1                 .L0 
802013d6 802013d6        0     1                 .L0 
802013da 802013da        0     1                 .L0 
802013de 802013de        0     1                 .L0 
802013de 802013de        0     1                 .L0 
802013ea 802013ea        0     1                 .L0 
802013ea 802013ea        0     1                 .L0 
80201428 80201428        0     1                 .L0 
80201428 80201428        0     1                 .L0 
80201428 80201428        0     1                 .L0 
8020142c 8020142c        0     1                 .L0 
8020142c 8020142c        0     1                 .L0 
8020142e 8020142e        0     1                 .L0 
80201432 80201432        0     1                 .L0 
80201432 80201432        0     1                 .L0 
80201432 80201432        0     1                 .L0 
80201434 80201434        0     1                 .L0 
80201434 80201434        0     1                 .L0 
80201438 80201438        0     1                 .L0 
80201442 80201442        0     1                 .L0 
80201442 80201442        0     1                 .L0 
80201460 80201460        0     1                 .L0 
80201466 80201466        0     1                 .L0 
80201466 80201466        0     1                 .L0 
8020146c 8020146c        0     1                 .L0 
8020146c 8020146c        0     1                 .L0 
80201478 80201478        0     1                 .L0 
8020147e 8020147e        0     1                 .L0 
8020147e 8020147e        0     1                 .L0 
80201480 80201480        0     1                 .L0 
80201484 80201484        0     1                 .L0 
80201488 80201488        0     1                 .L0 
80201488 80201488        0     1                 .L0 
80201488 80201488        0     1                 .L0 
8020148c 8020148c        0     1                 .L0 
80201492 80201492        0     1                 .L0 
80201492 80201492        0     1                 .L0 
80201496 80201496        0     1                 .L0 
80201498 80201498        0     1                 .L0 
8020149c 8020149c        0     1                 .L0 
802014a2 802014a2        0     1                 .L0 
802014a2 802014a2        0     1                 .L0 
802014a8 802014a8        0     1                 .L0 
802014ac 802014ac        0     1                 .L0 
802014b0 802014b0        0     1                 .L0 
802014ba 802014ba        0     1                 .L0 
802014be 802014be        0     1                 .L0 
802014c2 802014c2        0     1                 .L0 
802014c2 802014c2        0     1                 .L0 
802014c6 802014c6        0     1                 .L0 
802014ca 802014ca        0     1                 .L0 
802014ca 802014ca        0     1                 .L0 
802014ce 802014ce        0     1                 .L0 
802014d2 802014d2        0     1                 .L0 
802014d2 802014d2        0     1                 .L0 
802014d6 802014d6        0     1                 .L0 
802014da 802014da        0     1                 .L0 
802014da 802014da        0     1                 .L0 
802014de 802014de        0     1                 .L0 
802014e2 802014e2        0     1                 .L0 
802014e2 802014e2        0     1                 .L0 
802014e6 802014e6        0     1                 .L0 
802014ea 802014ea        0     1                 .L0 
802014ea 802014ea        0     1                 .L0 
802014ee 802014ee        0     1                 .L0 
802014f4 802014f4        0     1                 .L0 
802014f4 802014f4        0     1                 .L0 
802014fe 802014fe        0     1                 .L0 
80201502 80201502        0     1                 .L0 
80201506 80201506        0     1                 .L0 
80201510 80201510        0     1                 .L0 
80201514 80201514        0     1                 .L0 
80201518 80201518        0     1                 .L0 
80201522 80201522        0     1                 .L0 
80201526 80201526        0     1                 .L0 
8020152a 8020152a        0     1                 .L0 
80201534 80201534        0     1                 .L0 
80201538 80201538        0     1                 .L0 
8020153c 8020153c        0     1                 .L0 
80201546 80201546        0     1                 .L0 
8020154a 8020154a        0     1                 .L0 
8020154e 8020154e        0     1                 .L0 
80201558 80201558        0     1                 .L0 
8020155c 8020155c        0     1                 .L0 
80201560 80201560        0     1                 .L0 
80201560 80201560        0     1                 .L0 
80201564 80201564        0     1                 .L0 
8020156c 8020156c        0     1                 .L0 
80201570 80201570        0     1                 .L0 
80201574 80201574        0     1                 .L0 
80201574 80201574        0     1                 .L0 
80201578 80201578        0     1                 .L0 
8020157a 8020157a        0     1                 .L0 
8020157c 8020157c        0     1                 .L0 
80201582 80201582        0     1                 .L0 
80201586 80201586        0     1                 .L0 
8020158a 8020158a        0     1                 .L0 
8020158c 8020158c        0     1                 .L0 
8020158e 8020158e        0     1                 .L0 
8020158e 8020158e        0     1                 .L0 
802015a4 802015a4        0     1                 .L0 
802015a8 802015a8        0     1                 .L0 
802015a8 802015a8        0     1                 .L0 
802015a8 802015a8        0     1                 .L0 
802015a8 802015a8        0     1                 .L0 
802015a8 802015a8        0     1                 .L0 
802015a8 802015a8      32a     1                 concatenate
802015da 802015da        0     1                 .L0 
802015e8 802015e8        0     1                 .L0 
802015e8 802015e8        0     1                 .L0 
802015e8 802015e8        0     1                 .L0 
802015f2 802015f2        0     1                 .L0 
802015f2 802015f2        0     1                 .L0 
802015f4 802015f4        0     1                 .L0 
802015f8 802015f8        0     1                 .L0 
802015fc 802015fc        0     1                 .L0 
802015fc 802015fc        0     1                 .L0 
8020160c 8020160c        0     1                 .L0 
8020160c 8020160c        0     1                 .L0 
8020160c 8020160c        0     1                 .L0 
80201616 80201616        0     1                 .L0 
80201616 80201616        0     1                 .L0 
80201618 80201618        0     1                 .L0 
8020161c 8020161c        0     1                 .L0 
80201620 80201620        0     1                 .L0 
80201620 80201620        0     1                 .L0 
80201628 80201628        0     1                 .L0 
8020162a 8020162a        0     1                 .L0 
8020162e 8020162e        0     1                 .L0 
80201632 80201632        0     1                 .L0 
80201632 80201632        0     1                 .L0 
8020163e 8020163e        0     1                 .L0 
80201640 80201640        0     1                 .L0 
80201644 80201644        0     1                 .L0 
80201648 80201648        0     1                 .L0 
80201648 80201648        0     1                 .L0 
8020164c 8020164c        0     1                 .L0 
8020164e 8020164e        0     1                 .L0 
80201652 80201652        0     1                 .L0 
80201656 80201656        0     1                 .L0 
80201656 80201656        0     1                 .L0 
8020165a 8020165a        0     1                 .L0 
8020165c 8020165c        0     1                 .L0 
80201660 80201660        0     1                 .L0 
80201664 80201664        0     1                 .L0 
80201664 80201664        0     1                 .L0 
80201668 80201668        0     1                 .L0 
8020166a 8020166a        0     1                 .L0 
8020166e 8020166e        0     1                 .L0 
80201672 80201672        0     1                 .L0 
80201672 80201672        0     1                 .L0 
80201676 80201676        0     1                 .L0 
[...]
802016b0 802016b0        0     1                 .L0 
802016b4 802016b4        0     1                 .L0 
802016b8 802016b8        0     1                 .L0 
802016b8 802016b8        0     1                 .L0 
802016bc 802016bc        0     1                 .L0 
802016be 802016be        0     1                 .L0 
802016c2 802016c2        0     1                 .L0 
802016c6 802016c6        0     1                 .L0 
802016c6 802016c6        0     1                 .L0 
802016ca 802016ca        0     1                 .L0 
802016cc 802016cc        0     1                 .L0 
802016d0 802016d0        0     1                 .L0 
802016d4 802016d4        0     1                 .L0 
802016d4 802016d4        0     1                 .L0 
802016d8 802016d8        0     1                 .L0 
802016da 802016da        0     1                 .L0 
802016de 802016de        0     1                 .L0 
802016e2 802016e2        0     1                 .L0 
802016e2 802016e2        0     1                 .L0 
802016e6 802016e6        0     1                 .L0 
802016e8 802016e8        0     1                 .L0 
802016ec 802016ec        0     1                 .L0 
802016f0 802016f0        0     1                 .L0 
802016f0 802016f0        0     1                 .L0 
802016f4 802016f4        0     1                 .L0 
802016f6 802016f6        0     1                 .L0 
802016fa 802016fa        0     1                 .L0 
802016fe 802016fe        0     1                 .L0 
802016fe 802016fe        0     1                 .L0 
80201702 80201702        0     1                 .L0 
80201708 80201708        0     1                 .L0 
80201708 80201708        0     1                 .L0 
80201708 80201708        0     1                 .L0 
80201712 80201712        0     1                 .L0 
80201712 80201712        0     1                 .L0 
80201712 80201712        0     1                 .L0 
80201718 80201718        0     1                 .L0 
80201718 80201718        0     1                 .L0 
8020171c 8020171c        0     1                 .L0 
8020171c 8020171c        0     1                 .L0 
8020171e 8020171e        0     1                 .L0 
8020171e 8020171e        0     1                 .L0 
8020171e 8020171e        0     1                 .L0 
80201722 80201722        0     1                 .L0 
80201724 80201724        0     1                 .L0 
80201724 80201724        0     1                 .L0 
80201724 80201724        0     1                 .L0 
80201728 80201728        0     1                 .L0 
8020172a 8020172a        0     1                 .L0 
8020172a 8020172a        0     1                 .L0 
8020172a 8020172a        0     1                 .L0 
8020172e 8020172e        0     1                 .L0 
80201730 80201730        0     1                 .L0 
80201730 80201730        0     1                 .L0 
80201730 80201730        0     1                 .L0 
80201734 80201734        0     1                 .L0 
80201736 80201736        0     1                 .L0 
80201736 80201736        0     1                 .L0 
80201736 80201736        0     1                 .L0 
8020173a 8020173a        0     1                 .L0 
8020173c 8020173c        0     1                 .L0 
8020173c 8020173c        0     1                 .L0 
8020173c 8020173c        0     1                 .L0 
80201740 80201740        0     1                 .L0 
80201742 80201742        0     1                 .L0 
80201742 80201742        0     1                 .L0 
80201742 80201742        0     1                 .L0 
80201746 80201746        0     1                 .L0 
80201748 80201748        0     1                 .L0 
80201748 80201748        0     1                 .L0 
80201748 80201748        0     1                 .L0 
8020174c 8020174c        0     1                 .L0 
8020174e 8020174e        0     1                 .L0 
8020174e 8020174e        0     1                 .L0 
8020174e 8020174e        0     1                 .L0 
80201752 80201752        0     1                 .L0 
80201754 80201754        0     1                 .L0 
80201754 80201754        0     1                 .L0 
80201754 80201754        0     1                 .L0 
80201758 80201758        0     1                 .L0 
8020175a 8020175a        0     1                 .L0 
8020175a 8020175a        0     1                 .L0 
8020175a 8020175a        0     1                 .L0 
8020175e 8020175e        0     1                 .L0 
80201760 80201760        0     1                 .L0 
80201760 80201760        0     1                 .L0 
80201760 80201760        0     1                 .L0 
80201764 80201764        0     1                 .L0 
80201766 80201766        0     1                 .L0 
80201766 80201766        0     1                 .L0 
80201766 80201766        0     1                 .L0 
8020176a 8020176a        0     1                 .L0 
8020176c 8020176c        0     1                 .L0 
8020176c 8020176c        0     1                 .L0 
8020176c 8020176c        0     1                 .L0 
80201770 80201770        0     1                 .L0 
80201770 80201770        0     1                 .L0 
80201792 80201792        0     1                 .L0 
80201792 80201792        0     1                 .L0 
802017a0 802017a0        0     1                 .L0 
802017a8 802017a8        0     1                 .L0 
802017a8 802017a8        0     1                 .L0 
802017b2 802017b2        0     1                 .L0 
802017bc 802017bc        0     1                 .L0 
802017bc 802017bc        0     1                 .L0 
802017bc 802017bc        0     1                 .L0 
802017c6 802017c6        0     1                 .L0 
802017c6 802017c6        0     1                 .L0 
802017c8 802017c8        0     1                 .L0 
802017cc 802017cc        0     1                 .L0 
802017d0 802017d0        0     1                 .L0 
802017d0 802017d0        0     1                 .L0 
802017d2 802017d2        0     1                 .L0 
802017dc 802017dc        0     1                 .L0 
802017dc 802017dc        0     1                 .L0 
802017e6 802017e6        0     1                 .L0 
802017e6 802017e6        0     1                 .L0 
802017e6 802017e6        0     1                 .L0 
802017ea 802017ea        0     1                 .L0 
802017ee 802017ee        0     1                 .L0 
802017ee 802017ee        0     1                 .L0 
802017f2 802017f2        0     1                 .L0 
80201822 80201822        0     1                 .L0 
80201822 80201822        0     1                 .L0 
80201826 80201826        0     1                 .L0 
80201826 80201826        0     1                 .L0 
80201826 80201826        0     1                 .L0 
80201836 80201836        0     1                 .L0 
80201836 80201836        0     1                 .L0 
80201836 80201836        0     1                 .L0 
8020183a 8020183a        0     1                 .L0 
80201844 80201844        0     1                 .L0 
80201844 80201844        0     1                 .L0 
80201848 80201848        0     1                 .L0 
8020184a 8020184a        0     1                 .L0 
8020184a 8020184a        0     1                 .L0 
8020184e 8020184e        0     1                 .L0 
80201852 80201852        0     1                 .L0 
80201852 80201852        0     1                 .L0 
8020185e 8020185e        0     1                 .L0 
8020185e 8020185e        0     1                 .L0 
80201860 80201860        0     1                 .L0 
80201866 80201866        0     1                 .L0 
80201866 80201866        0     1                 .L0 
8020186a 8020186a        0     1                 .L0 
8020186a 8020186a        0     1                 .L0 
8020186e 8020186e        0     1                 .L0 
80201870 80201870        0     1                 .L0 
80201870 80201870        0     1                 .L0 
80201872 80201872        0     1                 .L0 
80201872 80201872        0     1                 .L0 
8020187e 8020187e        0     1                 .L0 
8020187e 8020187e        0     1                 .L0 
80201880 80201880        0     1                 .L0 
80201880 80201880        0     1                 .L0 
80201880 80201880        0     1                 .L0 
80201884 80201884        0     1                 .L0 
80201888 80201888        0     1                 .L0 
80201888 80201888        0     1                 .L0 
8020188a 8020188a        0     1                 .L0 
8020188e 8020188e        0     1                 .L0 
8020188e 8020188e        0     1                 .L0 
80201896 80201896        0     1                 .L0 
80201896 80201896        0     1                 .L0 
8020189a 8020189a        0     1                 .L0 
8020189a 8020189a        0     1                 .L0 
802018a0 802018a0        0     1                 .L0 
802018d2 802018d2        0     1                 .L0 
802018d2 802018d2        0     1                 .L0 
802018d4 802018d4      493     4 .rodata
802018d4 802018d4       18     4         /var/folders/hw/r5t5ryts3r7fw374z_3h5bmw0000gp/T/kernel-fea16a.o:(.rodata)
802018d4 802018d4        0     1                 .LJTI10_0
802018d4 802018d4        0     1                 $d
802018ec 802018ec      47b     1         <internal>:(.rodata.str1.1)
80201d68 80201d68    105d8     4 .data
80201d68 80201d68        4     4         /var/folders/hw/r5t5ryts3r7fw374z_3h5bmw0000gp/T/kernel-fea16a.o:(.data)
80201d68 80201d68        4     1                 alloc_pages.next_paddr
80201d68 80201d68        0     1                 $d
80201d6c 80201d6c        4     4         /var/folders/hw/r5t5ryts3r7fw374z_3h5bmw0000gp/T/common-a38162.o:(.data)
80201d6c 80201d6c        4     1                 next
80201d6c 80201d6c        0     1                 $d
80201d70 80201d70    105d0     1         shell.bin.o:(.data)
80201d70 80201d70        0     1                 _binary_shell_bin_start
80212340 80212340        0     1                 _binary_shell_bin_end
80212340 80212340    180a8     8 .bss
80212340 80212340        0     1         __bss = .
80212340 80212340    10090     4         /var/folders/hw/r5t5ryts3r7fw374z_3h5bmw0000gp/T/kernel-fea16a.o:(.bss)
80212340 80212340        0     1                 $d
80212340 80212340    10080     1                 procs
802223c0 802223c0        4     1                 proc_a
802223c4 802223c4        4     1                 proc_b
802223c8 802223c8        8     1                 .L_MergedGlobals
802223c8 802223c8        4     1                 idle_proc
802223cc 802223cc        4     1                 current_proc
802223d0 802223d0       18     8         /var/folders/hw/r5t5ryts3r7fw374z_3h5bmw0000gp/T/virtio-12223c.o:(.bss)
802223d0 802223d0       18     1                 .L_MergedGlobals
802223d0 802223d0        0     1                 $d
802223d0 802223d0        4     1                 blk_request_vq
802223d4 802223d4        4     1                 blk_req_paddr
802223d8 802223d8        4     1                 blk_req
802223e0 802223e0        8     1                 blk_capacity
802223e8 802223e8     8000     4         /var/folders/hw/r5t5ryts3r7fw374z_3h5bmw0000gp/T/fat16-2787e4.o:(.bss)
802223e8 802223e8        0     1                 $d
802223e8 802223e8     4000     1                 root_dir
802263e8 802263e8     4000     1                 fat
8022a3e8 8022a3e8        0     1         __bss_end = .
8022a3e8 8022a3e8        0     1 . = ALIGN(4)
8022a3e8 8022a3e8    20000     1 . += 128 * 1024
8024a3e8 8024a3e8        0     1 __stack_top = .
8024a3e8 8024a3e8      c18     1 . = ALIGN(4096)
8024b000 8024b000        0     1 __free_ram = .
8024b000 8024b000  4000000     1 . += 64 * 1024 * 1024
8424b000 8424b000        0     1 __free_ram_end = .
       0        0      ff3     1 .debug_loclists
       0        0      6a1     1         /var/folders/hw/r5t5ryts3r7fw374z_3h5bmw0000gp/T/kernel-fea16a.o:(.debug_loclists)
       0        0        0     1                 $d
       c        c        0     1                 .L0 
     6a1      6a1      224     1         /var/folders/hw/r5t5ryts3r7fw374z_3h5bmw0000gp/T/common-a38162.o:(.debug_loclists)
     6a1      6a1        0     1                 $d
     6ad      6ad        0     1                 .L0 
     8c5      8c5      12b     1         /var/folders/hw/r5t5ryts3r7fw374z_3h5bmw0000gp/T/virtio-12223c.o:(.debug_loclists)
     8c5      8c5        0     1                 $d
     8d1      8d1        0     1                 .L0 
     9f0      9f0      603     1         /var/folders/hw/r5t5ryts3r7fw374z_3h5bmw0000gp/T/fat16-2787e4.o:(.debug_loclists)
     9f0      9f0        0     1                 $d
     9fc      9fc        0     1                 .L0 
       0        0      90c     1 .debug_abbrev
       0        0      319     1         /var/folders/hw/r5t5ryts3r7fw374z_3h5bmw0000gp/T/kernel-fea16a.o:(.debug_abbrev)
       0        0        0     1                 $d
     319      319      157     1         /var/folders/hw/r5t5ryts3r7fw374z_3h5bmw0000gp/T/common-a38162.o:(.debug_abbrev)
     319      319        0     1                 $d
     470      470      1ff     1         /var/folders/hw/r5t5ryts3r7fw374z_3h5bmw0000gp/T/virtio-12223c.o:(.debug_abbrev)
     470      470        0     1                 $d
     66f      66f      29d     1         /var/folders/hw/r5t5ryts3r7fw374z_3h5bmw0000gp/T/fat16-2787e4.o:(.debug_abbrev)
     66f      66f        0     1                 $d
       0        0     2097     1 .debug_info
       0        0      d93     1         /var/folders/hw/r5t5ryts3r7fw374z_3h5bmw0000gp/T/kernel-fea16a.o:(.debug_info)
       0        0        0     1                 $d
     d93      d93      2aa     1         /var/folders/hw/r5t5ryts3r7fw374z_3h5bmw0000gp/T/common-a38162.o:(.debug_info)
     d93      d93        0     1                 $d
    103d     103d      76b     1         /var/folders/hw/r5t5ryts3r7fw374z_3h5bmw0000gp/T/virtio-12223c.o:(.debug_info)
    103d     103d        0     1                 $d
    17a8     17a8      8ef     1         /var/folders/hw/r5t5ryts3r7fw374z_3h5bmw0000gp/T/fat16-2787e4.o:(.debug_info)
    17a8     17a8        0     1                 $d
       0        0      15d     1 .debug_rnglists
       0        0       8f     1         /var/folders/hw/r5t5ryts3r7fw374z_3h5bmw0000gp/T/kernel-fea16a.o:(.debug_rnglists)
       0        0        0     1                 $d
       c        c        0     1                 .L0 
      8f       8f       2a     1         /var/folders/hw/r5t5ryts3r7fw374z_3h5bmw0000gp/T/common-a38162.o:(.debug_rnglists)
      8f       8f        0     1                 $d
      9b       9b        0     1                 .L0 
      b9       b9       2a     1         /var/folders/hw/r5t5ryts3r7fw374z_3h5bmw0000gp/T/virtio-12223c.o:(.debug_rnglists)
      b9       b9        0     1                 $d
      c5       c5        0     1                 .L0 
      e3       e3       7a     1         /var/folders/hw/r5t5ryts3r7fw374z_3h5bmw0000gp/T/fat16-2787e4.o:(.debug_rnglists)
      e3       e3        0     1                 $d
      ef       ef        0     1                 .L0 
       0        0      4b0     1 .debug_str_offsets
       0        0      1ec     1         /var/folders/hw/r5t5ryts3r7fw374z_3h5bmw0000gp/T/kernel-fea16a.o:(.debug_str_offsets)
       0        0        0     1                 $d
       8        8        0     1                 .L0 
     1ec      1ec       b0     1         /var/folders/hw/r5t5ryts3r7fw374z_3h5bmw0000gp/T/common-a38162.o:(.debug_str_offsets)
     1ec      1ec        0     1                 $d
     1f4      1f4        0     1                 .L0 
     29c      29c      108     1         /var/folders/hw/r5t5ryts3r7fw374z_3h5bmw0000gp/T/virtio-12223c.o:(.debug_str_offsets)
     29c      29c        0     1                 $d
     2a4      2a4        0     1                 .L0 
     3a4      3a4      10c     1         /var/folders/hw/r5t5ryts3r7fw374z_3h5bmw0000gp/T/fat16-2787e4.o:(.debug_str_offsets)
     3a4      3a4        0     1                 $d
     3ac      3ac        0     1                 .L0 
       0        0      785     1 .debug_str
       0        0      785     1         <internal>:(.debug_str)
       0        0      428     1 .debug_addr
       0        0      1a0     1         /var/folders/hw/r5t5ryts3r7fw374z_3h5bmw0000gp/T/kernel-fea16a.o:(.debug_addr)
       0        0        0     1                 $d
       8        8        0     1                 .L0 
     1a0      1a0       70     1         /var/folders/hw/r5t5ryts3r7fw374z_3h5bmw0000gp/T/common-a38162.o:(.debug_addr)
     1a0      1a0        0     1                 $d
     1a8      1a8        0     1                 .L0 
     210      210       d8     1         /var/folders/hw/r5t5ryts3r7fw374z_3h5bmw0000gp/T/virtio-12223c.o:(.debug_addr)
     210      210        0     1                 $d
     218      218        0     1                 .L0 
     2e8      2e8      140     1         /var/folders/hw/r5t5ryts3r7fw374z_3h5bmw0000gp/T/fat16-2787e4.o:(.debug_addr)
     2e8      2e8        0     1                 $d
     2f0      2f0        0     1                 .L0 
       0        0       3b     1 .comment
       0        0       3b     1         <internal>:(.comment)
       0        0       4e     1 .riscv.attributes
       0        0       4e     1         <internal>:(.riscv.attributes)
       0        0      514     4 .debug_frame
       0        0      1d4     4         /var/folders/hw/r5t5ryts3r7fw374z_3h5bmw0000gp/T/kernel-fea16a.o:(.debug_frame)
       0        0        0     1                 .L0 
       0        0        0     1                 $d
     1d4      1d4       c8     4         /var/folders/hw/r5t5ryts3r7fw374z_3h5bmw0000gp/T/common-a38162.o:(.debug_frame)
     1d4      1d4        0     1                 .L0 
     1d4      1d4        0     1                 $d
     29c      29c      10c     4         /var/folders/hw/r5t5ryts3r7fw374z_3h5bmw0000gp/T/virtio-12223c.o:(.debug_frame)
     29c      29c        0     1                 .L0 
     29c      29c        0     1                 $d
     3a8      3a8      16c     4         /var/folders/hw/r5t5ryts3r7fw374z_3h5bmw0000gp/T/fat16-2787e4.o:(.debug_frame)
     3a8      3a8        0     1                 .L0 
     3a8      3a8        0     1                 $d
       0        0     1a75     1 .debug_line
       0        0      8e3     1         /var/folders/hw/r5t5ryts3r7fw374z_3h5bmw0000gp/T/kernel-fea16a.o:(.debug_line)
       0        0        0     1                 .Lline_table_start0
       0        0        0     1                 $d
     8e3      8e3      380     1         /var/folders/hw/r5t5ryts3r7fw374z_3h5bmw0000gp/T/common-a38162.o:(.debug_line)
     8e3      8e3        0     1                 .Lline_table_start0
     8e3      8e3        0     1                 $d
     c63      c63      3d2     1         /var/folders/hw/r5t5ryts3r7fw374z_3h5bmw0000gp/T/virtio-12223c.o:(.debug_line)
     c63      c63        0     1                 .Lline_table_start0
     c63      c63        0     1                 $d
    1035     1035      a40     1         /var/folders/hw/r5t5ryts3r7fw374z_3h5bmw0000gp/T/fat16-2787e4.o:(.debug_line)
    1035     1035        0     1                 .Lline_table_start0
    1035     1035        0     1                 $d
       0        0      116     1 .debug_line_str
       0        0      116     1         <internal>:(.debug_line_str)
       0        0      830     4 .symtab
       0        0      830     4         <internal>:(.symtab)
       0        0       dc     1 .shstrtab
       0        0       dc     1         <internal>:(.shstrtab)
       0        0      3cc     1 .strtab
       0        0      3cc     1         <internal>:(.strtab)
