     VMA      LMA     Size Align Out     In      Symbol
       0        0 80200000     1 . = 0x80200000
80200000        0        0     1 __kernel_base = .
80200000 80200000     11ce     4 .text
80200000 80200000        e     2         /var/folders/hw/r5t5ryts3r7fw374z_3h5bmw0000gp/T/kernel-424e78.o:(.text.boot)
80200000 80200000        0     1                 .L0 
80200000 80200000        0     1                 .L0 
80200000 80200000        0     1                 $x
80200000 80200000        0     1                 .L0 
80200000 80200000        e     1                 boot
8020000e 8020000e        0     1                 .L0 
8020000e 8020000e        0     1                 .L0 
80200010 80200010      982     4         /var/folders/hw/r5t5ryts3r7fw374z_3h5bmw0000gp/T/kernel-424e78.o:(.text)
80200010 80200010        0     1                 .L0 
80200010 80200010        0     1                 .L0 
80200010 80200010        0     1                 $x
80200010 80200010        0     1                 .L0 
80200010 80200010       50     1                 alloc_pages
80200016 80200016        0     1                 .L0 
80200016 80200016        0     1                 .L0 
8020001e 8020001e        0     1                 .L0 
8020001e 8020001e        0     1                 .L0 
80200022 80200022        0     1                 .L0 
80200026 80200026        0     1                 .L0 
80200026 80200026        0     1                 .L0 
8020002e 8020002e        0     1                 .L0 
80200032 80200032        0     1                 .L0 
80200036 80200036        0     1                 .L0 
8020004c 8020004c        0     1                 .L0 
8020004e 8020004e        0     1                 .L0 
8020004e 8020004e        0     1                 .L0 
80200056 80200056        0     1                 .L0 
80200056 80200056        0     1                 .L0 
80200058 80200058        0     1                 .L0 
8020005c 8020005c        0     1                 .L0 
8020005c 8020005c        0     1                 .L0 
80200060 80200060        0     1                 .L0 
80200060 80200060        0     1                 .L0 
80200060 80200060        0     1                 .L0 
80200060 80200060        0     1                 .L0 
80200060 80200060        0     1                 .L0 
80200060 80200060       de     1                 map_page
8020006e 8020006e        0     1                 .L0 
80200070 80200070        0     1                 .L0 
80200070 80200070        0     1                 .L0 
80200074 80200074        0     1                 .L0 
80200078 80200078        0     1                 .L0 
80200088 80200088        0     1                 .L0 
8020008a 8020008a        0     1                 .L0 
8020008e 8020008e        0     1                 .L0 
80200090 80200090        0     1                 .L0 
80200090 80200090        0     1                 .L0 
80200090 80200090        0     1                 .L0 
80200096 80200096        0     1                 .L0 
80200098 80200098        0     1                 .L0 
8020009c 8020009c        0     1                 .L0 
802000aa 802000aa        0     1                 .L0 
802000ae 802000ae        0     1                 .L0 
802000b2 802000b2        0     1                 .L0 
802000b4 802000b4        0     1                 .L0 
802000b4 802000b4        0     1                 .L0 
802000b4 802000b4        0     1                 .L0 
802000c0 802000c0        0     1                 .L0 
802000c0 802000c0        0     1                 .L0 
802000c6 802000c6        0     1                 .L0 
802000c6 802000c6        0     1                 .L0 
802000ce 802000ce        0     1                 .L0 
802000ce 802000ce        0     1                 .L0 
802000d0 802000d0        0     1                 .L0 
802000d2 802000d2        0     1                 .L0 
802000da 802000da        0     1                 .L0 
802000de 802000de        0     1                 .L0 
802000e2 802000e2        0     1                 .L0 
802000f4 802000f4        0     1                 .L0 
802000f8 802000f8        0     1                 .L0 
802000fa 802000fa        0     1                 .L0 
802000fa 802000fa        0     1                 .L0 
802000fa 802000fa        0     1                 .L0 
802000fc 802000fc        0     1                 .L0 
802000fc 802000fc        0     1                 .L0 
80200104 80200104        0     1                 .L0 
80200108 80200108        0     1                 .L0 
80200108 80200108        0     1                 .L0 
8020010c 8020010c        0     1                 .L0 
80200116 80200116        0     1                 .L0 
80200116 80200116        0     1                 .L0 
8020011c 8020011c        0     1                 .L0 
80200122 80200122        0     1                 .L0 
8020012c 8020012c        0     1                 .L0 
8020012e 8020012e        0     1                 .L0 
8020013a 8020013a        0     1                 .L0 
8020013e 8020013e        0     1                 .L0 
8020013e 8020013e        0     1                 .L0 
8020013e 8020013e        0     1                 .L0 
8020013e 8020013e        0     1                 .L0 
8020013e 8020013e        0     1                 .L0 
8020013e 8020013e       14     1                 user_entry
80200146 80200146        0     1                 .L0 
80200152 80200152        0     1                 .L0 
80200152 80200152        0     1                 .L0 
80200152 80200152        0     1                 .L0 
80200152 80200152      270     1                 create_process
8020016e 8020016e        0     1                 .L0 
80200170 80200170        0     1                 .L0 
80200170 80200170        0     1                 .L0 
8020017e 8020017e        0     1                 .L0 
8020017e 8020017e        0     1                 .L0 
80200180 80200180        0     1                 .L0 
80200180 80200180        0     1                 .L0 
80200188 80200188        0     1                 .L0 
8020018a 8020018a        0     1                 .L0 
8020018a 8020018a        0     1                 .L0 
80200192 80200192        0     1                 .L0 
80200194 80200194        0     1                 .L0 
80200194 80200194        0     1                 .L0 
8020019c 8020019c        0     1                 .L0 
8020019e 8020019e        0     1                 .L0 
8020019e 8020019e        0     1                 .L0 
802001a6 802001a6        0     1                 .L0 
802001a8 802001a8        0     1                 .L0 
802001a8 802001a8        0     1                 .L0 
802001b0 802001b0        0     1                 .L0 
802001b2 802001b2        0     1                 .L0 
802001b2 802001b2        0     1                 .L0 
802001ba 802001ba        0     1                 .L0 
802001bc 802001bc        0     1                 .L0 
802001bc 802001bc        0     1                 .L0 
802001c4 802001c4        0     1                 .L0 
802001c6 802001c6        0     1                 .L0 
802001c6 802001c6        0     1                 .L0 
802001dc 802001dc        0     1                 .L0 
802001de 802001de        0     1                 .L0 
802001de 802001de        0     1                 .L0 
802001de 802001de        0     1                 .L0 
802001e2 802001e2        0     1                 .L0 
802001e2 802001e2        0     1                 .L0 
802001e8 802001e8        0     1                 .L0 
802001ea 802001ea        0     1                 .L0 
802001ea 802001ea        0     1                 .L0 
802001ea 802001ea        0     1                 .L0 
802001f2 802001f2        0     1                 .L0 
802001f4 802001f4        0     1                 .L0 
802001f4 802001f4        0     1                 .L0 
802001f4 802001f4        0     1                 .L0 
802001fc 802001fc        0     1                 .L0 
802001fe 802001fe        0     1                 .L0 
802001fe 802001fe        0     1                 .L0 
802001fe 802001fe        0     1                 .L0 
80200206 80200206        0     1                 .L0 
80200208 80200208        0     1                 .L0 
80200208 80200208        0     1                 .L0 
80200208 80200208        0     1                 .L0 
80200210 80200210        0     1                 .L0 
80200212 80200212        0     1                 .L0 
80200212 80200212        0     1                 .L0 
80200212 80200212        0     1                 .L0 
8020021a 8020021a        0     1                 .L0 
8020021c 8020021c        0     1                 .L0 
8020021c 8020021c        0     1                 .L0 
8020021c 8020021c        0     1                 .L0 
80200224 80200224        0     1                 .L0 
80200224 80200224        0     1                 .L0 
8020022c 8020022c        0     1                 .L0 
8020022c 8020022c        0     1                 .L0 
8020022e 8020022e        0     1                 .L0 
8020022e 8020022e        0     1                 .L0 
80200238 80200238        0     1                 .L0 
80200238 80200238        0     1                 .L0 
8020023e 8020023e        0     1                 .L0 
8020024a 8020024a        0     1                 .L0 
8020024a 8020024a        0     1                 .L0 
8020024c 8020024c        0     1                 .L0 
80200250 80200250        0     1                 .L0 
80200254 80200254        0     1                 .L0 
80200258 80200258        0     1                 .L0 
8020025c 8020025c        0     1                 .L0 
80200260 80200260        0     1                 .L0 
80200264 80200264        0     1                 .L0 
80200268 80200268        0     1                 .L0 
8020026c 8020026c        0     1                 .L0 
80200270 80200270        0     1                 .L0 
80200278 80200278        0     1                 .L0 
8020027c 8020027c        0     1                 .L0 
80200280 80200280        0     1                 .L0 
80200280 80200280        0     1                 .L0 
80200284 80200284        0     1                 .L0 
80200284 80200284        0     1                 .L0 
80200298 80200298        0     1                 .L0 
8020029a 8020029a        0     1                 .L0 
8020029a 8020029a        0     1                 .L0 
8020029c 8020029c        0     1                 .L0 
802002a8 802002a8        0     1                 .L0 
802002a8 802002a8        0     1                 .L0 
802002b0 802002b0        0     1                 .L0 
802002b0 802002b0        0     1                 .L0 
802002b4 802002b4        0     1                 .L0 
802002b4 802002b4        0     1                 .L0 
802002b4 802002b4        0     1                 .L0 
802002be 802002be        0     1                 .L0 
802002be 802002be        0     1                 .L0 
802002c0 802002c0        0     1                 .L0 
802002c4 802002c4        0     1                 .L0 
802002c4 802002c4        0     1                 .L0 
802002c4 802002c4        0     1                 .L0 
802002c8 802002c8        0     1                 .L0 
802002ce 802002ce        0     1                 .L0 
802002ce 802002ce        0     1                 .L0 
802002d6 802002d6        0     1                 .L0 
802002d6 802002d6        0     1                 .L0 
802002d8 802002d8        0     1                 .L0 
802002de 802002de        0     1                 .L0 
802002e2 802002e2        0     1                 .L0 
802002f6 802002f6        0     1                 .L0 
802002f8 802002f8        0     1                 .L0 
802002f8 802002f8        0     1                 .L0 
80200302 80200302        0     1                 .L0 
80200302 80200302        0     1                 .L0 
80200304 80200304        0     1                 .L0 
8020030e 8020030e        0     1                 .L0 
8020030e 8020030e        0     1                 .L0 
80200316 80200316        0     1                 .L0 
8020031c 8020031c        0     1                 .L0 
8020031c 8020031c        0     1                 .L0 
80200320 80200320        0     1                 .L0 
80200320 80200320        0     1                 .L0 
80200332 80200332        0     1                 .L0 
80200332 80200332        0     1                 .L0 
80200334 80200334        0     1                 .L0 
80200334 80200334        0     1                 .L0 
80200336 80200336        0     1                 .L0 
8020033c 8020033c        0     1                 .L0 
8020033c 8020033c        0     1                 .L0 
80200340 80200340        0     1                 .L0 
80200348 80200348        0     1                 .L0 
80200348 80200348        0     1                 .L0 
8020034a 8020034a        0     1                 .L0 
80200352 80200352        0     1                 .L0 
80200356 80200356        0     1                 .L0 
80200356 80200356        0     1                 .L0 
80200356 80200356        0     1                 .L0 
8020035a 8020035a        0     1                 .L0 
8020035a 8020035a        0     1                 .L0 
80200362 80200362        0     1                 .L0 
80200366 80200366        0     1                 .L0 
8020036e 8020036e        0     1                 .L0 
8020036e 8020036e        0     1                 .L0 
80200370 80200370        0     1                 .L0 
80200370 80200370        0     1                 .L0 
80200374 80200374        0     1                 .L0 
80200374 80200374        0     1                 .L0 
80200378 80200378        0     1                 .L0 
8020037c 8020037c        0     1                 .L0 
80200380 80200380        0     1                 .L0 
80200384 80200384        0     1                 .L0 
80200388 80200388        0     1                 .L0 
8020038c 8020038c        0     1                 .L0 
8020038e 8020038e        0     1                 .L0 
8020039a 8020039a        0     1                 .L0 
8020039c 8020039c        0     1                 .L0 
8020039e 8020039e        0     1                 .L0 
802003a2 802003a2        0     1                 .L0 
802003a8 802003a8        0     1                 .L0 
802003ac 802003ac        0     1                 .L0 
802003ac 802003ac        0     1                 .L0 
802003ac 802003ac        0     1                 .L0 
802003c0 802003c0        0     1                 .L0 
802003c2 802003c2        0     1                 .L0 
802003c2 802003c2        0     1                 .L0 
802003c2 802003c2        0     1                 .L0 
802003c2 802003c2        0     1                 .L0 
802003c2 802003c2        0     1                 .L0 
802003c2 802003c2        0     1                 .L0 
802003c2 802003c2       46     1                 switch_context
80200408 80200408        0     1                 .L0 
80200408 80200408        0     1                 .L0 
80200408 80200408        0     1                 .L0 
80200408 80200408      196     1                 yield
80200410 80200410        0     1                 .L0 
80200410 80200410        0     1                 .L0 
80200414 80200414        0     1                 .L0 
80200414 80200414        0     1                 .L0 
80200422 80200422        0     1                 .L0 
80200434 80200434        0     1                 .L0 
80200434 80200434        0     1                 .L0 
80200436 80200436        0     1                 .L0 
80200436 80200436        0     1                 .L0 
8020043a 8020043a        0     1                 .L0 
8020043a 8020043a        0     1                 .L0 
8020043c 8020043c        0     1                 .L0 
8020043c 8020043c        0     1                 .L0 
80200440 80200440        0     1                 .L0 
80200442 80200442        0     1                 .L0 
80200446 80200446        0     1                 .L0 
80200446 80200446        0     1                 .L0 
8020044e 8020044e        0     1                 .L0 
80200462 80200462        0     1                 .L0 
80200464 80200464        0     1                 .L0 
80200468 80200468        0     1                 .L0 
8020046a 8020046a        0     1                 .L0 
8020046e 8020046e        0     1                 .L0 
8020046e 8020046e        0     1                 .L0 
80200476 80200476        0     1                 .L0 
8020048a 8020048a        0     1                 .L0 
8020048e 8020048e        0     1                 .L0 
80200492 80200492        0     1                 .L0 
80200494 80200494        0     1                 .L0 
80200498 80200498        0     1                 .L0 
80200498 80200498        0     1                 .L0 
802004a0 802004a0        0     1                 .L0 
802004b4 802004b4        0     1                 .L0 
802004b6 802004b6        0     1                 .L0 
802004ba 802004ba        0     1                 .L0 
802004bc 802004bc        0     1                 .L0 
802004c0 802004c0        0     1                 .L0 
802004c0 802004c0        0     1                 .L0 
802004c8 802004c8        0     1                 .L0 
802004dc 802004dc        0     1                 .L0 
802004e0 802004e0        0     1                 .L0 
802004e4 802004e4        0     1                 .L0 
802004e6 802004e6        0     1                 .L0 
802004ea 802004ea        0     1                 .L0 
802004ea 802004ea        0     1                 .L0 
802004f2 802004f2        0     1                 .L0 
80200506 80200506        0     1                 .L0 
80200508 80200508        0     1                 .L0 
8020050c 8020050c        0     1                 .L0 
8020050e 8020050e        0     1                 .L0 
80200512 80200512        0     1                 .L0 
80200512 80200512        0     1                 .L0 
8020051a 8020051a        0     1                 .L0 
8020052e 8020052e        0     1                 .L0 
80200532 80200532        0     1                 .L0 
80200536 80200536        0     1                 .L0 
80200538 80200538        0     1                 .L0 
8020053c 8020053c        0     1                 .L0 
8020053c 8020053c        0     1                 .L0 
80200558 80200558        0     1                 .L0 
8020055c 8020055c        0     1                 .L0 
8020055e 8020055e        0     1                 .L0 
80200562 80200562        0     1                 .L0 
80200562 80200562        0     1                 .L0 
80200564 80200564        0     1                 .L0 
80200564 80200564        0     1                 .L0 
80200568 80200568        0     1                 .L0 
80200570 80200570        0     1                 .L0 
80200572 80200572        0     1                 .L0 
80200574 80200574        0     1                 .L0 
8020057a 8020057a        0     1                 .L0 
8020057c 8020057c        0     1                 .L0 
8020058c 8020058c        0     1                 .L0 
80200590 80200590        0     1                 .L0 
80200590 80200590        0     1                 .L0 
80200592 80200592        0     1                 .L0 
80200592 80200592        0     1                 .L0 
80200596 80200596        0     1                 .L0 
8020059a 8020059a        0     1                 .L0 
8020059a 8020059a        0     1                 .L0 
8020059c 8020059c        0     1                 .L0 
8020059c 8020059c        0     1                 .L0 
8020059e 8020059e        0     1                 .L0 
8020059e 8020059e        0     1                 .L0 
8020059e 8020059e        0     1                 .L0 
8020059e 8020059e        0     1                 .L0 
8020059e 8020059e        0     1                 .L0 
8020059e 8020059e        6     1                 sbi_call
802005a2 802005a2        0     1                 .L0 
802005a2 802005a2        0     1                 .L0 
802005a4 802005a4        0     1                 .L0 
802005a4 802005a4        0     1                 .L0 
802005a4 802005a4        0     1                 .L0 
802005a4 802005a4       14     1                 putchar
802005b6 802005b6        0     1                 .L0 
802005b6 802005b6        0     1                 .L0 
802005b8 802005b8        0     1                 .L0 
802005b8 802005b8        0     1                 .L0 
802005b8 802005b8        0     1                 .L0 
802005b8 802005b8       16     1                 getchar
802005cc 802005cc        0     1                 .L0 
802005cc 802005cc        0     1                 .L0 
802005ce 802005ce        0     1                 .L0 
802005d0 802005d0        0     1                 .L0 
802005d0 802005d0        0     1                 .L0 
802005d0 802005d0        0     1                 .L0 
802005d0 802005d0       96     1                 kernel_entry
80200666 80200666        0     1                 .L0 
80200666 80200666        0     1                 .L0 
80200666 80200666        0     1                 .L0 
80200666 80200666        0     1                 .L0 
80200666 80200666        0     1                 .L0 
80200666 80200666      108     1                 handle_syscall
8020066c 8020066c        0     1                 .L0 
80200688 80200688        0     1                 .L0 
802006a2 802006a2        0     1                 .L0 
802006a2 802006a2        0     1                 .L0 
802006a6 802006a6        0     1                 .L0 
802006b8 802006b8        0     1                 .L0 
802006b8 802006b8        0     1                 .L0 
802006ba 802006ba        0     1                 .L0 
802006ba 802006ba        0     1                 .L0 
802006ba 802006ba        0     1                 .L0 
802006bc 802006bc        0     1                 .L0 
802006bc 802006bc        0     1                 .L0 
802006c0 802006c0        0     1                 .L0 
802006c0 802006c0        0     1                 .L0 
802006c4 802006c4        0     1                 .L0 
802006c6 802006c6        0     1                 .L0 
802006c6 802006c6        0     1                 .L0 
802006c8 802006c8        0     1                 .L0 
802006c8 802006c8        0     1                 .L0 
802006c8 802006c8        0     1                 .L0 
802006c8 802006c8        0     1                 .L0 
802006c8 802006c8        0     1                 .L0 
802006d0 802006d0        0     1                 .L0 
802006d0 802006d0        0     1                 .L0 
802006d2 802006d2        0     1                 .L0 
802006dc 802006dc        0     1                 .L0 
802006dc 802006dc        0     1                 .L0 
802006e2 802006e2        0     1                 .L0 
802006e4 802006e4        0     1                 .L0 
802006e6 802006e6        0     1                 .L0 
802006e6 802006e6        0     1                 .L0 
802006fc 802006fc        0     1                 .L0 
802006fe 802006fe        0     1                 .L0 
802006fe 802006fe        0     1                 .L0 
802006fe 802006fe        0     1                 .L0 
80200700 80200700        0     1                 .L0 
80200714 80200714        0     1                 .L0 
80200714 80200714        0     1                 .L0 
80200718 80200718        0     1                 .L0 
80200718 80200718        0     1                 .L0 
80200718 80200718        0     1                 .L0 
8020071a 8020071a        0     1                 .L0 
8020071a 8020071a        0     1                 .L0 
8020072e 8020072e        0     1                 .L0 
8020072e 8020072e        0     1                 .L0 
80200732 80200732        0     1                 .L0 
80200732 80200732        0     1                 .L0 
80200732 80200732        0     1                 .L0 
8020074e 8020074e        0     1                 .L0 
8020074e 8020074e        0     1                 .L0 
8020074e 8020074e        0     1                 .L0 
80200752 80200752        0     1                 .L0 
80200756 80200756        0     1                 .L0 
80200756 80200756        0     1                 .L0 
80200756 80200756        0     1                 .L0 
8020075a 8020075a        0     1                 .L0 
8020076c 8020076c        0     1                 .L0 
8020076e 8020076e        0     1                 .L0 
8020076e 8020076e        0     1                 .L0 
8020076e 8020076e        0     1                 .L0 
8020076e 8020076e        0     1                 .L0 
8020076e 8020076e        0     1                 .L0 
8020076e 8020076e       42     1                 handle_trap
80200774 80200774        0     1                 .L0 
80200774 80200774        0     1                 .L0 
80200778 80200778        0     1                 .L0 
8020077c 8020077c        0     1                 .L0 
8020077e 8020077e        0     1                 .L0 
80200782 80200782        0     1                 .L0 
80200782 80200782        0     1                 .L0 
80200786 80200786        0     1                 .L0 
80200786 80200786        0     1                 .L0 
80200788 80200788        0     1                 .L0 
80200788 80200788        0     1                 .L0 
8020078a 8020078a        0     1                 .L0 
8020078a 8020078a        0     1                 .L0 
8020078e 8020078e        0     1                 .L0 
80200792 80200792        0     1                 .L0 
80200792 80200792        0     1                 .L0 
80200796 80200796        0     1                 .L0 
80200796 80200796        0     1                 .L0 
80200796 80200796        0     1                 .L0 
8020079a 8020079a        0     1                 .L0 
802007ae 802007ae        0     1                 .L0 
802007b0 802007b0        0     1                 .L0 
802007b0 802007b0        0     1                 .L0 
802007b0 802007b0        0     1                 .L0 
802007b0 802007b0        0     1                 .L0 
802007b0 802007b0        0     1                 .L0 
802007b0 802007b0       10     1                 delay
802007b8 802007b8        0     1                 .L0 
802007ba 802007ba        0     1                 .L0 
802007bc 802007bc        0     1                 .L0 
802007bc 802007bc        0     1                 .L0 
802007be 802007be        0     1                 .L0 
802007be 802007be        0     1                 .L0 
802007c0 802007c0        0     1                 .L0 
802007c0 802007c0        0     1                 .L0 
802007c0 802007c0        0     1                 .L0 
802007c0 802007c0       3a     1                 proc_a_entry
802007c6 802007c6        0     1                 .L0 
802007d0 802007d0        0     1                 .L0 
802007d0 802007d0        0     1                 .L0 
802007d8 802007d8        0     1                 .L0 
802007d8 802007d8        0     1                 .L0 
802007d8 802007d8        0     1                 .L0 
802007ee 802007ee        0     1                 .L0 
802007ee 802007ee        0     1                 .L0 
802007f0 802007f0        0     1                 .L0 
802007f0 802007f0        0     1                 .L0 
802007f2 802007f2        0     1                 .L0 
802007f4 802007f4        0     1                 .L0 
802007f6 802007f6        0     1                 .L0 
802007f6 802007f6        0     1                 .L0 
802007fa 802007fa        0     1                 .L0 
802007fa 802007fa        0     1                 .L0 
802007fa 802007fa        0     1                 .L0 
802007fa 802007fa        0     1                 .L0 
802007fa 802007fa        0     1                 .L0 
802007fa 802007fa       3a     1                 proc_b_entry
80200800 80200800        0     1                 .L0 
8020080a 8020080a        0     1                 .L0 
8020080a 8020080a        0     1                 .L0 
80200812 80200812        0     1                 .L0 
80200812 80200812        0     1                 .L0 
80200812 80200812        0     1                 .L0 
80200828 80200828        0     1                 .L0 
80200828 80200828        0     1                 .L0 
8020082a 8020082a        0     1                 .L0 
8020082a 8020082a        0     1                 .L0 
8020082c 8020082c        0     1                 .L0 
8020082e 8020082e        0     1                 .L0 
80200830 80200830        0     1                 .L0 
80200830 80200830        0     1                 .L0 
80200834 80200834        0     1                 .L0 
80200834 80200834        0     1                 .L0 
80200834 80200834        0     1                 .L0 
80200834 80200834        0     1                 .L0 
80200834 80200834        0     1                 .L0 
80200834 80200834      15e     1                 kernel_main
8020084c 8020084c        0     1                 .L0 
80200862 80200862        0     1                 .L0 
80200862 80200862        0     1                 .L0 
8020086a 8020086a        0     1                 .L0 
8020086e 8020086e        0     1                 .L0 
8020086e 8020086e        0     1                 .L0 
80200870 80200870        0     1                 .L0 
80200870 80200870        0     1                 .L0 
80200872 80200872        0     1                 .L0 
80200878 80200878        0     1                 .L0 
80200878 80200878        0     1                 .L0 
80200884 80200884        0     1                 .L0 
80200888 80200888        0     1                 .L0 
8020088a 8020088a        0     1                 .L0 
8020089c 8020089c        0     1                 .L0 
8020089c 8020089c        0     1                 .L0 
802008b0 802008b0        0     1                 .L0 
802008b0 802008b0        0     1                 .L0 
802008b8 802008b8        0     1                 .L0 
802008b8 802008b8        0     1                 .L0 
802008ba 802008ba        0     1                 .L0 
802008bc 802008bc        0     1                 .L0 
802008c4 802008c4        0     1                 .L0 
802008c8 802008c8        0     1                 .L0 
802008cc 802008cc        0     1                 .L0 
802008e0 802008e0        0     1                 .L0 
802008e2 802008e2        0     1                 .L0 
802008e2 802008e2        0     1                 .L0 
802008ea 802008ea        0     1                 .L0 
802008ea 802008ea        0     1                 .L0 
802008ee 802008ee        0     1                 .L0 
802008ee 802008ee        0     1                 .L0 
802008f0 802008f0        0     1                 .L0 
802008f6 802008f6        0     1                 .L0 
802008fa 802008fa        0     1                 .L0 
802008fa 802008fa        0     1                 .L0 
8020090e 8020090e        0     1                 .L0 
80200910 80200910        0     1                 .L0 
80200910 80200910        0     1                 .L0 
80200918 80200918        0     1                 .L0 
80200918 80200918        0     1                 .L0 
80200924 80200924        0     1                 .L0 
80200924 80200924        0     1                 .L0 
80200930 80200930        0     1                 .L0 
80200930 80200930        0     1                 .L0 
80200938 80200938        0     1                 .L0 
80200938 80200938        0     1                 .L0 
80200944 80200944        0     1                 .L0 
80200944 80200944        0     1                 .L0 
80200950 80200950        0     1                 .L0 
80200950 80200950        0     1                 .L0 
80200958 80200958        0     1                 .L0 
80200958 80200958        0     1                 .L0 
80200964 80200964        0     1                 .L0 
80200964 80200964        0     1                 .L0 
80200978 80200978        0     1                 .L0 
80200978 80200978        0     1                 .L0 
8020097a 8020097a        0     1                 .L0 
8020097a 8020097a        0     1                 .L0 
80200990 80200990        0     1                 .L0 
80200992 80200992        0     1                 .L0 
80200992 80200992        0     1                 .L0 
80200992 80200992      254     2         /var/folders/hw/r5t5ryts3r7fw374z_3h5bmw0000gp/T/common-ec6876.o:(.text)
80200992 80200992        0     1                 .L0 
80200992 80200992        0     1                 .L0 
80200992 80200992        0     1                 $x
80200992 80200992        0     1                 .L0 
80200992 80200992      1a8     1                 printf
802009ae 802009ae        0     1                 .L0 
802009d8 802009d8        0     1                 .L0 
802009e8 802009e8        0     1                 .L0 
802009e8 802009e8        0     1                 .L0 
802009ec 802009ec        0     1                 .L0 
802009ec 802009ec        0     1                 .L0 
802009ee 802009ee        0     1                 .L0 
802009f2 802009f2        0     1                 .L0 
802009fa 802009fa        0     1                 .L0 
802009fa 802009fa        0     1                 .L0 
802009fc 802009fc        0     1                 .L0 
802009fc 802009fc        0     1                 .L0 
802009fe 802009fe        0     1                 .L0 
80200a00 80200a00        0     1                 .L0 
80200a00 80200a00        0     1                 .L0 
80200a06 80200a06        0     1                 .L0 
80200a16 80200a16        0     1                 .L0 
80200a16 80200a16        0     1                 .L0 
80200a22 80200a22        0     1                 .L0 
80200a22 80200a22        0     1                 .L0 
80200a26 80200a26        0     1                 .L0 
80200a26 80200a26        0     1                 .L0 
80200a28 80200a28        0     1                 .L0 
80200a2e 80200a2e        0     1                 .L0 
80200a2e 80200a2e        0     1                 .L0 
80200a36 80200a36        0     1                 .L0 
80200a36 80200a36        0     1                 .L0 
80200a40 80200a40        0     1                 .L0 
80200a40 80200a40        0     1                 .L0 
80200a44 80200a44        0     1                 .L0 
80200a44 80200a44        0     1                 .L0 
80200a46 80200a46        0     1                 .L0 
80200a4a 80200a4a        0     1                 .L0 
80200a4c 80200a4c        0     1                 .L0 
80200a4c 80200a4c        0     1                 .L0 
80200a52 80200a52        0     1                 .L0 
80200a52 80200a52        0     1                 .L0 
80200a54 80200a54        0     1                 .L0 
80200a58 80200a58        0     1                 .L0 
80200a5a 80200a5a        0     1                 .L0 
80200a5a 80200a5a        0     1                 .L0 
80200a60 80200a60        0     1                 .L0 
80200a60 80200a60        0     1                 .L0 
80200a62 80200a62        0     1                 .L0 
80200a66 80200a66        0     1                 .L0 
80200a68 80200a68        0     1                 .L0 
80200a68 80200a68        0     1                 .L0 
80200a6e 80200a6e        0     1                 .L0 
80200a6e 80200a6e        0     1                 .L0 
80200a70 80200a70        0     1                 .L0 
80200a74 80200a74        0     1                 .L0 
80200a76 80200a76        0     1                 .L0 
80200a76 80200a76        0     1                 .L0 
80200a7c 80200a7c        0     1                 .L0 
80200a7c 80200a7c        0     1                 .L0 
80200a7e 80200a7e        0     1                 .L0 
80200a82 80200a82        0     1                 .L0 
80200a84 80200a84        0     1                 .L0 
80200a84 80200a84        0     1                 .L0 
80200a8a 80200a8a        0     1                 .L0 
80200a8a 80200a8a        0     1                 .L0 
80200a8c 80200a8c        0     1                 .L0 
80200a90 80200a90        0     1                 .L0 
80200a92 80200a92        0     1                 .L0 
80200a92 80200a92        0     1                 .L0 
80200a98 80200a98        0     1                 .L0 
80200a98 80200a98        0     1                 .L0 
80200a9a 80200a9a        0     1                 .L0 
80200a9e 80200a9e        0     1                 .L0 
80200aa0 80200aa0        0     1                 .L0 
80200aa0 80200aa0        0     1                 .L0 
80200aa2 80200aa2        0     1                 .L0 
80200aa2 80200aa2        0     1                 .L0 
80200aa4 80200aa4        0     1                 .L0 
80200aa8 80200aa8        0     1                 .L0 
80200aa8 80200aa8        0     1                 .L0 
80200aaa 80200aaa        0     1                 .L0 
80200aaa 80200aaa        0     1                 .L0 
80200aac 80200aac        0     1                 .L0 
80200aae 80200aae        0     1                 .L0 
80200aae 80200aae        0     1                 .L0 
80200aae 80200aae        0     1                 .L0 
80200ab8 80200ab8        0     1                 .L0 
80200abc 80200abc        0     1                 .L0 
80200ac2 80200ac2        0     1                 .L0 
80200ac2 80200ac2        0     1                 .L0 
80200ac2 80200ac2        0     1                 .L0 
80200ac8 80200ac8        0     1                 .L0 
80200ac8 80200ac8        0     1                 .L0 
80200acc 80200acc        0     1                 .L0 
80200ace 80200ace        0     1                 .L0 
80200ad2 80200ad2        0     1                 .L0 
80200ad2 80200ad2        0     1                 .L0 
80200ad2 80200ad2        0     1                 .L0 
80200ad8 80200ad8        0     1                 .L0 
80200ad8 80200ad8        0     1                 .L0 
80200adc 80200adc        0     1                 .L0 
80200ade 80200ade        0     1                 .L0 
80200ae2 80200ae2        0     1                 .L0 
80200ae2 80200ae2        0     1                 .L0 
80200ae2 80200ae2        0     1                 .L0 
80200ae8 80200ae8        0     1                 .L0 
80200aea 80200aea        0     1                 .L0 
80200aee 80200aee        0     1                 .L0 
80200af2 80200af2        0     1                 .L0 
80200af2 80200af2        0     1                 .L0 
80200af2 80200af2        0     1                 .L0 
80200af4 80200af4        0     1                 .L0 
80200af4 80200af4        0     1                 .L0 
80200af8 80200af8        0     1                 .L0 
80200afc 80200afc        0     1                 .L0 
80200b02 80200b02        0     1                 .L0 
80200b02 80200b02        0     1                 .L0 
80200b10 80200b10        0     1                 .L0 
80200b10 80200b10        0     1                 .L0 
80200b16 80200b16        0     1                 .L0 
80200b16 80200b16        0     1                 .L0 
80200b16 80200b16        0     1                 .L0 
80200b1c 80200b1c        0     1                 .L0 
80200b1c 80200b1c        0     1                 .L0 
80200b1c 80200b1c        0     1                 .L0 
80200b20 80200b20        0     1                 .L0 
80200b36 80200b36        0     1                 .L0 
80200b3a 80200b3a        0     1                 .L0 
80200b3a 80200b3a        0     1                 .L0 
80200b3a 80200b3a        0     1                 .L0 
80200b3a 80200b3a        0     1                 .L0 
80200b3a 80200b3a        0     1                 .L0 
80200b3a 80200b3a       1c     1                 memcpy
80200b3e 80200b3e        0     1                 .L0 
80200b3e 80200b3e        0     1                 .L0 
80200b40 80200b40        0     1                 .L0 
80200b4a 80200b4a        0     1                 .L0 
80200b50 80200b50        0     1                 .L0 
80200b50 80200b50        0     1                 .L0 
80200b54 80200b54        0     1                 .L0 
80200b54 80200b54        0     1                 .L0 
80200b56 80200b56        0     1                 .L0 
80200b56 80200b56        0     1                 .L0 
80200b56 80200b56        0     1                 .L0 
80200b56 80200b56       16     1                 memset
80200b5a 80200b5a        0     1                 .L0 
80200b5a 80200b5a        0     1                 .L0 
80200b5c 80200b5c        0     1                 .L0 
80200b60 80200b60        0     1                 .L0 
80200b66 80200b66        0     1                 .L0 
80200b66 80200b66        0     1                 .L0 
80200b6a 80200b6a        0     1                 .L0 
80200b6a 80200b6a        0     1                 .L0 
80200b6c 80200b6c        0     1                 .L0 
80200b6c 80200b6c        0     1                 .L0 
80200b6c 80200b6c        0     1                 .L0 
80200b6c 80200b6c       24     1                 strcpy
80200b72 80200b72        0     1                 .L0 
80200b76 80200b76        0     1                 .L0 
80200b76 80200b76        0     1                 .L0 
80200b78 80200b78        0     1                 .L0 
80200b84 80200b84        0     1                 .L0 
80200b86 80200b86        0     1                 .L0 
80200b88 80200b88        0     1                 .L0 
80200b8a 80200b8a        0     1                 .L0 
80200b8a 80200b8a        0     1                 .L0 
80200b8e 80200b8e        0     1                 .L0 
80200b90 80200b90        0     1                 .L0 
80200b90 80200b90        0     1                 .L0 
80200b90 80200b90        0     1                 .L0 
80200b90 80200b90       24     1                 strcmp
80200b94 80200b94        0     1                 .L0 
80200b96 80200b96        0     1                 .L0 
80200b98 80200b98        0     1                 .L0 
80200b9c 80200b9c        0     1                 .L0 
80200ba0 80200ba0        0     1                 .L0 
80200ba0 80200ba0        0     1                 .L0 
80200ba6 80200ba6        0     1                 .L0 
80200ba8 80200ba8        0     1                 .L0 
80200baa 80200baa        0     1                 .L0 
80200bb2 80200bb2        0     1                 .L0 
80200bb4 80200bb4        0     1                 .L0 
80200bb4 80200bb4        0     1                 .L0 
80200bb4 80200bb4        0     1                 .L0 
80200bb4 80200bb4        a     1                 srand
80200bbc 80200bbc        0     1                 .L0 
80200bbe 80200bbe        0     1                 .L0 
80200bbe 80200bbe        0     1                 .L0 
80200bbe 80200bbe        0     1                 .L0 
80200bbe 80200bbe        0     1                 .L0 
80200bbe 80200bbe        0     1                 .L0 
80200bbe 80200bbe       28     1                 rand
80200bce 80200bce        0     1                 .L0 
80200bd8 80200bd8        0     1                 .L0 
80200bda 80200bda        0     1                 .L0 
80200be0 80200be0        0     1                 .L0 
80200be4 80200be4        0     1                 .L0 
80200be6 80200be6        0     1                 .L0 
80200be6 80200be6        0     1                 .L0 
80200be6 80200be6      322     2         /var/folders/hw/r5t5ryts3r7fw374z_3h5bmw0000gp/T/virtio-605dee.o:(.text)
80200be6 80200be6        0     1                 .L0 
80200be6 80200be6        0     1                 .L0 
80200be6 80200be6        0     1                 $x
80200be6 80200be6        0     1                 .L0 
80200be6 80200be6        a     1                 virtio_reg_read32
80200bee 80200bee        0     1                 .L0 
80200bf0 80200bf0        0     1                 .L0 
80200bf0 80200bf0        0     1                 .L0 
80200bf0 80200bf0        0     1                 .L0 
80200bf0 80200bf0        c     1                 virtio_reg_read64
80200bfa 80200bfa        0     1                 .L0 
80200bfc 80200bfc        0     1                 .L0 
80200bfc 80200bfc        0     1                 .L0 
80200bfc 80200bfc        0     1                 .L0 
80200bfc 80200bfc        a     1                 virtio_reg_write32
80200c04 80200c04        0     1                 .L0 
80200c06 80200c06        0     1                 .L0 
80200c06 80200c06        0     1                 .L0 
80200c06 80200c06        0     1                 .L0 
80200c06 80200c06        e     1                 virtio_reg_fetch_and_or32
80200c10 80200c10        0     1                 .L0 
80200c12 80200c12        0     1                 .L0 
80200c14 80200c14        0     1                 .L0 
80200c14 80200c14        0     1                 .L0 
80200c14 80200c14        0     1                 .L0 
80200c14 80200c14       38     1                 virtq_init
80200c1a 80200c1a        0     1                 .L0 
80200c1c 80200c1c        0     1                 .L0 
80200c22 80200c22        0     1                 .L0 
80200c22 80200c22        0     1                 .L0 
80200c3a 80200c3a        0     1                 .L0 
80200c3c 80200c3c        0     1                 .L0 
80200c3e 80200c3e        0     1                 .L0 
80200c42 80200c42        0     1                 .L0 
80200c44 80200c44        0     1                 .L0 
80200c48 80200c48        0     1                 .L0 
80200c48 80200c48        0     1                 .L0 
80200c4c 80200c4c        0     1                 .L0 
80200c4c 80200c4c        0     1                 .L0 
80200c4c 80200c4c        0     1                 .L0 
80200c4c 80200c4c        0     1                 .L0 
80200c4c 80200c4c        0     1                 .L0 
80200c4c 80200c4c       fc     1                 virtio_blk_init
80200c54 80200c54        0     1                 .L0 
80200c58 80200c58        0     1                 .L0 
80200c62 80200c62        0     1                 .L0 
80200c66 80200c66        0     1                 .L0 
80200c66 80200c66        0     1                 .L0 
80200c6a 80200c6a        0     1                 .L0 
80200c6e 80200c6e        0     1                 .L0 
80200c6e 80200c6e        0     1                 .L0 
80200c72 80200c72        0     1                 .L0 
80200c76 80200c76        0     1                 .L0 
80200c76 80200c76        0     1                 .L0 
80200c7a 80200c7a        0     1                 .L0 
80200c7a 80200c7a        0     1                 .L0 
80200c7c 80200c7c        0     1                 .L0 
80200c80 80200c80        0     1                 .L0 
80200c80 80200c80        0     1                 .L0 
80200c82 80200c82        0     1                 .L0 
80200c82 80200c82        0     1                 .L0 
80200c84 80200c84        0     1                 .L0 
80200c88 80200c88        0     1                 .L0 
80200c88 80200c88        0     1                 .L0 
80200c8a 80200c8a        0     1                 .L0 
80200c8a 80200c8a        0     1                 .L0 
80200c8c 80200c8c        0     1                 .L0 
80200c90 80200c90        0     1                 .L0 
80200c90 80200c90        0     1                 .L0 
80200c92 80200c92        0     1                 .L0 
80200c92 80200c92        0     1                 .L0 
80200c98 80200c98        0     1                 .L0 
80200c98 80200c98        0     1                 .L0 
80200ca2 80200ca2        0     1                 .L0 
80200ca4 80200ca4        0     1                 .L0 
80200ca8 80200ca8        0     1                 .L0 
80200cac 80200cac        0     1                 .L0 
80200cac 80200cac        0     1                 .L0 
80200cb2 80200cb2        0     1                 .L0 
80200cb2 80200cb2        0     1                 .L0 
80200cb6 80200cb6        0     1                 .L0 
80200cb6 80200cb6        0     1                 .L0 
80200cb8 80200cb8        0     1                 .L0 
80200cb8 80200cb8        0     1                 .L0 
80200cbc 80200cbc        0     1                 .L0 
80200cbc 80200cbc        0     1                 .L0 
80200cbe 80200cbe        0     1                 .L0 
80200cbe 80200cbe        0     1                 .L0 
80200cc2 80200cc2        0     1                 .L0 
80200cc2 80200cc2        0     1                 .L0 
80200cc4 80200cc4        0     1                 .L0 
80200cc4 80200cc4        0     1                 .L0 
80200cc8 80200cc8        0     1                 .L0 
80200ccc 80200ccc        0     1                 .L0 
80200cd0 80200cd0        0     1                 .L0 
80200cdc 80200cdc        0     1                 .L0 
80200ce0 80200ce0        0     1                 .L0 
80200cea 80200cea        0     1                 .L0 
80200cea 80200cea        0     1                 .L0 
80200cf0 80200cf0        0     1                 .L0 
80200cf0 80200cf0        0     1                 .L0 
80200cf4 80200cf4        0     1                 .L0 
80200cf6 80200cf6        0     1                 .L0 
80200cfc 80200cfc        0     1                 .L0 
80200d00 80200d00        0     1                 .L0 
80200d00 80200d00        0     1                 .L0 
80200d16 80200d16        0     1                 .L0 
80200d18 80200d18        0     1                 .L0 
80200d18 80200d18        0     1                 .L0 
80200d2e 80200d2e        0     1                 .L0 
80200d30 80200d30        0     1                 .L0 
80200d30 80200d30        0     1                 .L0 
80200d46 80200d46        0     1                 .L0 
80200d48 80200d48        0     1                 .L0 
80200d48 80200d48        0     1                 .L0 
80200d48 80200d48        0     1                 .L0 
80200d48 80200d48        0     1                 .L0 
80200d48 80200d48        0     1                 .L0 
80200d48 80200d48       34     1                 virtq_kick
80200d6a 80200d6a        0     1                 .L0 
80200d6e 80200d6e        0     1                 .L0 
80200d7a 80200d7a        0     1                 .L0 
80200d7c 80200d7c        0     1                 .L0 
80200d7c 80200d7c        0     1                 .L0 
80200d7c 80200d7c        0     1                 .L0 
80200d7c 80200d7c       18     1                 virtq_is_busy
80200d80 80200d80        0     1                 .L0 
80200d92 80200d92        0     1                 .L0 
80200d94 80200d94        0     1                 .L0 
80200d94 80200d94        0     1                 .L0 
80200d94 80200d94        0     1                 .L0 
80200d94 80200d94      174     1                 read_write_disk
80200da0 80200da0        0     1                 .L0 
80200da2 80200da2        0     1                 .L0 
80200da2 80200da2        0     1                 .L0 
80200dae 80200dae        0     1                 .L0 
80200db8 80200db8        0     1                 .L0 
80200dc4 80200dc4        0     1                 .L0 
80200dc6 80200dc6        0     1                 .L0 
80200dea 80200dea        0     1                 .L0 
80200e0a 80200e0a        0     1                 .L0 
80200e0c 80200e0c        0     1                 .L0 
80200e0e 80200e0e        0     1                 .L0 
80200e16 80200e16        0     1                 .L0 
80200e16 80200e16        0     1                 .L0 
80200e1a 80200e1a        0     1                 .L0 
80200e1a 80200e1a        0     1                 .L0 
80200e1a 80200e1a        0     1                 .L0 
80200e1e 80200e1e        0     1                 .L0 
80200e22 80200e22        0     1                 .L0 
80200e26 80200e26        0     1                 .L0 
80200e2c 80200e2c        0     1                 .L0 
80200e2e 80200e2e        0     1                 .L0 
80200e2e 80200e2e        0     1                 .L0 
80200e30 80200e30        0     1                 .L0 
80200e30 80200e30        0     1                 .L0 
80200e30 80200e30        0     1                 .L0 
80200e30 80200e30        0     1                 .L0 
80200e30 80200e30        0     1                 .L0 
80200e32 80200e32        0     1                 .L0 
80200e32 80200e32        0     1                 .L0 
80200e46 80200e46        0     1                 .L0 
80200e46 80200e46        0     1                 .L0 
80200e50 80200e50        0     1                 .L0 
80200e76 80200e76        0     1                 .L0 
80200e7a 80200e7a        0     1                 .L0 
80200e86 80200e86        0     1                 .L0 
80200e8e 80200e8e        0     1                 .L0 
80200ea4 80200ea4        0     1                 .L0 
80200eb8 80200eb8        0     1                 .L0 
80200ebc 80200ebc        0     1                 .L0 
80200ec0 80200ec0        0     1                 .L0 
80200ec6 80200ec6        0     1                 .L0 
80200ec8 80200ec8        0     1                 .L0 
80200eca 80200eca        0     1                 .L0 
80200ed2 80200ed2        0     1                 .L0 
80200ed6 80200ed6        0     1                 .L0 
80200eda 80200eda        0     1                 .L0 
80200edc 80200edc        0     1                 .L0 
80200ede 80200ede        0     1                 .L0 
80200ede 80200ede        0     1                 .L0 
80200ee0 80200ee0        0     1                 .L0 
80200ee0 80200ee0        0     1                 .L0 
80200ee0 80200ee0        0     1                 .L0 
80200ee0 80200ee0        0     1                 .L0 
80200ee0 80200ee0        0     1                 .L0 
80200ee2 80200ee2        0     1                 .L0 
80200ee6 80200ee6        0     1                 .L0 
80200eea 80200eea        0     1                 .L0 
80200eec 80200eec        0     1                 .L0 
80200ef0 80200ef0        0     1                 .L0 
80200ef0 80200ef0        0     1                 .L0 
80200ef4 80200ef4        0     1                 .L0 
80200efa 80200efa        0     1                 .L0 
80200efe 80200efe        0     1                 .L0 
80200f02 80200f02        0     1                 .L0 
80200f06 80200f06        0     1                 .L0 
80200f08 80200f08        0     1                 .L0 
80200f08 80200f08        0     1                 .L0 
80200f08 80200f08        0     1                 .L0 
80200f08 80200f08      2c6     2         /var/folders/hw/r5t5ryts3r7fw374z_3h5bmw0000gp/T/fat16-37fcd0.o:(.text)
80200f08 80200f08        0     1                 .L0 
80200f08 80200f08        0     1                 .L0 
80200f08 80200f08        0     1                 $x
80200f08 80200f08        0     1                 .L0 
80200f08 80200f08       5a     1                 init_fat16_disk
80200f18 80200f18        0     1                 .L0 
80200f1a 80200f1a        0     1                 .L0 
80200f22 80200f22        0     1                 .L0 
80200f26 80200f26        0     1                 .L0 
80200f2c 80200f2c        0     1                 .L0 
80200f2c 80200f2c        0     1                 .L0 
80200f2c 80200f2c        0     1                 .L0 
80200f34 80200f34        0     1                 .L0 
80200f34 80200f34        0     1                 .L0 
80200f36 80200f36        0     1                 .L0 
80200f3a 80200f3a        0     1                 .L0 
80200f3a 80200f3a        0     1                 .L0 
80200f42 80200f42        0     1                 .L0 
80200f42 80200f42        0     1                 .L0 
80200f42 80200f42        0     1                 .L0 
80200f4a 80200f4a        0     1                 .L0 
80200f4a 80200f4a        0     1                 .L0 
80200f4c 80200f4c        0     1                 .L0 
80200f50 80200f50        0     1                 .L0 
80200f50 80200f50        0     1                 .L0 
80200f5c 80200f5c        0     1                 .L0 
80200f62 80200f62        0     1                 .L0 
80200f62 80200f62        0     1                 .L0 
80200f62 80200f62        0     1                 .L0 
80200f62 80200f62        0     1                 .L0 
80200f62 80200f62        0     1                 .L0 
80200f62 80200f62        6     1                 cluster_to_sector
80200f66 80200f66        0     1                 .L0 
80200f66 80200f66        0     1                 .L0 
80200f68 80200f68        0     1                 .L0 
80200f68 80200f68        0     1                 .L0 
80200f68 80200f68        0     1                 .L0 
80200f68 80200f68        c     1                 read_cluster
80200f6e 80200f6e        0     1                 .L0 
80200f6e 80200f6e        0     1                 .L0 
80200f72 80200f72        0     1                 .L0 
80200f74 80200f74        0     1                 .L0 
80200f74 80200f74        0     1                 .L0 
80200f74 80200f74        0     1                 .L0 
80200f74 80200f74        0     1                 .L0 
80200f74 80200f74        0     1                 .L0 
80200f74 80200f74        0     1                 .L0 
80200f74 80200f74        c     1                 write_cluster
80200f78 80200f78        0     1                 .L0 
80200f7c 80200f7c        0     1                 .L0 
80200f7e 80200f7e        0     1                 .L0 
80200f80 80200f80        0     1                 .L0 
80200f80 80200f80        0     1                 .L0 
80200f80 80200f80        0     1                 .L0 
80200f80 80200f80        0     1                 .L0 
80200f80 80200f80        0     1                 .L0 
80200f80 80200f80        0     1                 .L0 
80200f80 80200f80       5a     1                 copy_name_dynamic
80200f8a 80200f8a        0     1                 .L0 
80200f8c 80200f8c        0     1                 .L0 
80200f8e 80200f8e        0     1                 .L0 
80200f94 80200f94        0     1                 .L0 
80200f9c 80200f9c        0     1                 .L0 
80200f9e 80200f9e        0     1                 .L0 
80200fa0 80200fa0        0     1                 .L0 
80200fa6 80200fa6        0     1                 .L0 
80200fa8 80200fa8        0     1                 .L0 
80200faa 80200faa        0     1                 .L0 
80200fac 80200fac        0     1                 .L0 
80200fae 80200fae        0     1                 .L0 
80200fb2 80200fb2        0     1                 .L0 
80200fb2 80200fb2        0     1                 .L0 
80200fba 80200fba        0     1                 .L0 
80200fc6 80200fc6        0     1                 .L0 
80200fca 80200fca        0     1                 .L0 
80200fce 80200fce        0     1                 .L0 
80200fd6 80200fd6        0     1                 .L0 
80200fd6 80200fd6        0     1                 .L0 
80200fda 80200fda        0     1                 .L0 
80200fda 80200fda        0     1                 .L0 
80200fda 80200fda        0     1                 .L0 
80200fda 80200fda        0     1                 .L0 
80200fda 80200fda        0     1                 .L0 
80200fda 80200fda      150     1                 create_file
80200fe2 80200fe2        0     1                 .L0 
80200ff0 80200ff0        0     1                 .L0 
80200ff0 80200ff0        0     1                 .L0 
80200ff4 80200ff4        0     1                 .L0 
80200ff6 80200ff6        0     1                 .L0 
80200ff8 80200ff8        0     1                 .L0 
80201000 80201000        0     1                 .L0 
80201012 80201012        0     1                 .L0 
80201012 80201012        0     1                 .L0 
80201018 80201018        0     1                 .L0 
80201018 80201018        0     1                 .L0 
8020101a 8020101a        0     1                 .L0 
80201020 80201020        0     1                 .L0 
80201020 80201020        0     1                 .L0 
80201022 80201022        0     1                 .L0 
80201022 80201022        0     1                 .L0 
80201024 80201024        0     1                 .L0 
80201024 80201024        0     1                 .L0 
80201028 80201028        0     1                 .L0 
80201030 80201030        0     1                 .L0 
80201034 80201034        0     1                 .L0 
80201038 80201038        0     1                 .L0 
8020103c 8020103c        0     1                 .L0 
80201040 80201040        0     1                 .L0 
80201044 80201044        0     1                 .L0 
80201048 80201048        0     1                 .L0 
8020104c 8020104c        0     1                 .L0 
80201050 80201050        0     1                 .L0 
80201054 80201054        0     1                 .L0 
80201058 80201058        0     1                 .L0 
8020105c 8020105c        0     1                 .L0 
80201060 80201060        0     1                 .L0 
80201064 80201064        0     1                 .L0 
80201068 80201068        0     1                 .L0 
8020106c 8020106c        0     1                 .L0 
80201070 80201070        0     1                 .L0 
80201074 80201074        0     1                 .L0 
80201078 80201078        0     1                 .L0 
8020107c 8020107c        0     1                 .L0 
80201080 80201080        0     1                 .L0 
80201084 80201084        0     1                 .L0 
80201088 80201088        0     1                 .L0 
8020108c 8020108c        0     1                 .L0 
80201090 80201090        0     1                 .L0 
80201094 80201094        0     1                 .L0 
80201098 80201098        0     1                 .L0 
8020109c 8020109c        0     1                 .L0 
802010a0 802010a0        0     1                 .L0 
802010a4 802010a4        0     1                 .L0 
802010a4 802010a4        0     1                 .L0 
802010a6 802010a6        0     1                 .L0 
802010aa 802010aa        0     1                 .L0 
802010aa 802010aa        0     1                 .L0 
802010ac 802010ac        0     1                 .L0 
802010ac 802010ac        0     1                 .L0 
802010ae 802010ae        0     1                 .L0 
802010ae 802010ae        0     1                 .L0 
802010b0 802010b0        0     1                 .L0 
802010b0 802010b0        0     1                 .L0 
802010b2 802010b2        0     1                 .L0 
802010b2 802010b2        0     1                 .L0 
802010b4 802010b4        0     1                 .L0 
802010b4 802010b4        0     1                 .L0 
802010b6 802010b6        0     1                 .L0 
802010b6 802010b6        0     1                 .L0 
802010b8 802010b8        0     1                 .L0 
802010b8 802010b8        0     1                 .L0 
802010ba 802010ba        0     1                 .L0 
802010ba 802010ba        0     1                 .L0 
802010bc 802010bc        0     1                 .L0 
802010bc 802010bc        0     1                 .L0 
802010be 802010be        0     1                 .L0 
802010be 802010be        0     1                 .L0 
802010c0 802010c0        0     1                 .L0 
802010c0 802010c0        0     1                 .L0 
802010c2 802010c2        0     1                 .L0 
802010c2 802010c2        0     1                 .L0 
802010c4 802010c4        0     1                 .L0 
802010c4 802010c4        0     1                 .L0 
802010c6 802010c6        0     1                 .L0 
802010c6 802010c6        0     1                 .L0 
802010c8 802010c8        0     1                 .L0 
802010c8 802010c8        0     1                 .L0 
802010ca 802010ca        0     1                 .L0 
802010ca 802010ca        0     1                 .L0 
802010cc 802010cc        0     1                 .L0 
802010cc 802010cc        0     1                 .L0 
802010ce 802010ce        0     1                 .L0 
802010ce 802010ce        0     1                 .L0 
802010d0 802010d0        0     1                 .L0 
802010d0 802010d0        0     1                 .L0 
802010d2 802010d2        0     1                 .L0 
802010d2 802010d2        0     1                 .L0 
802010d4 802010d4        0     1                 .L0 
802010d4 802010d4        0     1                 .L0 
802010d6 802010d6        0     1                 .L0 
802010d6 802010d6        0     1                 .L0 
802010f2 802010f2        0     1                 .L0 
802010f8 802010f8        0     1                 .L0 
802010fc 802010fc        0     1                 .L0 
802010fc 802010fc        0     1                 .L0 
80201104 80201104        0     1                 .L0 
80201106 80201106        0     1                 .L0 
8020110a 8020110a        0     1                 .L0 
8020110c 8020110c        0     1                 .L0 
80201112 80201112        0     1                 .L0 
80201116 80201116        0     1                 .L0 
80201116 80201116        0     1                 .L0 
8020111e 8020111e        0     1                 .L0 
8020111e 8020111e        0     1                 .L0 
80201120 80201120        0     1                 .L0 
80201120 80201120        0     1                 .L0 
80201120 80201120        0     1                 .L0 
80201124 80201124        0     1                 .L0 
8020112a 8020112a        0     1                 .L0 
8020112a 8020112a        0     1                 .L0 
8020112a 8020112a        0     1                 .L0 
8020112a 8020112a        0     1                 .L0 
8020112a 8020112a        0     1                 .L0 
8020112a 8020112a       a4     1                 list_root_dir
80201134 80201134        0     1                 .L0 
80201134 80201134        0     1                 .L0 
80201152 80201152        0     1                 .L0 
80201152 80201152        0     1                 .L0 
80201152 80201152        0     1                 .L0 
80201154 80201154        0     1                 .L0 
80201158 80201158        0     1                 .L0 
80201158 80201158        0     1                 .L0 
8020115c 8020115c        0     1                 .L0 
8020115e 8020115e        0     1                 .L0 
8020115e 8020115e        0     1                 .L0 
8020116e 8020116e        0     1                 .L0 
80201172 80201172        0     1                 .L0 
80201176 80201176        0     1                 .L0 
8020117a 8020117a        0     1                 .L0 
8020117e 8020117e        0     1                 .L0 
8020117e 8020117e        0     1                 .L0 
8020118e 8020118e        0     1                 .L0 
80201192 80201192        0     1                 .L0 
80201196 80201196        0     1                 .L0 
8020119a 8020119a        0     1                 .L0 
8020119e 8020119e        0     1                 .L0 
8020119e 8020119e        0     1                 .L0 
802011a6 802011a6        0     1                 .L0 
802011a6 802011a6        0     1                 .L0 
802011a8 802011a8        0     1                 .L0 
802011a8 802011a8        0     1                 .L0 
802011ac 802011ac        0     1                 .L0 
802011b0 802011b0        0     1                 .L0 
802011b4 802011b4        0     1                 .L0 
802011b4 802011b4        0     1                 .L0 
802011b8 802011b8        0     1                 .L0 
802011c0 802011c0        0     1                 .L0 
802011c0 802011c0        0     1                 .L0 
802011c2 802011c2        0     1                 .L0 
802011c2 802011c2        0     1                 .L0 
802011c2 802011c2        0     1                 .L0 
802011ca 802011ca        0     1                 .L0 
802011ce 802011ce        0     1                 .L0 
802011ce 802011ce        0     1                 .L0 
802011d0 802011d0      35f     4 .rodata
802011d0 802011d0       14     4         /var/folders/hw/r5t5ryts3r7fw374z_3h5bmw0000gp/T/kernel-424e78.o:(.rodata)
802011d0 802011d0        0     1                 .LJTI10_0
802011d0 802011d0        0     1                 $d
802011e4 802011e4      34b     1         <internal>:(.rodata.str1.1)
80201530 80201530    10598     4 .data
80201530 80201530        4     4         /var/folders/hw/r5t5ryts3r7fw374z_3h5bmw0000gp/T/kernel-424e78.o:(.data)
80201530 80201530        4     1                 alloc_pages.next_paddr
80201530 80201530        0     1                 $d
80201534 80201534        4     4         /var/folders/hw/r5t5ryts3r7fw374z_3h5bmw0000gp/T/common-ec6876.o:(.data)
80201534 80201534        4     1                 next
80201534 80201534        0     1                 $d
80201538 80201538    10590     1         shell.bin.o:(.data)
80201538 80201538        0     1                 _binary_shell_bin_start
80211ac8 80211ac8        0     1                 _binary_shell_bin_end
80211ac8 80211ac8    141e8     8 .bss
80211ac8 80211ac8        0     1         __bss = .
80211ac8 80211ac8    10090     4         /var/folders/hw/r5t5ryts3r7fw374z_3h5bmw0000gp/T/kernel-424e78.o:(.bss)
80211ac8 80211ac8        0     1                 $d
80211ac8 80211ac8    10080     1                 procs
80221b48 80221b48        4     1                 proc_a
80221b4c 80221b4c        4     1                 proc_b
80221b50 80221b50        8     1                 .L_MergedGlobals
80221b50 80221b50        4     1                 idle_proc
80221b54 80221b54        4     1                 current_proc
80221b58 80221b58       18     8         /var/folders/hw/r5t5ryts3r7fw374z_3h5bmw0000gp/T/virtio-605dee.o:(.bss)
80221b58 80221b58       18     1                 .L_MergedGlobals
80221b58 80221b58        0     1                 $d
80221b58 80221b58        4     1                 blk_request_vq
80221b5c 80221b5c        4     1                 blk_req_paddr
80221b60 80221b60        4     1                 blk_req
80221b68 80221b68        8     1                 blk_capacity
80221b70 80221b70     4140     4         /var/folders/hw/r5t5ryts3r7fw374z_3h5bmw0000gp/T/fat16-37fcd0.o:(.bss)
80221b70 80221b70        0     1                 $d
80221b70 80221b70      140     1                 root_dir
80221cb0 80221cb0     4000     1                 fat
80225cb0 80225cb0        0     1         __bss_end = .
80225cb0 80225cb0        0     1 . = ALIGN(4)
80225cb0 80225cb0    20000     1 . += 128 * 1024
80245cb0 80245cb0        0     1 __stack_top = .
80245cb0 80245cb0      350     1 . = ALIGN(4096)
80246000 80246000        0     1 __free_ram = .
80246000 80246000  4000000     1 . += 64 * 1024 * 1024
84246000 84246000        0     1 __free_ram_end = .
       0        0      c24     1 .debug_loclists
       0        0      69a     1         /var/folders/hw/r5t5ryts3r7fw374z_3h5bmw0000gp/T/kernel-424e78.o:(.debug_loclists)
       0        0        0     1                 $d
       c        c        0     1                 .L0 
     69a      69a      1e1     1         /var/folders/hw/r5t5ryts3r7fw374z_3h5bmw0000gp/T/common-ec6876.o:(.debug_loclists)
     69a      69a        0     1                 $d
     6a6      6a6        0     1                 .L0 
     87b      87b      12b     1         /var/folders/hw/r5t5ryts3r7fw374z_3h5bmw0000gp/T/virtio-605dee.o:(.debug_loclists)
     87b      87b        0     1                 $d
     887      887        0     1                 .L0 
     9a6      9a6      27e     1         /var/folders/hw/r5t5ryts3r7fw374z_3h5bmw0000gp/T/fat16-37fcd0.o:(.debug_loclists)
     9a6      9a6        0     1                 $d
     9b2      9b2        0     1                 .L0 
       0        0      874     1 .debug_abbrev
       0        0      319     1         /var/folders/hw/r5t5ryts3r7fw374z_3h5bmw0000gp/T/kernel-424e78.o:(.debug_abbrev)
       0        0        0     1                 $d
     319      319      157     1         /var/folders/hw/r5t5ryts3r7fw374z_3h5bmw0000gp/T/common-ec6876.o:(.debug_abbrev)
     319      319        0     1                 $d
     470      470      1ff     1         /var/folders/hw/r5t5ryts3r7fw374z_3h5bmw0000gp/T/virtio-605dee.o:(.debug_abbrev)
     470      470        0     1                 $d
     66f      66f      205     1         /var/folders/hw/r5t5ryts3r7fw374z_3h5bmw0000gp/T/fat16-37fcd0.o:(.debug_abbrev)
     66f      66f        0     1                 $d
       0        0     1b47     1 .debug_info
       0        0      db4     1         /var/folders/hw/r5t5ryts3r7fw374z_3h5bmw0000gp/T/kernel-424e78.o:(.debug_info)
       0        0        0     1                 $d
     db4      db4      273     1         /var/folders/hw/r5t5ryts3r7fw374z_3h5bmw0000gp/T/common-ec6876.o:(.debug_info)
     db4      db4        0     1                 $d
    1027     1027      76b     1         /var/folders/hw/r5t5ryts3r7fw374z_3h5bmw0000gp/T/virtio-605dee.o:(.debug_info)
    1027     1027        0     1                 $d
    1792     1792      3b5     1         /var/folders/hw/r5t5ryts3r7fw374z_3h5bmw0000gp/T/fat16-37fcd0.o:(.debug_info)
    1792     1792        0     1                 $d
       0        0       ef     1 .debug_rnglists
       0        0       8f     1         /var/folders/hw/r5t5ryts3r7fw374z_3h5bmw0000gp/T/kernel-424e78.o:(.debug_rnglists)
       0        0        0     1                 $d
       c        c        0     1                 .L0 
      8f       8f       1b     1         /var/folders/hw/r5t5ryts3r7fw374z_3h5bmw0000gp/T/common-ec6876.o:(.debug_rnglists)
      8f       8f        0     1                 $d
      9b       9b        0     1                 .L0 
      aa       aa       2a     1         /var/folders/hw/r5t5ryts3r7fw374z_3h5bmw0000gp/T/virtio-605dee.o:(.debug_rnglists)
      aa       aa        0     1                 $d
      b6       b6        0     1                 .L0 
      d4       d4       1b     1         /var/folders/hw/r5t5ryts3r7fw374z_3h5bmw0000gp/T/fat16-37fcd0.o:(.debug_rnglists)
      d4       d4        0     1                 $d
      e0       e0        0     1                 .L0 
       0        0      454     1 .debug_str_offsets
       0        0      1f0     1         /var/folders/hw/r5t5ryts3r7fw374z_3h5bmw0000gp/T/kernel-424e78.o:(.debug_str_offsets)
       0        0        0     1                 $d
       8        8        0     1                 .L0 
     1f0      1f0       ac     1         /var/folders/hw/r5t5ryts3r7fw374z_3h5bmw0000gp/T/common-ec6876.o:(.debug_str_offsets)
     1f0      1f0        0     1                 $d
     1f8      1f8        0     1                 .L0 
     29c      29c      108     1         /var/folders/hw/r5t5ryts3r7fw374z_3h5bmw0000gp/T/virtio-605dee.o:(.debug_str_offsets)
     29c      29c        0     1                 $d
     2a4      2a4        0     1                 .L0 
     3a4      3a4       b0     1         /var/folders/hw/r5t5ryts3r7fw374z_3h5bmw0000gp/T/fat16-37fcd0.o:(.debug_str_offsets)
     3a4      3a4        0     1                 $d
     3ac      3ac        0     1                 .L0 
       0        0      691     1 .debug_str
       0        0      691     1         <internal>:(.debug_str)
       0        0      35c     1 .debug_addr
       0        0      1a8     1         /var/folders/hw/r5t5ryts3r7fw374z_3h5bmw0000gp/T/kernel-424e78.o:(.debug_addr)
       0        0        0     1                 $d
       8        8        0     1                 .L0 
     1a8      1a8       6c     1         /var/folders/hw/r5t5ryts3r7fw374z_3h5bmw0000gp/T/common-ec6876.o:(.debug_addr)
     1a8      1a8        0     1                 $d
     1b0      1b0        0     1                 .L0 
     214      214       d8     1         /var/folders/hw/r5t5ryts3r7fw374z_3h5bmw0000gp/T/virtio-605dee.o:(.debug_addr)
     214      214        0     1                 $d
     21c      21c        0     1                 .L0 
     2ec      2ec       70     1         /var/folders/hw/r5t5ryts3r7fw374z_3h5bmw0000gp/T/fat16-37fcd0.o:(.debug_addr)
     2ec      2ec        0     1                 $d
     2f4      2f4        0     1                 .L0 
       0        0       3b     1 .comment
       0        0       3b     1         <internal>:(.comment)
       0        0       4e     1 .riscv.attributes
       0        0       4e     1         <internal>:(.riscv.attributes)
       0        0      470     4 .debug_frame
       0        0      1d4     4         /var/folders/hw/r5t5ryts3r7fw374z_3h5bmw0000gp/T/kernel-424e78.o:(.debug_frame)
       0        0        0     1                 .L0 
       0        0        0     1                 $d
     1d4      1d4       b8     4         /var/folders/hw/r5t5ryts3r7fw374z_3h5bmw0000gp/T/common-ec6876.o:(.debug_frame)
     1d4      1d4        0     1                 .L0 
     1d4      1d4        0     1                 $d
     28c      28c      10c     4         /var/folders/hw/r5t5ryts3r7fw374z_3h5bmw0000gp/T/virtio-605dee.o:(.debug_frame)
     28c      28c        0     1                 .L0 
     28c      28c        0     1                 $d
     398      398       d8     4         /var/folders/hw/r5t5ryts3r7fw374z_3h5bmw0000gp/T/fat16-37fcd0.o:(.debug_frame)
     398      398        0     1                 .L0 
     398      398        0     1                 $d
       0        0     13f5     1 .debug_line
       0        0      8d7     1         /var/folders/hw/r5t5ryts3r7fw374z_3h5bmw0000gp/T/kernel-424e78.o:(.debug_line)
       0        0        0     1                 .Lline_table_start0
       0        0        0     1                 $d
     8d7      8d7      349     1         /var/folders/hw/r5t5ryts3r7fw374z_3h5bmw0000gp/T/common-ec6876.o:(.debug_line)
     8d7      8d7        0     1                 .Lline_table_start0
     8d7      8d7        0     1                 $d
     c20      c20      3d2     1         /var/folders/hw/r5t5ryts3r7fw374z_3h5bmw0000gp/T/virtio-605dee.o:(.debug_line)
     c20      c20        0     1                 .Lline_table_start0
     c20      c20        0     1                 $d
     ff2      ff2      403     1         /var/folders/hw/r5t5ryts3r7fw374z_3h5bmw0000gp/T/fat16-37fcd0.o:(.debug_line)
     ff2      ff2        0     1                 .Lline_table_start0
     ff2      ff2        0     1                 $d
       0        0      155     1 .debug_line_str
       0        0      155     1         <internal>:(.debug_line_str)
       0        0      820     4 .symtab
       0        0      820     4         <internal>:(.symtab)
       0        0       dc     1 .shstrtab
       0        0       dc     1         <internal>:(.shstrtab)
       0        0      3d2     1 .strtab
       0        0      3d2     1         <internal>:(.strtab)
