     VMA      LMA     Size Align Out     In      Symbol
       0        0 80200000     1 . = 0x80200000
80200000        0        0     1 __kernel_base = .
80200000 80200000     1990     4 .text
80200000 80200000        e     2         /var/folders/hw/r5t5ryts3r7fw374z_3h5bmw0000gp/T/kernel-92b1fa.o:(.text.boot)
80200000 80200000        0     1                 .L0 
80200000 80200000        0     1                 .L0 
80200000 80200000        0     1                 $x
80200000 80200000        0     1                 .L0 
80200000 80200000        e     1                 boot
8020000e 8020000e        0     1                 .L0 
8020000e 8020000e        0     1                 .L0 
80200010 80200010      978     4         /var/folders/hw/r5t5ryts3r7fw374z_3h5bmw0000gp/T/kernel-92b1fa.o:(.text)
80200010 80200010        0     1                 .L0 
80200010 80200010        0     1                 .L0 
80200010 80200010        0     1                 $x
80200010 80200010        0     1                 .L0 
80200010 80200010       50     1                 alloc_pages
80200016 80200016        0     1                 .L0 
80200016 80200016        0     1                 .L0 
8020001e 8020001e        0     1                 .L0 
8020001e 8020001e        0     1                 .L0 
80200022 80200022        0     1                 .L0 
80200026 80200026        0     1                 .L0 
80200026 80200026        0     1                 .L0 
8020002e 8020002e        0     1                 .L0 
80200032 80200032        0     1                 .L0 
80200036 80200036        0     1                 .L0 
8020004c 8020004c        0     1                 .L0 
8020004e 8020004e        0     1                 .L0 
8020004e 8020004e        0     1                 .L0 
80200056 80200056        0     1                 .L0 
80200056 80200056        0     1                 .L0 
80200058 80200058        0     1                 .L0 
8020005c 8020005c        0     1                 .L0 
8020005c 8020005c        0     1                 .L0 
80200060 80200060        0     1                 .L0 
80200060 80200060        0     1                 .L0 
80200060 80200060        0     1                 .L0 
80200060 80200060        0     1                 .L0 
80200060 80200060        0     1                 .L0 
80200060 80200060       de     1                 map_page
8020006e 8020006e        0     1                 .L0 
80200070 80200070        0     1                 .L0 
80200070 80200070        0     1                 .L0 
80200074 80200074        0     1                 .L0 
80200078 80200078        0     1                 .L0 
80200088 80200088        0     1                 .L0 
8020008a 8020008a        0     1                 .L0 
8020008e 8020008e        0     1                 .L0 
80200090 80200090        0     1                 .L0 
80200090 80200090        0     1                 .L0 
80200090 80200090        0     1                 .L0 
80200096 80200096        0     1                 .L0 
80200098 80200098        0     1                 .L0 
8020009c 8020009c        0     1                 .L0 
802000aa 802000aa        0     1                 .L0 
802000ae 802000ae        0     1                 .L0 
802000b2 802000b2        0     1                 .L0 
802000b4 802000b4        0     1                 .L0 
802000b4 802000b4        0     1                 .L0 
802000b4 802000b4        0     1                 .L0 
802000c0 802000c0        0     1                 .L0 
802000c0 802000c0        0     1                 .L0 
802000c6 802000c6        0     1                 .L0 
802000c6 802000c6        0     1                 .L0 
802000ce 802000ce        0     1                 .L0 
802000ce 802000ce        0     1                 .L0 
802000d0 802000d0        0     1                 .L0 
802000d2 802000d2        0     1                 .L0 
802000da 802000da        0     1                 .L0 
802000de 802000de        0     1                 .L0 
802000e2 802000e2        0     1                 .L0 
802000f4 802000f4        0     1                 .L0 
802000f8 802000f8        0     1                 .L0 
802000fa 802000fa        0     1                 .L0 
802000fa 802000fa        0     1                 .L0 
802000fa 802000fa        0     1                 .L0 
802000fc 802000fc        0     1                 .L0 
802000fc 802000fc        0     1                 .L0 
80200104 80200104        0     1                 .L0 
80200108 80200108        0     1                 .L0 
80200108 80200108        0     1                 .L0 
8020010c 8020010c        0     1                 .L0 
80200116 80200116        0     1                 .L0 
80200116 80200116        0     1                 .L0 
8020011c 8020011c        0     1                 .L0 
80200122 80200122        0     1                 .L0 
8020012c 8020012c        0     1                 .L0 
8020012e 8020012e        0     1                 .L0 
8020013a 8020013a        0     1                 .L0 
8020013e 8020013e        0     1                 .L0 
8020013e 8020013e        0     1                 .L0 
8020013e 8020013e        0     1                 .L0 
8020013e 8020013e        0     1                 .L0 
8020013e 8020013e        0     1                 .L0 
8020013e 8020013e       14     1                 user_entry
80200146 80200146        0     1                 .L0 
80200152 80200152        0     1                 .L0 
80200152 80200152        0     1                 .L0 
80200152 80200152        0     1                 .L0 
80200152 80200152      26e     1                 create_process
8020016e 8020016e        0     1                 .L0 
80200170 80200170        0     1                 .L0 
80200170 80200170        0     1                 .L0 
8020017e 8020017e        0     1                 .L0 
8020017e 8020017e        0     1                 .L0 
80200180 80200180        0     1                 .L0 
80200180 80200180        0     1                 .L0 
80200188 80200188        0     1                 .L0 
8020018a 8020018a        0     1                 .L0 
8020018a 8020018a        0     1                 .L0 
80200192 80200192        0     1                 .L0 
80200194 80200194        0     1                 .L0 
80200194 80200194        0     1                 .L0 
8020019c 8020019c        0     1                 .L0 
8020019e 8020019e        0     1                 .L0 
8020019e 8020019e        0     1                 .L0 
802001a6 802001a6        0     1                 .L0 
802001a8 802001a8        0     1                 .L0 
802001a8 802001a8        0     1                 .L0 
802001b0 802001b0        0     1                 .L0 
802001b2 802001b2        0     1                 .L0 
802001b2 802001b2        0     1                 .L0 
802001ba 802001ba        0     1                 .L0 
802001bc 802001bc        0     1                 .L0 
802001bc 802001bc        0     1                 .L0 
802001c4 802001c4        0     1                 .L0 
802001c6 802001c6        0     1                 .L0 
802001c6 802001c6        0     1                 .L0 
802001dc 802001dc        0     1                 .L0 
802001de 802001de        0     1                 .L0 
802001de 802001de        0     1                 .L0 
802001de 802001de        0     1                 .L0 
802001e2 802001e2        0     1                 .L0 
802001e2 802001e2        0     1                 .L0 
802001e8 802001e8        0     1                 .L0 
802001ea 802001ea        0     1                 .L0 
802001ea 802001ea        0     1                 .L0 
802001ea 802001ea        0     1                 .L0 
802001f2 802001f2        0     1                 .L0 
802001f4 802001f4        0     1                 .L0 
802001f4 802001f4        0     1                 .L0 
802001f4 802001f4        0     1                 .L0 
802001fc 802001fc        0     1                 .L0 
802001fe 802001fe        0     1                 .L0 
802001fe 802001fe        0     1                 .L0 
802001fe 802001fe        0     1                 .L0 
80200206 80200206        0     1                 .L0 
80200208 80200208        0     1                 .L0 
80200208 80200208        0     1                 .L0 
80200208 80200208        0     1                 .L0 
80200210 80200210        0     1                 .L0 
80200212 80200212        0     1                 .L0 
80200212 80200212        0     1                 .L0 
80200212 80200212        0     1                 .L0 
8020021a 8020021a        0     1                 .L0 
8020021c 8020021c        0     1                 .L0 
8020021c 8020021c        0     1                 .L0 
8020021c 8020021c        0     1                 .L0 
80200224 80200224        0     1                 .L0 
80200224 80200224        0     1                 .L0 
8020022c 8020022c        0     1                 .L0 
8020022c 8020022c        0     1                 .L0 
8020022e 8020022e        0     1                 .L0 
8020022e 8020022e        0     1                 .L0 
80200238 80200238        0     1                 .L0 
80200238 80200238        0     1                 .L0 
8020023e 8020023e        0     1                 .L0 
8020024a 8020024a        0     1                 .L0 
8020024a 8020024a        0     1                 .L0 
8020024c 8020024c        0     1                 .L0 
80200250 80200250        0     1                 .L0 
80200254 80200254        0     1                 .L0 
80200258 80200258        0     1                 .L0 
8020025c 8020025c        0     1                 .L0 
80200260 80200260        0     1                 .L0 
80200264 80200264        0     1                 .L0 
80200268 80200268        0     1                 .L0 
8020026c 8020026c        0     1                 .L0 
80200270 80200270        0     1                 .L0 
80200278 80200278        0     1                 .L0 
8020027c 8020027c        0     1                 .L0 
80200280 80200280        0     1                 .L0 
80200280 80200280        0     1                 .L0 
80200284 80200284        0     1                 .L0 
80200284 80200284        0     1                 .L0 
80200298 80200298        0     1                 .L0 
8020029a 8020029a        0     1                 .L0 
8020029a 8020029a        0     1                 .L0 
8020029c 8020029c        0     1                 .L0 
802002a8 802002a8        0     1                 .L0 
802002a8 802002a8        0     1                 .L0 
802002b0 802002b0        0     1                 .L0 
802002b0 802002b0        0     1                 .L0 
802002b4 802002b4        0     1                 .L0 
802002b4 802002b4        0     1                 .L0 
802002b4 802002b4        0     1                 .L0 
802002be 802002be        0     1                 .L0 
802002be 802002be        0     1                 .L0 
802002c0 802002c0        0     1                 .L0 
802002c4 802002c4        0     1                 .L0 
802002c4 802002c4        0     1                 .L0 
802002c4 802002c4        0     1                 .L0 
802002c8 802002c8        0     1                 .L0 
802002ce 802002ce        0     1                 .L0 
802002ce 802002ce        0     1                 .L0 
802002d6 802002d6        0     1                 .L0 
802002d6 802002d6        0     1                 .L0 
802002d8 802002d8        0     1                 .L0 
802002de 802002de        0     1                 .L0 
802002e2 802002e2        0     1                 .L0 
802002f6 802002f6        0     1                 .L0 
802002f8 802002f8        0     1                 .L0 
802002f8 802002f8        0     1                 .L0 
80200302 80200302        0     1                 .L0 
80200302 80200302        0     1                 .L0 
80200304 80200304        0     1                 .L0 
8020030e 8020030e        0     1                 .L0 
8020030e 8020030e        0     1                 .L0 
80200316 80200316        0     1                 .L0 
8020031c 8020031c        0     1                 .L0 
8020031c 8020031c        0     1                 .L0 
80200320 80200320        0     1                 .L0 
80200320 80200320        0     1                 .L0 
80200332 80200332        0     1                 .L0 
80200332 80200332        0     1                 .L0 
80200334 80200334        0     1                 .L0 
80200334 80200334        0     1                 .L0 
80200336 80200336        0     1                 .L0 
8020033a 8020033a        0     1                 .L0 
8020033a 8020033a        0     1                 .L0 
8020033e 8020033e        0     1                 .L0 
80200346 80200346        0     1                 .L0 
80200346 80200346        0     1                 .L0 
80200348 80200348        0     1                 .L0 
80200350 80200350        0     1                 .L0 
80200354 80200354        0     1                 .L0 
80200354 80200354        0     1                 .L0 
80200354 80200354        0     1                 .L0 
80200358 80200358        0     1                 .L0 
80200358 80200358        0     1                 .L0 
80200360 80200360        0     1                 .L0 
80200364 80200364        0     1                 .L0 
8020036c 8020036c        0     1                 .L0 
8020036c 8020036c        0     1                 .L0 
8020036e 8020036e        0     1                 .L0 
8020036e 8020036e        0     1                 .L0 
80200372 80200372        0     1                 .L0 
80200372 80200372        0     1                 .L0 
80200376 80200376        0     1                 .L0 
8020037a 8020037a        0     1                 .L0 
8020037e 8020037e        0     1                 .L0 
80200382 80200382        0     1                 .L0 
80200386 80200386        0     1                 .L0 
8020038a 8020038a        0     1                 .L0 
8020038c 8020038c        0     1                 .L0 
80200398 80200398        0     1                 .L0 
8020039a 8020039a        0     1                 .L0 
8020039c 8020039c        0     1                 .L0 
802003a0 802003a0        0     1                 .L0 
802003a6 802003a6        0     1                 .L0 
802003aa 802003aa        0     1                 .L0 
802003aa 802003aa        0     1                 .L0 
802003aa 802003aa        0     1                 .L0 
802003be 802003be        0     1                 .L0 
802003c0 802003c0        0     1                 .L0 
802003c0 802003c0        0     1                 .L0 
802003c0 802003c0        0     1                 .L0 
802003c0 802003c0        0     1                 .L0 
802003c0 802003c0        0     1                 .L0 
802003c0 802003c0        0     1                 .L0 
802003c0 802003c0       46     1                 switch_context
80200406 80200406        0     1                 .L0 
80200406 80200406        0     1                 .L0 
80200406 80200406        0     1                 .L0 
80200406 80200406      196     1                 yield
8020040e 8020040e        0     1                 .L0 
8020040e 8020040e        0     1                 .L0 
80200412 80200412        0     1                 .L0 
80200412 80200412        0     1                 .L0 
80200420 80200420        0     1                 .L0 
80200432 80200432        0     1                 .L0 
80200432 80200432        0     1                 .L0 
80200434 80200434        0     1                 .L0 
80200434 80200434        0     1                 .L0 
80200438 80200438        0     1                 .L0 
80200438 80200438        0     1                 .L0 
8020043a 8020043a        0     1                 .L0 
8020043a 8020043a        0     1                 .L0 
8020043e 8020043e        0     1                 .L0 
80200440 80200440        0     1                 .L0 
80200444 80200444        0     1                 .L0 
80200444 80200444        0     1                 .L0 
8020044c 8020044c        0     1                 .L0 
80200460 80200460        0     1                 .L0 
80200462 80200462        0     1                 .L0 
80200466 80200466        0     1                 .L0 
80200468 80200468        0     1                 .L0 
8020046c 8020046c        0     1                 .L0 
8020046c 8020046c        0     1                 .L0 
80200474 80200474        0     1                 .L0 
80200488 80200488        0     1                 .L0 
8020048c 8020048c        0     1                 .L0 
80200490 80200490        0     1                 .L0 
80200492 80200492        0     1                 .L0 
80200496 80200496        0     1                 .L0 
80200496 80200496        0     1                 .L0 
8020049e 8020049e        0     1                 .L0 
802004b2 802004b2        0     1                 .L0 
802004b4 802004b4        0     1                 .L0 
802004b8 802004b8        0     1                 .L0 
802004ba 802004ba        0     1                 .L0 
802004be 802004be        0     1                 .L0 
802004be 802004be        0     1                 .L0 
802004c6 802004c6        0     1                 .L0 
802004da 802004da        0     1                 .L0 
802004de 802004de        0     1                 .L0 
802004e2 802004e2        0     1                 .L0 
802004e4 802004e4        0     1                 .L0 
802004e8 802004e8        0     1                 .L0 
802004e8 802004e8        0     1                 .L0 
802004f0 802004f0        0     1                 .L0 
80200504 80200504        0     1                 .L0 
80200506 80200506        0     1                 .L0 
8020050a 8020050a        0     1                 .L0 
8020050c 8020050c        0     1                 .L0 
80200510 80200510        0     1                 .L0 
80200510 80200510        0     1                 .L0 
80200518 80200518        0     1                 .L0 
8020052c 8020052c        0     1                 .L0 
80200530 80200530        0     1                 .L0 
80200534 80200534        0     1                 .L0 
80200536 80200536        0     1                 .L0 
8020053a 8020053a        0     1                 .L0 
8020053a 8020053a        0     1                 .L0 
80200556 80200556        0     1                 .L0 
8020055a 8020055a        0     1                 .L0 
8020055c 8020055c        0     1                 .L0 
80200560 80200560        0     1                 .L0 
80200560 80200560        0     1                 .L0 
80200562 80200562        0     1                 .L0 
80200562 80200562        0     1                 .L0 
80200566 80200566        0     1                 .L0 
8020056e 8020056e        0     1                 .L0 
80200570 80200570        0     1                 .L0 
80200572 80200572        0     1                 .L0 
80200578 80200578        0     1                 .L0 
8020057a 8020057a        0     1                 .L0 
8020058a 8020058a        0     1                 .L0 
8020058e 8020058e        0     1                 .L0 
8020058e 8020058e        0     1                 .L0 
80200590 80200590        0     1                 .L0 
80200590 80200590        0     1                 .L0 
80200594 80200594        0     1                 .L0 
80200598 80200598        0     1                 .L0 
80200598 80200598        0     1                 .L0 
8020059a 8020059a        0     1                 .L0 
8020059a 8020059a        0     1                 .L0 
8020059c 8020059c        0     1                 .L0 
8020059c 8020059c        0     1                 .L0 
8020059c 8020059c        0     1                 .L0 
8020059c 8020059c        0     1                 .L0 
8020059c 8020059c        0     1                 .L0 
8020059c 8020059c        6     1                 sbi_call
802005a0 802005a0        0     1                 .L0 
802005a0 802005a0        0     1                 .L0 
802005a2 802005a2        0     1                 .L0 
802005a2 802005a2        0     1                 .L0 
802005a2 802005a2        0     1                 .L0 
802005a2 802005a2       14     1                 putchar
802005b4 802005b4        0     1                 .L0 
802005b4 802005b4        0     1                 .L0 
802005b6 802005b6        0     1                 .L0 
802005b6 802005b6        0     1                 .L0 
802005b6 802005b6        0     1                 .L0 
802005b6 802005b6       16     1                 getchar
802005ca 802005ca        0     1                 .L0 
802005ca 802005ca        0     1                 .L0 
802005cc 802005cc        0     1                 .L0 
802005cc 802005cc        0     1                 .L0 
802005cc 802005cc        0     1                 .L0 
802005cc 802005cc        0     1                 .L0 
802005cc 802005cc       96     1                 kernel_entry
80200662 80200662        0     1                 .L0 
80200662 80200662        0     1                 .L0 
80200662 80200662        0     1                 .L0 
80200662 80200662        0     1                 .L0 
80200662 80200662        0     1                 .L0 
80200662 80200662      10e     1                 handle_syscall
80200668 80200668        0     1                 .L0 
80200684 80200684        0     1                 .L0 
8020069e 8020069e        0     1                 .L0 
8020069e 8020069e        0     1                 .L0 
802006a2 802006a2        0     1                 .L0 
802006b4 802006b4        0     1                 .L0 
802006b4 802006b4        0     1                 .L0 
802006b6 802006b6        0     1                 .L0 
802006b6 802006b6        0     1                 .L0 
802006b6 802006b6        0     1                 .L0 
802006b8 802006b8        0     1                 .L0 
802006b8 802006b8        0     1                 .L0 
802006bc 802006bc        0     1                 .L0 
802006bc 802006bc        0     1                 .L0 
802006be 802006be        0     1                 .L0 
802006be 802006be        0     1                 .L0 
802006be 802006be        0     1                 .L0 
802006c6 802006c6        0     1                 .L0 
802006c6 802006c6        0     1                 .L0 
802006c8 802006c8        0     1                 .L0 
802006d2 802006d2        0     1                 .L0 
802006d2 802006d2        0     1                 .L0 
802006d8 802006d8        0     1                 .L0 
802006da 802006da        0     1                 .L0 
802006dc 802006dc        0     1                 .L0 
802006dc 802006dc        0     1                 .L0 
802006f2 802006f2        0     1                 .L0 
802006f4 802006f4        0     1                 .L0 
802006f4 802006f4        0     1                 .L0 
802006f4 802006f4        0     1                 .L0 
802006f6 802006f6        0     1                 .L0 
8020070a 8020070a        0     1                 .L0 
8020070a 8020070a        0     1                 .L0 
8020070e 8020070e        0     1                 .L0 
8020070e 8020070e        0     1                 .L0 
8020070e 8020070e        0     1                 .L0 
80200710 80200710        0     1                 .L0 
80200710 80200710        0     1                 .L0 
80200724 80200724        0     1                 .L0 
80200724 80200724        0     1                 .L0 
80200728 80200728        0     1                 .L0 
80200728 80200728        0     1                 .L0 
80200728 80200728        0     1                 .L0 
80200744 80200744        0     1                 .L0 
80200744 80200744        0     1                 .L0 
80200744 80200744        0     1                 .L0 
80200748 80200748        0     1                 .L0 
8020074c 8020074c        0     1                 .L0 
8020074c 8020074c        0     1                 .L0 
8020074c 8020074c        0     1                 .L0 
8020074c 8020074c        0     1                 .L0 
80200750 80200750        0     1                 .L0 
80200750 80200750        0     1                 .L0 
80200750 80200750        0     1                 .L0 
80200754 80200754        0     1                 .L0 
80200756 80200756        0     1                 .L0 
80200756 80200756        0     1                 .L0 
80200758 80200758        0     1                 .L0 
80200758 80200758        0     1                 .L0 
80200758 80200758        0     1                 .L0 
80200758 80200758        0     1                 .L0 
8020075c 8020075c        0     1                 .L0 
8020076e 8020076e        0     1                 .L0 
80200770 80200770        0     1                 .L0 
80200770 80200770        0     1                 .L0 
80200770 80200770        0     1                 .L0 
80200770 80200770        0     1                 .L0 
80200770 80200770        0     1                 .L0 
80200770 80200770       42     1                 handle_trap
80200776 80200776        0     1                 .L0 
80200776 80200776        0     1                 .L0 
8020077a 8020077a        0     1                 .L0 
8020077e 8020077e        0     1                 .L0 
80200780 80200780        0     1                 .L0 
80200784 80200784        0     1                 .L0 
80200784 80200784        0     1                 .L0 
80200788 80200788        0     1                 .L0 
80200788 80200788        0     1                 .L0 
8020078a 8020078a        0     1                 .L0 
8020078a 8020078a        0     1                 .L0 
8020078c 8020078c        0     1                 .L0 
8020078c 8020078c        0     1                 .L0 
80200790 80200790        0     1                 .L0 
80200794 80200794        0     1                 .L0 
80200794 80200794        0     1                 .L0 
80200798 80200798        0     1                 .L0 
80200798 80200798        0     1                 .L0 
80200798 80200798        0     1                 .L0 
8020079c 8020079c        0     1                 .L0 
802007b0 802007b0        0     1                 .L0 
802007b2 802007b2        0     1                 .L0 
802007b2 802007b2        0     1                 .L0 
802007b2 802007b2        0     1                 .L0 
802007b2 802007b2        0     1                 .L0 
802007b2 802007b2        0     1                 .L0 
802007b2 802007b2       10     1                 delay
802007ba 802007ba        0     1                 .L0 
802007bc 802007bc        0     1                 .L0 
802007be 802007be        0     1                 .L0 
802007be 802007be        0     1                 .L0 
802007c0 802007c0        0     1                 .L0 
802007c0 802007c0        0     1                 .L0 
802007c2 802007c2        0     1                 .L0 
802007c2 802007c2        0     1                 .L0 
802007c2 802007c2        0     1                 .L0 
802007c2 802007c2       3a     1                 proc_a_entry
802007c8 802007c8        0     1                 .L0 
802007d2 802007d2        0     1                 .L0 
802007d2 802007d2        0     1                 .L0 
802007da 802007da        0     1                 .L0 
802007da 802007da        0     1                 .L0 
802007da 802007da        0     1                 .L0 
802007f0 802007f0        0     1                 .L0 
802007f0 802007f0        0     1                 .L0 
802007f2 802007f2        0     1                 .L0 
802007f2 802007f2        0     1                 .L0 
802007f4 802007f4        0     1                 .L0 
802007f6 802007f6        0     1                 .L0 
802007f8 802007f8        0     1                 .L0 
802007f8 802007f8        0     1                 .L0 
802007fc 802007fc        0     1                 .L0 
802007fc 802007fc        0     1                 .L0 
802007fc 802007fc        0     1                 .L0 
802007fc 802007fc        0     1                 .L0 
802007fc 802007fc        0     1                 .L0 
802007fc 802007fc       3a     1                 proc_b_entry
80200802 80200802        0     1                 .L0 
8020080c 8020080c        0     1                 .L0 
8020080c 8020080c        0     1                 .L0 
80200814 80200814        0     1                 .L0 
80200814 80200814        0     1                 .L0 
80200814 80200814        0     1                 .L0 
8020082a 8020082a        0     1                 .L0 
8020082a 8020082a        0     1                 .L0 
8020082c 8020082c        0     1                 .L0 
8020082c 8020082c        0     1                 .L0 
8020082e 8020082e        0     1                 .L0 
80200830 80200830        0     1                 .L0 
80200832 80200832        0     1                 .L0 
80200832 80200832        0     1                 .L0 
80200836 80200836        0     1                 .L0 
80200836 80200836        0     1                 .L0 
80200836 80200836        0     1                 .L0 
80200836 80200836        0     1                 .L0 
80200836 80200836        0     1                 .L0 
80200836 80200836      152     1                 kernel_main
8020084e 8020084e        0     1                 .L0 
80200864 80200864        0     1                 .L0 
80200864 80200864        0     1                 .L0 
8020086c 8020086c        0     1                 .L0 
80200870 80200870        0     1                 .L0 
80200870 80200870        0     1                 .L0 
80200872 80200872        0     1                 .L0 
80200872 80200872        0     1                 .L0 
80200874 80200874        0     1                 .L0 
8020087a 8020087a        0     1                 .L0 
8020087a 8020087a        0     1                 .L0 
80200886 80200886        0     1                 .L0 
8020088a 8020088a        0     1                 .L0 
8020088c 8020088c        0     1                 .L0 
8020089e 8020089e        0     1                 .L0 
8020089e 8020089e        0     1                 .L0 
802008b2 802008b2        0     1                 .L0 
802008b2 802008b2        0     1                 .L0 
802008ba 802008ba        0     1                 .L0 
802008ba 802008ba        0     1                 .L0 
802008bc 802008bc        0     1                 .L0 
802008be 802008be        0     1                 .L0 
802008c6 802008c6        0     1                 .L0 
802008ca 802008ca        0     1                 .L0 
802008ce 802008ce        0     1                 .L0 
802008e2 802008e2        0     1                 .L0 
802008e4 802008e4        0     1                 .L0 
802008e4 802008e4        0     1                 .L0 
802008ec 802008ec        0     1                 .L0 
802008ec 802008ec        0     1                 .L0 
802008f0 802008f0        0     1                 .L0 
802008f0 802008f0        0     1                 .L0 
802008f2 802008f2        0     1                 .L0 
802008f8 802008f8        0     1                 .L0 
802008fc 802008fc        0     1                 .L0 
802008fc 802008fc        0     1                 .L0 
80200910 80200910        0     1                 .L0 
80200912 80200912        0     1                 .L0 
80200912 80200912        0     1                 .L0 
8020091a 8020091a        0     1                 .L0 
8020091a 8020091a        0     1                 .L0 
80200926 80200926        0     1                 .L0 
80200926 80200926        0     1                 .L0 
80200932 80200932        0     1                 .L0 
80200932 80200932        0     1                 .L0 
8020093a 8020093a        0     1                 .L0 
8020093a 8020093a        0     1                 .L0 
80200946 80200946        0     1                 .L0 
80200946 80200946        0     1                 .L0 
8020095a 8020095a        0     1                 .L0 
8020095a 8020095a        0     1                 .L0 
8020096e 8020096e        0     1                 .L0 
8020096e 8020096e        0     1                 .L0 
80200970 80200970        0     1                 .L0 
80200970 80200970        0     1                 .L0 
80200986 80200986        0     1                 .L0 
80200988 80200988        0     1                 .L0 
80200988 80200988        0     1                 .L0 
80200988 80200988      276     2         /var/folders/hw/r5t5ryts3r7fw374z_3h5bmw0000gp/T/common-f13934.o:(.text)
80200988 80200988        0     1                 .L0 
80200988 80200988        0     1                 .L0 
80200988 80200988        0     1                 $x
80200988 80200988        0     1                 .L0 
80200988 80200988      1a8     1                 printf
802009a4 802009a4        0     1                 .L0 
802009ce 802009ce        0     1                 .L0 
802009de 802009de        0     1                 .L0 
802009de 802009de        0     1                 .L0 
802009e2 802009e2        0     1                 .L0 
802009e2 802009e2        0     1                 .L0 
802009e4 802009e4        0     1                 .L0 
802009e8 802009e8        0     1                 .L0 
802009f0 802009f0        0     1                 .L0 
802009f0 802009f0        0     1                 .L0 
802009f2 802009f2        0     1                 .L0 
802009f2 802009f2        0     1                 .L0 
802009f4 802009f4        0     1                 .L0 
802009f6 802009f6        0     1                 .L0 
802009f6 802009f6        0     1                 .L0 
802009fc 802009fc        0     1                 .L0 
80200a0c 80200a0c        0     1                 .L0 
80200a0c 80200a0c        0     1                 .L0 
80200a18 80200a18        0     1                 .L0 
80200a18 80200a18        0     1                 .L0 
80200a1c 80200a1c        0     1                 .L0 
80200a1c 80200a1c        0     1                 .L0 
80200a1e 80200a1e        0     1                 .L0 
80200a24 80200a24        0     1                 .L0 
80200a24 80200a24        0     1                 .L0 
80200a2c 80200a2c        0     1                 .L0 
80200a2c 80200a2c        0     1                 .L0 
80200a36 80200a36        0     1                 .L0 
80200a36 80200a36        0     1                 .L0 
80200a3a 80200a3a        0     1                 .L0 
80200a3a 80200a3a        0     1                 .L0 
80200a3c 80200a3c        0     1                 .L0 
80200a40 80200a40        0     1                 .L0 
80200a42 80200a42        0     1                 .L0 
80200a42 80200a42        0     1                 .L0 
80200a48 80200a48        0     1                 .L0 
80200a48 80200a48        0     1                 .L0 
80200a4a 80200a4a        0     1                 .L0 
80200a4e 80200a4e        0     1                 .L0 
80200a50 80200a50        0     1                 .L0 
80200a50 80200a50        0     1                 .L0 
80200a56 80200a56        0     1                 .L0 
80200a56 80200a56        0     1                 .L0 
80200a58 80200a58        0     1                 .L0 
80200a5c 80200a5c        0     1                 .L0 
80200a5e 80200a5e        0     1                 .L0 
80200a5e 80200a5e        0     1                 .L0 
80200a64 80200a64        0     1                 .L0 
80200a64 80200a64        0     1                 .L0 
80200a66 80200a66        0     1                 .L0 
80200a6a 80200a6a        0     1                 .L0 
80200a6c 80200a6c        0     1                 .L0 
80200a6c 80200a6c        0     1                 .L0 
80200a72 80200a72        0     1                 .L0 
80200a72 80200a72        0     1                 .L0 
80200a74 80200a74        0     1                 .L0 
80200a78 80200a78        0     1                 .L0 
80200a7a 80200a7a        0     1                 .L0 
80200a7a 80200a7a        0     1                 .L0 
80200a80 80200a80        0     1                 .L0 
80200a80 80200a80        0     1                 .L0 
80200a82 80200a82        0     1                 .L0 
80200a86 80200a86        0     1                 .L0 
80200a88 80200a88        0     1                 .L0 
80200a88 80200a88        0     1                 .L0 
80200a8e 80200a8e        0     1                 .L0 
80200a8e 80200a8e        0     1                 .L0 
80200a90 80200a90        0     1                 .L0 
80200a94 80200a94        0     1                 .L0 
80200a96 80200a96        0     1                 .L0 
80200a96 80200a96        0     1                 .L0 
80200a98 80200a98        0     1                 .L0 
80200a98 80200a98        0     1                 .L0 
80200a9a 80200a9a        0     1                 .L0 
80200a9e 80200a9e        0     1                 .L0 
80200a9e 80200a9e        0     1                 .L0 
80200aa0 80200aa0        0     1                 .L0 
80200aa0 80200aa0        0     1                 .L0 
80200aa2 80200aa2        0     1                 .L0 
80200aa4 80200aa4        0     1                 .L0 
80200aa4 80200aa4        0     1                 .L0 
80200aa4 80200aa4        0     1                 .L0 
80200aae 80200aae        0     1                 .L0 
80200ab2 80200ab2        0     1                 .L0 
80200ab8 80200ab8        0     1                 .L0 
80200ab8 80200ab8        0     1                 .L0 
80200ab8 80200ab8        0     1                 .L0 
80200abe 80200abe        0     1                 .L0 
80200abe 80200abe        0     1                 .L0 
80200ac2 80200ac2        0     1                 .L0 
80200ac4 80200ac4        0     1                 .L0 
80200ac8 80200ac8        0     1                 .L0 
80200ac8 80200ac8        0     1                 .L0 
80200ac8 80200ac8        0     1                 .L0 
80200ace 80200ace        0     1                 .L0 
80200ace 80200ace        0     1                 .L0 
80200ad2 80200ad2        0     1                 .L0 
80200ad4 80200ad4        0     1                 .L0 
80200ad8 80200ad8        0     1                 .L0 
80200ad8 80200ad8        0     1                 .L0 
80200ad8 80200ad8        0     1                 .L0 
80200ade 80200ade        0     1                 .L0 
80200ae0 80200ae0        0     1                 .L0 
80200ae4 80200ae4        0     1                 .L0 
80200ae8 80200ae8        0     1                 .L0 
80200ae8 80200ae8        0     1                 .L0 
80200ae8 80200ae8        0     1                 .L0 
80200aea 80200aea        0     1                 .L0 
80200aea 80200aea        0     1                 .L0 
80200aee 80200aee        0     1                 .L0 
80200af2 80200af2        0     1                 .L0 
80200af8 80200af8        0     1                 .L0 
80200af8 80200af8        0     1                 .L0 
80200b06 80200b06        0     1                 .L0 
80200b06 80200b06        0     1                 .L0 
80200b0c 80200b0c        0     1                 .L0 
80200b0c 80200b0c        0     1                 .L0 
80200b0c 80200b0c        0     1                 .L0 
80200b12 80200b12        0     1                 .L0 
80200b12 80200b12        0     1                 .L0 
80200b12 80200b12        0     1                 .L0 
80200b16 80200b16        0     1                 .L0 
80200b2c 80200b2c        0     1                 .L0 
80200b30 80200b30        0     1                 .L0 
80200b30 80200b30        0     1                 .L0 
80200b30 80200b30        0     1                 .L0 
80200b30 80200b30        0     1                 .L0 
80200b30 80200b30        0     1                 .L0 
80200b30 80200b30       1c     1                 memcpy
80200b34 80200b34        0     1                 .L0 
80200b34 80200b34        0     1                 .L0 
80200b36 80200b36        0     1                 .L0 
80200b40 80200b40        0     1                 .L0 
80200b46 80200b46        0     1                 .L0 
80200b46 80200b46        0     1                 .L0 
80200b4a 80200b4a        0     1                 .L0 
80200b4a 80200b4a        0     1                 .L0 
80200b4c 80200b4c        0     1                 .L0 
80200b4c 80200b4c        0     1                 .L0 
80200b4c 80200b4c        0     1                 .L0 
80200b4c 80200b4c       16     1                 memset
80200b50 80200b50        0     1                 .L0 
80200b50 80200b50        0     1                 .L0 
80200b52 80200b52        0     1                 .L0 
80200b56 80200b56        0     1                 .L0 
80200b5c 80200b5c        0     1                 .L0 
80200b5c 80200b5c        0     1                 .L0 
80200b60 80200b60        0     1                 .L0 
80200b60 80200b60        0     1                 .L0 
80200b62 80200b62        0     1                 .L0 
80200b62 80200b62        0     1                 .L0 
80200b62 80200b62        0     1                 .L0 
80200b62 80200b62       24     1                 strcpy
80200b68 80200b68        0     1                 .L0 
80200b6c 80200b6c        0     1                 .L0 
80200b6c 80200b6c        0     1                 .L0 
80200b6e 80200b6e        0     1                 .L0 
80200b7a 80200b7a        0     1                 .L0 
80200b7c 80200b7c        0     1                 .L0 
80200b7e 80200b7e        0     1                 .L0 
80200b80 80200b80        0     1                 .L0 
80200b80 80200b80        0     1                 .L0 
80200b84 80200b84        0     1                 .L0 
80200b86 80200b86        0     1                 .L0 
80200b86 80200b86        0     1                 .L0 
80200b86 80200b86        0     1                 .L0 
80200b86 80200b86       24     1                 strcmp
80200b8a 80200b8a        0     1                 .L0 
80200b8c 80200b8c        0     1                 .L0 
80200b8e 80200b8e        0     1                 .L0 
80200b92 80200b92        0     1                 .L0 
80200b96 80200b96        0     1                 .L0 
80200b96 80200b96        0     1                 .L0 
80200b9c 80200b9c        0     1                 .L0 
80200b9e 80200b9e        0     1                 .L0 
80200ba0 80200ba0        0     1                 .L0 
80200ba8 80200ba8        0     1                 .L0 
80200baa 80200baa        0     1                 .L0 
80200baa 80200baa        0     1                 .L0 
80200baa 80200baa        0     1                 .L0 
80200baa 80200baa       22     1                 strncmp
80200bac 80200bac        0     1                 .L0 
80200bac 80200bac        0     1                 .L0 
80200bb4 80200bb4        0     1                 .L0 
80200bb4 80200bb4        0     1                 .L0 
80200bba 80200bba        0     1                 .L0 
80200bba 80200bba        0     1                 .L0 
80200bc0 80200bc0        0     1                 .L0 
80200bc2 80200bc2        0     1                 .L0 
80200bc2 80200bc2        0     1                 .L0 
80200bc6 80200bc6        0     1                 .L0 
80200bca 80200bca        0     1                 .L0 
80200bca 80200bca        0     1                 .L0 
80200bcc 80200bcc        0     1                 .L0 
80200bcc 80200bcc        0     1                 .L0 
80200bcc 80200bcc        0     1                 .L0 
80200bcc 80200bcc        0     1                 .L0 
80200bcc 80200bcc        a     1                 srand
80200bd4 80200bd4        0     1                 .L0 
80200bd6 80200bd6        0     1                 .L0 
80200bd6 80200bd6        0     1                 .L0 
80200bd6 80200bd6        0     1                 .L0 
80200bd6 80200bd6        0     1                 .L0 
80200bd6 80200bd6        0     1                 .L0 
80200bd6 80200bd6       28     1                 rand
80200be6 80200be6        0     1                 .L0 
80200bf0 80200bf0        0     1                 .L0 
80200bf2 80200bf2        0     1                 .L0 
80200bf8 80200bf8        0     1                 .L0 
80200bfc 80200bfc        0     1                 .L0 
80200bfe 80200bfe        0     1                 .L0 
80200bfe 80200bfe        0     1                 .L0 
80200bfe 80200bfe      322     2         /var/folders/hw/r5t5ryts3r7fw374z_3h5bmw0000gp/T/virtio-c60ff9.o:(.text)
80200bfe 80200bfe        0     1                 .L0 
80200bfe 80200bfe        0     1                 .L0 
80200bfe 80200bfe        0     1                 $x
80200bfe 80200bfe        0     1                 .L0 
80200bfe 80200bfe        a     1                 virtio_reg_read32
80200c06 80200c06        0     1                 .L0 
80200c08 80200c08        0     1                 .L0 
80200c08 80200c08        0     1                 .L0 
80200c08 80200c08        0     1                 .L0 
80200c08 80200c08        c     1                 virtio_reg_read64
80200c12 80200c12        0     1                 .L0 
80200c14 80200c14        0     1                 .L0 
80200c14 80200c14        0     1                 .L0 
80200c14 80200c14        0     1                 .L0 
80200c14 80200c14        a     1                 virtio_reg_write32
80200c1c 80200c1c        0     1                 .L0 
80200c1e 80200c1e        0     1                 .L0 
80200c1e 80200c1e        0     1                 .L0 
80200c1e 80200c1e        0     1                 .L0 
80200c1e 80200c1e        e     1                 virtio_reg_fetch_and_or32
80200c28 80200c28        0     1                 .L0 
80200c2a 80200c2a        0     1                 .L0 
80200c2c 80200c2c        0     1                 .L0 
80200c2c 80200c2c        0     1                 .L0 
80200c2c 80200c2c        0     1                 .L0 
80200c2c 80200c2c       38     1                 virtq_init
80200c32 80200c32        0     1                 .L0 
80200c34 80200c34        0     1                 .L0 
80200c3a 80200c3a        0     1                 .L0 
80200c3a 80200c3a        0     1                 .L0 
80200c52 80200c52        0     1                 .L0 
80200c54 80200c54        0     1                 .L0 
80200c56 80200c56        0     1                 .L0 
80200c5a 80200c5a        0     1                 .L0 
80200c5c 80200c5c        0     1                 .L0 
80200c60 80200c60        0     1                 .L0 
80200c60 80200c60        0     1                 .L0 
80200c64 80200c64        0     1                 .L0 
80200c64 80200c64        0     1                 .L0 
80200c64 80200c64        0     1                 .L0 
80200c64 80200c64        0     1                 .L0 
80200c64 80200c64        0     1                 .L0 
80200c64 80200c64       fc     1                 virtio_blk_init
80200c6c 80200c6c        0     1                 .L0 
80200c70 80200c70        0     1                 .L0 
80200c7a 80200c7a        0     1                 .L0 
80200c7e 80200c7e        0     1                 .L0 
80200c7e 80200c7e        0     1                 .L0 
80200c82 80200c82        0     1                 .L0 
80200c86 80200c86        0     1                 .L0 
80200c86 80200c86        0     1                 .L0 
80200c8a 80200c8a        0     1                 .L0 
80200c8e 80200c8e        0     1                 .L0 
80200c8e 80200c8e        0     1                 .L0 
80200c92 80200c92        0     1                 .L0 
80200c92 80200c92        0     1                 .L0 
80200c94 80200c94        0     1                 .L0 
80200c98 80200c98        0     1                 .L0 
80200c98 80200c98        0     1                 .L0 
80200c9a 80200c9a        0     1                 .L0 
80200c9a 80200c9a        0     1                 .L0 
80200c9c 80200c9c        0     1                 .L0 
80200ca0 80200ca0        0     1                 .L0 
80200ca0 80200ca0        0     1                 .L0 
80200ca2 80200ca2        0     1                 .L0 
80200ca2 80200ca2        0     1                 .L0 
80200ca4 80200ca4        0     1                 .L0 
80200ca8 80200ca8        0     1                 .L0 
80200ca8 80200ca8        0     1                 .L0 
80200caa 80200caa        0     1                 .L0 
80200caa 80200caa        0     1                 .L0 
80200cb0 80200cb0        0     1                 .L0 
80200cb0 80200cb0        0     1                 .L0 
80200cba 80200cba        0     1                 .L0 
80200cbc 80200cbc        0     1                 .L0 
80200cc0 80200cc0        0     1                 .L0 
80200cc4 80200cc4        0     1                 .L0 
80200cc4 80200cc4        0     1                 .L0 
80200cca 80200cca        0     1                 .L0 
80200cca 80200cca        0     1                 .L0 
80200cce 80200cce        0     1                 .L0 
80200cce 80200cce        0     1                 .L0 
80200cd0 80200cd0        0     1                 .L0 
80200cd0 80200cd0        0     1                 .L0 
80200cd4 80200cd4        0     1                 .L0 
80200cd4 80200cd4        0     1                 .L0 
80200cd6 80200cd6        0     1                 .L0 
80200cd6 80200cd6        0     1                 .L0 
80200cda 80200cda        0     1                 .L0 
80200cda 80200cda        0     1                 .L0 
80200cdc 80200cdc        0     1                 .L0 
80200cdc 80200cdc        0     1                 .L0 
80200ce0 80200ce0        0     1                 .L0 
80200ce4 80200ce4        0     1                 .L0 
80200ce8 80200ce8        0     1                 .L0 
80200cf4 80200cf4        0     1                 .L0 
80200cf8 80200cf8        0     1                 .L0 
80200d02 80200d02        0     1                 .L0 
80200d02 80200d02        0     1                 .L0 
80200d08 80200d08        0     1                 .L0 
80200d08 80200d08        0     1                 .L0 
80200d0c 80200d0c        0     1                 .L0 
80200d0e 80200d0e        0     1                 .L0 
80200d14 80200d14        0     1                 .L0 
80200d18 80200d18        0     1                 .L0 
80200d18 80200d18        0     1                 .L0 
80200d2e 80200d2e        0     1                 .L0 
80200d30 80200d30        0     1                 .L0 
80200d30 80200d30        0     1                 .L0 
80200d46 80200d46        0     1                 .L0 
80200d48 80200d48        0     1                 .L0 
80200d48 80200d48        0     1                 .L0 
80200d5e 80200d5e        0     1                 .L0 
80200d60 80200d60        0     1                 .L0 
80200d60 80200d60        0     1                 .L0 
80200d60 80200d60        0     1                 .L0 
80200d60 80200d60        0     1                 .L0 
80200d60 80200d60        0     1                 .L0 
80200d60 80200d60       34     1                 virtq_kick
80200d82 80200d82        0     1                 .L0 
80200d86 80200d86        0     1                 .L0 
80200d92 80200d92        0     1                 .L0 
80200d94 80200d94        0     1                 .L0 
80200d94 80200d94        0     1                 .L0 
80200d94 80200d94        0     1                 .L0 
80200d94 80200d94       18     1                 virtq_is_busy
80200d98 80200d98        0     1                 .L0 
80200daa 80200daa        0     1                 .L0 
80200dac 80200dac        0     1                 .L0 
80200dac 80200dac        0     1                 .L0 
80200dac 80200dac        0     1                 .L0 
80200dac 80200dac      174     1                 read_write_disk
80200db8 80200db8        0     1                 .L0 
80200dba 80200dba        0     1                 .L0 
80200dba 80200dba        0     1                 .L0 
80200dc6 80200dc6        0     1                 .L0 
80200dd0 80200dd0        0     1                 .L0 
80200ddc 80200ddc        0     1                 .L0 
80200dde 80200dde        0     1                 .L0 
80200e02 80200e02        0     1                 .L0 
80200e22 80200e22        0     1                 .L0 
80200e24 80200e24        0     1                 .L0 
80200e26 80200e26        0     1                 .L0 
80200e2e 80200e2e        0     1                 .L0 
80200e2e 80200e2e        0     1                 .L0 
80200e32 80200e32        0     1                 .L0 
80200e32 80200e32        0     1                 .L0 
80200e32 80200e32        0     1                 .L0 
80200e36 80200e36        0     1                 .L0 
80200e3a 80200e3a        0     1                 .L0 
80200e3e 80200e3e        0     1                 .L0 
80200e44 80200e44        0     1                 .L0 
80200e46 80200e46        0     1                 .L0 
80200e46 80200e46        0     1                 .L0 
80200e48 80200e48        0     1                 .L0 
80200e48 80200e48        0     1                 .L0 
80200e48 80200e48        0     1                 .L0 
80200e48 80200e48        0     1                 .L0 
80200e48 80200e48        0     1                 .L0 
80200e4a 80200e4a        0     1                 .L0 
80200e4a 80200e4a        0     1                 .L0 
80200e5e 80200e5e        0     1                 .L0 
80200e5e 80200e5e        0     1                 .L0 
80200e68 80200e68        0     1                 .L0 
80200e8e 80200e8e        0     1                 .L0 
80200e92 80200e92        0     1                 .L0 
80200e9e 80200e9e        0     1                 .L0 
80200ea6 80200ea6        0     1                 .L0 
80200ebc 80200ebc        0     1                 .L0 
80200ed0 80200ed0        0     1                 .L0 
80200ed4 80200ed4        0     1                 .L0 
80200ed8 80200ed8        0     1                 .L0 
80200ede 80200ede        0     1                 .L0 
80200ee0 80200ee0        0     1                 .L0 
80200ee2 80200ee2        0     1                 .L0 
80200eea 80200eea        0     1                 .L0 
80200eee 80200eee        0     1                 .L0 
80200ef2 80200ef2        0     1                 .L0 
80200ef4 80200ef4        0     1                 .L0 
80200ef6 80200ef6        0     1                 .L0 
80200ef6 80200ef6        0     1                 .L0 
80200ef8 80200ef8        0     1                 .L0 
80200ef8 80200ef8        0     1                 .L0 
80200ef8 80200ef8        0     1                 .L0 
80200ef8 80200ef8        0     1                 .L0 
80200ef8 80200ef8        0     1                 .L0 
80200efa 80200efa        0     1                 .L0 
80200efe 80200efe        0     1                 .L0 
80200f02 80200f02        0     1                 .L0 
80200f04 80200f04        0     1                 .L0 
80200f08 80200f08        0     1                 .L0 
80200f08 80200f08        0     1                 .L0 
80200f0c 80200f0c        0     1                 .L0 
80200f12 80200f12        0     1                 .L0 
80200f16 80200f16        0     1                 .L0 
80200f1a 80200f1a        0     1                 .L0 
80200f1e 80200f1e        0     1                 .L0 
80200f20 80200f20        0     1                 .L0 
80200f20 80200f20        0     1                 .L0 
80200f20 80200f20        0     1                 .L0 
80200f20 80200f20      a70     2         /var/folders/hw/r5t5ryts3r7fw374z_3h5bmw0000gp/T/fat16-1d22e1.o:(.text)
80200f20 80200f20        0     1                 .L0 
80200f20 80200f20        0     1                 .L0 
80200f20 80200f20        0     1                 $x
80200f20 80200f20        0     1                 .L0 
80200f20 80200f20       5a     1                 init_fat16_disk
80200f30 80200f30        0     1                 .L0 
80200f32 80200f32        0     1                 .L0 
80200f3a 80200f3a        0     1                 .L0 
80200f3e 80200f3e        0     1                 .L0 
80200f44 80200f44        0     1                 .L0 
80200f44 80200f44        0     1                 .L0 
80200f44 80200f44        0     1                 .L0 
80200f4c 80200f4c        0     1                 .L0 
80200f4c 80200f4c        0     1                 .L0 
80200f4e 80200f4e        0     1                 .L0 
80200f52 80200f52        0     1                 .L0 
80200f52 80200f52        0     1                 .L0 
80200f5a 80200f5a        0     1                 .L0 
80200f5a 80200f5a        0     1                 .L0 
80200f5a 80200f5a        0     1                 .L0 
80200f62 80200f62        0     1                 .L0 
80200f62 80200f62        0     1                 .L0 
80200f64 80200f64        0     1                 .L0 
80200f68 80200f68        0     1                 .L0 
80200f68 80200f68        0     1                 .L0 
80200f74 80200f74        0     1                 .L0 
80200f7a 80200f7a        0     1                 .L0 
80200f7a 80200f7a        0     1                 .L0 
80200f7a 80200f7a        0     1                 .L0 
80200f7a 80200f7a        0     1                 .L0 
80200f7a 80200f7a        0     1                 .L0 
80200f7a 80200f7a        c     1                 read_cluster
80200f80 80200f80        0     1                 .L0 
80200f80 80200f80        0     1                 .L0 
80200f84 80200f84        0     1                 .L0 
80200f86 80200f86        0     1                 .L0 
80200f86 80200f86        0     1                 .L0 
80200f86 80200f86        0     1                 .L0 
80200f86 80200f86        0     1                 .L0 
80200f86 80200f86        0     1                 .L0 
80200f86 80200f86        0     1                 .L0 
80200f86 80200f86        c     1                 write_cluster
80200f8a 80200f8a        0     1                 .L0 
80200f8e 80200f8e        0     1                 .L0 
80200f90 80200f90        0     1                 .L0 
80200f92 80200f92        0     1                 .L0 
80200f92 80200f92        0     1                 .L0 
80200f92 80200f92        0     1                 .L0 
80200f92 80200f92        0     1                 .L0 
80200f92 80200f92        0     1                 .L0 
80200f92 80200f92        0     1                 .L0 
80200f92 80200f92      470     1                 create_file
80200fca 80200fca        0     1                 .L0 
80200fcc 80200fcc        0     1                 .L0 
80200fce 80200fce        0     1                 .L0 
80200fd0 80200fd0        0     1                 .L0 
80200fd0 80200fd0        0     1                 .L0 
80200fdc 80200fdc        0     1                 .L0 
80200fdc 80200fdc        0     1                 .L0 
80200fea 80200fea        0     1                 .L0 
80200fea 80200fea        0     1                 .L0 
80200fea 80200fea        0     1                 .L0 
80200ff2 80200ff2        0     1                 .L0 
80200ff2 80200ff2        0     1                 .L0 
80200ff4 80200ff4        0     1                 .L0 
80200ff8 80200ff8        0     1                 .L0 
80200ffc 80200ffc        0     1                 .L0 
80200ffc 80200ffc        0     1                 .L0 
8020100c 8020100c        0     1                 .L0 
8020100c 8020100c        0     1                 .L0 
8020100c 8020100c        0     1                 .L0 
80201014 80201014        0     1                 .L0 
80201014 80201014        0     1                 .L0 
80201016 80201016        0     1                 .L0 
8020101a 8020101a        0     1                 .L0 
8020101e 8020101e        0     1                 .L0 
8020101e 8020101e        0     1                 .L0 
80201028 80201028        0     1                 .L0 
8020102c 8020102c        0     1                 .L0 
80201030 80201030        0     1                 .L0 
80201034 80201034        0     1                 .L0 
80201034 80201034        0     1                 .L0 
80201042 80201042        0     1                 .L0 
80201046 80201046        0     1                 .L0 
8020104a 8020104a        0     1                 .L0 
8020104e 8020104e        0     1                 .L0 
8020104e 8020104e        0     1                 .L0 
80201054 80201054        0     1                 .L0 
80201058 80201058        0     1                 .L0 
8020105c 8020105c        0     1                 .L0 
80201060 80201060        0     1                 .L0 
80201060 80201060        0     1                 .L0 
80201066 80201066        0     1                 .L0 
8020106a 8020106a        0     1                 .L0 
8020106e 8020106e        0     1                 .L0 
80201072 80201072        0     1                 .L0 
80201072 80201072        0     1                 .L0 
80201078 80201078        0     1                 .L0 
8020107a 8020107a        0     1                 .L0 
8020107e 8020107e        0     1                 .L0 
80201082 80201082        0     1                 .L0 
80201082 80201082        0     1                 .L0 
80201088 80201088        0     1                 .L0 
8020108a 8020108a        0     1                 .L0 
8020108e 8020108e        0     1                 .L0 
80201092 80201092        0     1                 .L0 
80201092 80201092        0     1                 .L0 
80201098 80201098        0     1                 .L0 
8020109a 8020109a        0     1                 .L0 
8020109e 8020109e        0     1                 .L0 
802010a2 802010a2        0     1                 .L0 
802010a2 802010a2        0     1                 .L0 
802010a8 802010a8        0     1                 .L0 
802010aa 802010aa        0     1                 .L0 
802010ae 802010ae        0     1                 .L0 
802010b2 802010b2        0     1                 .L0 
802010b2 802010b2        0     1                 .L0 
802010b8 802010b8        0     1                 .L0 
802010ba 802010ba        0     1                 .L0 
802010be 802010be        0     1                 .L0 
802010c2 802010c2        0     1                 .L0 
802010c2 802010c2        0     1                 .L0 
802010c8 802010c8        0     1                 .L0 
802010ca 802010ca        0     1                 .L0 
802010d0 802010d0        0     1                 .L0 
802010d2 802010d2        0     1                 .L0 
802010d6 802010d6        0     1                 .L0 
802010d6 802010d6        0     1                 .L0 
802010da 802010da        0     1                 .L0 
802010dc 802010dc        0     1                 .L0 
802010e4 802010e4        0     1                 .L0 
802010e8 802010e8        0     1                 .L0 
802010e8 802010e8        0     1                 .L0 
802010ec 802010ec        0     1                 .L0 
802010ee 802010ee        0     1                 .L0 
802010f6 802010f6        0     1                 .L0 
802010fa 802010fa        0     1                 .L0 
802010fa 802010fa        0     1                 .L0 
802010fe 802010fe        0     1                 .L0 
80201100 80201100        0     1                 .L0 
80201108 80201108        0     1                 .L0 
8020110c 8020110c        0     1                 .L0 
8020110c 8020110c        0     1                 .L0 
80201110 80201110        0     1                 .L0 
80201112 80201112        0     1                 .L0 
8020111a 8020111a        0     1                 .L0 
8020111e 8020111e        0     1                 .L0 
8020111e 8020111e        0     1                 .L0 
80201122 80201122        0     1                 .L0 
80201124 80201124        0     1                 .L0 
8020112c 8020112c        0     1                 .L0 
80201130 80201130        0     1                 .L0 
80201130 80201130        0     1                 .L0 
80201134 80201134        0     1                 .L0 
80201136 80201136        0     1                 .L0 
8020113e 8020113e        0     1                 .L0 
80201142 80201142        0     1                 .L0 
80201142 80201142        0     1                 .L0 
8020114c 8020114c        0     1                 .L0 
8020114c 8020114c        0     1                 .L0 
8020114c 8020114c        0     1                 .L0 
8020114e 8020114e        0     1                 .L0 
80201152 80201152        0     1                 .L0 
80201152 80201152        0     1                 .L0 
80201156 80201156        0     1                 .L0 
80201156 80201156        0     1                 .L0 
80201158 80201158        0     1                 .L0 
80201158 80201158        0     1                 .L0 
80201158 80201158        0     1                 .L0 
8020115c 8020115c        0     1                 .L0 
8020115e 8020115e        0     1                 .L0 
8020115e 8020115e        0     1                 .L0 
8020115e 8020115e        0     1                 .L0 
80201162 80201162        0     1                 .L0 
80201164 80201164        0     1                 .L0 
80201164 80201164        0     1                 .L0 
80201164 80201164        0     1                 .L0 
80201168 80201168        0     1                 .L0 
8020116a 8020116a        0     1                 .L0 
8020116a 8020116a        0     1                 .L0 
8020116a 8020116a        0     1                 .L0 
8020116e 8020116e        0     1                 .L0 
80201170 80201170        0     1                 .L0 
80201170 80201170        0     1                 .L0 
80201170 80201170        0     1                 .L0 
80201174 80201174        0     1                 .L0 
80201186 80201186        0     1                 .L0 
80201188 80201188        0     1                 .L0 
80201188 80201188        0     1                 .L0 
8020118e 8020118e        0     1                 .L0 
80201190 80201190        0     1                 .L0 
8020119a 8020119a        0     1                 .L0 
8020119a 8020119a        0     1                 .L0 
802011a4 802011a4        0     1                 .L0 
802011a4 802011a4        0     1                 .L0 
802011a4 802011a4        0     1                 .L0 
802011b2 802011b2        0     1                 .L0 
802011b2 802011b2        0     1                 .L0 
802011bc 802011bc        0     1                 .L0 
802011bc 802011bc        0     1                 .L0 
802011c0 802011c0        0     1                 .L0 
802011ca 802011ca        0     1                 .L0 
802011ca 802011ca        0     1                 .L0 
802011d0 802011d0        0     1                 .L0 
802011d2 802011d2        0     1                 .L0 
802011d6 802011d6        0     1                 .L0 
802011da 802011da        0     1                 .L0 
802011de 802011de        0     1                 .L0 
802011e4 802011e4        0     1                 .L0 
802011e6 802011e6        0     1                 .L0 
802011ea 802011ea        0     1                 .L0 
802011ee 802011ee        0     1                 .L0 
802011f2 802011f2        0     1                 .L0 
802011f8 802011f8        0     1                 .L0 
802011fa 802011fa        0     1                 .L0 
802011fe 802011fe        0     1                 .L0 
80201202 80201202        0     1                 .L0 
80201206 80201206        0     1                 .L0 
8020120c 8020120c        0     1                 .L0 
8020120e 8020120e        0     1                 .L0 
80201212 80201212        0     1                 .L0 
80201216 80201216        0     1                 .L0 
8020121a 8020121a        0     1                 .L0 
80201220 80201220        0     1                 .L0 
80201222 80201222        0     1                 .L0 
80201226 80201226        0     1                 .L0 
8020122a 8020122a        0     1                 .L0 
8020122e 8020122e        0     1                 .L0 
80201234 80201234        0     1                 .L0 
80201236 80201236        0     1                 .L0 
8020123a 8020123a        0     1                 .L0 
8020123e 8020123e        0     1                 .L0 
80201242 80201242        0     1                 .L0 
80201248 80201248        0     1                 .L0 
8020124a 8020124a        0     1                 .L0 
8020124e 8020124e        0     1                 .L0 
80201252 80201252        0     1                 .L0 
80201256 80201256        0     1                 .L0 
8020125c 8020125c        0     1                 .L0 
8020125e 8020125e        0     1                 .L0 
80201262 80201262        0     1                 .L0 
80201266 80201266        0     1                 .L0 
8020126a 8020126a        0     1                 .L0 
80201270 80201270        0     1                 .L0 
80201274 80201274        0     1                 .L0 
80201278 80201278        0     1                 .L0 
8020127a 8020127a        0     1                 .L0 
8020127e 8020127e        0     1                 .L0 
80201280 80201280        0     1                 .L0 
80201284 80201284        0     1                 .L0 
80201288 80201288        0     1                 .L0 
8020128a 8020128a        0     1                 .L0 
8020128e 8020128e        0     1                 .L0 
80201292 80201292        0     1                 .L0 
80201294 80201294        0     1                 .L0 
80201298 80201298        0     1                 .L0 
802012c0 802012c0        0     1                 .L0 
802012c0 802012c0        0     1                 .L0 
802012c4 802012c4        0     1                 .L0 
802012c6 802012c6        0     1                 .L0 
802012d8 802012d8        0     1                 .L0 
802012da 802012da        0     1                 .L0 
802012da 802012da        0     1                 .L0 
802012de 802012de        0     1                 .L0 
802012de 802012de        0     1                 .L0 
802012de 802012de        0     1                 .L0 
802012e2 802012e2        0     1                 .L0 
802012e2 802012e2        0     1                 .L0 
802012e4 802012e4        0     1                 .L0 
802012e8 802012e8        0     1                 .L0 
802012ee 802012ee        0     1                 .L0 
802012ee 802012ee        0     1                 .L0 
802012f0 802012f0        0     1                 .L0 
802012f4 802012f4        0     1                 .L0 
802012f4 802012f4        0     1                 .L0 
802012f8 802012f8        0     1                 .L0 
802012fc 802012fc        0     1                 .L0 
80201300 80201300        0     1                 .L0 
80201300 80201300        0     1                 .L0 
80201300 80201300        0     1                 .L0 
80201306 80201306        0     1                 .L0 
8020130a 8020130a        0     1                 .L0 
80201310 80201310        0     1                 .L0 
80201310 80201310        0     1                 .L0 
80201314 80201314        0     1                 .L0 
80201318 80201318        0     1                 .L0 
8020131c 8020131c        0     1                 .L0 
80201320 80201320        0     1                 .L0 
80201322 80201322        0     1                 .L0 
8020132a 8020132a        0     1                 .L0 
80201330 80201330        0     1                 .L0 
80201342 80201342        0     1                 .L0 
80201344 80201344        0     1                 .L0 
80201344 80201344        0     1                 .L0 
8020134a 8020134a        0     1                 .L0 
8020134a 8020134a        0     1                 .L0 
8020134a 8020134a        0     1                 .L0 
80201352 80201352        0     1                 .L0 
80201352 80201352        0     1                 .L0 
80201358 80201358        0     1                 .L0 
80201358 80201358        0     1                 .L0 
80201358 80201358        0     1                 .L0 
80201360 80201360        0     1                 .L0 
80201360 80201360        0     1                 .L0 
80201360 80201360        0     1                 .L0 
80201364 80201364        0     1                 .L0 
80201366 80201366        0     1                 .L0 
80201368 80201368        0     1                 .L0 
80201368 80201368        0     1                 .L0 
80201368 80201368        0     1                 .L0 
8020136e 8020136e        0     1                 .L0 
80201372 80201372        0     1                 .L0 
80201372 80201372        0     1                 .L0 
80201376 80201376        0     1                 .L0 
80201376 80201376        0     1                 .L0 
8020137e 8020137e        0     1                 .L0 
8020137e 8020137e        0     1                 .L0 
8020137e 8020137e        0     1                 .L0 
80201388 80201388        0     1                 .L0 
80201388 80201388        0     1                 .L0 
80201390 80201390        0     1                 .L0 
80201390 80201390        0     1                 .L0 
80201392 80201392        0     1                 .L0 
80201396 80201396        0     1                 .L0 
8020139a 8020139a        0     1                 .L0 
8020139a 8020139a        0     1                 .L0 
802013a2 802013a2        0     1                 .L0 
802013a2 802013a2        0     1                 .L0 
802013a2 802013a2        0     1                 .L0 
802013aa 802013aa        0     1                 .L0 
802013aa 802013aa        0     1                 .L0 
802013ac 802013ac        0     1                 .L0 
802013b0 802013b0        0     1                 .L0 
802013b4 802013b4        0     1                 .L0 
802013b4 802013b4        0     1                 .L0 
802013c6 802013c6        0     1                 .L0 
802013c6 802013c6        0     1                 .L0 
802013c8 802013c8        0     1                 .L0 
802013c8 802013c8        0     1                 .L0 
802013c8 802013c8        0     1                 .L0 
802013fc 802013fc        0     1                 .L0 
80201402 80201402        0     1                 .L0 
80201402 80201402        0     1                 .L0 
80201402 80201402        0     1                 .L0 
80201402 80201402        0     1                 .L0 
80201402 80201402        0     1                 .L0 
80201402 80201402       9c     1                 read_file
80201422 80201422        0     1                 .L0 
80201424 80201424        0     1                 .L0 
80201426 80201426        0     1                 .L0 
80201428 80201428        0     1                 .L0 
80201432 80201432        0     1                 .L0 
80201434 80201434        0     1                 .L0 
80201436 80201436        0     1                 .L0 
80201436 80201436        0     1                 .L0 
80201438 80201438        0     1                 .L0 
8020143a 8020143a        0     1                 .L0 
80201446 80201446        0     1                 .L0 
80201446 80201446        0     1                 .L0 
80201446 80201446        0     1                 .L0 
8020144a 8020144a        0     1                 .L0 
80201450 80201450        0     1                 .L0 
80201450 80201450        0     1                 .L0 
80201454 80201454        0     1                 .L0 
80201456 80201456        0     1                 .L0 
80201456 80201456        0     1                 .L0 
8020145a 8020145a        0     1                 .L0 
8020145e 8020145e        0     1                 .L0 
8020145e 8020145e        0     1                 .L0 
80201468 80201468        0     1                 .L0 
80201468 80201468        0     1                 .L0 
8020146a 8020146a        0     1                 .L0 
80201470 80201470        0     1                 .L0 
80201470 80201470        0     1                 .L0 
80201474 80201474        0     1                 .L0 
80201474 80201474        0     1                 .L0 
80201476 80201476        0     1                 .L0 
80201478 80201478        0     1                 .L0 
80201478 80201478        0     1                 .L0 
8020147a 8020147a        0     1                 .L0 
8020147a 8020147a        0     1                 .L0 
8020147a 8020147a        0     1                 .L0 
8020147c 8020147c        0     1                 .L0 
8020147c 8020147c        0     1                 .L0 
80201498 80201498        0     1                 .L0 
8020149e 8020149e        0     1                 .L0 
8020149e 8020149e        0     1                 .L0 
8020149e 8020149e        0     1                 .L0 
8020149e 8020149e        0     1                 .L0 
8020149e 8020149e        0     1                 .L0 
8020149e 8020149e      202     1                 list_root_dir
802014b6 802014b6        0     1                 .L0 
802014c6 802014c6        0     1                 .L0 
802014c6 802014c6        0     1                 .L0 
802014c6 802014c6        0     1                 .L0 
802014ce 802014ce        0     1                 .L0 
802014ce 802014ce        0     1                 .L0 
802014d0 802014d0        0     1                 .L0 
802014d4 802014d4        0     1                 .L0 
802014d8 802014d8        0     1                 .L0 
802014d8 802014d8        0     1                 .L0 
802014e4 802014e4        0     1                 .L0 
802014e4 802014e4        0     1                 .L0 
80201520 80201520        0     1                 .L0 
80201520 80201520        0     1                 .L0 
80201520 80201520        0     1                 .L0 
80201524 80201524        0     1                 .L0 
80201524 80201524        0     1                 .L0 
80201526 80201526        0     1                 .L0 
8020152a 8020152a        0     1                 .L0 
8020152a 8020152a        0     1                 .L0 
8020152a 8020152a        0     1                 .L0 
8020152c 8020152c        0     1                 .L0 
8020152c 8020152c        0     1                 .L0 
80201530 80201530        0     1                 .L0 
8020153a 8020153a        0     1                 .L0 
8020153a 8020153a        0     1                 .L0 
80201558 80201558        0     1                 .L0 
8020155e 8020155e        0     1                 .L0 
8020155e 8020155e        0     1                 .L0 
80201564 80201564        0     1                 .L0 
80201564 80201564        0     1                 .L0 
80201570 80201570        0     1                 .L0 
80201576 80201576        0     1                 .L0 
80201576 80201576        0     1                 .L0 
80201578 80201578        0     1                 .L0 
8020157c 8020157c        0     1                 .L0 
80201580 80201580        0     1                 .L0 
80201580 80201580        0     1                 .L0 
80201580 80201580        0     1                 .L0 
80201584 80201584        0     1                 .L0 
8020158a 8020158a        0     1                 .L0 
8020158a 8020158a        0     1                 .L0 
8020158e 8020158e        0     1                 .L0 
80201590 80201590        0     1                 .L0 
80201594 80201594        0     1                 .L0 
8020159a 8020159a        0     1                 .L0 
8020159a 8020159a        0     1                 .L0 
802015a0 802015a0        0     1                 .L0 
802015a4 802015a4        0     1                 .L0 
802015a8 802015a8        0     1                 .L0 
802015b2 802015b2        0     1                 .L0 
802015b6 802015b6        0     1                 .L0 
802015ba 802015ba        0     1                 .L0 
802015ba 802015ba        0     1                 .L0 
802015be 802015be        0     1                 .L0 
802015c2 802015c2        0     1                 .L0 
802015c2 802015c2        0     1                 .L0 
802015c6 802015c6        0     1                 .L0 
802015ca 802015ca        0     1                 .L0 
802015ca 802015ca        0     1                 .L0 
802015ce 802015ce        0     1                 .L0 
802015d2 802015d2        0     1                 .L0 
802015d2 802015d2        0     1                 .L0 
802015d6 802015d6        0     1                 .L0 
802015da 802015da        0     1                 .L0 
802015da 802015da        0     1                 .L0 
[...]
8020176e 8020176e        0     1                 .L0 
80201772 80201772        0     1                 .L0 
80201772 80201772        0     1                 .L0 
80201776 80201776        0     1                 .L0 
80201778 80201778        0     1                 .L0 
8020177c 8020177c        0     1                 .L0 
80201780 80201780        0     1                 .L0 
80201780 80201780        0     1                 .L0 
80201784 80201784        0     1                 .L0 
80201786 80201786        0     1                 .L0 
8020178a 8020178a        0     1                 .L0 
8020178e 8020178e        0     1                 .L0 
8020178e 8020178e        0     1                 .L0 
80201792 80201792        0     1                 .L0 
80201794 80201794        0     1                 .L0 
80201798 80201798        0     1                 .L0 
8020179c 8020179c        0     1                 .L0 
8020179c 8020179c        0     1                 .L0 
802017a0 802017a0        0     1                 .L0 
802017a2 802017a2        0     1                 .L0 
802017a6 802017a6        0     1                 .L0 
802017aa 802017aa        0     1                 .L0 
802017aa 802017aa        0     1                 .L0 
802017ae 802017ae        0     1                 .L0 
802017b0 802017b0        0     1                 .L0 
802017b4 802017b4        0     1                 .L0 
802017b8 802017b8        0     1                 .L0 
802017b8 802017b8        0     1                 .L0 
802017bc 802017bc        0     1                 .L0 
802017be 802017be        0     1                 .L0 
802017c2 802017c2        0     1                 .L0 
802017c6 802017c6        0     1                 .L0 
802017c6 802017c6        0     1                 .L0 
802017ca 802017ca        0     1                 .L0 
802017cc 802017cc        0     1                 .L0 
802017d0 802017d0        0     1                 .L0 
802017d4 802017d4        0     1                 .L0 
802017d4 802017d4        0     1                 .L0 
802017d8 802017d8        0     1                 .L0 
802017de 802017de        0     1                 .L0 
802017de 802017de        0     1                 .L0 
802017de 802017de        0     1                 .L0 
802017e8 802017e8        0     1                 .L0 
802017e8 802017e8        0     1                 .L0 
802017e8 802017e8        0     1                 .L0 
802017ee 802017ee        0     1                 .L0 
802017ee 802017ee        0     1                 .L0 
802017f2 802017f2        0     1                 .L0 
802017f2 802017f2        0     1                 .L0 
802017f4 802017f4        0     1                 .L0 
802017f4 802017f4        0     1                 .L0 
802017f4 802017f4        0     1                 .L0 
802017f8 802017f8        0     1                 .L0 
802017fa 802017fa        0     1                 .L0 
802017fa 802017fa        0     1                 .L0 
802017fa 802017fa        0     1                 .L0 
802017fe 802017fe        0     1                 .L0 
80201800 80201800        0     1                 .L0 
80201800 80201800        0     1                 .L0 
80201800 80201800        0     1                 .L0 
80201804 80201804        0     1                 .L0 
80201806 80201806        0     1                 .L0 
80201806 80201806        0     1                 .L0 
80201806 80201806        0     1                 .L0 
8020180a 8020180a        0     1                 .L0 
8020180c 8020180c        0     1                 .L0 
8020180c 8020180c        0     1                 .L0 
8020180c 8020180c        0     1                 .L0 
80201810 80201810        0     1                 .L0 
80201812 80201812        0     1                 .L0 
80201812 80201812        0     1                 .L0 
80201812 80201812        0     1                 .L0 
80201816 80201816        0     1                 .L0 
80201818 80201818        0     1                 .L0 
80201818 80201818        0     1                 .L0 
80201818 80201818        0     1                 .L0 
8020181c 8020181c        0     1                 .L0 
8020181e 8020181e        0     1                 .L0 
8020181e 8020181e        0     1                 .L0 
8020181e 8020181e        0     1                 .L0 
80201822 80201822        0     1                 .L0 
80201824 80201824        0     1                 .L0 
80201824 80201824        0     1                 .L0 
80201824 80201824        0     1                 .L0 
80201828 80201828        0     1                 .L0 
8020182a 8020182a        0     1                 .L0 
8020182a 8020182a        0     1                 .L0 
8020182a 8020182a        0     1                 .L0 
8020182e 8020182e        0     1                 .L0 
80201830 80201830        0     1                 .L0 
80201830 80201830        0     1                 .L0 
80201830 80201830        0     1                 .L0 
80201834 80201834        0     1                 .L0 
80201836 80201836        0     1                 .L0 
80201836 80201836        0     1                 .L0 
80201836 80201836        0     1                 .L0 
8020183a 8020183a        0     1                 .L0 
8020183c 8020183c        0     1                 .L0 
8020183c 8020183c        0     1                 .L0 
8020183c 8020183c        0     1                 .L0 
80201840 80201840        0     1                 .L0 
80201842 80201842        0     1                 .L0 
80201842 80201842        0     1                 .L0 
80201842 80201842        0     1                 .L0 
80201846 80201846        0     1                 .L0 
80201846 80201846        0     1                 .L0 
80201868 80201868        0     1                 .L0 
80201868 80201868        0     1                 .L0 
8020187e 8020187e        0     1                 .L0 
80201886 80201886        0     1                 .L0 
80201886 80201886        0     1                 .L0 
80201890 80201890        0     1                 .L0 
80201890 80201890        0     1                 .L0 
8020189a 8020189a        0     1                 .L0 
8020189a 8020189a        0     1                 .L0 
8020189a 8020189a        0     1                 .L0 
8020189e 8020189e        0     1                 .L0 
802018a2 802018a2        0     1                 .L0 
802018a2 802018a2        0     1                 .L0 
802018a6 802018a6        0     1                 .L0 
802018d6 802018d6        0     1                 .L0 
802018d6 802018d6        0     1                 .L0 
802018da 802018da        0     1                 .L0 
802018da 802018da        0     1                 .L0 
802018da 802018da        0     1                 .L0 
802018ea 802018ea        0     1                 .L0 
802018ea 802018ea        0     1                 .L0 
802018ea 802018ea        0     1                 .L0 
802018ee 802018ee        0     1                 .L0 
802018f8 802018f8        0     1                 .L0 
802018f8 802018f8        0     1                 .L0 
802018fc 802018fc        0     1                 .L0 
802018fe 802018fe        0     1                 .L0 
802018fe 802018fe        0     1                 .L0 
80201902 80201902        0     1                 .L0 
80201906 80201906        0     1                 .L0 
80201906 80201906        0     1                 .L0 
80201912 80201912        0     1                 .L0 
80201912 80201912        0     1                 .L0 
80201914 80201914        0     1                 .L0 
8020191a 8020191a        0     1                 .L0 
8020191a 8020191a        0     1                 .L0 
8020191e 8020191e        0     1                 .L0 
8020191e 8020191e        0     1                 .L0 
80201922 80201922        0     1                 .L0 
80201924 80201924        0     1                 .L0 
80201924 80201924        0     1                 .L0 
80201926 80201926        0     1                 .L0 
80201926 80201926        0     1                 .L0 
80201932 80201932        0     1                 .L0 
80201932 80201932        0     1                 .L0 
80201934 80201934        0     1                 .L0 
80201934 80201934        0     1                 .L0 
8020193c 8020193c        0     1                 .L0 
8020193c 8020193c        0     1                 .L0 
8020193c 8020193c        0     1                 .L0 
80201940 80201940        0     1                 .L0 
80201946 80201946        0     1                 .L0 
80201946 80201946        0     1                 .L0 
80201948 80201948        0     1                 .L0 
8020194c 8020194c        0     1                 .L0 
8020194c 8020194c        0     1                 .L0 
80201954 80201954        0     1                 .L0 
80201954 80201954        0     1                 .L0 
80201958 80201958        0     1                 .L0 
80201958 80201958        0     1                 .L0 
8020195e 8020195e        0     1                 .L0 
80201990 80201990        0     1                 .L0 
80201990 80201990        0     1                 .L0 
80201990 80201990      4bc     4 .rodata
80201990 80201990       18     4         /var/folders/hw/r5t5ryts3r7fw374z_3h5bmw0000gp/T/kernel-92b1fa.o:(.rodata)
80201990 80201990        0     1                 .LJTI10_0
80201990 80201990        0     1                 $d
802019a8 802019a8      4a4     1         <internal>:(.rodata.str1.1)
80201e4c 80201e4c    105d8     4 .data
80201e4c 80201e4c        4     4         /var/folders/hw/r5t5ryts3r7fw374z_3h5bmw0000gp/T/kernel-92b1fa.o:(.data)
80201e4c 80201e4c        4     1                 alloc_pages.next_paddr
80201e4c 80201e4c        0     1                 $d
80201e50 80201e50        4     4         /var/folders/hw/r5t5ryts3r7fw374z_3h5bmw0000gp/T/common-f13934.o:(.data)
80201e50 80201e50        4     1                 next
80201e50 80201e50        0     1                 $d
80201e54 80201e54    105d0     1         shell.bin.o:(.data)
80201e54 80201e54        0     1                 _binary_shell_bin_start
80212424 80212424        0     1                 _binary_shell_bin_end
80212428 80212428    142a8     8 .bss
80212428 80212428        0     1         __bss = .
80212428 80212428    10090     4         /var/folders/hw/r5t5ryts3r7fw374z_3h5bmw0000gp/T/kernel-92b1fa.o:(.bss)
80212428 80212428        0     1                 $d
80212428 80212428    10080     1                 procs
802224a8 802224a8        4     1                 proc_a
802224ac 802224ac        4     1                 proc_b
802224b0 802224b0        8     1                 .L_MergedGlobals
802224b0 802224b0        4     1                 idle_proc
802224b4 802224b4        4     1                 current_proc
802224b8 802224b8       18     8         /var/folders/hw/r5t5ryts3r7fw374z_3h5bmw0000gp/T/virtio-c60ff9.o:(.bss)
802224b8 802224b8       18     1                 .L_MergedGlobals
802224b8 802224b8        0     1                 $d
802224b8 802224b8        4     1                 blk_request_vq
802224bc 802224bc        4     1                 blk_req_paddr
802224c0 802224c0        4     1                 blk_req
802224c8 802224c8        8     1                 blk_capacity
802224d0 802224d0     4200     4         /var/folders/hw/r5t5ryts3r7fw374z_3h5bmw0000gp/T/fat16-1d22e1.o:(.bss)
802224d0 802224d0        0     1                 $d
802224d0 802224d0     4000     1                 fat
802264d0 802264d0      200     1                 root_dir
802266d0 802266d0        0     1         __bss_end = .
802266d0 802266d0        0     1 . = ALIGN(4)
802266d0 802266d0    20000     1 . += 128 * 1024
802466d0 802466d0        0     1 __stack_top = .
802466d0 802466d0      930     1 . = ALIGN(4096)
80247000 80247000        0     1 __free_ram = .
80247000 80247000  4000000     1 . += 64 * 1024 * 1024
84247000 84247000        0     1 __free_ram_end = .
       0        0     106a     1 .debug_loclists
       0        0      6a1     1         /var/folders/hw/r5t5ryts3r7fw374z_3h5bmw0000gp/T/kernel-92b1fa.o:(.debug_loclists)
       0        0        0     1                 $d
       c        c        0     1                 .L0 
     6a1      6a1      224     1         /var/folders/hw/r5t5ryts3r7fw374z_3h5bmw0000gp/T/common-f13934.o:(.debug_loclists)
     6a1      6a1        0     1                 $d
     6ad      6ad        0     1                 .L0 
     8c5      8c5      12b     1         /var/folders/hw/r5t5ryts3r7fw374z_3h5bmw0000gp/T/virtio-c60ff9.o:(.debug_loclists)
     8c5      8c5        0     1                 $d
     8d1      8d1        0     1                 .L0 
     9f0      9f0      67a     1         /var/folders/hw/r5t5ryts3r7fw374z_3h5bmw0000gp/T/fat16-1d22e1.o:(.debug_loclists)
     9f0      9f0        0     1                 $d
     9fc      9fc        0     1                 .L0 
       0        0      904     1 .debug_abbrev
       0        0      319     1         /var/folders/hw/r5t5ryts3r7fw374z_3h5bmw0000gp/T/kernel-92b1fa.o:(.debug_abbrev)
       0        0        0     1                 $d
     319      319      157     1         /var/folders/hw/r5t5ryts3r7fw374z_3h5bmw0000gp/T/common-f13934.o:(.debug_abbrev)
     319      319        0     1                 $d
     470      470      1ff     1         /var/folders/hw/r5t5ryts3r7fw374z_3h5bmw0000gp/T/virtio-c60ff9.o:(.debug_abbrev)
     470      470        0     1                 $d
     66f      66f      295     1         /var/folders/hw/r5t5ryts3r7fw374z_3h5bmw0000gp/T/fat16-1d22e1.o:(.debug_abbrev)
     66f      66f        0     1                 $d
       0        0     1fd3     1 .debug_info
       0        0      d9f     1         /var/folders/hw/r5t5ryts3r7fw374z_3h5bmw0000gp/T/kernel-92b1fa.o:(.debug_info)
       0        0        0     1                 $d
     d9f      d9f      2aa     1         /var/folders/hw/r5t5ryts3r7fw374z_3h5bmw0000gp/T/common-f13934.o:(.debug_info)
     d9f      d9f        0     1                 $d
    1049     1049      76b     1         /var/folders/hw/r5t5ryts3r7fw374z_3h5bmw0000gp/T/virtio-c60ff9.o:(.debug_info)
    1049     1049        0     1                 $d
    17b4     17b4      81f     1         /var/folders/hw/r5t5ryts3r7fw374z_3h5bmw0000gp/T/fat16-1d22e1.o:(.debug_info)
    17b4     17b4        0     1                 $d
       0        0      16c     1 .debug_rnglists
       0        0       8f     1         /var/folders/hw/r5t5ryts3r7fw374z_3h5bmw0000gp/T/kernel-92b1fa.o:(.debug_rnglists)
       0        0        0     1                 $d
       c        c        0     1                 .L0 
      8f       8f       2a     1         /var/folders/hw/r5t5ryts3r7fw374z_3h5bmw0000gp/T/common-f13934.o:(.debug_rnglists)
      8f       8f        0     1                 $d
      9b       9b        0     1                 .L0 
      b9       b9       2a     1         /var/folders/hw/r5t5ryts3r7fw374z_3h5bmw0000gp/T/virtio-c60ff9.o:(.debug_rnglists)
      b9       b9        0     1                 $d
      c5       c5        0     1                 .L0 
      e3       e3       89     1         /var/folders/hw/r5t5ryts3r7fw374z_3h5bmw0000gp/T/fat16-1d22e1.o:(.debug_rnglists)
      e3       e3        0     1                 $d
      ef       ef        0     1                 .L0 
       0        0      4a0     1 .debug_str_offsets
       0        0      1ec     1         /var/folders/hw/r5t5ryts3r7fw374z_3h5bmw0000gp/T/kernel-92b1fa.o:(.debug_str_offsets)
       0        0        0     1                 $d
       8        8        0     1                 .L0 
     1ec      1ec       b0     1         /var/folders/hw/r5t5ryts3r7fw374z_3h5bmw0000gp/T/common-f13934.o:(.debug_str_offsets)
     1ec      1ec        0     1                 $d
     1f4      1f4        0     1                 .L0 
     29c      29c      108     1         /var/folders/hw/r5t5ryts3r7fw374z_3h5bmw0000gp/T/virtio-c60ff9.o:(.debug_str_offsets)
     29c      29c        0     1                 $d
     2a4      2a4        0     1                 .L0 
     3a4      3a4       fc     1         /var/folders/hw/r5t5ryts3r7fw374z_3h5bmw0000gp/T/fat16-1d22e1.o:(.debug_str_offsets)
     3a4      3a4        0     1                 $d
     3ac      3ac        0     1                 .L0 
       0        0      749     1 .debug_str
       0        0      749     1         <internal>:(.debug_str)
       0        0      414     1 .debug_addr
       0        0      1a0     1         /var/folders/hw/r5t5ryts3r7fw374z_3h5bmw0000gp/T/kernel-92b1fa.o:(.debug_addr)
       0        0        0     1                 $d
       8        8        0     1                 .L0 
     1a0      1a0       70     1         /var/folders/hw/r5t5ryts3r7fw374z_3h5bmw0000gp/T/common-f13934.o:(.debug_addr)
     1a0      1a0        0     1                 $d
     1a8      1a8        0     1                 .L0 
     210      210       d8     1         /var/folders/hw/r5t5ryts3r7fw374z_3h5bmw0000gp/T/virtio-c60ff9.o:(.debug_addr)
     210      210        0     1                 $d
     218      218        0     1                 .L0 
     2e8      2e8      12c     1         /var/folders/hw/r5t5ryts3r7fw374z_3h5bmw0000gp/T/fat16-1d22e1.o:(.debug_addr)
     2e8      2e8        0     1                 $d
     2f0      2f0        0     1                 .L0 
       0        0       3b     1 .comment
       0        0       3b     1         <internal>:(.comment)
       0        0       4e     1 .riscv.attributes
       0        0       4e     1         <internal>:(.riscv.attributes)
       0        0      510     4 .debug_frame
       0        0      1d4     4         /var/folders/hw/r5t5ryts3r7fw374z_3h5bmw0000gp/T/kernel-92b1fa.o:(.debug_frame)
       0        0        0     1                 .L0 
       0        0        0     1                 $d
     1d4      1d4       c8     4         /var/folders/hw/r5t5ryts3r7fw374z_3h5bmw0000gp/T/common-f13934.o:(.debug_frame)
     1d4      1d4        0     1                 .L0 
     1d4      1d4        0     1                 $d
     29c      29c      10c     4         /var/folders/hw/r5t5ryts3r7fw374z_3h5bmw0000gp/T/virtio-c60ff9.o:(.debug_frame)
     29c      29c        0     1                 .L0 
     29c      29c        0     1                 $d
     3a8      3a8      168     4         /var/folders/hw/r5t5ryts3r7fw374z_3h5bmw0000gp/T/fat16-1d22e1.o:(.debug_frame)
     3a8      3a8        0     1                 .L0 
     3a8      3a8        0     1                 $d
       0        0     1bbc     1 .debug_line
       0        0      8e3     1         /var/folders/hw/r5t5ryts3r7fw374z_3h5bmw0000gp/T/kernel-92b1fa.o:(.debug_line)
       0        0        0     1                 .Lline_table_start0
       0        0        0     1                 $d
     8e3      8e3      380     1         /var/folders/hw/r5t5ryts3r7fw374z_3h5bmw0000gp/T/common-f13934.o:(.debug_line)
     8e3      8e3        0     1                 .Lline_table_start0
     8e3      8e3        0     1                 $d
     c63      c63      3d2     1         /var/folders/hw/r5t5ryts3r7fw374z_3h5bmw0000gp/T/virtio-c60ff9.o:(.debug_line)
     c63      c63        0     1                 .Lline_table_start0
     c63      c63        0     1                 $d
    1035     1035      b87     1         /var/folders/hw/r5t5ryts3r7fw374z_3h5bmw0000gp/T/fat16-1d22e1.o:(.debug_line)
    1035     1035        0     1                 .Lline_table_start0
    1035     1035        0     1                 $d
       0        0      145     1 .debug_line_str
       0        0      145     1         <internal>:(.debug_line_str)
       0        0      830     4 .symtab
       0        0      830     4         <internal>:(.symtab)
       0        0       dc     1 .shstrtab
       0        0       dc     1         <internal>:(.shstrtab)
       0        0      3cc     1 .strtab
       0        0      3cc     1         <internal>:(.strtab)
