     VMA      LMA     Size Align Out     In      Symbol
       0        0 80200000     1 . = 0x80200000
80200000        0        0     1 __kernel_base = .
80200000 80200000     187a     4 .text
80200000 80200000        e     2         /var/folders/hw/r5t5ryts3r7fw374z_3h5bmw0000gp/T/kernel-5f69c4.o:(.text.boot)
80200000 80200000        0     1                 .L0 
80200000 80200000        0     1                 .L0 
80200000 80200000        0     1                 $x
80200000 80200000        0     1                 .L0 
80200000 80200000        e     1                 boot
8020000e 8020000e        0     1                 .L0 
8020000e 8020000e        0     1                 .L0 
80200010 80200010      980     4         /var/folders/hw/r5t5ryts3r7fw374z_3h5bmw0000gp/T/kernel-5f69c4.o:(.text)
80200010 80200010        0     1                 .L0 
80200010 80200010        0     1                 .L0 
80200010 80200010        0     1                 $x
80200010 80200010        0     1                 .L0 
80200010 80200010       50     1                 alloc_pages
80200016 80200016        0     1                 .L0 
80200016 80200016        0     1                 .L0 
8020001e 8020001e        0     1                 .L0 
8020001e 8020001e        0     1                 .L0 
80200022 80200022        0     1                 .L0 
80200026 80200026        0     1                 .L0 
80200026 80200026        0     1                 .L0 
8020002e 8020002e        0     1                 .L0 
80200032 80200032        0     1                 .L0 
80200036 80200036        0     1                 .L0 
8020004c 8020004c        0     1                 .L0 
8020004e 8020004e        0     1                 .L0 
8020004e 8020004e        0     1                 .L0 
80200056 80200056        0     1                 .L0 
80200056 80200056        0     1                 .L0 
80200058 80200058        0     1                 .L0 
8020005c 8020005c        0     1                 .L0 
8020005c 8020005c        0     1                 .L0 
80200060 80200060        0     1                 .L0 
80200060 80200060        0     1                 .L0 
80200060 80200060        0     1                 .L0 
80200060 80200060        0     1                 .L0 
80200060 80200060        0     1                 .L0 
80200060 80200060       de     1                 map_page
8020006e 8020006e        0     1                 .L0 
80200070 80200070        0     1                 .L0 
80200070 80200070        0     1                 .L0 
80200074 80200074        0     1                 .L0 
80200078 80200078        0     1                 .L0 
80200088 80200088        0     1                 .L0 
8020008a 8020008a        0     1                 .L0 
8020008e 8020008e        0     1                 .L0 
80200090 80200090        0     1                 .L0 
80200090 80200090        0     1                 .L0 
80200090 80200090        0     1                 .L0 
80200096 80200096        0     1                 .L0 
80200098 80200098        0     1                 .L0 
8020009c 8020009c        0     1                 .L0 
802000aa 802000aa        0     1                 .L0 
802000ae 802000ae        0     1                 .L0 
802000b2 802000b2        0     1                 .L0 
802000b4 802000b4        0     1                 .L0 
802000b4 802000b4        0     1                 .L0 
802000b4 802000b4        0     1                 .L0 
802000c0 802000c0        0     1                 .L0 
802000c0 802000c0        0     1                 .L0 
802000c6 802000c6        0     1                 .L0 
802000c6 802000c6        0     1                 .L0 
802000ce 802000ce        0     1                 .L0 
802000ce 802000ce        0     1                 .L0 
802000d0 802000d0        0     1                 .L0 
802000d2 802000d2        0     1                 .L0 
802000da 802000da        0     1                 .L0 
802000de 802000de        0     1                 .L0 
802000e2 802000e2        0     1                 .L0 
802000f4 802000f4        0     1                 .L0 
802000f8 802000f8        0     1                 .L0 
802000fa 802000fa        0     1                 .L0 
802000fa 802000fa        0     1                 .L0 
802000fa 802000fa        0     1                 .L0 
802000fc 802000fc        0     1                 .L0 
802000fc 802000fc        0     1                 .L0 
80200104 80200104        0     1                 .L0 
80200108 80200108        0     1                 .L0 
80200108 80200108        0     1                 .L0 
8020010c 8020010c        0     1                 .L0 
80200116 80200116        0     1                 .L0 
80200116 80200116        0     1                 .L0 
8020011c 8020011c        0     1                 .L0 
80200122 80200122        0     1                 .L0 
8020012c 8020012c        0     1                 .L0 
8020012e 8020012e        0     1                 .L0 
8020013a 8020013a        0     1                 .L0 
8020013e 8020013e        0     1                 .L0 
8020013e 8020013e        0     1                 .L0 
8020013e 8020013e        0     1                 .L0 
8020013e 8020013e        0     1                 .L0 
8020013e 8020013e        0     1                 .L0 
8020013e 8020013e       14     1                 user_entry
80200146 80200146        0     1                 .L0 
80200152 80200152        0     1                 .L0 
80200152 80200152        0     1                 .L0 
80200152 80200152        0     1                 .L0 
80200152 80200152      270     1                 create_process
8020016e 8020016e        0     1                 .L0 
80200170 80200170        0     1                 .L0 
80200170 80200170        0     1                 .L0 
8020017e 8020017e        0     1                 .L0 
8020017e 8020017e        0     1                 .L0 
80200180 80200180        0     1                 .L0 
80200180 80200180        0     1                 .L0 
80200188 80200188        0     1                 .L0 
8020018a 8020018a        0     1                 .L0 
8020018a 8020018a        0     1                 .L0 
80200192 80200192        0     1                 .L0 
80200194 80200194        0     1                 .L0 
80200194 80200194        0     1                 .L0 
8020019c 8020019c        0     1                 .L0 
8020019e 8020019e        0     1                 .L0 
8020019e 8020019e        0     1                 .L0 
802001a6 802001a6        0     1                 .L0 
802001a8 802001a8        0     1                 .L0 
802001a8 802001a8        0     1                 .L0 
802001b0 802001b0        0     1                 .L0 
802001b2 802001b2        0     1                 .L0 
802001b2 802001b2        0     1                 .L0 
802001ba 802001ba        0     1                 .L0 
802001bc 802001bc        0     1                 .L0 
802001bc 802001bc        0     1                 .L0 
802001c4 802001c4        0     1                 .L0 
802001c6 802001c6        0     1                 .L0 
802001c6 802001c6        0     1                 .L0 
802001dc 802001dc        0     1                 .L0 
802001de 802001de        0     1                 .L0 
802001de 802001de        0     1                 .L0 
802001de 802001de        0     1                 .L0 
802001e2 802001e2        0     1                 .L0 
802001e2 802001e2        0     1                 .L0 
802001e8 802001e8        0     1                 .L0 
802001ea 802001ea        0     1                 .L0 
802001ea 802001ea        0     1                 .L0 
802001ea 802001ea        0     1                 .L0 
802001f2 802001f2        0     1                 .L0 
802001f4 802001f4        0     1                 .L0 
802001f4 802001f4        0     1                 .L0 
802001f4 802001f4        0     1                 .L0 
802001fc 802001fc        0     1                 .L0 
802001fe 802001fe        0     1                 .L0 
802001fe 802001fe        0     1                 .L0 
802001fe 802001fe        0     1                 .L0 
80200206 80200206        0     1                 .L0 
80200208 80200208        0     1                 .L0 
80200208 80200208        0     1                 .L0 
80200208 80200208        0     1                 .L0 
80200210 80200210        0     1                 .L0 
80200212 80200212        0     1                 .L0 
80200212 80200212        0     1                 .L0 
80200212 80200212        0     1                 .L0 
8020021a 8020021a        0     1                 .L0 
8020021c 8020021c        0     1                 .L0 
8020021c 8020021c        0     1                 .L0 
8020021c 8020021c        0     1                 .L0 
80200224 80200224        0     1                 .L0 
80200224 80200224        0     1                 .L0 
8020022c 8020022c        0     1                 .L0 
8020022c 8020022c        0     1                 .L0 
8020022e 8020022e        0     1                 .L0 
8020022e 8020022e        0     1                 .L0 
80200238 80200238        0     1                 .L0 
80200238 80200238        0     1                 .L0 
8020023e 8020023e        0     1                 .L0 
8020024a 8020024a        0     1                 .L0 
8020024a 8020024a        0     1                 .L0 
8020024c 8020024c        0     1                 .L0 
80200250 80200250        0     1                 .L0 
80200254 80200254        0     1                 .L0 
80200258 80200258        0     1                 .L0 
8020025c 8020025c        0     1                 .L0 
80200260 80200260        0     1                 .L0 
80200264 80200264        0     1                 .L0 
80200268 80200268        0     1                 .L0 
8020026c 8020026c        0     1                 .L0 
80200270 80200270        0     1                 .L0 
80200278 80200278        0     1                 .L0 
8020027c 8020027c        0     1                 .L0 
80200280 80200280        0     1                 .L0 
80200280 80200280        0     1                 .L0 
80200284 80200284        0     1                 .L0 
80200284 80200284        0     1                 .L0 
80200298 80200298        0     1                 .L0 
8020029a 8020029a        0     1                 .L0 
8020029a 8020029a        0     1                 .L0 
8020029c 8020029c        0     1                 .L0 
802002a8 802002a8        0     1                 .L0 
802002a8 802002a8        0     1                 .L0 
802002b0 802002b0        0     1                 .L0 
802002b0 802002b0        0     1                 .L0 
802002b4 802002b4        0     1                 .L0 
802002b4 802002b4        0     1                 .L0 
802002b4 802002b4        0     1                 .L0 
802002be 802002be        0     1                 .L0 
802002be 802002be        0     1                 .L0 
802002c0 802002c0        0     1                 .L0 
802002c4 802002c4        0     1                 .L0 
802002c4 802002c4        0     1                 .L0 
802002c4 802002c4        0     1                 .L0 
802002c8 802002c8        0     1                 .L0 
802002ce 802002ce        0     1                 .L0 
802002ce 802002ce        0     1                 .L0 
802002d6 802002d6        0     1                 .L0 
802002d6 802002d6        0     1                 .L0 
802002d8 802002d8        0     1                 .L0 
802002de 802002de        0     1                 .L0 
802002e2 802002e2        0     1                 .L0 
802002f6 802002f6        0     1                 .L0 
802002f8 802002f8        0     1                 .L0 
802002f8 802002f8        0     1                 .L0 
80200302 80200302        0     1                 .L0 
80200302 80200302        0     1                 .L0 
80200304 80200304        0     1                 .L0 
8020030e 8020030e        0     1                 .L0 
8020030e 8020030e        0     1                 .L0 
80200316 80200316        0     1                 .L0 
8020031c 8020031c        0     1                 .L0 
8020031c 8020031c        0     1                 .L0 
80200320 80200320        0     1                 .L0 
80200320 80200320        0     1                 .L0 
80200332 80200332        0     1                 .L0 
80200332 80200332        0     1                 .L0 
80200334 80200334        0     1                 .L0 
80200334 80200334        0     1                 .L0 
80200336 80200336        0     1                 .L0 
8020033c 8020033c        0     1                 .L0 
8020033c 8020033c        0     1                 .L0 
80200340 80200340        0     1                 .L0 
80200348 80200348        0     1                 .L0 
80200348 80200348        0     1                 .L0 
8020034a 8020034a        0     1                 .L0 
80200352 80200352        0     1                 .L0 
80200356 80200356        0     1                 .L0 
80200356 80200356        0     1                 .L0 
80200356 80200356        0     1                 .L0 
8020035a 8020035a        0     1                 .L0 
8020035a 8020035a        0     1                 .L0 
80200362 80200362        0     1                 .L0 
80200366 80200366        0     1                 .L0 
8020036e 8020036e        0     1                 .L0 
8020036e 8020036e        0     1                 .L0 
80200370 80200370        0     1                 .L0 
80200370 80200370        0     1                 .L0 
80200374 80200374        0     1                 .L0 
80200374 80200374        0     1                 .L0 
80200378 80200378        0     1                 .L0 
8020037c 8020037c        0     1                 .L0 
80200380 80200380        0     1                 .L0 
80200384 80200384        0     1                 .L0 
80200388 80200388        0     1                 .L0 
8020038c 8020038c        0     1                 .L0 
8020038e 8020038e        0     1                 .L0 
8020039a 8020039a        0     1                 .L0 
8020039c 8020039c        0     1                 .L0 
8020039e 8020039e        0     1                 .L0 
802003a2 802003a2        0     1                 .L0 
802003a8 802003a8        0     1                 .L0 
802003ac 802003ac        0     1                 .L0 
802003ac 802003ac        0     1                 .L0 
802003ac 802003ac        0     1                 .L0 
802003c0 802003c0        0     1                 .L0 
802003c2 802003c2        0     1                 .L0 
802003c2 802003c2        0     1                 .L0 
802003c2 802003c2        0     1                 .L0 
802003c2 802003c2        0     1                 .L0 
802003c2 802003c2        0     1                 .L0 
802003c2 802003c2        0     1                 .L0 
802003c2 802003c2       46     1                 switch_context
80200408 80200408        0     1                 .L0 
80200408 80200408        0     1                 .L0 
80200408 80200408        0     1                 .L0 
80200408 80200408      196     1                 yield
80200410 80200410        0     1                 .L0 
80200410 80200410        0     1                 .L0 
80200414 80200414        0     1                 .L0 
80200414 80200414        0     1                 .L0 
80200422 80200422        0     1                 .L0 
80200434 80200434        0     1                 .L0 
80200434 80200434        0     1                 .L0 
80200436 80200436        0     1                 .L0 
80200436 80200436        0     1                 .L0 
8020043a 8020043a        0     1                 .L0 
8020043a 8020043a        0     1                 .L0 
8020043c 8020043c        0     1                 .L0 
8020043c 8020043c        0     1                 .L0 
80200440 80200440        0     1                 .L0 
80200442 80200442        0     1                 .L0 
80200446 80200446        0     1                 .L0 
80200446 80200446        0     1                 .L0 
8020044e 8020044e        0     1                 .L0 
80200462 80200462        0     1                 .L0 
80200464 80200464        0     1                 .L0 
80200468 80200468        0     1                 .L0 
8020046a 8020046a        0     1                 .L0 
8020046e 8020046e        0     1                 .L0 
8020046e 8020046e        0     1                 .L0 
80200476 80200476        0     1                 .L0 
8020048a 8020048a        0     1                 .L0 
8020048e 8020048e        0     1                 .L0 
80200492 80200492        0     1                 .L0 
80200494 80200494        0     1                 .L0 
80200498 80200498        0     1                 .L0 
80200498 80200498        0     1                 .L0 
802004a0 802004a0        0     1                 .L0 
802004b4 802004b4        0     1                 .L0 
802004b6 802004b6        0     1                 .L0 
802004ba 802004ba        0     1                 .L0 
802004bc 802004bc        0     1                 .L0 
802004c0 802004c0        0     1                 .L0 
802004c0 802004c0        0     1                 .L0 
802004c8 802004c8        0     1                 .L0 
802004dc 802004dc        0     1                 .L0 
802004e0 802004e0        0     1                 .L0 
802004e4 802004e4        0     1                 .L0 
802004e6 802004e6        0     1                 .L0 
802004ea 802004ea        0     1                 .L0 
802004ea 802004ea        0     1                 .L0 
802004f2 802004f2        0     1                 .L0 
80200506 80200506        0     1                 .L0 
80200508 80200508        0     1                 .L0 
8020050c 8020050c        0     1                 .L0 
8020050e 8020050e        0     1                 .L0 
80200512 80200512        0     1                 .L0 
80200512 80200512        0     1                 .L0 
8020051a 8020051a        0     1                 .L0 
8020052e 8020052e        0     1                 .L0 
80200532 80200532        0     1                 .L0 
80200536 80200536        0     1                 .L0 
80200538 80200538        0     1                 .L0 
8020053c 8020053c        0     1                 .L0 
8020053c 8020053c        0     1                 .L0 
80200558 80200558        0     1                 .L0 
8020055c 8020055c        0     1                 .L0 
8020055e 8020055e        0     1                 .L0 
80200562 80200562        0     1                 .L0 
80200562 80200562        0     1                 .L0 
80200564 80200564        0     1                 .L0 
80200564 80200564        0     1                 .L0 
80200568 80200568        0     1                 .L0 
80200570 80200570        0     1                 .L0 
80200572 80200572        0     1                 .L0 
80200574 80200574        0     1                 .L0 
8020057a 8020057a        0     1                 .L0 
8020057c 8020057c        0     1                 .L0 
8020058c 8020058c        0     1                 .L0 
80200590 80200590        0     1                 .L0 
80200590 80200590        0     1                 .L0 
80200592 80200592        0     1                 .L0 
80200592 80200592        0     1                 .L0 
80200596 80200596        0     1                 .L0 
8020059a 8020059a        0     1                 .L0 
8020059a 8020059a        0     1                 .L0 
8020059c 8020059c        0     1                 .L0 
8020059c 8020059c        0     1                 .L0 
8020059e 8020059e        0     1                 .L0 
8020059e 8020059e        0     1                 .L0 
8020059e 8020059e        0     1                 .L0 
8020059e 8020059e        0     1                 .L0 
8020059e 8020059e        0     1                 .L0 
8020059e 8020059e        6     1                 sbi_call
802005a2 802005a2        0     1                 .L0 
802005a2 802005a2        0     1                 .L0 
802005a4 802005a4        0     1                 .L0 
802005a4 802005a4        0     1                 .L0 
802005a4 802005a4        0     1                 .L0 
802005a4 802005a4       14     1                 putchar
802005b6 802005b6        0     1                 .L0 
802005b6 802005b6        0     1                 .L0 
802005b8 802005b8        0     1                 .L0 
802005b8 802005b8        0     1                 .L0 
802005b8 802005b8        0     1                 .L0 
802005b8 802005b8       16     1                 getchar
802005cc 802005cc        0     1                 .L0 
802005cc 802005cc        0     1                 .L0 
802005ce 802005ce        0     1                 .L0 
802005d0 802005d0        0     1                 .L0 
802005d0 802005d0        0     1                 .L0 
802005d0 802005d0        0     1                 .L0 
802005d0 802005d0       96     1                 kernel_entry
80200666 80200666        0     1                 .L0 
80200666 80200666        0     1                 .L0 
80200666 80200666        0     1                 .L0 
80200666 80200666        0     1                 .L0 
80200666 80200666        0     1                 .L0 
80200666 80200666      10e     1                 handle_syscall
8020066c 8020066c        0     1                 .L0 
80200688 80200688        0     1                 .L0 
802006a2 802006a2        0     1                 .L0 
802006a2 802006a2        0     1                 .L0 
802006a6 802006a6        0     1                 .L0 
802006b8 802006b8        0     1                 .L0 
802006b8 802006b8        0     1                 .L0 
802006ba 802006ba        0     1                 .L0 
802006ba 802006ba        0     1                 .L0 
802006ba 802006ba        0     1                 .L0 
802006bc 802006bc        0     1                 .L0 
802006bc 802006bc        0     1                 .L0 
802006c0 802006c0        0     1                 .L0 
802006c0 802006c0        0     1                 .L0 
802006c2 802006c2        0     1                 .L0 
802006c2 802006c2        0     1                 .L0 
802006c2 802006c2        0     1                 .L0 
802006ca 802006ca        0     1                 .L0 
802006ca 802006ca        0     1                 .L0 
802006cc 802006cc        0     1                 .L0 
802006d6 802006d6        0     1                 .L0 
802006d6 802006d6        0     1                 .L0 
802006dc 802006dc        0     1                 .L0 
802006de 802006de        0     1                 .L0 
802006e0 802006e0        0     1                 .L0 
802006e0 802006e0        0     1                 .L0 
802006f6 802006f6        0     1                 .L0 
802006f8 802006f8        0     1                 .L0 
802006f8 802006f8        0     1                 .L0 
802006f8 802006f8        0     1                 .L0 
802006fa 802006fa        0     1                 .L0 
8020070e 8020070e        0     1                 .L0 
8020070e 8020070e        0     1                 .L0 
80200712 80200712        0     1                 .L0 
80200712 80200712        0     1                 .L0 
80200712 80200712        0     1                 .L0 
80200714 80200714        0     1                 .L0 
80200714 80200714        0     1                 .L0 
80200728 80200728        0     1                 .L0 
80200728 80200728        0     1                 .L0 
8020072c 8020072c        0     1                 .L0 
8020072c 8020072c        0     1                 .L0 
8020072c 8020072c        0     1                 .L0 
80200748 80200748        0     1                 .L0 
80200748 80200748        0     1                 .L0 
80200748 80200748        0     1                 .L0 
8020074c 8020074c        0     1                 .L0 
80200750 80200750        0     1                 .L0 
80200750 80200750        0     1                 .L0 
80200750 80200750        0     1                 .L0 
80200750 80200750        0     1                 .L0 
80200754 80200754        0     1                 .L0 
80200754 80200754        0     1                 .L0 
80200754 80200754        0     1                 .L0 
80200758 80200758        0     1                 .L0 
8020075a 8020075a        0     1                 .L0 
8020075a 8020075a        0     1                 .L0 
8020075c 8020075c        0     1                 .L0 
8020075c 8020075c        0     1                 .L0 
8020075c 8020075c        0     1                 .L0 
8020075c 8020075c        0     1                 .L0 
80200760 80200760        0     1                 .L0 
80200772 80200772        0     1                 .L0 
80200774 80200774        0     1                 .L0 
80200774 80200774        0     1                 .L0 
80200774 80200774        0     1                 .L0 
80200774 80200774        0     1                 .L0 
80200774 80200774        0     1                 .L0 
80200774 80200774       42     1                 handle_trap
8020077a 8020077a        0     1                 .L0 
8020077a 8020077a        0     1                 .L0 
8020077e 8020077e        0     1                 .L0 
80200782 80200782        0     1                 .L0 
80200784 80200784        0     1                 .L0 
80200788 80200788        0     1                 .L0 
80200788 80200788        0     1                 .L0 
8020078c 8020078c        0     1                 .L0 
8020078c 8020078c        0     1                 .L0 
8020078e 8020078e        0     1                 .L0 
8020078e 8020078e        0     1                 .L0 
80200790 80200790        0     1                 .L0 
80200790 80200790        0     1                 .L0 
80200794 80200794        0     1                 .L0 
80200798 80200798        0     1                 .L0 
80200798 80200798        0     1                 .L0 
8020079c 8020079c        0     1                 .L0 
8020079c 8020079c        0     1                 .L0 
8020079c 8020079c        0     1                 .L0 
802007a0 802007a0        0     1                 .L0 
802007b4 802007b4        0     1                 .L0 
802007b6 802007b6        0     1                 .L0 
802007b6 802007b6        0     1                 .L0 
802007b6 802007b6        0     1                 .L0 
802007b6 802007b6        0     1                 .L0 
802007b6 802007b6        0     1                 .L0 
802007b6 802007b6       10     1                 delay
802007be 802007be        0     1                 .L0 
802007c0 802007c0        0     1                 .L0 
802007c2 802007c2        0     1                 .L0 
802007c2 802007c2        0     1                 .L0 
802007c4 802007c4        0     1                 .L0 
802007c4 802007c4        0     1                 .L0 
802007c6 802007c6        0     1                 .L0 
802007c6 802007c6        0     1                 .L0 
802007c6 802007c6        0     1                 .L0 
802007c6 802007c6       3a     1                 proc_a_entry
802007cc 802007cc        0     1                 .L0 
802007d6 802007d6        0     1                 .L0 
802007d6 802007d6        0     1                 .L0 
802007de 802007de        0     1                 .L0 
802007de 802007de        0     1                 .L0 
802007de 802007de        0     1                 .L0 
802007f4 802007f4        0     1                 .L0 
802007f4 802007f4        0     1                 .L0 
802007f6 802007f6        0     1                 .L0 
802007f6 802007f6        0     1                 .L0 
802007f8 802007f8        0     1                 .L0 
802007fa 802007fa        0     1                 .L0 
802007fc 802007fc        0     1                 .L0 
802007fc 802007fc        0     1                 .L0 
80200800 80200800        0     1                 .L0 
80200800 80200800        0     1                 .L0 
80200800 80200800        0     1                 .L0 
80200800 80200800        0     1                 .L0 
80200800 80200800        0     1                 .L0 
80200800 80200800       3a     1                 proc_b_entry
80200806 80200806        0     1                 .L0 
80200810 80200810        0     1                 .L0 
80200810 80200810        0     1                 .L0 
80200818 80200818        0     1                 .L0 
80200818 80200818        0     1                 .L0 
80200818 80200818        0     1                 .L0 
8020082e 8020082e        0     1                 .L0 
8020082e 8020082e        0     1                 .L0 
80200830 80200830        0     1                 .L0 
80200830 80200830        0     1                 .L0 
80200832 80200832        0     1                 .L0 
80200834 80200834        0     1                 .L0 
80200836 80200836        0     1                 .L0 
80200836 80200836        0     1                 .L0 
8020083a 8020083a        0     1                 .L0 
8020083a 8020083a        0     1                 .L0 
8020083a 8020083a        0     1                 .L0 
8020083a 8020083a        0     1                 .L0 
8020083a 8020083a        0     1                 .L0 
8020083a 8020083a      156     1                 kernel_main
80200852 80200852        0     1                 .L0 
80200868 80200868        0     1                 .L0 
80200868 80200868        0     1                 .L0 
80200870 80200870        0     1                 .L0 
80200874 80200874        0     1                 .L0 
80200874 80200874        0     1                 .L0 
80200876 80200876        0     1                 .L0 
80200876 80200876        0     1                 .L0 
80200878 80200878        0     1                 .L0 
8020087e 8020087e        0     1                 .L0 
8020087e 8020087e        0     1                 .L0 
8020088a 8020088a        0     1                 .L0 
8020088e 8020088e        0     1                 .L0 
80200890 80200890        0     1                 .L0 
802008a2 802008a2        0     1                 .L0 
802008a2 802008a2        0     1                 .L0 
802008b6 802008b6        0     1                 .L0 
802008b6 802008b6        0     1                 .L0 
802008be 802008be        0     1                 .L0 
802008be 802008be        0     1                 .L0 
802008c0 802008c0        0     1                 .L0 
802008c2 802008c2        0     1                 .L0 
802008ca 802008ca        0     1                 .L0 
802008ce 802008ce        0     1                 .L0 
802008d2 802008d2        0     1                 .L0 
802008e6 802008e6        0     1                 .L0 
802008e8 802008e8        0     1                 .L0 
802008e8 802008e8        0     1                 .L0 
802008f0 802008f0        0     1                 .L0 
802008f0 802008f0        0     1                 .L0 
802008f4 802008f4        0     1                 .L0 
802008f4 802008f4        0     1                 .L0 
802008f6 802008f6        0     1                 .L0 
802008fc 802008fc        0     1                 .L0 
80200900 80200900        0     1                 .L0 
80200900 80200900        0     1                 .L0 
80200914 80200914        0     1                 .L0 
80200916 80200916        0     1                 .L0 
80200916 80200916        0     1                 .L0 
8020091e 8020091e        0     1                 .L0 
8020091e 8020091e        0     1                 .L0 
8020092a 8020092a        0     1                 .L0 
8020092a 8020092a        0     1                 .L0 
80200936 80200936        0     1                 .L0 
80200936 80200936        0     1                 .L0 
8020093e 8020093e        0     1                 .L0 
8020093e 8020093e        0     1                 .L0 
8020094a 8020094a        0     1                 .L0 
8020094a 8020094a        0     1                 .L0 
8020095e 8020095e        0     1                 .L0 
8020095e 8020095e        0     1                 .L0 
80200962 80200962        0     1                 .L0 
80200976 80200976        0     1                 .L0 
80200976 80200976        0     1                 .L0 
80200978 80200978        0     1                 .L0 
80200978 80200978        0     1                 .L0 
8020098e 8020098e        0     1                 .L0 
80200990 80200990        0     1                 .L0 
80200990 80200990        0     1                 .L0 
80200990 80200990      276     2         /var/folders/hw/r5t5ryts3r7fw374z_3h5bmw0000gp/T/common-701186.o:(.text)
80200990 80200990        0     1                 .L0 
80200990 80200990        0     1                 .L0 
80200990 80200990        0     1                 $x
80200990 80200990        0     1                 .L0 
80200990 80200990      1a8     1                 printf
802009ac 802009ac        0     1                 .L0 
802009d6 802009d6        0     1                 .L0 
802009e6 802009e6        0     1                 .L0 
802009e6 802009e6        0     1                 .L0 
802009ea 802009ea        0     1                 .L0 
802009ea 802009ea        0     1                 .L0 
802009ec 802009ec        0     1                 .L0 
802009f0 802009f0        0     1                 .L0 
802009f8 802009f8        0     1                 .L0 
802009f8 802009f8        0     1                 .L0 
802009fa 802009fa        0     1                 .L0 
802009fa 802009fa        0     1                 .L0 
802009fc 802009fc        0     1                 .L0 
802009fe 802009fe        0     1                 .L0 
802009fe 802009fe        0     1                 .L0 
80200a04 80200a04        0     1                 .L0 
80200a14 80200a14        0     1                 .L0 
80200a14 80200a14        0     1                 .L0 
80200a20 80200a20        0     1                 .L0 
80200a20 80200a20        0     1                 .L0 
80200a24 80200a24        0     1                 .L0 
80200a24 80200a24        0     1                 .L0 
80200a26 80200a26        0     1                 .L0 
80200a2c 80200a2c        0     1                 .L0 
80200a2c 80200a2c        0     1                 .L0 
80200a34 80200a34        0     1                 .L0 
80200a34 80200a34        0     1                 .L0 
80200a3e 80200a3e        0     1                 .L0 
80200a3e 80200a3e        0     1                 .L0 
80200a42 80200a42        0     1                 .L0 
80200a42 80200a42        0     1                 .L0 
80200a44 80200a44        0     1                 .L0 
80200a48 80200a48        0     1                 .L0 
80200a4a 80200a4a        0     1                 .L0 
80200a4a 80200a4a        0     1                 .L0 
80200a50 80200a50        0     1                 .L0 
80200a50 80200a50        0     1                 .L0 
80200a52 80200a52        0     1                 .L0 
80200a56 80200a56        0     1                 .L0 
80200a58 80200a58        0     1                 .L0 
80200a58 80200a58        0     1                 .L0 
80200a5e 80200a5e        0     1                 .L0 
80200a5e 80200a5e        0     1                 .L0 
80200a60 80200a60        0     1                 .L0 
80200a64 80200a64        0     1                 .L0 
80200a66 80200a66        0     1                 .L0 
80200a66 80200a66        0     1                 .L0 
80200a6c 80200a6c        0     1                 .L0 
80200a6c 80200a6c        0     1                 .L0 
80200a6e 80200a6e        0     1                 .L0 
80200a72 80200a72        0     1                 .L0 
80200a74 80200a74        0     1                 .L0 
80200a74 80200a74        0     1                 .L0 
80200a7a 80200a7a        0     1                 .L0 
80200a7a 80200a7a        0     1                 .L0 
80200a7c 80200a7c        0     1                 .L0 
80200a80 80200a80        0     1                 .L0 
80200a82 80200a82        0     1                 .L0 
80200a82 80200a82        0     1                 .L0 
80200a88 80200a88        0     1                 .L0 
80200a88 80200a88        0     1                 .L0 
80200a8a 80200a8a        0     1                 .L0 
80200a8e 80200a8e        0     1                 .L0 
80200a90 80200a90        0     1                 .L0 
80200a90 80200a90        0     1                 .L0 
80200a96 80200a96        0     1                 .L0 
80200a96 80200a96        0     1                 .L0 
80200a98 80200a98        0     1                 .L0 
80200a9c 80200a9c        0     1                 .L0 
80200a9e 80200a9e        0     1                 .L0 
80200a9e 80200a9e        0     1                 .L0 
80200aa0 80200aa0        0     1                 .L0 
80200aa0 80200aa0        0     1                 .L0 
80200aa2 80200aa2        0     1                 .L0 
80200aa6 80200aa6        0     1                 .L0 
80200aa6 80200aa6        0     1                 .L0 
80200aa8 80200aa8        0     1                 .L0 
80200aa8 80200aa8        0     1                 .L0 
80200aaa 80200aaa        0     1                 .L0 
80200aac 80200aac        0     1                 .L0 
80200aac 80200aac        0     1                 .L0 
80200aac 80200aac        0     1                 .L0 
80200ab6 80200ab6        0     1                 .L0 
80200aba 80200aba        0     1                 .L0 
80200ac0 80200ac0        0     1                 .L0 
80200ac0 80200ac0        0     1                 .L0 
80200ac0 80200ac0        0     1                 .L0 
80200ac6 80200ac6        0     1                 .L0 
80200ac6 80200ac6        0     1                 .L0 
80200aca 80200aca        0     1                 .L0 
80200acc 80200acc        0     1                 .L0 
80200ad0 80200ad0        0     1                 .L0 
80200ad0 80200ad0        0     1                 .L0 
80200ad0 80200ad0        0     1                 .L0 
80200ad6 80200ad6        0     1                 .L0 
80200ad6 80200ad6        0     1                 .L0 
80200ada 80200ada        0     1                 .L0 
80200adc 80200adc        0     1                 .L0 
80200ae0 80200ae0        0     1                 .L0 
80200ae0 80200ae0        0     1                 .L0 
80200ae0 80200ae0        0     1                 .L0 
80200ae6 80200ae6        0     1                 .L0 
80200ae8 80200ae8        0     1                 .L0 
80200aec 80200aec        0     1                 .L0 
80200af0 80200af0        0     1                 .L0 
80200af0 80200af0        0     1                 .L0 
80200af0 80200af0        0     1                 .L0 
80200af2 80200af2        0     1                 .L0 
80200af2 80200af2        0     1                 .L0 
80200af6 80200af6        0     1                 .L0 
80200afa 80200afa        0     1                 .L0 
80200b00 80200b00        0     1                 .L0 
80200b00 80200b00        0     1                 .L0 
80200b0e 80200b0e        0     1                 .L0 
80200b0e 80200b0e        0     1                 .L0 
80200b14 80200b14        0     1                 .L0 
80200b14 80200b14        0     1                 .L0 
80200b14 80200b14        0     1                 .L0 
80200b1a 80200b1a        0     1                 .L0 
80200b1a 80200b1a        0     1                 .L0 
80200b1a 80200b1a        0     1                 .L0 
80200b1e 80200b1e        0     1                 .L0 
80200b34 80200b34        0     1                 .L0 
80200b38 80200b38        0     1                 .L0 
80200b38 80200b38        0     1                 .L0 
80200b38 80200b38        0     1                 .L0 
80200b38 80200b38        0     1                 .L0 
80200b38 80200b38        0     1                 .L0 
80200b38 80200b38       1c     1                 memcpy
80200b3c 80200b3c        0     1                 .L0 
80200b3c 80200b3c        0     1                 .L0 
80200b3e 80200b3e        0     1                 .L0 
80200b48 80200b48        0     1                 .L0 
80200b4e 80200b4e        0     1                 .L0 
80200b4e 80200b4e        0     1                 .L0 
80200b52 80200b52        0     1                 .L0 
80200b52 80200b52        0     1                 .L0 
80200b54 80200b54        0     1                 .L0 
80200b54 80200b54        0     1                 .L0 
80200b54 80200b54        0     1                 .L0 
80200b54 80200b54       16     1                 memset
80200b58 80200b58        0     1                 .L0 
80200b58 80200b58        0     1                 .L0 
80200b5a 80200b5a        0     1                 .L0 
80200b5e 80200b5e        0     1                 .L0 
80200b64 80200b64        0     1                 .L0 
80200b64 80200b64        0     1                 .L0 
80200b68 80200b68        0     1                 .L0 
80200b68 80200b68        0     1                 .L0 
80200b6a 80200b6a        0     1                 .L0 
80200b6a 80200b6a        0     1                 .L0 
80200b6a 80200b6a        0     1                 .L0 
80200b6a 80200b6a       24     1                 strcpy
80200b70 80200b70        0     1                 .L0 
80200b74 80200b74        0     1                 .L0 
80200b74 80200b74        0     1                 .L0 
80200b76 80200b76        0     1                 .L0 
80200b82 80200b82        0     1                 .L0 
80200b84 80200b84        0     1                 .L0 
80200b86 80200b86        0     1                 .L0 
80200b88 80200b88        0     1                 .L0 
80200b88 80200b88        0     1                 .L0 
80200b8c 80200b8c        0     1                 .L0 
80200b8e 80200b8e        0     1                 .L0 
80200b8e 80200b8e        0     1                 .L0 
80200b8e 80200b8e        0     1                 .L0 
80200b8e 80200b8e       24     1                 strcmp
80200b92 80200b92        0     1                 .L0 
80200b94 80200b94        0     1                 .L0 
80200b96 80200b96        0     1                 .L0 
80200b9a 80200b9a        0     1                 .L0 
80200b9e 80200b9e        0     1                 .L0 
80200b9e 80200b9e        0     1                 .L0 
80200ba4 80200ba4        0     1                 .L0 
80200ba6 80200ba6        0     1                 .L0 
80200ba8 80200ba8        0     1                 .L0 
80200bb0 80200bb0        0     1                 .L0 
80200bb2 80200bb2        0     1                 .L0 
80200bb2 80200bb2        0     1                 .L0 
80200bb2 80200bb2        0     1                 .L0 
80200bb2 80200bb2       22     1                 strncmp
80200bb4 80200bb4        0     1                 .L0 
80200bb4 80200bb4        0     1                 .L0 
80200bbc 80200bbc        0     1                 .L0 
80200bbc 80200bbc        0     1                 .L0 
80200bc2 80200bc2        0     1                 .L0 
80200bc2 80200bc2        0     1                 .L0 
80200bc8 80200bc8        0     1                 .L0 
80200bca 80200bca        0     1                 .L0 
80200bca 80200bca        0     1                 .L0 
80200bce 80200bce        0     1                 .L0 
80200bd2 80200bd2        0     1                 .L0 
80200bd2 80200bd2        0     1                 .L0 
80200bd4 80200bd4        0     1                 .L0 
80200bd4 80200bd4        0     1                 .L0 
80200bd4 80200bd4        0     1                 .L0 
80200bd4 80200bd4        0     1                 .L0 
80200bd4 80200bd4        a     1                 srand
80200bdc 80200bdc        0     1                 .L0 
80200bde 80200bde        0     1                 .L0 
80200bde 80200bde        0     1                 .L0 
80200bde 80200bde        0     1                 .L0 
80200bde 80200bde        0     1                 .L0 
80200bde 80200bde        0     1                 .L0 
80200bde 80200bde       28     1                 rand
80200bee 80200bee        0     1                 .L0 
80200bf8 80200bf8        0     1                 .L0 
80200bfa 80200bfa        0     1                 .L0 
80200c00 80200c00        0     1                 .L0 
80200c04 80200c04        0     1                 .L0 
80200c06 80200c06        0     1                 .L0 
80200c06 80200c06        0     1                 .L0 
80200c06 80200c06      322     2         /var/folders/hw/r5t5ryts3r7fw374z_3h5bmw0000gp/T/virtio-ab1e00.o:(.text)
80200c06 80200c06        0     1                 .L0 
80200c06 80200c06        0     1                 .L0 
80200c06 80200c06        0     1                 $x
80200c06 80200c06        0     1                 .L0 
80200c06 80200c06        a     1                 virtio_reg_read32
80200c0e 80200c0e        0     1                 .L0 
80200c10 80200c10        0     1                 .L0 
80200c10 80200c10        0     1                 .L0 
80200c10 80200c10        0     1                 .L0 
80200c10 80200c10        c     1                 virtio_reg_read64
80200c1a 80200c1a        0     1                 .L0 
80200c1c 80200c1c        0     1                 .L0 
80200c1c 80200c1c        0     1                 .L0 
80200c1c 80200c1c        0     1                 .L0 
80200c1c 80200c1c        a     1                 virtio_reg_write32
80200c24 80200c24        0     1                 .L0 
80200c26 80200c26        0     1                 .L0 
80200c26 80200c26        0     1                 .L0 
80200c26 80200c26        0     1                 .L0 
80200c26 80200c26        e     1                 virtio_reg_fetch_and_or32
80200c30 80200c30        0     1                 .L0 
80200c32 80200c32        0     1                 .L0 
80200c34 80200c34        0     1                 .L0 
80200c34 80200c34        0     1                 .L0 
80200c34 80200c34        0     1                 .L0 
80200c34 80200c34       38     1                 virtq_init
80200c3a 80200c3a        0     1                 .L0 
80200c3c 80200c3c        0     1                 .L0 
80200c42 80200c42        0     1                 .L0 
80200c42 80200c42        0     1                 .L0 
80200c5a 80200c5a        0     1                 .L0 
80200c5c 80200c5c        0     1                 .L0 
80200c5e 80200c5e        0     1                 .L0 
80200c62 80200c62        0     1                 .L0 
80200c64 80200c64        0     1                 .L0 
80200c68 80200c68        0     1                 .L0 
80200c68 80200c68        0     1                 .L0 
80200c6c 80200c6c        0     1                 .L0 
80200c6c 80200c6c        0     1                 .L0 
80200c6c 80200c6c        0     1                 .L0 
80200c6c 80200c6c        0     1                 .L0 
80200c6c 80200c6c        0     1                 .L0 
80200c6c 80200c6c       fc     1                 virtio_blk_init
80200c74 80200c74        0     1                 .L0 
80200c78 80200c78        0     1                 .L0 
80200c82 80200c82        0     1                 .L0 
80200c86 80200c86        0     1                 .L0 
80200c86 80200c86        0     1                 .L0 
80200c8a 80200c8a        0     1                 .L0 
80200c8e 80200c8e        0     1                 .L0 
80200c8e 80200c8e        0     1                 .L0 
80200c92 80200c92        0     1                 .L0 
80200c96 80200c96        0     1                 .L0 
80200c96 80200c96        0     1                 .L0 
80200c9a 80200c9a        0     1                 .L0 
80200c9a 80200c9a        0     1                 .L0 
80200c9c 80200c9c        0     1                 .L0 
80200ca0 80200ca0        0     1                 .L0 
80200ca0 80200ca0        0     1                 .L0 
80200ca2 80200ca2        0     1                 .L0 
80200ca2 80200ca2        0     1                 .L0 
80200ca4 80200ca4        0     1                 .L0 
80200ca8 80200ca8        0     1                 .L0 
80200ca8 80200ca8        0     1                 .L0 
80200caa 80200caa        0     1                 .L0 
80200caa 80200caa        0     1                 .L0 
80200cac 80200cac        0     1                 .L0 
80200cb0 80200cb0        0     1                 .L0 
80200cb0 80200cb0        0     1                 .L0 
80200cb2 80200cb2        0     1                 .L0 
80200cb2 80200cb2        0     1                 .L0 
80200cb8 80200cb8        0     1                 .L0 
80200cb8 80200cb8        0     1                 .L0 
80200cc2 80200cc2        0     1                 .L0 
80200cc4 80200cc4        0     1                 .L0 
80200cc8 80200cc8        0     1                 .L0 
80200ccc 80200ccc        0     1                 .L0 
80200ccc 80200ccc        0     1                 .L0 
80200cd2 80200cd2        0     1                 .L0 
80200cd2 80200cd2        0     1                 .L0 
80200cd6 80200cd6        0     1                 .L0 
80200cd6 80200cd6        0     1                 .L0 
80200cd8 80200cd8        0     1                 .L0 
80200cd8 80200cd8        0     1                 .L0 
80200cdc 80200cdc        0     1                 .L0 
80200cdc 80200cdc        0     1                 .L0 
80200cde 80200cde        0     1                 .L0 
80200cde 80200cde        0     1                 .L0 
80200ce2 80200ce2        0     1                 .L0 
80200ce2 80200ce2        0     1                 .L0 
80200ce4 80200ce4        0     1                 .L0 
80200ce4 80200ce4        0     1                 .L0 
80200ce8 80200ce8        0     1                 .L0 
80200cec 80200cec        0     1                 .L0 
80200cf0 80200cf0        0     1                 .L0 
80200cfc 80200cfc        0     1                 .L0 
80200d00 80200d00        0     1                 .L0 
80200d0a 80200d0a        0     1                 .L0 
80200d0a 80200d0a        0     1                 .L0 
80200d10 80200d10        0     1                 .L0 
80200d10 80200d10        0     1                 .L0 
80200d14 80200d14        0     1                 .L0 
80200d16 80200d16        0     1                 .L0 
80200d1c 80200d1c        0     1                 .L0 
80200d20 80200d20        0     1                 .L0 
80200d20 80200d20        0     1                 .L0 
80200d36 80200d36        0     1                 .L0 
80200d38 80200d38        0     1                 .L0 
80200d38 80200d38        0     1                 .L0 
80200d4e 80200d4e        0     1                 .L0 
80200d50 80200d50        0     1                 .L0 
80200d50 80200d50        0     1                 .L0 
80200d66 80200d66        0     1                 .L0 
80200d68 80200d68        0     1                 .L0 
80200d68 80200d68        0     1                 .L0 
80200d68 80200d68        0     1                 .L0 
80200d68 80200d68        0     1                 .L0 
80200d68 80200d68        0     1                 .L0 
80200d68 80200d68       34     1                 virtq_kick
80200d8a 80200d8a        0     1                 .L0 
80200d8e 80200d8e        0     1                 .L0 
80200d9a 80200d9a        0     1                 .L0 
80200d9c 80200d9c        0     1                 .L0 
80200d9c 80200d9c        0     1                 .L0 
80200d9c 80200d9c        0     1                 .L0 
80200d9c 80200d9c       18     1                 virtq_is_busy
80200da0 80200da0        0     1                 .L0 
80200db2 80200db2        0     1                 .L0 
80200db4 80200db4        0     1                 .L0 
80200db4 80200db4        0     1                 .L0 
80200db4 80200db4        0     1                 .L0 
80200db4 80200db4      174     1                 read_write_disk
80200dc0 80200dc0        0     1                 .L0 
80200dc2 80200dc2        0     1                 .L0 
80200dc2 80200dc2        0     1                 .L0 
80200dce 80200dce        0     1                 .L0 
80200dd8 80200dd8        0     1                 .L0 
80200de4 80200de4        0     1                 .L0 
80200de6 80200de6        0     1                 .L0 
80200e0a 80200e0a        0     1                 .L0 
80200e2a 80200e2a        0     1                 .L0 
80200e2c 80200e2c        0     1                 .L0 
80200e2e 80200e2e        0     1                 .L0 
80200e36 80200e36        0     1                 .L0 
80200e36 80200e36        0     1                 .L0 
80200e3a 80200e3a        0     1                 .L0 
80200e3a 80200e3a        0     1                 .L0 
80200e3a 80200e3a        0     1                 .L0 
80200e3e 80200e3e        0     1                 .L0 
80200e42 80200e42        0     1                 .L0 
80200e46 80200e46        0     1                 .L0 
80200e4c 80200e4c        0     1                 .L0 
80200e4e 80200e4e        0     1                 .L0 
80200e4e 80200e4e        0     1                 .L0 
80200e50 80200e50        0     1                 .L0 
80200e50 80200e50        0     1                 .L0 
80200e50 80200e50        0     1                 .L0 
80200e50 80200e50        0     1                 .L0 
80200e50 80200e50        0     1                 .L0 
80200e52 80200e52        0     1                 .L0 
80200e52 80200e52        0     1                 .L0 
80200e66 80200e66        0     1                 .L0 
80200e66 80200e66        0     1                 .L0 
80200e70 80200e70        0     1                 .L0 
80200e96 80200e96        0     1                 .L0 
80200e9a 80200e9a        0     1                 .L0 
80200ea6 80200ea6        0     1                 .L0 
80200eae 80200eae        0     1                 .L0 
80200ec4 80200ec4        0     1                 .L0 
80200ed8 80200ed8        0     1                 .L0 
80200edc 80200edc        0     1                 .L0 
80200ee0 80200ee0        0     1                 .L0 
80200ee6 80200ee6        0     1                 .L0 
80200ee8 80200ee8        0     1                 .L0 
80200eea 80200eea        0     1                 .L0 
80200ef2 80200ef2        0     1                 .L0 
80200ef6 80200ef6        0     1                 .L0 
80200efa 80200efa        0     1                 .L0 
80200efc 80200efc        0     1                 .L0 
80200efe 80200efe        0     1                 .L0 
80200efe 80200efe        0     1                 .L0 
80200f00 80200f00        0     1                 .L0 
80200f00 80200f00        0     1                 .L0 
80200f00 80200f00        0     1                 .L0 
80200f00 80200f00        0     1                 .L0 
80200f00 80200f00        0     1                 .L0 
80200f02 80200f02        0     1                 .L0 
80200f06 80200f06        0     1                 .L0 
80200f0a 80200f0a        0     1                 .L0 
80200f0c 80200f0c        0     1                 .L0 
80200f10 80200f10        0     1                 .L0 
80200f10 80200f10        0     1                 .L0 
80200f14 80200f14        0     1                 .L0 
80200f1a 80200f1a        0     1                 .L0 
80200f1e 80200f1e        0     1                 .L0 
80200f22 80200f22        0     1                 .L0 
80200f26 80200f26        0     1                 .L0 
80200f28 80200f28        0     1                 .L0 
80200f28 80200f28        0     1                 .L0 
80200f28 80200f28        0     1                 .L0 
80200f28 80200f28      952     2         /var/folders/hw/r5t5ryts3r7fw374z_3h5bmw0000gp/T/fat16-40e8d4.o:(.text)
80200f28 80200f28        0     1                 .L0 
80200f28 80200f28        0     1                 .L0 
80200f28 80200f28        0     1                 $x
80200f28 80200f28        0     1                 .L0 
80200f28 80200f28       5a     1                 init_fat16_disk
80200f38 80200f38        0     1                 .L0 
80200f3a 80200f3a        0     1                 .L0 
80200f42 80200f42        0     1                 .L0 
80200f46 80200f46        0     1                 .L0 
80200f4c 80200f4c        0     1                 .L0 
80200f4c 80200f4c        0     1                 .L0 
80200f4c 80200f4c        0     1                 .L0 
80200f54 80200f54        0     1                 .L0 
80200f54 80200f54        0     1                 .L0 
80200f56 80200f56        0     1                 .L0 
80200f5a 80200f5a        0     1                 .L0 
80200f5a 80200f5a        0     1                 .L0 
80200f62 80200f62        0     1                 .L0 
80200f62 80200f62        0     1                 .L0 
80200f62 80200f62        0     1                 .L0 
80200f6a 80200f6a        0     1                 .L0 
80200f6a 80200f6a        0     1                 .L0 
80200f6c 80200f6c        0     1                 .L0 
80200f70 80200f70        0     1                 .L0 
80200f70 80200f70        0     1                 .L0 
80200f7c 80200f7c        0     1                 .L0 
80200f82 80200f82        0     1                 .L0 
80200f82 80200f82        0     1                 .L0 
80200f82 80200f82        0     1                 .L0 
80200f82 80200f82        0     1                 .L0 
80200f82 80200f82        0     1                 .L0 
80200f82 80200f82        c     1                 read_cluster
80200f88 80200f88        0     1                 .L0 
80200f88 80200f88        0     1                 .L0 
80200f8c 80200f8c        0     1                 .L0 
80200f8e 80200f8e        0     1                 .L0 
80200f8e 80200f8e        0     1                 .L0 
80200f8e 80200f8e        0     1                 .L0 
80200f8e 80200f8e        0     1                 .L0 
80200f8e 80200f8e        0     1                 .L0 
80200f8e 80200f8e        0     1                 .L0 
80200f8e 80200f8e        c     1                 write_cluster
80200f92 80200f92        0     1                 .L0 
80200f96 80200f96        0     1                 .L0 
80200f98 80200f98        0     1                 .L0 
80200f9a 80200f9a        0     1                 .L0 
80200f9a 80200f9a        0     1                 .L0 
80200f9a 80200f9a        0     1                 .L0 
80200f9a 80200f9a        0     1                 .L0 
80200f9a 80200f9a        0     1                 .L0 
80200f9a 80200f9a        0     1                 .L0 
80200f9a 80200f9a      350     1                 create_file
80200fd2 80200fd2        0     1                 .L0 
80200fd4 80200fd4        0     1                 .L0 
80200fd6 80200fd6        0     1                 .L0 
80200fd8 80200fd8        0     1                 .L0 
80200fd8 80200fd8        0     1                 .L0 
80200fe4 80200fe4        0     1                 .L0 
80200fe4 80200fe4        0     1                 .L0 
80200ff2 80200ff2        0     1                 .L0 
80200ff2 80200ff2        0     1                 .L0 
80200ff2 80200ff2        0     1                 .L0 
80200ffa 80200ffa        0     1                 .L0 
80200ffa 80200ffa        0     1                 .L0 
80200ffc 80200ffc        0     1                 .L0 
80201000 80201000        0     1                 .L0 
80201004 80201004        0     1                 .L0 
80201004 80201004        0     1                 .L0 
80201014 80201014        0     1                 .L0 
80201014 80201014        0     1                 .L0 
80201014 80201014        0     1                 .L0 
8020101c 8020101c        0     1                 .L0 
8020101c 8020101c        0     1                 .L0 
8020101e 8020101e        0     1                 .L0 
80201022 80201022        0     1                 .L0 
80201026 80201026        0     1                 .L0 
80201026 80201026        0     1                 .L0 
80201038 80201038        0     1                 .L0 
80201038 80201038        0     1                 .L0 
8020103c 8020103c        0     1                 .L0 
80201042 80201042        0     1                 .L0 
80201048 80201048        0     1                 .L0 
8020104c 8020104c        0     1                 .L0 
80201062 80201062        0     1                 .L0 
80201064 80201064        0     1                 .L0 
80201064 80201064        0     1                 .L0 
80201068 80201068        0     1                 .L0 
8020106a 8020106a        0     1                 .L0 
80201072 80201072        0     1                 .L0 
80201076 80201076        0     1                 .L0 
80201080 80201080        0     1                 .L0 
80201080 80201080        0     1                 .L0 
80201080 80201080        0     1                 .L0 
80201082 80201082        0     1                 .L0 
80201082 80201082        0     1                 .L0 
80201090 80201090        0     1                 .L0 
80201090 80201090        0     1                 .L0 
8020109a 8020109a        0     1                 .L0 
8020109a 8020109a        0     1                 .L0 
8020109e 8020109e        0     1                 .L0 
802010a8 802010a8        0     1                 .L0 
802010a8 802010a8        0     1                 .L0 
802010ae 802010ae        0     1                 .L0 
802010b0 802010b0        0     1                 .L0 
802010b4 802010b4        0     1                 .L0 
802010b8 802010b8        0     1                 .L0 
802010bc 802010bc        0     1                 .L0 
802010c2 802010c2        0     1                 .L0 
802010c4 802010c4        0     1                 .L0 
802010c8 802010c8        0     1                 .L0 
802010cc 802010cc        0     1                 .L0 
802010d0 802010d0        0     1                 .L0 
802010d6 802010d6        0     1                 .L0 
802010d8 802010d8        0     1                 .L0 
802010dc 802010dc        0     1                 .L0 
802010e0 802010e0        0     1                 .L0 
802010e4 802010e4        0     1                 .L0 
802010ea 802010ea        0     1                 .L0 
802010ec 802010ec        0     1                 .L0 
802010f0 802010f0        0     1                 .L0 
802010f4 802010f4        0     1                 .L0 
802010f8 802010f8        0     1                 .L0 
802010fe 802010fe        0     1                 .L0 
80201100 80201100        0     1                 .L0 
80201104 80201104        0     1                 .L0 
80201108 80201108        0     1                 .L0 
8020110c 8020110c        0     1                 .L0 
80201112 80201112        0     1                 .L0 
80201114 80201114        0     1                 .L0 
80201118 80201118        0     1                 .L0 
8020111c 8020111c        0     1                 .L0 
80201120 80201120        0     1                 .L0 
80201126 80201126        0     1                 .L0 
80201128 80201128        0     1                 .L0 
8020112c 8020112c        0     1                 .L0 
80201130 80201130        0     1                 .L0 
80201134 80201134        0     1                 .L0 
8020113a 8020113a        0     1                 .L0 
8020113c 8020113c        0     1                 .L0 
80201140 80201140        0     1                 .L0 
80201144 80201144        0     1                 .L0 
80201148 80201148        0     1                 .L0 
8020114e 8020114e        0     1                 .L0 
80201152 80201152        0     1                 .L0 
80201156 80201156        0     1                 .L0 
80201158 80201158        0     1                 .L0 
8020115c 8020115c        0     1                 .L0 
8020115e 8020115e        0     1                 .L0 
80201162 80201162        0     1                 .L0 
80201166 80201166        0     1                 .L0 
80201168 80201168        0     1                 .L0 
8020116c 8020116c        0     1                 .L0 
80201170 80201170        0     1                 .L0 
80201172 80201172        0     1                 .L0 
80201176 80201176        0     1                 .L0 
8020119e 8020119e        0     1                 .L0 
8020119e 8020119e        0     1                 .L0 
802011a2 802011a2        0     1                 .L0 
802011a4 802011a4        0     1                 .L0 
802011b6 802011b6        0     1                 .L0 
802011b8 802011b8        0     1                 .L0 
802011b8 802011b8        0     1                 .L0 
802011bc 802011bc        0     1                 .L0 
802011bc 802011bc        0     1                 .L0 
802011bc 802011bc        0     1                 .L0 
802011c0 802011c0        0     1                 .L0 
802011c0 802011c0        0     1                 .L0 
802011c6 802011c6        0     1                 .L0 
802011c8 802011c8        0     1                 .L0 
802011d0 802011d0        0     1                 .L0 
802011d0 802011d0        0     1                 .L0 
802011d2 802011d2        0     1                 .L0 
802011d4 802011d4        0     1                 .L0 
802011d4 802011d4        0     1                 .L0 
802011d8 802011d8        0     1                 .L0 
802011d8 802011d8        0     1                 .L0 
802011dc 802011dc        0     1                 .L0 
802011e0 802011e0        0     1                 .L0 
802011e4 802011e4        0     1                 .L0 
802011e4 802011e4        0     1                 .L0 
802011e4 802011e4        0     1                 .L0 
802011ea 802011ea        0     1                 .L0 
802011ee 802011ee        0     1                 .L0 
802011f4 802011f4        0     1                 .L0 
802011f4 802011f4        0     1                 .L0 
802011f8 802011f8        0     1                 .L0 
802011fc 802011fc        0     1                 .L0 
80201200 80201200        0     1                 .L0 
80201204 80201204        0     1                 .L0 
80201206 80201206        0     1                 .L0 
8020120e 8020120e        0     1                 .L0 
80201214 80201214        0     1                 .L0 
8020122a 8020122a        0     1                 .L0 
8020122c 8020122c        0     1                 .L0 
8020122c 8020122c        0     1                 .L0 
80201232 80201232        0     1                 .L0 
80201232 80201232        0     1                 .L0 
80201232 80201232        0     1                 .L0 
8020123a 8020123a        0     1                 .L0 
8020123a 8020123a        0     1                 .L0 
8020123c 8020123c        0     1                 .L0 
80201242 80201242        0     1                 .L0 
80201242 80201242        0     1                 .L0 
80201242 80201242        0     1                 .L0 
8020124a 8020124a        0     1                 .L0 
8020124a 8020124a        0     1                 .L0 
8020124a 8020124a        0     1                 .L0 
8020124e 8020124e        0     1                 .L0 
80201250 80201250        0     1                 .L0 
80201252 80201252        0     1                 .L0 
80201252 80201252        0     1                 .L0 
80201252 80201252        0     1                 .L0 
80201258 80201258        0     1                 .L0 
8020125c 8020125c        0     1                 .L0 
8020125c 8020125c        0     1                 .L0 
8020125e 8020125e        0     1                 .L0 
8020125e 8020125e        0     1                 .L0 
80201266 80201266        0     1                 .L0 
80201266 80201266        0     1                 .L0 
80201266 80201266        0     1                 .L0 
80201270 80201270        0     1                 .L0 
80201270 80201270        0     1                 .L0 
80201278 80201278        0     1                 .L0 
80201278 80201278        0     1                 .L0 
8020127a 8020127a        0     1                 .L0 
8020127e 8020127e        0     1                 .L0 
80201282 80201282        0     1                 .L0 
80201282 80201282        0     1                 .L0 
8020128a 8020128a        0     1                 .L0 
8020128a 8020128a        0     1                 .L0 
8020128a 8020128a        0     1                 .L0 
80201292 80201292        0     1                 .L0 
80201292 80201292        0     1                 .L0 
80201294 80201294        0     1                 .L0 
80201298 80201298        0     1                 .L0 
8020129c 8020129c        0     1                 .L0 
8020129c 8020129c        0     1                 .L0 
802012ae 802012ae        0     1                 .L0 
802012ae 802012ae        0     1                 .L0 
802012b0 802012b0        0     1                 .L0 
802012b0 802012b0        0     1                 .L0 
802012b0 802012b0        0     1                 .L0 
802012dc 802012dc        0     1                 .L0 
802012e4 802012e4        0     1                 .L0 
802012ea 802012ea        0     1                 .L0 
802012ea 802012ea        0     1                 .L0 
802012ea 802012ea        0     1                 .L0 
802012ea 802012ea        0     1                 .L0 
802012ea 802012ea        0     1                 .L0 
802012ea 802012ea       9c     1                 read_file
8020130a 8020130a        0     1                 .L0 
8020130c 8020130c        0     1                 .L0 
8020130e 8020130e        0     1                 .L0 
80201310 80201310        0     1                 .L0 
8020131a 8020131a        0     1                 .L0 
8020131c 8020131c        0     1                 .L0 
8020131e 8020131e        0     1                 .L0 
8020131e 8020131e        0     1                 .L0 
80201320 80201320        0     1                 .L0 
80201322 80201322        0     1                 .L0 
8020132e 8020132e        0     1                 .L0 
8020132e 8020132e        0     1                 .L0 
8020132e 8020132e        0     1                 .L0 
80201332 80201332        0     1                 .L0 
80201338 80201338        0     1                 .L0 
80201338 80201338        0     1                 .L0 
8020133c 8020133c        0     1                 .L0 
8020133e 8020133e        0     1                 .L0 
8020133e 8020133e        0     1                 .L0 
80201342 80201342        0     1                 .L0 
80201346 80201346        0     1                 .L0 
80201346 80201346        0     1                 .L0 
80201350 80201350        0     1                 .L0 
80201350 80201350        0     1                 .L0 
80201352 80201352        0     1                 .L0 
80201358 80201358        0     1                 .L0 
80201358 80201358        0     1                 .L0 
8020135c 8020135c        0     1                 .L0 
8020135c 8020135c        0     1                 .L0 
8020135e 8020135e        0     1                 .L0 
80201360 80201360        0     1                 .L0 
80201360 80201360        0     1                 .L0 
80201362 80201362        0     1                 .L0 
80201362 80201362        0     1                 .L0 
80201362 80201362        0     1                 .L0 
80201364 80201364        0     1                 .L0 
80201364 80201364        0     1                 .L0 
80201380 80201380        0     1                 .L0 
80201386 80201386        0     1                 .L0 
80201386 80201386        0     1                 .L0 
80201386 80201386        0     1                 .L0 
80201386 80201386        0     1                 .L0 
80201386 80201386        0     1                 .L0 
80201386 80201386      204     1                 list_root_dir
8020139e 8020139e        0     1                 .L0 
802013ae 802013ae        0     1                 .L0 
802013ae 802013ae        0     1                 .L0 
802013ae 802013ae        0     1                 .L0 
802013b6 802013b6        0     1                 .L0 
802013b6 802013b6        0     1                 .L0 
802013b8 802013b8        0     1                 .L0 
802013bc 802013bc        0     1                 .L0 
802013c0 802013c0        0     1                 .L0 
802013c0 802013c0        0     1                 .L0 
802013cc 802013cc        0     1                 .L0 
802013cc 802013cc        0     1                 .L0 
8020140a 8020140a        0     1                 .L0 
8020140a 8020140a        0     1                 .L0 
8020140a 8020140a        0     1                 .L0 
8020140e 8020140e        0     1                 .L0 
8020140e 8020140e        0     1                 .L0 
80201410 80201410        0     1                 .L0 
80201414 80201414        0     1                 .L0 
80201414 80201414        0     1                 .L0 
80201414 80201414        0     1                 .L0 
80201416 80201416        0     1                 .L0 
80201416 80201416        0     1                 .L0 
8020141a 8020141a        0     1                 .L0 
80201424 80201424        0     1                 .L0 
80201424 80201424        0     1                 .L0 
80201442 80201442        0     1                 .L0 
80201448 80201448        0     1                 .L0 
80201448 80201448        0     1                 .L0 
8020144e 8020144e        0     1                 .L0 
8020144e 8020144e        0     1                 .L0 
8020145a 8020145a        0     1                 .L0 
80201460 80201460        0     1                 .L0 
80201460 80201460        0     1                 .L0 
80201462 80201462        0     1                 .L0 
80201466 80201466        0     1                 .L0 
8020146a 8020146a        0     1                 .L0 
8020146a 8020146a        0     1                 .L0 
8020146a 8020146a        0     1                 .L0 
8020146e 8020146e        0     1                 .L0 
80201474 80201474        0     1                 .L0 
80201474 80201474        0     1                 .L0 
80201478 80201478        0     1                 .L0 
8020147a 8020147a        0     1                 .L0 
8020147e 8020147e        0     1                 .L0 
80201484 80201484        0     1                 .L0 
80201484 80201484        0     1                 .L0 
8020148a 8020148a        0     1                 .L0 
8020148e 8020148e        0     1                 .L0 
80201492 80201492        0     1                 .L0 
8020149c 8020149c        0     1                 .L0 
802014a0 802014a0        0     1                 .L0 
802014a4 802014a4        0     1                 .L0 
802014a4 802014a4        0     1                 .L0 
802014a8 802014a8        0     1                 .L0 
802014ac 802014ac        0     1                 .L0 
802014ac 802014ac        0     1                 .L0 
802014b0 802014b0        0     1                 .L0 
802014b4 802014b4        0     1                 .L0 
802014b4 802014b4        0     1                 .L0 
802014b8 802014b8        0     1                 .L0 
802014bc 802014bc        0     1                 .L0 
802014bc 802014bc        0     1                 .L0 
802014c0 802014c0        0     1                 .L0 
802014c4 802014c4        0     1                 .L0 
802014c4 802014c4        0     1                 .L0 
802014c8 802014c8        0     1                 .L0 
802014cc 802014cc        0     1                 .L0 
802014cc 802014cc        0     1                 .L0 
802014d0 802014d0        0     1                 .L0 
802014d6 802014d6        0     1                 .L0 
802014d6 802014d6        0     1                 .L0 
802014e0 802014e0        0     1                 .L0 
802014e4 802014e4        0     1                 .L0 
802014e8 802014e8        0     1                 .L0 
802014f2 802014f2        0     1                 .L0 
802014f6 802014f6        0     1                 .L0 
802014fa 802014fa        0     1                 .L0 
80201504 80201504        0     1                 .L0 
80201508 80201508        0     1                 .L0 
8020150c 8020150c        0     1                 .L0 
80201516 80201516        0     1                 .L0 
8020151a 8020151a        0     1                 .L0 
8020151e 8020151e        0     1                 .L0 
80201528 80201528        0     1                 .L0 
8020152c 8020152c        0     1                 .L0 
80201530 80201530        0     1                 .L0 
8020153a 8020153a        0     1                 .L0 
8020153e 8020153e        0     1                 .L0 
80201542 80201542        0     1                 .L0 
80201542 80201542        0     1                 .L0 
80201546 80201546        0     1                 .L0 
8020154e 8020154e        0     1                 .L0 
80201552 80201552        0     1                 .L0 
80201556 80201556        0     1                 .L0 
80201556 80201556        0     1                 .L0 
8020155a 8020155a        0     1                 .L0 
8020155c 8020155c        0     1                 .L0 
8020155e 8020155e        0     1                 .L0 
80201564 80201564        0     1                 .L0 
80201568 80201568        0     1                 .L0 
8020156c 8020156c        0     1                 .L0 
8020156e 8020156e        0     1                 .L0 
80201570 80201570        0     1                 .L0 
80201570 80201570        0     1                 .L0 
80201586 80201586        0     1                 .L0 
8020158a 8020158a        0     1                 .L0 
8020158a 8020158a        0     1                 .L0 
8020158a 8020158a        0     1                 .L0 
8020158a 8020158a        0     1                 .L0 
8020158a 8020158a        0     1                 .L0 
8020158a 8020158a      2f0     1                 concatenate
802015bc 802015bc        0     1                 .L0 
802015cc 802015cc        0     1                 .L0 
802015cc 802015cc        0     1                 .L0 
802015cc 802015cc        0     1                 .L0 
802015d6 802015d6        0     1                 .L0 
802015d6 802015d6        0     1                 .L0 
802015d8 802015d8        0     1                 .L0 
802015dc 802015dc        0     1                 .L0 
802015e0 802015e0        0     1                 .L0 
802015e0 802015e0        0     1                 .L0 
802015e8 802015e8        0     1                 .L0 
802015ea 802015ea        0     1                 .L0 
802015ee 802015ee        0     1                 .L0 
802015f2 802015f2        0     1                 .L0 
802015f2 802015f2        0     1                 .L0 
802015fe 802015fe        0     1                 .L0 
80201600 80201600        0     1                 .L0 
80201604 80201604        0     1                 .L0 
80201608 80201608        0     1                 .L0 
80201608 80201608        0     1                 .L0 
8020160c 8020160c        0     1                 .L0 
8020160e 8020160e        0     1                 .L0 
80201612 80201612        0     1                 .L0 
80201616 80201616        0     1                 .L0 
80201616 80201616        0     1                 .L0 
8020161a 8020161a        0     1                 .L0 
8020161c 8020161c        0     1                 .L0 
80201620 80201620        0     1                 .L0 
80201624 80201624        0     1                 .L0 
80201624 80201624        0     1                 .L0 
80201628 80201628        0     1                 .L0 
8020162a 8020162a        0     1                 .L0 
8020162e 8020162e        0     1                 .L0 
80201632 80201632        0     1                 .L0 
80201632 80201632        0     1                 .L0 
80201636 80201636        0     1                 .L0 
80201638 80201638        0     1                 .L0 
8020163c 8020163c        0     1                 .L0 
80201640 80201640        0     1                 .L0 
80201640 80201640        0     1                 .L0 
80201644 80201644        0     1                 .L0 
80201646 80201646        0     1                 .L0 
8020164a 8020164a        0     1                 .L0 
8020164e 8020164e        0     1                 .L0 
8020164e 8020164e        0     1                 .L0 
80201652 80201652        0     1                 .L0 
80201654 80201654        0     1                 .L0 
80201658 80201658        0     1                 .L0 
8020165c 8020165c        0     1                 .L0 
8020165c 8020165c        0     1                 .L0 
80201660 80201660        0     1                 .L0 
80201662 80201662        0     1                 .L0 
80201666 80201666        0     1                 .L0 
8020166a 8020166a        0     1                 .L0 
8020166a 8020166a        0     1                 .L0 
8020166e 8020166e        0     1                 .L0 
80201670 80201670        0     1                 .L0 
80201674 80201674        0     1                 .L0 
80201678 80201678        0     1                 .L0 
80201678 80201678        0     1                 .L0 
8020167c 8020167c        0     1                 .L0 
8020167e 8020167e        0     1                 .L0 
80201682 80201682        0     1                 .L0 
80201686 80201686        0     1                 .L0 
80201686 80201686        0     1                 .L0 
8020168a 8020168a        0     1                 .L0 
8020168c 8020168c        0     1                 .L0 
80201690 80201690        0     1                 .L0 
80201694 80201694        0     1                 .L0 
80201694 80201694        0     1                 .L0 
80201698 80201698        0     1                 .L0 
8020169a 8020169a        0     1                 .L0 
8020169e 8020169e        0     1                 .L0 
802016a2 802016a2        0     1                 .L0 
802016a2 802016a2        0     1                 .L0 
802016a6 802016a6        0     1                 .L0 
802016a8 802016a8        0     1                 .L0 
802016ac 802016ac        0     1                 .L0 
802016b0 802016b0        0     1                 .L0 
802016b0 802016b0        0     1                 .L0 
802016b4 802016b4        0     1                 .L0 
802016b6 802016b6        0     1                 .L0 
802016ba 802016ba        0     1                 .L0 
802016be 802016be        0     1                 .L0 
802016be 802016be        0     1                 .L0 
802016c2 802016c2        0     1                 .L0 
802016c8 802016c8        0     1                 .L0 
802016c8 802016c8        0     1                 .L0 
802016c8 802016c8        0     1                 .L0 
802016d2 802016d2        0     1                 .L0 
802016d2 802016d2        0     1                 .L0 
802016d2 802016d2        0     1                 .L0 
802016d8 802016d8        0     1                 .L0 
802016d8 802016d8        0     1                 .L0 
802016dc 802016dc        0     1                 .L0 
802016dc 802016dc        0     1                 .L0 
802016de 802016de        0     1                 .L0 
802016de 802016de        0     1                 .L0 
802016de 802016de        0     1                 .L0 
802016e2 802016e2        0     1                 .L0 
802016e4 802016e4        0     1                 .L0 
802016e4 802016e4        0     1                 .L0 
802016e4 802016e4        0     1                 .L0 
802016e8 802016e8        0     1                 .L0 
802016ea 802016ea        0     1                 .L0 
802016ea 802016ea        0     1                 .L0 
802016ea 802016ea        0     1                 .L0 
802016ee 802016ee        0     1                 .L0 
802016f0 802016f0        0     1                 .L0 
802016f0 802016f0        0     1                 .L0 
802016f0 802016f0        0     1                 .L0 
802016f4 802016f4        0     1                 .L0 
802016f6 802016f6        0     1                 .L0 
802016f6 802016f6        0     1                 .L0 
802016f6 802016f6        0     1                 .L0 
802016fa 802016fa        0     1                 .L0 
802016fc 802016fc        0     1                 .L0 
802016fc 802016fc        0     1                 .L0 
802016fc 802016fc        0     1                 .L0 
80201700 80201700        0     1                 .L0 
80201702 80201702        0     1                 .L0 
80201702 80201702        0     1                 .L0 
80201702 80201702        0     1                 .L0 
80201706 80201706        0     1                 .L0 
80201708 80201708        0     1                 .L0 
80201708 80201708        0     1                 .L0 
80201708 80201708        0     1                 .L0 
8020170c 8020170c        0     1                 .L0 
8020170e 8020170e        0     1                 .L0 
8020170e 8020170e        0     1                 .L0 
8020170e 8020170e        0     1                 .L0 
80201712 80201712        0     1                 .L0 
80201714 80201714        0     1                 .L0 
80201714 80201714        0     1                 .L0 
80201714 80201714        0     1                 .L0 
80201718 80201718        0     1                 .L0 
8020171a 8020171a        0     1                 .L0 
8020171a 8020171a        0     1                 .L0 
8020171a 8020171a        0     1                 .L0 
8020171e 8020171e        0     1                 .L0 
80201720 80201720        0     1                 .L0 
80201720 80201720        0     1                 .L0 
80201720 80201720        0     1                 .L0 
80201724 80201724        0     1                 .L0 
80201726 80201726        0     1                 .L0 
80201726 80201726        0     1                 .L0 
80201726 80201726        0     1                 .L0 
8020172a 8020172a        0     1                 .L0 
8020172c 8020172c        0     1                 .L0 
8020172c 8020172c        0     1                 .L0 
8020172c 8020172c        0     1                 .L0 
80201730 80201730        0     1                 .L0 
80201730 80201730        0     1                 .L0 
80201752 80201752        0     1                 .L0 
80201752 80201752        0     1                 .L0 
80201768 80201768        0     1                 .L0 
80201770 80201770        0     1                 .L0 
80201770 80201770        0     1                 .L0 
8020177a 8020177a        0     1                 .L0 
8020177a 8020177a        0     1                 .L0 
80201784 80201784        0     1                 .L0 
80201784 80201784        0     1                 .L0 
80201784 80201784        0     1                 .L0 
80201788 80201788        0     1                 .L0 
8020178c 8020178c        0     1                 .L0 
8020178c 8020178c        0     1                 .L0 
80201790 80201790        0     1                 .L0 
802017c0 802017c0        0     1                 .L0 
802017c0 802017c0        0     1                 .L0 
802017c4 802017c4        0     1                 .L0 
802017c4 802017c4        0     1                 .L0 
802017c4 802017c4        0     1                 .L0 
802017d4 802017d4        0     1                 .L0 
802017d4 802017d4        0     1                 .L0 
802017d4 802017d4        0     1                 .L0 
802017d8 802017d8        0     1                 .L0 
802017e2 802017e2        0     1                 .L0 
802017e2 802017e2        0     1                 .L0 
802017e6 802017e6        0     1                 .L0 
802017e8 802017e8        0     1                 .L0 
802017e8 802017e8        0     1                 .L0 
802017ec 802017ec        0     1                 .L0 
802017f0 802017f0        0     1                 .L0 
802017f0 802017f0        0     1                 .L0 
802017fc 802017fc        0     1                 .L0 
802017fc 802017fc        0     1                 .L0 
802017fe 802017fe        0     1                 .L0 
80201804 80201804        0     1                 .L0 
80201804 80201804        0     1                 .L0 
80201808 80201808        0     1                 .L0 
80201808 80201808        0     1                 .L0 
8020180c 8020180c        0     1                 .L0 
8020180e 8020180e        0     1                 .L0 
8020180e 8020180e        0     1                 .L0 
80201810 80201810        0     1                 .L0 
80201810 80201810        0     1                 .L0 
8020181c 8020181c        0     1                 .L0 
8020181c 8020181c        0     1                 .L0 
8020181e 8020181e        0     1                 .L0 
8020181e 8020181e        0     1                 .L0 
80201826 80201826        0     1                 .L0 
80201826 80201826        0     1                 .L0 
80201826 80201826        0     1                 .L0 
8020182a 8020182a        0     1                 .L0 
80201830 80201830        0     1                 .L0 
80201830 80201830        0     1                 .L0 
80201832 80201832        0     1                 .L0 
80201836 80201836        0     1                 .L0 
80201836 80201836        0     1                 .L0 
8020183e 8020183e        0     1                 .L0 
8020183e 8020183e        0     1                 .L0 
80201842 80201842        0     1                 .L0 
80201842 80201842        0     1                 .L0 
80201848 80201848        0     1                 .L0 
8020187a 8020187a        0     1                 .L0 
8020187a 8020187a        0     1                 .L0 
8020187c 8020187c      497     4 .rodata
8020187c 8020187c       18     4         /var/folders/hw/r5t5ryts3r7fw374z_3h5bmw0000gp/T/kernel-5f69c4.o:(.rodata)
8020187c 8020187c        0     1                 .LJTI10_0
8020187c 8020187c        0     1                 $d
80201894 80201894      47f     1         <internal>:(.rodata.str1.1)
80201d14 80201d14    105d8     4 .data
80201d14 80201d14        4     4         /var/folders/hw/r5t5ryts3r7fw374z_3h5bmw0000gp/T/kernel-5f69c4.o:(.data)
80201d14 80201d14        4     1                 alloc_pages.next_paddr
80201d14 80201d14        0     1                 $d
80201d18 80201d18        4     4         /var/folders/hw/r5t5ryts3r7fw374z_3h5bmw0000gp/T/common-701186.o:(.data)
80201d18 80201d18        4     1                 next
80201d18 80201d18        0     1                 $d
80201d1c 80201d1c    105d0     1         shell.bin.o:(.data)
80201d1c 80201d1c        0     1                 _binary_shell_bin_start
802122ec 802122ec        0     1                 _binary_shell_bin_end
802122f0 802122f0    180a8     8 .bss
802122f0 802122f0        0     1         __bss = .
802122f0 802122f0    10090     4         /var/folders/hw/r5t5ryts3r7fw374z_3h5bmw0000gp/T/kernel-5f69c4.o:(.bss)
802122f0 802122f0        0     1                 $d
802122f0 802122f0    10080     1                 procs
80222370 80222370        4     1                 proc_a
80222374 80222374        4     1                 proc_b
80222378 80222378        8     1                 .L_MergedGlobals
80222378 80222378        4     1                 idle_proc
8022237c 8022237c        4     1                 current_proc
80222380 80222380       18     8         /var/folders/hw/r5t5ryts3r7fw374z_3h5bmw0000gp/T/virtio-ab1e00.o:(.bss)
80222380 80222380       18     1                 .L_MergedGlobals
80222380 80222380        0     1                 $d
80222380 80222380        4     1                 blk_request_vq
80222384 80222384        4     1                 blk_req_paddr
80222388 80222388        4     1                 blk_req
80222390 80222390        8     1                 blk_capacity
80222398 80222398     8000     4         /var/folders/hw/r5t5ryts3r7fw374z_3h5bmw0000gp/T/fat16-40e8d4.o:(.bss)
80222398 80222398        0     1                 $d
80222398 80222398     4000     1                 fat
80226398 80226398     4000     1                 root_dir
8022a398 8022a398        0     1         __bss_end = .
8022a398 8022a398        0     1 . = ALIGN(4)
8022a398 8022a398    20000     1 . += 128 * 1024
8024a398 8024a398        0     1 __stack_top = .
8024a398 8024a398      c68     1 . = ALIGN(4096)
8024b000 8024b000        0     1 __free_ram = .
8024b000 8024b000  4000000     1 . += 64 * 1024 * 1024
8424b000 8424b000        0     1 __free_ram_end = .
       0        0      fbb     1 .debug_loclists
       0        0      6a1     1         /var/folders/hw/r5t5ryts3r7fw374z_3h5bmw0000gp/T/kernel-5f69c4.o:(.debug_loclists)
       0        0        0     1                 $d
       c        c        0     1                 .L0 
     6a1      6a1      224     1         /var/folders/hw/r5t5ryts3r7fw374z_3h5bmw0000gp/T/common-701186.o:(.debug_loclists)
     6a1      6a1        0     1                 $d
     6ad      6ad        0     1                 .L0 
     8c5      8c5      12b     1         /var/folders/hw/r5t5ryts3r7fw374z_3h5bmw0000gp/T/virtio-ab1e00.o:(.debug_loclists)
     8c5      8c5        0     1                 $d
     8d1      8d1        0     1                 .L0 
     9f0      9f0      5cb     1         /var/folders/hw/r5t5ryts3r7fw374z_3h5bmw0000gp/T/fat16-40e8d4.o:(.debug_loclists)
     9f0      9f0        0     1                 $d
     9fc      9fc        0     1                 .L0 
       0        0      8f3     1 .debug_abbrev
       0        0      319     1         /var/folders/hw/r5t5ryts3r7fw374z_3h5bmw0000gp/T/kernel-5f69c4.o:(.debug_abbrev)
       0        0        0     1                 $d
     319      319      157     1         /var/folders/hw/r5t5ryts3r7fw374z_3h5bmw0000gp/T/common-701186.o:(.debug_abbrev)
     319      319        0     1                 $d
     470      470      1ff     1         /var/folders/hw/r5t5ryts3r7fw374z_3h5bmw0000gp/T/virtio-ab1e00.o:(.debug_abbrev)
     470      470        0     1                 $d
     66f      66f      284     1         /var/folders/hw/r5t5ryts3r7fw374z_3h5bmw0000gp/T/fat16-40e8d4.o:(.debug_abbrev)
     66f      66f        0     1                 $d
       0        0     1fce     1 .debug_info
       0        0      d9f     1         /var/folders/hw/r5t5ryts3r7fw374z_3h5bmw0000gp/T/kernel-5f69c4.o:(.debug_info)
       0        0        0     1                 $d
     d9f      d9f      2aa     1         /var/folders/hw/r5t5ryts3r7fw374z_3h5bmw0000gp/T/common-701186.o:(.debug_info)
     d9f      d9f        0     1                 $d
    1049     1049      76b     1         /var/folders/hw/r5t5ryts3r7fw374z_3h5bmw0000gp/T/virtio-ab1e00.o:(.debug_info)
    1049     1049        0     1                 $d
    17b4     17b4      81a     1         /var/folders/hw/r5t5ryts3r7fw374z_3h5bmw0000gp/T/fat16-40e8d4.o:(.debug_info)
    17b4     17b4        0     1                 $d
       0        0      15d     1 .debug_rnglists
       0        0       8f     1         /var/folders/hw/r5t5ryts3r7fw374z_3h5bmw0000gp/T/kernel-5f69c4.o:(.debug_rnglists)
       0        0        0     1                 $d
       c        c        0     1                 .L0 
      8f       8f       2a     1         /var/folders/hw/r5t5ryts3r7fw374z_3h5bmw0000gp/T/common-701186.o:(.debug_rnglists)
      8f       8f        0     1                 $d
      9b       9b        0     1                 .L0 
      b9       b9       2a     1         /var/folders/hw/r5t5ryts3r7fw374z_3h5bmw0000gp/T/virtio-ab1e00.o:(.debug_rnglists)
      b9       b9        0     1                 $d
      c5       c5        0     1                 .L0 
      e3       e3       7a     1         /var/folders/hw/r5t5ryts3r7fw374z_3h5bmw0000gp/T/fat16-40e8d4.o:(.debug_rnglists)
      e3       e3        0     1                 $d
      ef       ef        0     1                 .L0 
       0        0      4a0     1 .debug_str_offsets
       0        0      1ec     1         /var/folders/hw/r5t5ryts3r7fw374z_3h5bmw0000gp/T/kernel-5f69c4.o:(.debug_str_offsets)
       0        0        0     1                 $d
       8        8        0     1                 .L0 
     1ec      1ec       b0     1         /var/folders/hw/r5t5ryts3r7fw374z_3h5bmw0000gp/T/common-701186.o:(.debug_str_offsets)
     1ec      1ec        0     1                 $d
     1f4      1f4        0     1                 .L0 
     29c      29c      108     1         /var/folders/hw/r5t5ryts3r7fw374z_3h5bmw0000gp/T/virtio-ab1e00.o:(.debug_str_offsets)
     29c      29c        0     1                 $d
     2a4      2a4        0     1                 .L0 
     3a4      3a4       fc     1         /var/folders/hw/r5t5ryts3r7fw374z_3h5bmw0000gp/T/fat16-40e8d4.o:(.debug_str_offsets)
     3a4      3a4        0     1                 $d
     3ac      3ac        0     1                 .L0 
       0        0      749     1 .debug_str
       0        0      749     1         <internal>:(.debug_str)
       0        0      414     1 .debug_addr
       0        0      1a0     1         /var/folders/hw/r5t5ryts3r7fw374z_3h5bmw0000gp/T/kernel-5f69c4.o:(.debug_addr)
       0        0        0     1                 $d
       8        8        0     1                 .L0 
     1a0      1a0       70     1         /var/folders/hw/r5t5ryts3r7fw374z_3h5bmw0000gp/T/common-701186.o:(.debug_addr)
     1a0      1a0        0     1                 $d
     1a8      1a8        0     1                 .L0 
     210      210       d8     1         /var/folders/hw/r5t5ryts3r7fw374z_3h5bmw0000gp/T/virtio-ab1e00.o:(.debug_addr)
     210      210        0     1                 $d
     218      218        0     1                 .L0 
     2e8      2e8      12c     1         /var/folders/hw/r5t5ryts3r7fw374z_3h5bmw0000gp/T/fat16-40e8d4.o:(.debug_addr)
     2e8      2e8        0     1                 $d
     2f0      2f0        0     1                 .L0 
       0        0       3b     1 .comment
       0        0       3b     1         <internal>:(.comment)
       0        0       4e     1 .riscv.attributes
       0        0       4e     1         <internal>:(.riscv.attributes)
       0        0      510     4 .debug_frame
       0        0      1d4     4         /var/folders/hw/r5t5ryts3r7fw374z_3h5bmw0000gp/T/kernel-5f69c4.o:(.debug_frame)
       0        0        0     1                 .L0 
       0        0        0     1                 $d
     1d4      1d4       c8     4         /var/folders/hw/r5t5ryts3r7fw374z_3h5bmw0000gp/T/common-701186.o:(.debug_frame)
     1d4      1d4        0     1                 .L0 
     1d4      1d4        0     1                 $d
     29c      29c      10c     4         /var/folders/hw/r5t5ryts3r7fw374z_3h5bmw0000gp/T/virtio-ab1e00.o:(.debug_frame)
     29c      29c        0     1                 .L0 
     29c      29c        0     1                 $d
     3a8      3a8      168     4         /var/folders/hw/r5t5ryts3r7fw374z_3h5bmw0000gp/T/fat16-40e8d4.o:(.debug_frame)
     3a8      3a8        0     1                 .L0 
     3a8      3a8        0     1                 $d
       0        0     1a4f     1 .debug_line
       0        0      8e9     1         /var/folders/hw/r5t5ryts3r7fw374z_3h5bmw0000gp/T/kernel-5f69c4.o:(.debug_line)
       0        0        0     1                 .Lline_table_start0
       0        0        0     1                 $d
     8e9      8e9      380     1         /var/folders/hw/r5t5ryts3r7fw374z_3h5bmw0000gp/T/common-701186.o:(.debug_line)
     8e9      8e9        0     1                 .Lline_table_start0
     8e9      8e9        0     1                 $d
     c69      c69      3d2     1         /var/folders/hw/r5t5ryts3r7fw374z_3h5bmw0000gp/T/virtio-ab1e00.o:(.debug_line)
     c69      c69        0     1                 .Lline_table_start0
     c69      c69        0     1                 $d
    103b     103b      a14     1         /var/folders/hw/r5t5ryts3r7fw374z_3h5bmw0000gp/T/fat16-40e8d4.o:(.debug_line)
    103b     103b        0     1                 .Lline_table_start0
    103b     103b        0     1                 $d
       0        0      145     1 .debug_line_str
       0        0      145     1         <internal>:(.debug_line_str)
       0        0      830     4 .symtab
       0        0      830     4         <internal>:(.symtab)
       0        0       dc     1 .shstrtab
       0        0       dc     1         <internal>:(.shstrtab)
       0        0      3cc     1 .strtab
       0        0      3cc     1         <internal>:(.strtab)
