     VMA      LMA     Size Align Out     In      Symbol
       0        0 80200000     1 . = 0x80200000
80200000        0        0     1 __kernel_base = .
80200000 80200000      b02     4 .text
80200000 80200000        e     2         /var/folders/hw/r5t5ryts3r7fw374z_3h5bmw0000gp/T/kernel-39d0da.o:(.text.boot)
80200000 80200000        0     1                 .L0 
80200000 80200000        0     1                 .L0 
80200000 80200000        0     1                 $x
80200000 80200000        0     1                 .L0 
80200000 80200000        e     1                 boot
8020000e 8020000e        0     1                 .L0 
8020000e 8020000e        0     1                 .L0 
80200010 80200010      8d0     4         /var/folders/hw/r5t5ryts3r7fw374z_3h5bmw0000gp/T/kernel-39d0da.o:(.text)
80200010 80200010        0     1                 .L0 
80200010 80200010        0     1                 .L0 
80200010 80200010        0     1                 $x
80200010 80200010        0     1                 .L0 
80200010 80200010       50     1                 alloc_pages
80200016 80200016        0     1                 .L0 
80200016 80200016        0     1                 .L0 
8020001e 8020001e        0     1                 .L0 
8020001e 8020001e        0     1                 .L0 
80200022 80200022        0     1                 .L0 
80200026 80200026        0     1                 .L0 
80200026 80200026        0     1                 .L0 
8020002e 8020002e        0     1                 .L0 
80200032 80200032        0     1                 .L0 
80200036 80200036        0     1                 .L0 
8020004c 8020004c        0     1                 .L0 
8020004e 8020004e        0     1                 .L0 
8020004e 8020004e        0     1                 .L0 
80200056 80200056        0     1                 .L0 
80200056 80200056        0     1                 .L0 
80200058 80200058        0     1                 .L0 
8020005c 8020005c        0     1                 .L0 
8020005c 8020005c        0     1                 .L0 
80200060 80200060        0     1                 .L0 
80200060 80200060        0     1                 .L0 
80200060 80200060        0     1                 .L0 
80200060 80200060        0     1                 .L0 
80200060 80200060        0     1                 .L0 
80200060 80200060       dc     1                 map_page
8020006e 8020006e        0     1                 .L0 
80200070 80200070        0     1                 .L0 
80200070 80200070        0     1                 .L0 
80200074 80200074        0     1                 .L0 
80200078 80200078        0     1                 .L0 
80200088 80200088        0     1                 .L0 
8020008a 8020008a        0     1                 .L0 
8020008e 8020008e        0     1                 .L0 
80200090 80200090        0     1                 .L0 
80200090 80200090        0     1                 .L0 
80200090 80200090        0     1                 .L0 
80200096 80200096        0     1                 .L0 
80200098 80200098        0     1                 .L0 
8020009c 8020009c        0     1                 .L0 
802000aa 802000aa        0     1                 .L0 
802000ae 802000ae        0     1                 .L0 
802000b2 802000b2        0     1                 .L0 
802000b4 802000b4        0     1                 .L0 
802000b4 802000b4        0     1                 .L0 
802000b4 802000b4        0     1                 .L0 
802000c0 802000c0        0     1                 .L0 
802000c0 802000c0        0     1                 .L0 
802000c6 802000c6        0     1                 .L0 
802000c6 802000c6        0     1                 .L0 
802000ce 802000ce        0     1                 .L0 
802000ce 802000ce        0     1                 .L0 
802000d0 802000d0        0     1                 .L0 
802000d2 802000d2        0     1                 .L0 
802000da 802000da        0     1                 .L0 
802000de 802000de        0     1                 .L0 
802000e2 802000e2        0     1                 .L0 
802000f4 802000f4        0     1                 .L0 
802000f6 802000f6        0     1                 .L0 
802000f8 802000f8        0     1                 .L0 
802000f8 802000f8        0     1                 .L0 
802000f8 802000f8        0     1                 .L0 
802000fa 802000fa        0     1                 .L0 
802000fa 802000fa        0     1                 .L0 
80200102 80200102        0     1                 .L0 
80200106 80200106        0     1                 .L0 
80200106 80200106        0     1                 .L0 
8020010a 8020010a        0     1                 .L0 
80200114 80200114        0     1                 .L0 
80200114 80200114        0     1                 .L0 
8020011a 8020011a        0     1                 .L0 
80200120 80200120        0     1                 .L0 
8020012a 8020012a        0     1                 .L0 
8020012c 8020012c        0     1                 .L0 
80200138 80200138        0     1                 .L0 
8020013c 8020013c        0     1                 .L0 
8020013c 8020013c        0     1                 .L0 
8020013c 8020013c        0     1                 .L0 
8020013c 8020013c        0     1                 .L0 
8020013c 8020013c        0     1                 .L0 
8020013c 8020013c       14     1                 user_entry
80200144 80200144        0     1                 .L0 
80200150 80200150        0     1                 .L0 
80200150 80200150        0     1                 .L0 
80200150 80200150        0     1                 .L0 
80200150 80200150      280     1                 create_process
8020016c 8020016c        0     1                 .L0 
8020016e 8020016e        0     1                 .L0 
8020016e 8020016e        0     1                 .L0 
8020017c 8020017c        0     1                 .L0 
8020017c 8020017c        0     1                 .L0 
8020017e 8020017e        0     1                 .L0 
8020017e 8020017e        0     1                 .L0 
80200186 80200186        0     1                 .L0 
80200188 80200188        0     1                 .L0 
80200188 80200188        0     1                 .L0 
80200190 80200190        0     1                 .L0 
80200192 80200192        0     1                 .L0 
80200192 80200192        0     1                 .L0 
8020019a 8020019a        0     1                 .L0 
8020019c 8020019c        0     1                 .L0 
8020019c 8020019c        0     1                 .L0 
802001a4 802001a4        0     1                 .L0 
802001a6 802001a6        0     1                 .L0 
802001a6 802001a6        0     1                 .L0 
802001ae 802001ae        0     1                 .L0 
802001b0 802001b0        0     1                 .L0 
802001b0 802001b0        0     1                 .L0 
802001b8 802001b8        0     1                 .L0 
802001ba 802001ba        0     1                 .L0 
802001ba 802001ba        0     1                 .L0 
802001c2 802001c2        0     1                 .L0 
802001c4 802001c4        0     1                 .L0 
802001c4 802001c4        0     1                 .L0 
802001da 802001da        0     1                 .L0 
802001dc 802001dc        0     1                 .L0 
802001dc 802001dc        0     1                 .L0 
802001dc 802001dc        0     1                 .L0 
802001e0 802001e0        0     1                 .L0 
802001e0 802001e0        0     1                 .L0 
802001e6 802001e6        0     1                 .L0 
802001e8 802001e8        0     1                 .L0 
802001e8 802001e8        0     1                 .L0 
802001e8 802001e8        0     1                 .L0 
802001f0 802001f0        0     1                 .L0 
802001f2 802001f2        0     1                 .L0 
802001f2 802001f2        0     1                 .L0 
802001f2 802001f2        0     1                 .L0 
802001fa 802001fa        0     1                 .L0 
802001fc 802001fc        0     1                 .L0 
802001fc 802001fc        0     1                 .L0 
802001fc 802001fc        0     1                 .L0 
80200204 80200204        0     1                 .L0 
80200206 80200206        0     1                 .L0 
80200206 80200206        0     1                 .L0 
80200206 80200206        0     1                 .L0 
8020020e 8020020e        0     1                 .L0 
80200210 80200210        0     1                 .L0 
80200210 80200210        0     1                 .L0 
80200210 80200210        0     1                 .L0 
80200218 80200218        0     1                 .L0 
8020021a 8020021a        0     1                 .L0 
8020021a 8020021a        0     1                 .L0 
8020021a 8020021a        0     1                 .L0 
80200222 80200222        0     1                 .L0 
80200222 80200222        0     1                 .L0 
8020022a 8020022a        0     1                 .L0 
8020022a 8020022a        0     1                 .L0 
8020022c 8020022c        0     1                 .L0 
8020022c 8020022c        0     1                 .L0 
80200236 80200236        0     1                 .L0 
80200236 80200236        0     1                 .L0 
8020023c 8020023c        0     1                 .L0 
80200248 80200248        0     1                 .L0 
80200248 80200248        0     1                 .L0 
8020024a 8020024a        0     1                 .L0 
8020024e 8020024e        0     1                 .L0 
80200252 80200252        0     1                 .L0 
80200256 80200256        0     1                 .L0 
8020025a 8020025a        0     1                 .L0 
8020025e 8020025e        0     1                 .L0 
80200262 80200262        0     1                 .L0 
80200266 80200266        0     1                 .L0 
8020026a 8020026a        0     1                 .L0 
8020026e 8020026e        0     1                 .L0 
80200276 80200276        0     1                 .L0 
8020027a 8020027a        0     1                 .L0 
8020027e 8020027e        0     1                 .L0 
8020027e 8020027e        0     1                 .L0 
80200282 80200282        0     1                 .L0 
80200282 80200282        0     1                 .L0 
80200296 80200296        0     1                 .L0 
80200298 80200298        0     1                 .L0 
80200298 80200298        0     1                 .L0 
8020029c 8020029c        0     1                 .L0 
8020029c 8020029c        0     1                 .L0 
802002a8 802002a8        0     1                 .L0 
802002a8 802002a8        0     1                 .L0 
802002b0 802002b0        0     1                 .L0 
802002b0 802002b0        0     1                 .L0 
802002b4 802002b4        0     1                 .L0 
802002b4 802002b4        0     1                 .L0 
802002b4 802002b4        0     1                 .L0 
802002be 802002be        0     1                 .L0 
802002be 802002be        0     1                 .L0 
802002c0 802002c0        0     1                 .L0 
802002c4 802002c4        0     1                 .L0 
802002c4 802002c4        0     1                 .L0 
802002c4 802002c4        0     1                 .L0 
802002c8 802002c8        0     1                 .L0 
802002da 802002da        0     1                 .L0 
802002da 802002da        0     1                 .L0 
802002da 802002da        0     1                 .L0 
802002de 802002de        0     1                 .L0 
802002e2 802002e2        0     1                 .L0 
802002e2 802002e2        0     1                 .L0 
802002e6 802002e6        0     1                 .L0 
802002ee 802002ee        0     1                 .L0 
802002ee 802002ee        0     1                 .L0 
802002f0 802002f0        0     1                 .L0 
802002f8 802002f8        0     1                 .L0 
802002fc 802002fc        0     1                 .L0 
802002fc 802002fc        0     1                 .L0 
802002fc 802002fc        0     1                 .L0 
80200300 80200300        0     1                 .L0 
80200300 80200300        0     1                 .L0 
80200308 80200308        0     1                 .L0 
8020030c 8020030c        0     1                 .L0 
80200314 80200314        0     1                 .L0 
80200314 80200314        0     1                 .L0 
80200316 80200316        0     1                 .L0 
80200316 80200316        0     1                 .L0 
8020031a 8020031a        0     1                 .L0 
8020031a 8020031a        0     1                 .L0 
8020031e 8020031e        0     1                 .L0 
8020031e 8020031e        0     1                 .L0 
8020031e 8020031e        0     1                 .L0 
80200332 80200332        0     1                 .L0 
80200334 80200334        0     1                 .L0 
80200334 80200334        0     1                 .L0 
80200334 80200334        0     1                 .L0 
80200346 80200346        0     1                 .L0 
80200346 80200346        0     1                 .L0 
80200346 80200346        0     1                 .L0 
8020034a 8020034a        0     1                 .L0 
8020034e 8020034e        0     1                 .L0 
8020034e 8020034e        0     1                 .L0 
80200352 80200352        0     1                 .L0 
8020035a 8020035a        0     1                 .L0 
8020035a 8020035a        0     1                 .L0 
8020035c 8020035c        0     1                 .L0 
80200364 80200364        0     1                 .L0 
80200368 80200368        0     1                 .L0 
80200368 80200368        0     1                 .L0 
80200368 80200368        0     1                 .L0 
8020036c 8020036c        0     1                 .L0 
8020036c 8020036c        0     1                 .L0 
80200374 80200374        0     1                 .L0 
80200378 80200378        0     1                 .L0 
80200380 80200380        0     1                 .L0 
80200380 80200380        0     1                 .L0 
80200382 80200382        0     1                 .L0 
80200382 80200382        0     1                 .L0 
80200386 80200386        0     1                 .L0 
80200386 80200386        0     1                 .L0 
8020038a 8020038a        0     1                 .L0 
80200390 80200390        0     1                 .L0 
80200392 80200392        0     1                 .L0 
80200394 80200394        0     1                 .L0 
80200398 80200398        0     1                 .L0 
8020039c 8020039c        0     1                 .L0 
802003a6 802003a6        0     1                 .L0 
802003aa 802003aa        0     1                 .L0 
802003ac 802003ac        0     1                 .L0 
802003b0 802003b0        0     1                 .L0 
802003b6 802003b6        0     1                 .L0 
802003ba 802003ba        0     1                 .L0 
802003ba 802003ba        0     1                 .L0 
802003ba 802003ba        0     1                 .L0 
802003ce 802003ce        0     1                 .L0 
802003d0 802003d0        0     1                 .L0 
802003d0 802003d0        0     1                 .L0 
802003d0 802003d0        0     1                 .L0 
802003d0 802003d0        0     1                 .L0 
802003d0 802003d0        0     1                 .L0 
802003d0 802003d0        0     1                 .L0 
802003d0 802003d0       46     1                 switch_context
80200416 80200416        0     1                 .L0 
80200416 80200416        0     1                 .L0 
80200416 80200416        0     1                 .L0 
80200416 80200416      196     1                 yield
8020041e 8020041e        0     1                 .L0 
8020041e 8020041e        0     1                 .L0 
80200422 80200422        0     1                 .L0 
80200422 80200422        0     1                 .L0 
80200430 80200430        0     1                 .L0 
80200442 80200442        0     1                 .L0 
80200442 80200442        0     1                 .L0 
80200444 80200444        0     1                 .L0 
80200444 80200444        0     1                 .L0 
80200448 80200448        0     1                 .L0 
80200448 80200448        0     1                 .L0 
8020044a 8020044a        0     1                 .L0 
8020044a 8020044a        0     1                 .L0 
8020044e 8020044e        0     1                 .L0 
80200450 80200450        0     1                 .L0 
80200454 80200454        0     1                 .L0 
80200454 80200454        0     1                 .L0 
8020045c 8020045c        0     1                 .L0 
80200470 80200470        0     1                 .L0 
80200472 80200472        0     1                 .L0 
80200476 80200476        0     1                 .L0 
80200478 80200478        0     1                 .L0 
8020047c 8020047c        0     1                 .L0 
8020047c 8020047c        0     1                 .L0 
80200484 80200484        0     1                 .L0 
80200498 80200498        0     1                 .L0 
8020049c 8020049c        0     1                 .L0 
802004a0 802004a0        0     1                 .L0 
802004a2 802004a2        0     1                 .L0 
802004a6 802004a6        0     1                 .L0 
802004a6 802004a6        0     1                 .L0 
802004ae 802004ae        0     1                 .L0 
802004c2 802004c2        0     1                 .L0 
802004c4 802004c4        0     1                 .L0 
802004c8 802004c8        0     1                 .L0 
802004ca 802004ca        0     1                 .L0 
802004ce 802004ce        0     1                 .L0 
802004ce 802004ce        0     1                 .L0 
802004d6 802004d6        0     1                 .L0 
802004ea 802004ea        0     1                 .L0 
802004ee 802004ee        0     1                 .L0 
802004f2 802004f2        0     1                 .L0 
802004f4 802004f4        0     1                 .L0 
802004f8 802004f8        0     1                 .L0 
802004f8 802004f8        0     1                 .L0 
80200500 80200500        0     1                 .L0 
80200514 80200514        0     1                 .L0 
80200516 80200516        0     1                 .L0 
8020051a 8020051a        0     1                 .L0 
8020051c 8020051c        0     1                 .L0 
80200520 80200520        0     1                 .L0 
80200520 80200520        0     1                 .L0 
80200528 80200528        0     1                 .L0 
8020053c 8020053c        0     1                 .L0 
80200540 80200540        0     1                 .L0 
80200544 80200544        0     1                 .L0 
80200546 80200546        0     1                 .L0 
8020054a 8020054a        0     1                 .L0 
8020054a 8020054a        0     1                 .L0 
80200566 80200566        0     1                 .L0 
8020056a 8020056a        0     1                 .L0 
8020056c 8020056c        0     1                 .L0 
80200570 80200570        0     1                 .L0 
80200570 80200570        0     1                 .L0 
80200572 80200572        0     1                 .L0 
80200572 80200572        0     1                 .L0 
80200576 80200576        0     1                 .L0 
8020057e 8020057e        0     1                 .L0 
80200580 80200580        0     1                 .L0 
80200582 80200582        0     1                 .L0 
80200588 80200588        0     1                 .L0 
8020058a 8020058a        0     1                 .L0 
8020059a 8020059a        0     1                 .L0 
8020059e 8020059e        0     1                 .L0 
8020059e 8020059e        0     1                 .L0 
802005a0 802005a0        0     1                 .L0 
802005a0 802005a0        0     1                 .L0 
802005a4 802005a4        0     1                 .L0 
802005a8 802005a8        0     1                 .L0 
802005a8 802005a8        0     1                 .L0 
802005aa 802005aa        0     1                 .L0 
802005aa 802005aa        0     1                 .L0 
802005ac 802005ac        0     1                 .L0 
802005ac 802005ac        0     1                 .L0 
802005ac 802005ac        0     1                 .L0 
802005ac 802005ac        0     1                 .L0 
802005ac 802005ac        0     1                 .L0 
802005ac 802005ac        6     1                 sbi_call
802005b0 802005b0        0     1                 .L0 
802005b0 802005b0        0     1                 .L0 
802005b2 802005b2        0     1                 .L0 
802005b2 802005b2        0     1                 .L0 
802005b2 802005b2        0     1                 .L0 
802005b2 802005b2       14     1                 putchar
802005c4 802005c4        0     1                 .L0 
802005c4 802005c4        0     1                 .L0 
802005c8 802005c8        0     1                 .L0 
802005c8 802005c8        0     1                 .L0 
802005c8 802005c8        0     1                 .L0 
802005c8 802005c8       96     1                 kernel_entry
8020065e 8020065e        0     1                 .L0 
8020065e 8020065e        0     1                 .L0 
8020065e 8020065e        0     1                 .L0 
8020065e 8020065e        0     1                 .L0 
8020065e 8020065e        0     1                 .L0 
8020065e 8020065e       5a     1                 handle_syscall
8020067c 8020067c        0     1                 .L0 
80200680 80200680        0     1                 .L0 
80200684 80200684        0     1                 .L0 
80200684 80200684        0     1                 .L0 
80200696 80200696        0     1                 .L0 
80200696 80200696        0     1                 .L0 
80200698 80200698        0     1                 .L0 
8020069a 8020069a        0     1                 .L0 
8020069c 8020069c        0     1                 .L0 
8020069c 8020069c        0     1                 .L0 
802006a0 802006a0        0     1                 .L0 
802006b2 802006b2        0     1                 .L0 
802006b2 802006b2        0     1                 .L0 
802006b4 802006b4        0     1                 .L0 
802006b6 802006b6        0     1                 .L0 
802006b8 802006b8        0     1                 .L0 
802006b8 802006b8        0     1                 .L0 
802006b8 802006b8        0     1                 .L0 
802006b8 802006b8        0     1                 .L0 
802006b8 802006b8        0     1                 .L0 
802006b8 802006b8       8c     1                 handle_trap
802006bc 802006bc        0     1                 .L0 
802006bc 802006bc        0     1                 .L0 
802006c0 802006c0        0     1                 .L0 
802006c4 802006c4        0     1                 .L0 
802006c6 802006c6        0     1                 .L0 
802006ca 802006ca        0     1                 .L0 
802006ca 802006ca        0     1                 .L0 
802006ce 802006ce        0     1                 .L0 
802006ce 802006ce        0     1                 .L0 
802006da 802006da        0     1                 .L0 
802006de 802006de        0     1                 .L0 
802006ec 802006ec        0     1                 .L0 
802006f0 802006f0        0     1                 .L0 
802006f4 802006f4        0     1                 .L0 
802006f4 802006f4        0     1                 .L0 
80200706 80200706        0     1                 .L0 
80200706 80200706        0     1                 .L0 
80200708 80200708        0     1                 .L0 
80200708 80200708        0     1                 .L0 
8020070c 8020070c        0     1                 .L0 
8020070e 8020070e        0     1                 .L0 
80200712 80200712        0     1                 .L0 
80200712 80200712        0     1                 .L0 
80200716 80200716        0     1                 .L0 
8020072a 8020072a        0     1                 .L0 
8020072c 8020072c        0     1                 .L0 
8020072c 8020072c        0     1                 .L0 
8020072c 8020072c        0     1                 .L0 
80200730 80200730        0     1                 .L0 
80200742 80200742        0     1                 .L0 
80200744 80200744        0     1                 .L0 
80200744 80200744        0     1                 .L0 
80200744 80200744        0     1                 .L0 
80200744 80200744        0     1                 .L0 
80200744 80200744        0     1                 .L0 
80200744 80200744        0     1                 .L0 
80200744 80200744       10     1                 delay
8020074c 8020074c        0     1                 .L0 
8020074e 8020074e        0     1                 .L0 
80200750 80200750        0     1                 .L0 
80200750 80200750        0     1                 .L0 
80200752 80200752        0     1                 .L0 
80200752 80200752        0     1                 .L0 
80200754 80200754        0     1                 .L0 
80200754 80200754        0     1                 .L0 
80200754 80200754        0     1                 .L0 
80200754 80200754       3a     1                 proc_a_entry
8020075a 8020075a        0     1                 .L0 
80200764 80200764        0     1                 .L0 
80200764 80200764        0     1                 .L0 
8020076c 8020076c        0     1                 .L0 
8020076c 8020076c        0     1                 .L0 
8020076c 8020076c        0     1                 .L0 
80200782 80200782        0     1                 .L0 
80200782 80200782        0     1                 .L0 
80200784 80200784        0     1                 .L0 
80200784 80200784        0     1                 .L0 
80200786 80200786        0     1                 .L0 
80200788 80200788        0     1                 .L0 
8020078a 8020078a        0     1                 .L0 
8020078a 8020078a        0     1                 .L0 
8020078e 8020078e        0     1                 .L0 
8020078e 8020078e        0     1                 .L0 
8020078e 8020078e        0     1                 .L0 
8020078e 8020078e        0     1                 .L0 
8020078e 8020078e        0     1                 .L0 
8020078e 8020078e       3a     1                 proc_b_entry
80200794 80200794        0     1                 .L0 
8020079e 8020079e        0     1                 .L0 
8020079e 8020079e        0     1                 .L0 
802007a6 802007a6        0     1                 .L0 
802007a6 802007a6        0     1                 .L0 
802007a6 802007a6        0     1                 .L0 
802007bc 802007bc        0     1                 .L0 
802007bc 802007bc        0     1                 .L0 
802007be 802007be        0     1                 .L0 
802007be 802007be        0     1                 .L0 
802007c0 802007c0        0     1                 .L0 
802007c2 802007c2        0     1                 .L0 
802007c4 802007c4        0     1                 .L0 
802007c4 802007c4        0     1                 .L0 
802007c8 802007c8        0     1                 .L0 
802007c8 802007c8        0     1                 .L0 
802007c8 802007c8        0     1                 .L0 
802007c8 802007c8        0     1                 .L0 
802007c8 802007c8        0     1                 .L0 
802007c8 802007c8      118     1                 kernel_main
802007d4 802007d4        0     1                 .L0 
802007ea 802007ea        0     1                 .L0 
802007ea 802007ea        0     1                 .L0 
802007f2 802007f2        0     1                 .L0 
802007f6 802007f6        0     1                 .L0 
802007f6 802007f6        0     1                 .L0 
802007fa 802007fa        0     1                 .L0 
80200808 80200808        0     1                 .L0 
80200808 80200808        0     1                 .L0 
8020081c 8020081c        0     1                 .L0 
8020081c 8020081c        0     1                 .L0 
80200824 80200824        0     1                 .L0 
80200824 80200824        0     1                 .L0 
80200826 80200826        0     1                 .L0 
80200828 80200828        0     1                 .L0 
80200830 80200830        0     1                 .L0 
80200834 80200834        0     1                 .L0 
80200838 80200838        0     1                 .L0 
8020084c 8020084c        0     1                 .L0 
8020084e 8020084e        0     1                 .L0 
8020084e 8020084e        0     1                 .L0 
80200856 80200856        0     1                 .L0 
80200856 80200856        0     1                 .L0 
8020085a 8020085a        0     1                 .L0 
8020085a 8020085a        0     1                 .L0 
8020085c 8020085c        0     1                 .L0 
80200862 80200862        0     1                 .L0 
80200866 80200866        0     1                 .L0 
80200866 80200866        0     1                 .L0 
8020087a 8020087a        0     1                 .L0 
8020087c 8020087c        0     1                 .L0 
8020087c 8020087c        0     1                 .L0 
80200884 80200884        0     1                 .L0 
80200884 80200884        0     1                 .L0 
80200890 80200890        0     1                 .L0 
80200890 80200890        0     1                 .L0 
8020089c 8020089c        0     1                 .L0 
8020089c 8020089c        0     1                 .L0 
802008a2 802008a2        0     1                 .L0 
802008a2 802008a2        0     1                 .L0 
802008ae 802008ae        0     1                 .L0 
802008b2 802008b2        0     1                 .L0 
802008b4 802008b4        0     1                 .L0 
802008c6 802008c6        0     1                 .L0 
802008c6 802008c6        0     1                 .L0 
802008c8 802008c8        0     1                 .L0 
802008c8 802008c8        0     1                 .L0 
802008de 802008de        0     1                 .L0 
802008e0 802008e0        0     1                 .L0 
802008e0 802008e0        0     1                 .L0 
802008e0 802008e0      222     2         /var/folders/hw/r5t5ryts3r7fw374z_3h5bmw0000gp/T/common-fd4e34.o:(.text)
802008e0 802008e0        0     1                 .L0 
802008e0 802008e0        0     1                 .L0 
802008e0 802008e0        0     1                 $x
802008e0 802008e0        0     1                 .L0 
802008e0 802008e0      1a8     1                 printf
802008fc 802008fc        0     1                 .L0 
80200926 80200926        0     1                 .L0 
80200936 80200936        0     1                 .L0 
80200936 80200936        0     1                 .L0 
8020093a 8020093a        0     1                 .L0 
8020093a 8020093a        0     1                 .L0 
8020093c 8020093c        0     1                 .L0 
80200940 80200940        0     1                 .L0 
80200948 80200948        0     1                 .L0 
80200948 80200948        0     1                 .L0 
8020094a 8020094a        0     1                 .L0 
8020094a 8020094a        0     1                 .L0 
8020094c 8020094c        0     1                 .L0 
8020094e 8020094e        0     1                 .L0 
8020094e 8020094e        0     1                 .L0 
80200954 80200954        0     1                 .L0 
80200964 80200964        0     1                 .L0 
80200964 80200964        0     1                 .L0 
80200970 80200970        0     1                 .L0 
80200970 80200970        0     1                 .L0 
80200974 80200974        0     1                 .L0 
80200974 80200974        0     1                 .L0 
80200976 80200976        0     1                 .L0 
8020097c 8020097c        0     1                 .L0 
8020097c 8020097c        0     1                 .L0 
80200984 80200984        0     1                 .L0 
80200984 80200984        0     1                 .L0 
8020098e 8020098e        0     1                 .L0 
8020098e 8020098e        0     1                 .L0 
80200992 80200992        0     1                 .L0 
80200992 80200992        0     1                 .L0 
80200994 80200994        0     1                 .L0 
80200998 80200998        0     1                 .L0 
8020099a 8020099a        0     1                 .L0 
8020099a 8020099a        0     1                 .L0 
802009a0 802009a0        0     1                 .L0 
802009a0 802009a0        0     1                 .L0 
802009a2 802009a2        0     1                 .L0 
802009a6 802009a6        0     1                 .L0 
802009a8 802009a8        0     1                 .L0 
802009a8 802009a8        0     1                 .L0 
802009ae 802009ae        0     1                 .L0 
802009ae 802009ae        0     1                 .L0 
802009b0 802009b0        0     1                 .L0 
802009b4 802009b4        0     1                 .L0 
802009b6 802009b6        0     1                 .L0 
802009b6 802009b6        0     1                 .L0 
802009bc 802009bc        0     1                 .L0 
802009bc 802009bc        0     1                 .L0 
802009be 802009be        0     1                 .L0 
802009c2 802009c2        0     1                 .L0 
802009c4 802009c4        0     1                 .L0 
802009c4 802009c4        0     1                 .L0 
802009ca 802009ca        0     1                 .L0 
802009ca 802009ca        0     1                 .L0 
802009cc 802009cc        0     1                 .L0 
802009d0 802009d0        0     1                 .L0 
802009d2 802009d2        0     1                 .L0 
802009d2 802009d2        0     1                 .L0 
802009d8 802009d8        0     1                 .L0 
802009d8 802009d8        0     1                 .L0 
802009da 802009da        0     1                 .L0 
802009de 802009de        0     1                 .L0 
802009e0 802009e0        0     1                 .L0 
802009e0 802009e0        0     1                 .L0 
802009e6 802009e6        0     1                 .L0 
802009e6 802009e6        0     1                 .L0 
802009e8 802009e8        0     1                 .L0 
802009ec 802009ec        0     1                 .L0 
802009ee 802009ee        0     1                 .L0 
802009ee 802009ee        0     1                 .L0 
802009f0 802009f0        0     1                 .L0 
802009f0 802009f0        0     1                 .L0 
802009f2 802009f2        0     1                 .L0 
802009f6 802009f6        0     1                 .L0 
802009f6 802009f6        0     1                 .L0 
802009f8 802009f8        0     1                 .L0 
802009f8 802009f8        0     1                 .L0 
802009fa 802009fa        0     1                 .L0 
802009fc 802009fc        0     1                 .L0 
802009fc 802009fc        0     1                 .L0 
802009fc 802009fc        0     1                 .L0 
80200a06 80200a06        0     1                 .L0 
80200a0a 80200a0a        0     1                 .L0 
80200a10 80200a10        0     1                 .L0 
80200a10 80200a10        0     1                 .L0 
80200a10 80200a10        0     1                 .L0 
80200a16 80200a16        0     1                 .L0 
80200a16 80200a16        0     1                 .L0 
80200a1a 80200a1a        0     1                 .L0 
80200a1c 80200a1c        0     1                 .L0 
80200a20 80200a20        0     1                 .L0 
80200a20 80200a20        0     1                 .L0 
80200a20 80200a20        0     1                 .L0 
80200a26 80200a26        0     1                 .L0 
80200a26 80200a26        0     1                 .L0 
80200a2a 80200a2a        0     1                 .L0 
80200a2c 80200a2c        0     1                 .L0 
80200a30 80200a30        0     1                 .L0 
80200a30 80200a30        0     1                 .L0 
80200a30 80200a30        0     1                 .L0 
80200a36 80200a36        0     1                 .L0 
80200a38 80200a38        0     1                 .L0 
80200a3c 80200a3c        0     1                 .L0 
80200a40 80200a40        0     1                 .L0 
80200a40 80200a40        0     1                 .L0 
80200a40 80200a40        0     1                 .L0 
80200a42 80200a42        0     1                 .L0 
80200a42 80200a42        0     1                 .L0 
80200a46 80200a46        0     1                 .L0 
80200a4a 80200a4a        0     1                 .L0 
80200a50 80200a50        0     1                 .L0 
80200a50 80200a50        0     1                 .L0 
80200a5e 80200a5e        0     1                 .L0 
80200a5e 80200a5e        0     1                 .L0 
80200a64 80200a64        0     1                 .L0 
80200a64 80200a64        0     1                 .L0 
80200a64 80200a64        0     1                 .L0 
80200a6a 80200a6a        0     1                 .L0 
80200a6a 80200a6a        0     1                 .L0 
80200a6a 80200a6a        0     1                 .L0 
80200a6e 80200a6e        0     1                 .L0 
80200a84 80200a84        0     1                 .L0 
80200a88 80200a88        0     1                 .L0 
80200a88 80200a88        0     1                 .L0 
80200a88 80200a88        0     1                 .L0 
80200a88 80200a88        0     1                 .L0 
80200a88 80200a88        0     1                 .L0 
80200a88 80200a88       1c     1                 memcpy
80200a8c 80200a8c        0     1                 .L0 
80200a8c 80200a8c        0     1                 .L0 
80200a8e 80200a8e        0     1                 .L0 
80200a98 80200a98        0     1                 .L0 
80200a9e 80200a9e        0     1                 .L0 
80200a9e 80200a9e        0     1                 .L0 
80200aa2 80200aa2        0     1                 .L0 
80200aa2 80200aa2        0     1                 .L0 
80200aa4 80200aa4        0     1                 .L0 
80200aa4 80200aa4        0     1                 .L0 
80200aa4 80200aa4        0     1                 .L0 
80200aa4 80200aa4       16     1                 memset
80200aa8 80200aa8        0     1                 .L0 
80200aa8 80200aa8        0     1                 .L0 
80200aaa 80200aaa        0     1                 .L0 
80200aae 80200aae        0     1                 .L0 
80200ab4 80200ab4        0     1                 .L0 
80200ab4 80200ab4        0     1                 .L0 
80200ab8 80200ab8        0     1                 .L0 
80200ab8 80200ab8        0     1                 .L0 
80200aba 80200aba        0     1                 .L0 
80200aba 80200aba        0     1                 .L0 
80200aba 80200aba        0     1                 .L0 
80200aba 80200aba       24     1                 strcpy
80200ac0 80200ac0        0     1                 .L0 
80200ac4 80200ac4        0     1                 .L0 
80200ac4 80200ac4        0     1                 .L0 
80200ac6 80200ac6        0     1                 .L0 
80200ad2 80200ad2        0     1                 .L0 
80200ad4 80200ad4        0     1                 .L0 
80200ad6 80200ad6        0     1                 .L0 
80200ad8 80200ad8        0     1                 .L0 
80200ad8 80200ad8        0     1                 .L0 
80200adc 80200adc        0     1                 .L0 
80200ade 80200ade        0     1                 .L0 
80200ade 80200ade        0     1                 .L0 
80200ade 80200ade        0     1                 .L0 
80200ade 80200ade       24     1                 strcmp
80200ae2 80200ae2        0     1                 .L0 
80200ae4 80200ae4        0     1                 .L0 
80200ae6 80200ae6        0     1                 .L0 
80200aea 80200aea        0     1                 .L0 
80200aee 80200aee        0     1                 .L0 
80200aee 80200aee        0     1                 .L0 
80200af4 80200af4        0     1                 .L0 
80200af6 80200af6        0     1                 .L0 
80200af8 80200af8        0     1                 .L0 
80200b02 80200b02        0     1                 .L0 
80200b04 80200b04      1b8     4 .rodata
80200b04 80200b04      1b8     1         <internal>:(.rodata.str1.1)
80200cbc 80200cbc    10294     4 .data
80200cbc 80200cbc        4     4         /var/folders/hw/r5t5ryts3r7fw374z_3h5bmw0000gp/T/kernel-39d0da.o:(.data)
80200cbc 80200cbc        4     1                 alloc_pages.next_paddr
80200cbc 80200cbc        0     1                 $d
80200cc0 80200cc0    10290     1         shell.bin.o:(.data)
80200cc0 80200cc0        0     1                 _binary_shell_bin_start
80210f50 80210f50        0     1                 _binary_shell_bin_end
80210f50 80210f50    10090     4 .bss
80210f50 80210f50        0     1         __bss = .
80210f50 80210f50    10090     4         /var/folders/hw/r5t5ryts3r7fw374z_3h5bmw0000gp/T/kernel-39d0da.o:(.bss)
80210f50 80210f50        0     1                 $d
80210f50 80210f50    10080     1                 procs
80220fd0 80220fd0        4     1                 proc_a
80220fd4 80220fd4        4     1                 proc_b
80220fd8 80220fd8        8     1                 .L_MergedGlobals
80220fd8 80220fd8        4     1                 idle_proc
80220fdc 80220fdc        4     1                 current_proc
80220fe0 80220fe0        0     1         __bss_end = .
80220fe0 80220fe0        0     1 . = ALIGN(4)
80220fe0 80220fe0    20000     1 . += 128 * 1024
80240fe0 80240fe0        0     1 __stack_top = .
80240fe0 80240fe0       20     1 . = ALIGN(4096)
80241000 80241000        0     1 __free_ram = .
80241000 80241000  4000000     1 . += 64 * 1024 * 1024
84241000 84241000        0     1 __free_ram_end = .
       0        0      81d     1 .debug_loclists
       0        0      63c     1         /var/folders/hw/r5t5ryts3r7fw374z_3h5bmw0000gp/T/kernel-39d0da.o:(.debug_loclists)
       0        0        0     1                 $d
       c        c        0     1                 .L0 
     63c      63c      1e1     1         /var/folders/hw/r5t5ryts3r7fw374z_3h5bmw0000gp/T/common-fd4e34.o:(.debug_loclists)
     63c      63c        0     1                 $d
     648      648        0     1                 .L0 
       0        0      434     1 .debug_abbrev
       0        0      305     1         /var/folders/hw/r5t5ryts3r7fw374z_3h5bmw0000gp/T/kernel-39d0da.o:(.debug_abbrev)
       0        0        0     1                 $d
     305      305      12f     1         /var/folders/hw/r5t5ryts3r7fw374z_3h5bmw0000gp/T/common-fd4e34.o:(.debug_abbrev)
     305      305        0     1                 $d
       0        0      e31     1 .debug_info
       0        0      bf2     1         /var/folders/hw/r5t5ryts3r7fw374z_3h5bmw0000gp/T/kernel-39d0da.o:(.debug_info)
       0        0        0     1                 $d
     bf2      bf2      23f     1         /var/folders/hw/r5t5ryts3r7fw374z_3h5bmw0000gp/T/common-fd4e34.o:(.debug_info)
     bf2      bf2        0     1                 $d
       0        0       cc     1 .debug_rnglists
       0        0       b1     1         /var/folders/hw/r5t5ryts3r7fw374z_3h5bmw0000gp/T/kernel-39d0da.o:(.debug_rnglists)
       0        0        0     1                 $d
       c        c        0     1                 .L0 
      b1       b1       1b     1         /var/folders/hw/r5t5ryts3r7fw374z_3h5bmw0000gp/T/common-fd4e34.o:(.debug_rnglists)
      b1       b1        0     1                 $d
      bd       bd        0     1                 .L0 
       0        0      26c     1 .debug_str_offsets
       0        0      1d4     1         /var/folders/hw/r5t5ryts3r7fw374z_3h5bmw0000gp/T/kernel-39d0da.o:(.debug_str_offsets)
       0        0        0     1                 $d
       8        8        0     1                 .L0 
     1d4      1d4       98     1         /var/folders/hw/r5t5ryts3r7fw374z_3h5bmw0000gp/T/common-fd4e34.o:(.debug_str_offsets)
     1d4      1d4        0     1                 $d
     1dc      1dc        0     1                 .L0 
       0        0      384     1 .debug_str
       0        0      384     1         <internal>:(.debug_str)
       0        0      1c8     1 .debug_addr
       0        0      168     1         /var/folders/hw/r5t5ryts3r7fw374z_3h5bmw0000gp/T/kernel-39d0da.o:(.debug_addr)
       0        0        0     1                 $d
       8        8        0     1                 .L0 
     168      168       60     1         /var/folders/hw/r5t5ryts3r7fw374z_3h5bmw0000gp/T/common-fd4e34.o:(.debug_addr)
     168      168        0     1                 $d
     170      170        0     1                 .L0 
       0        0       3b     1 .comment
       0        0       3b     1         <internal>:(.comment)
       0        0       4e     1 .riscv.attributes
       0        0       4e     1         <internal>:(.riscv.attributes)
       0        0      248     4 .debug_frame
       0        0      1b0     4         /var/folders/hw/r5t5ryts3r7fw374z_3h5bmw0000gp/T/kernel-39d0da.o:(.debug_frame)
       0        0        0     1                 .L0 
       0        0        0     1                 $d
     1b0      1b0       98     4         /var/folders/hw/r5t5ryts3r7fw374z_3h5bmw0000gp/T/common-fd4e34.o:(.debug_frame)
     1b0      1b0        0     1                 .L0 
     1b0      1b0        0     1                 $d
       0        0      b27     1 .debug_line
       0        0      825     1         /var/folders/hw/r5t5ryts3r7fw374z_3h5bmw0000gp/T/kernel-39d0da.o:(.debug_line)
       0        0        0     1                 .Lline_table_start0
       0        0        0     1                 $d
     825      825      302     1         /var/folders/hw/r5t5ryts3r7fw374z_3h5bmw0000gp/T/common-fd4e34.o:(.debug_line)
     825      825        0     1                 .Lline_table_start0
     825      825        0     1                 $d
       0        0       4b     1 .debug_line_str
       0        0       4b     1         <internal>:(.debug_line_str)
       0        0      460     4 .symtab
       0        0      460     4         <internal>:(.symtab)
       0        0       dc     1 .shstrtab
       0        0       dc     1         <internal>:(.shstrtab)
       0        0      20c     1 .strtab
       0        0      20c     1         <internal>:(.strtab)
