     VMA      LMA     Size Align Out     In      Symbol
       0        0 80200000     1 . = 0x80200000
80200000        0        0     1 __kernel_base = .
80200000 80200000      930     4 .text
80200000 80200000        e     2         /var/folders/hw/r5t5ryts3r7fw374z_3h5bmw0000gp/T/kernel-87b38b.o:(.text.boot)
80200000 80200000        0     1                 .L0 
80200000 80200000        0     1                 .L0 
80200000 80200000        0     1                 $x
80200000 80200000        0     1                 .L0 
80200000 80200000        e     1                 boot
8020000e 8020000e        0     1                 .L0 
8020000e 8020000e        0     1                 .L0 
80200010 80200010      6fe     4         /var/folders/hw/r5t5ryts3r7fw374z_3h5bmw0000gp/T/kernel-87b38b.o:(.text)
80200010 80200010        0     1                 .L0 
80200010 80200010        0     1                 .L0 
80200010 80200010        0     1                 $x
80200010 80200010        0     1                 .L0 
80200010 80200010       4e     1                 alloc_pages
80200016 80200016        0     1                 .L0 
80200016 80200016        0     1                 .L0 
8020001e 8020001e        0     1                 .L0 
8020001e 8020001e        0     1                 .L0 
80200022 80200022        0     1                 .L0 
80200026 80200026        0     1                 .L0 
80200026 80200026        0     1                 .L0 
8020002e 8020002e        0     1                 .L0 
80200032 80200032        0     1                 .L0 
80200036 80200036        0     1                 .L0 
8020004a 8020004a        0     1                 .L0 
8020004c 8020004c        0     1                 .L0 
8020004c 8020004c        0     1                 .L0 
80200054 80200054        0     1                 .L0 
80200054 80200054        0     1                 .L0 
80200056 80200056        0     1                 .L0 
8020005a 8020005a        0     1                 .L0 
8020005a 8020005a        0     1                 .L0 
8020005e 8020005e        0     1                 .L0 
8020005e 8020005e        0     1                 .L0 
8020005e 8020005e        0     1                 .L0 
8020005e 8020005e        0     1                 .L0 
8020005e 8020005e        0     1                 .L0 
8020005e 8020005e       d6     1                 map_page
8020006c 8020006c        0     1                 .L0 
8020006e 8020006e        0     1                 .L0 
8020006e 8020006e        0     1                 .L0 
80200072 80200072        0     1                 .L0 
80200076 80200076        0     1                 .L0 
80200086 80200086        0     1                 .L0 
80200088 80200088        0     1                 .L0 
8020008a 8020008a        0     1                 .L0 
8020008c 8020008c        0     1                 .L0 
8020008c 8020008c        0     1                 .L0 
8020008c 8020008c        0     1                 .L0 
80200092 80200092        0     1                 .L0 
80200094 80200094        0     1                 .L0 
80200098 80200098        0     1                 .L0 
802000a6 802000a6        0     1                 .L0 
802000aa 802000aa        0     1                 .L0 
802000ac 802000ac        0     1                 .L0 
802000ae 802000ae        0     1                 .L0 
802000ae 802000ae        0     1                 .L0 
802000ae 802000ae        0     1                 .L0 
802000ba 802000ba        0     1                 .L0 
802000ba 802000ba        0     1                 .L0 
802000c0 802000c0        0     1                 .L0 
802000c0 802000c0        0     1                 .L0 
802000c8 802000c8        0     1                 .L0 
802000c8 802000c8        0     1                 .L0 
802000ca 802000ca        0     1                 .L0 
802000cc 802000cc        0     1                 .L0 
802000d4 802000d4        0     1                 .L0 
802000d8 802000d8        0     1                 .L0 
802000dc 802000dc        0     1                 .L0 
802000ee 802000ee        0     1                 .L0 
802000f0 802000f0        0     1                 .L0 
802000f2 802000f2        0     1                 .L0 
802000f2 802000f2        0     1                 .L0 
802000f2 802000f2        0     1                 .L0 
802000f4 802000f4        0     1                 .L0 
802000f4 802000f4        0     1                 .L0 
802000fc 802000fc        0     1                 .L0 
802000fe 802000fe        0     1                 .L0 
802000fe 802000fe        0     1                 .L0 
80200102 80200102        0     1                 .L0 
8020010c 8020010c        0     1                 .L0 
8020010c 8020010c        0     1                 .L0 
80200112 80200112        0     1                 .L0 
80200118 80200118        0     1                 .L0 
80200122 80200122        0     1                 .L0 
80200124 80200124        0     1                 .L0 
80200130 80200130        0     1                 .L0 
80200134 80200134        0     1                 .L0 
80200134 80200134        0     1                 .L0 
80200134 80200134        0     1                 .L0 
80200134 80200134        0     1                 .L0 
80200134 80200134        0     1                 .L0 
80200134 80200134      17e     1                 create_process
80200146 80200146        0     1                 .L0 
80200146 80200146        0     1                 .L0 
80200152 80200152        0     1                 .L0 
80200152 80200152        0     1                 .L0 
80200154 80200154        0     1                 .L0 
80200154 80200154        0     1                 .L0 
8020015c 8020015c        0     1                 .L0 
8020015e 8020015e        0     1                 .L0 
8020015e 8020015e        0     1                 .L0 
80200166 80200166        0     1                 .L0 
80200168 80200168        0     1                 .L0 
80200168 80200168        0     1                 .L0 
80200170 80200170        0     1                 .L0 
80200172 80200172        0     1                 .L0 
80200172 80200172        0     1                 .L0 
8020017a 8020017a        0     1                 .L0 
8020017c 8020017c        0     1                 .L0 
8020017c 8020017c        0     1                 .L0 
80200184 80200184        0     1                 .L0 
80200186 80200186        0     1                 .L0 
80200186 80200186        0     1                 .L0 
8020018e 8020018e        0     1                 .L0 
80200190 80200190        0     1                 .L0 
80200190 80200190        0     1                 .L0 
80200198 80200198        0     1                 .L0 
8020019a 8020019a        0     1                 .L0 
8020019a 8020019a        0     1                 .L0 
8020019e 8020019e        0     1                 .L0 
802001b0 802001b0        0     1                 .L0 
802001b2 802001b2        0     1                 .L0 
802001b2 802001b2        0     1                 .L0 
802001b2 802001b2        0     1                 .L0 
802001b6 802001b6        0     1                 .L0 
802001b6 802001b6        0     1                 .L0 
802001bc 802001bc        0     1                 .L0 
802001be 802001be        0     1                 .L0 
802001be 802001be        0     1                 .L0 
802001be 802001be        0     1                 .L0 
802001c6 802001c6        0     1                 .L0 
802001c8 802001c8        0     1                 .L0 
802001c8 802001c8        0     1                 .L0 
802001c8 802001c8        0     1                 .L0 
802001d0 802001d0        0     1                 .L0 
802001d2 802001d2        0     1                 .L0 
802001d2 802001d2        0     1                 .L0 
802001d2 802001d2        0     1                 .L0 
802001da 802001da        0     1                 .L0 
802001dc 802001dc        0     1                 .L0 
802001dc 802001dc        0     1                 .L0 
802001dc 802001dc        0     1                 .L0 
802001e4 802001e4        0     1                 .L0 
802001e6 802001e6        0     1                 .L0 
802001e6 802001e6        0     1                 .L0 
802001e6 802001e6        0     1                 .L0 
802001ee 802001ee        0     1                 .L0 
802001f0 802001f0        0     1                 .L0 
802001f0 802001f0        0     1                 .L0 
802001f0 802001f0        0     1                 .L0 
802001f8 802001f8        0     1                 .L0 
802001f8 802001f8        0     1                 .L0 
80200200 80200200        0     1                 .L0 
80200200 80200200        0     1                 .L0 
80200204 80200204        0     1                 .L0 
8020020a 8020020a        0     1                 .L0 
80200216 80200216        0     1                 .L0 
80200216 80200216        0     1                 .L0 
80200218 80200218        0     1                 .L0 
8020021c 8020021c        0     1                 .L0 
80200220 80200220        0     1                 .L0 
80200224 80200224        0     1                 .L0 
80200228 80200228        0     1                 .L0 
8020022c 8020022c        0     1                 .L0 
80200230 80200230        0     1                 .L0 
80200234 80200234        0     1                 .L0 
80200238 80200238        0     1                 .L0 
8020023c 8020023c        0     1                 .L0 
80200242 80200242        0     1                 .L0 
80200246 80200246        0     1                 .L0 
8020024a 8020024a        0     1                 .L0 
8020024a 8020024a        0     1                 .L0 
8020024e 8020024e        0     1                 .L0 
8020024e 8020024e        0     1                 .L0 
80200252 80200252        0     1                 .L0 
80200262 80200262        0     1                 .L0 
80200264 80200264        0     1                 .L0 
80200264 80200264        0     1                 .L0 
80200264 80200264        0     1                 .L0 
8020026a 8020026a        0     1                 .L0 
8020026e 8020026e        0     1                 .L0 
8020026e 8020026e        0     1                 .L0 
80200276 80200276        0     1                 .L0 
80200276 80200276        0     1                 .L0 
8020027a 8020027a        0     1                 .L0 
8020027a 8020027a        0     1                 .L0 
8020027a 8020027a        0     1                 .L0 
80200284 80200284        0     1                 .L0 
80200284 80200284        0     1                 .L0 
80200286 80200286        0     1                 .L0 
8020028a 8020028a        0     1                 .L0 
8020028a 8020028a        0     1                 .L0 
8020028a 8020028a        0     1                 .L0 
8020029e 8020029e        0     1                 .L0 
802002a4 802002a4        0     1                 .L0 
802002a6 802002a6        0     1                 .L0 
802002aa 802002aa        0     1                 .L0 
802002ae 802002ae        0     1                 .L0 
802002b2 802002b2        0     1                 .L0 
802002b2 802002b2        0     1                 .L0 
802002b2 802002b2        0     1                 .L0 
802002b2 802002b2        0     1                 .L0 
802002b2 802002b2        0     1                 .L0 
802002b2 802002b2       46     1                 switch_context
802002f8 802002f8        0     1                 .L0 
802002f8 802002f8        0     1                 .L0 
802002f8 802002f8        0     1                 .L0 
802002f8 802002f8      196     1                 yield
80200300 80200300        0     1                 .L0 
80200300 80200300        0     1                 .L0 
80200304 80200304        0     1                 .L0 
80200304 80200304        0     1                 .L0 
80200312 80200312        0     1                 .L0 
80200324 80200324        0     1                 .L0 
80200324 80200324        0     1                 .L0 
80200326 80200326        0     1                 .L0 
80200326 80200326        0     1                 .L0 
8020032a 8020032a        0     1                 .L0 
8020032a 8020032a        0     1                 .L0 
8020032c 8020032c        0     1                 .L0 
8020032c 8020032c        0     1                 .L0 
80200330 80200330        0     1                 .L0 
80200332 80200332        0     1                 .L0 
80200336 80200336        0     1                 .L0 
80200336 80200336        0     1                 .L0 
8020033e 8020033e        0     1                 .L0 
80200352 80200352        0     1                 .L0 
80200354 80200354        0     1                 .L0 
80200358 80200358        0     1                 .L0 
8020035a 8020035a        0     1                 .L0 
8020035e 8020035e        0     1                 .L0 
8020035e 8020035e        0     1                 .L0 
80200366 80200366        0     1                 .L0 
8020037a 8020037a        0     1                 .L0 
8020037e 8020037e        0     1                 .L0 
80200382 80200382        0     1                 .L0 
80200384 80200384        0     1                 .L0 
80200388 80200388        0     1                 .L0 
80200388 80200388        0     1                 .L0 
80200390 80200390        0     1                 .L0 
802003a4 802003a4        0     1                 .L0 
802003a6 802003a6        0     1                 .L0 
802003aa 802003aa        0     1                 .L0 
802003ac 802003ac        0     1                 .L0 
802003b0 802003b0        0     1                 .L0 
802003b0 802003b0        0     1                 .L0 
802003b8 802003b8        0     1                 .L0 
802003cc 802003cc        0     1                 .L0 
802003d0 802003d0        0     1                 .L0 
802003d4 802003d4        0     1                 .L0 
802003d6 802003d6        0     1                 .L0 
802003da 802003da        0     1                 .L0 
802003da 802003da        0     1                 .L0 
802003e2 802003e2        0     1                 .L0 
802003f6 802003f6        0     1                 .L0 
802003f8 802003f8        0     1                 .L0 
802003fc 802003fc        0     1                 .L0 
802003fe 802003fe        0     1                 .L0 
80200402 80200402        0     1                 .L0 
80200402 80200402        0     1                 .L0 
8020040a 8020040a        0     1                 .L0 
8020041e 8020041e        0     1                 .L0 
80200422 80200422        0     1                 .L0 
80200426 80200426        0     1                 .L0 
80200428 80200428        0     1                 .L0 
8020042c 8020042c        0     1                 .L0 
8020042c 8020042c        0     1                 .L0 
80200448 80200448        0     1                 .L0 
8020044c 8020044c        0     1                 .L0 
8020044e 8020044e        0     1                 .L0 
80200452 80200452        0     1                 .L0 
80200452 80200452        0     1                 .L0 
80200454 80200454        0     1                 .L0 
80200454 80200454        0     1                 .L0 
80200458 80200458        0     1                 .L0 
80200460 80200460        0     1                 .L0 
80200462 80200462        0     1                 .L0 
80200464 80200464        0     1                 .L0 
8020046a 8020046a        0     1                 .L0 
8020046c 8020046c        0     1                 .L0 
8020047c 8020047c        0     1                 .L0 
80200480 80200480        0     1                 .L0 
80200480 80200480        0     1                 .L0 
80200482 80200482        0     1                 .L0 
80200482 80200482        0     1                 .L0 
80200486 80200486        0     1                 .L0 
8020048a 8020048a        0     1                 .L0 
8020048a 8020048a        0     1                 .L0 
8020048c 8020048c        0     1                 .L0 
8020048c 8020048c        0     1                 .L0 
8020048e 8020048e        0     1                 .L0 
8020048e 8020048e        0     1                 .L0 
8020048e 8020048e        0     1                 .L0 
8020048e 8020048e        0     1                 .L0 
8020048e 8020048e        0     1                 .L0 
8020048e 8020048e        6     1                 sbi_call
80200492 80200492        0     1                 .L0 
80200492 80200492        0     1                 .L0 
80200494 80200494        0     1                 .L0 
80200494 80200494        0     1                 .L0 
80200494 80200494        0     1                 .L0 
80200494 80200494       14     1                 putchar
802004a6 802004a6        0     1                 .L0 
802004a6 802004a6        0     1                 .L0 
802004a8 802004a8        0     1                 .L0 
802004a8 802004a8        0     1                 .L0 
802004a8 802004a8        0     1                 .L0 
802004a8 802004a8       96     1                 kernel_entry
8020053e 8020053e        0     1                 .L0 
8020053e 8020053e        0     1                 .L0 
8020053e 8020053e        0     1                 .L0 
8020053e 8020053e        0     1                 .L0 
8020053e 8020053e        0     1                 .L0 
8020053e 8020053e       28     1                 handle_trap
80200542 80200542        0     1                 .L0 
80200542 80200542        0     1                 .L0 
80200546 80200546        0     1                 .L0 
80200546 80200546        0     1                 .L0 
8020054a 8020054a        0     1                 .L0 
8020054a 8020054a        0     1                 .L0 
8020054e 8020054e        0     1                 .L0 
8020054e 8020054e        0     1                 .L0 
80200552 80200552        0     1                 .L0 
80200564 80200564        0     1                 .L0 
80200566 80200566        0     1                 .L0 
80200566 80200566        0     1                 .L0 
80200566 80200566        0     1                 .L0 
80200566 80200566        0     1                 .L0 
80200566 80200566        0     1                 .L0 
80200566 80200566       10     1                 delay
8020056e 8020056e        0     1                 .L0 
80200570 80200570        0     1                 .L0 
80200572 80200572        0     1                 .L0 
80200572 80200572        0     1                 .L0 
80200574 80200574        0     1                 .L0 
80200574 80200574        0     1                 .L0 
80200576 80200576        0     1                 .L0 
80200576 80200576        0     1                 .L0 
80200576 80200576        0     1                 .L0 
80200576 80200576       3a     1                 proc_a_entry
8020057c 8020057c        0     1                 .L0 
80200586 80200586        0     1                 .L0 
80200586 80200586        0     1                 .L0 
8020058e 8020058e        0     1                 .L0 
8020058e 8020058e        0     1                 .L0 
8020058e 8020058e        0     1                 .L0 
802005a4 802005a4        0     1                 .L0 
802005a4 802005a4        0     1                 .L0 
802005a6 802005a6        0     1                 .L0 
802005a6 802005a6        0     1                 .L0 
802005a8 802005a8        0     1                 .L0 
802005aa 802005aa        0     1                 .L0 
802005ac 802005ac        0     1                 .L0 
802005ac 802005ac        0     1                 .L0 
802005b0 802005b0        0     1                 .L0 
802005b0 802005b0        0     1                 .L0 
802005b0 802005b0        0     1                 .L0 
802005b0 802005b0        0     1                 .L0 
802005b0 802005b0        0     1                 .L0 
802005b0 802005b0       3a     1                 proc_b_entry
802005b6 802005b6        0     1                 .L0 
802005c0 802005c0        0     1                 .L0 
802005c0 802005c0        0     1                 .L0 
802005c8 802005c8        0     1                 .L0 
802005c8 802005c8        0     1                 .L0 
802005c8 802005c8        0     1                 .L0 
802005de 802005de        0     1                 .L0 
802005de 802005de        0     1                 .L0 
802005e0 802005e0        0     1                 .L0 
802005e0 802005e0        0     1                 .L0 
802005e2 802005e2        0     1                 .L0 
802005e4 802005e4        0     1                 .L0 
802005e6 802005e6        0     1                 .L0 
802005e6 802005e6        0     1                 .L0 
802005ea 802005ea        0     1                 .L0 
802005ea 802005ea        0     1                 .L0 
802005ea 802005ea        0     1                 .L0 
802005ea 802005ea        0     1                 .L0 
802005ea 802005ea        0     1                 .L0 
802005ea 802005ea      124     1                 kernel_main
802005f6 802005f6        0     1                 .L0 
8020060c 8020060c        0     1                 .L0 
8020060c 8020060c        0     1                 .L0 
80200614 80200614        0     1                 .L0 
80200618 80200618        0     1                 .L0 
80200618 80200618        0     1                 .L0 
8020061a 8020061a        0     1                 .L0 
8020061c 8020061c        0     1                 .L0 
8020061c 8020061c        0     1                 .L0 
80200628 80200628        0     1                 .L0 
8020062c 8020062c        0     1                 .L0 
8020062e 8020062e        0     1                 .L0 
80200640 80200640        0     1                 .L0 
80200640 80200640        0     1                 .L0 
80200654 80200654        0     1                 .L0 
80200654 80200654        0     1                 .L0 
8020065c 8020065c        0     1                 .L0 
8020065c 8020065c        0     1                 .L0 
8020065e 8020065e        0     1                 .L0 
80200660 80200660        0     1                 .L0 
80200668 80200668        0     1                 .L0 
8020066c 8020066c        0     1                 .L0 
80200670 80200670        0     1                 .L0 
80200684 80200684        0     1                 .L0 
80200686 80200686        0     1                 .L0 
80200686 80200686        0     1                 .L0 
8020068e 8020068e        0     1                 .L0 
8020068e 8020068e        0     1                 .L0 
80200692 80200692        0     1                 .L0 
80200692 80200692        0     1                 .L0 
80200694 80200694        0     1                 .L0 
8020069a 8020069a        0     1                 .L0 
8020069e 8020069e        0     1                 .L0 
8020069e 8020069e        0     1                 .L0 
802006b2 802006b2        0     1                 .L0 
802006b4 802006b4        0     1                 .L0 
802006b4 802006b4        0     1                 .L0 
802006bc 802006bc        0     1                 .L0 
802006bc 802006bc        0     1                 .L0 
802006c8 802006c8        0     1                 .L0 
802006c8 802006c8        0     1                 .L0 
802006d4 802006d4        0     1                 .L0 
802006d4 802006d4        0     1                 .L0 
802006de 802006de        0     1                 .L0 
802006de 802006de        0     1                 .L0 
802006e2 802006e2        0     1                 .L0 
802006e8 802006e8        0     1                 .L0 
802006f2 802006f2        0     1                 .L0 
802006f2 802006f2        0     1                 .L0 
802006f4 802006f4        0     1                 .L0 
802006f6 802006f6        0     1                 .L0 
802006f6 802006f6        0     1                 .L0 
8020070c 8020070c        0     1                 .L0 
8020070e 8020070e        0     1                 .L0 
8020070e 8020070e        0     1                 .L0 
8020070e 8020070e      222     2         /var/folders/hw/r5t5ryts3r7fw374z_3h5bmw0000gp/T/common-b92154.o:(.text)
8020070e 8020070e        0     1                 .L0 
8020070e 8020070e        0     1                 .L0 
8020070e 8020070e        0     1                 $x
8020070e 8020070e        0     1                 .L0 
8020070e 8020070e      1a8     1                 printf
8020072a 8020072a        0     1                 .L0 
80200754 80200754        0     1                 .L0 
80200764 80200764        0     1                 .L0 
80200764 80200764        0     1                 .L0 
80200768 80200768        0     1                 .L0 
80200768 80200768        0     1                 .L0 
8020076a 8020076a        0     1                 .L0 
8020076e 8020076e        0     1                 .L0 
80200776 80200776        0     1                 .L0 
80200776 80200776        0     1                 .L0 
80200778 80200778        0     1                 .L0 
80200778 80200778        0     1                 .L0 
8020077a 8020077a        0     1                 .L0 
8020077c 8020077c        0     1                 .L0 
8020077c 8020077c        0     1                 .L0 
80200782 80200782        0     1                 .L0 
80200792 80200792        0     1                 .L0 
80200792 80200792        0     1                 .L0 
8020079e 8020079e        0     1                 .L0 
8020079e 8020079e        0     1                 .L0 
802007a2 802007a2        0     1                 .L0 
802007a2 802007a2        0     1                 .L0 
802007a4 802007a4        0     1                 .L0 
802007aa 802007aa        0     1                 .L0 
802007aa 802007aa        0     1                 .L0 
802007b2 802007b2        0     1                 .L0 
802007b2 802007b2        0     1                 .L0 
802007bc 802007bc        0     1                 .L0 
802007bc 802007bc        0     1                 .L0 
802007c0 802007c0        0     1                 .L0 
802007c0 802007c0        0     1                 .L0 
802007c2 802007c2        0     1                 .L0 
802007c6 802007c6        0     1                 .L0 
802007c8 802007c8        0     1                 .L0 
802007c8 802007c8        0     1                 .L0 
802007ce 802007ce        0     1                 .L0 
802007ce 802007ce        0     1                 .L0 
802007d0 802007d0        0     1                 .L0 
802007d4 802007d4        0     1                 .L0 
802007d6 802007d6        0     1                 .L0 
802007d6 802007d6        0     1                 .L0 
802007dc 802007dc        0     1                 .L0 
802007dc 802007dc        0     1                 .L0 
802007de 802007de        0     1                 .L0 
802007e2 802007e2        0     1                 .L0 
802007e4 802007e4        0     1                 .L0 
802007e4 802007e4        0     1                 .L0 
802007ea 802007ea        0     1                 .L0 
802007ea 802007ea        0     1                 .L0 
802007ec 802007ec        0     1                 .L0 
802007f0 802007f0        0     1                 .L0 
802007f2 802007f2        0     1                 .L0 
802007f2 802007f2        0     1                 .L0 
802007f8 802007f8        0     1                 .L0 
802007f8 802007f8        0     1                 .L0 
802007fa 802007fa        0     1                 .L0 
802007fe 802007fe        0     1                 .L0 
80200800 80200800        0     1                 .L0 
80200800 80200800        0     1                 .L0 
80200806 80200806        0     1                 .L0 
80200806 80200806        0     1                 .L0 
80200808 80200808        0     1                 .L0 
8020080c 8020080c        0     1                 .L0 
8020080e 8020080e        0     1                 .L0 
8020080e 8020080e        0     1                 .L0 
80200814 80200814        0     1                 .L0 
80200814 80200814        0     1                 .L0 
80200816 80200816        0     1                 .L0 
8020081a 8020081a        0     1                 .L0 
8020081c 8020081c        0     1                 .L0 
8020081c 8020081c        0     1                 .L0 
8020081e 8020081e        0     1                 .L0 
8020081e 8020081e        0     1                 .L0 
80200820 80200820        0     1                 .L0 
80200824 80200824        0     1                 .L0 
80200824 80200824        0     1                 .L0 
80200826 80200826        0     1                 .L0 
80200826 80200826        0     1                 .L0 
80200828 80200828        0     1                 .L0 
8020082a 8020082a        0     1                 .L0 
8020082a 8020082a        0     1                 .L0 
8020082a 8020082a        0     1                 .L0 
80200834 80200834        0     1                 .L0 
80200838 80200838        0     1                 .L0 
8020083e 8020083e        0     1                 .L0 
8020083e 8020083e        0     1                 .L0 
8020083e 8020083e        0     1                 .L0 
80200844 80200844        0     1                 .L0 
80200844 80200844        0     1                 .L0 
80200848 80200848        0     1                 .L0 
8020084a 8020084a        0     1                 .L0 
8020084e 8020084e        0     1                 .L0 
8020084e 8020084e        0     1                 .L0 
8020084e 8020084e        0     1                 .L0 
80200854 80200854        0     1                 .L0 
80200854 80200854        0     1                 .L0 
80200858 80200858        0     1                 .L0 
8020085a 8020085a        0     1                 .L0 
8020085e 8020085e        0     1                 .L0 
8020085e 8020085e        0     1                 .L0 
8020085e 8020085e        0     1                 .L0 
80200864 80200864        0     1                 .L0 
80200866 80200866        0     1                 .L0 
8020086a 8020086a        0     1                 .L0 
8020086e 8020086e        0     1                 .L0 
8020086e 8020086e        0     1                 .L0 
8020086e 8020086e        0     1                 .L0 
80200870 80200870        0     1                 .L0 
80200870 80200870        0     1                 .L0 
80200874 80200874        0     1                 .L0 
80200878 80200878        0     1                 .L0 
8020087e 8020087e        0     1                 .L0 
8020087e 8020087e        0     1                 .L0 
8020088c 8020088c        0     1                 .L0 
8020088c 8020088c        0     1                 .L0 
80200892 80200892        0     1                 .L0 
80200892 80200892        0     1                 .L0 
80200892 80200892        0     1                 .L0 
80200898 80200898        0     1                 .L0 
80200898 80200898        0     1                 .L0 
80200898 80200898        0     1                 .L0 
8020089c 8020089c        0     1                 .L0 
802008b2 802008b2        0     1                 .L0 
802008b6 802008b6        0     1                 .L0 
802008b6 802008b6        0     1                 .L0 
802008b6 802008b6        0     1                 .L0 
802008b6 802008b6        0     1                 .L0 
802008b6 802008b6        0     1                 .L0 
802008b6 802008b6       1c     1                 memcpy
802008ba 802008ba        0     1                 .L0 
802008ba 802008ba        0     1                 .L0 
802008bc 802008bc        0     1                 .L0 
802008c6 802008c6        0     1                 .L0 
802008cc 802008cc        0     1                 .L0 
802008cc 802008cc        0     1                 .L0 
802008d0 802008d0        0     1                 .L0 
802008d0 802008d0        0     1                 .L0 
802008d2 802008d2        0     1                 .L0 
802008d2 802008d2        0     1                 .L0 
802008d2 802008d2        0     1                 .L0 
802008d2 802008d2       16     1                 memset
802008d6 802008d6        0     1                 .L0 
802008d6 802008d6        0     1                 .L0 
802008d8 802008d8        0     1                 .L0 
802008dc 802008dc        0     1                 .L0 
802008e2 802008e2        0     1                 .L0 
802008e2 802008e2        0     1                 .L0 
802008e6 802008e6        0     1                 .L0 
802008e6 802008e6        0     1                 .L0 
802008e8 802008e8        0     1                 .L0 
802008e8 802008e8        0     1                 .L0 
802008e8 802008e8        0     1                 .L0 
802008e8 802008e8       24     1                 strcpy
802008ee 802008ee        0     1                 .L0 
802008f2 802008f2        0     1                 .L0 
802008f2 802008f2        0     1                 .L0 
802008f4 802008f4        0     1                 .L0 
80200900 80200900        0     1                 .L0 
80200902 80200902        0     1                 .L0 
80200904 80200904        0     1                 .L0 
80200906 80200906        0     1                 .L0 
80200906 80200906        0     1                 .L0 
8020090a 8020090a        0     1                 .L0 
8020090c 8020090c        0     1                 .L0 
8020090c 8020090c        0     1                 .L0 
8020090c 8020090c        0     1                 .L0 
8020090c 8020090c       24     1                 strcmp
80200910 80200910        0     1                 .L0 
80200912 80200912        0     1                 .L0 
80200914 80200914        0     1                 .L0 
80200918 80200918        0     1                 .L0 
8020091c 8020091c        0     1                 .L0 
8020091c 8020091c        0     1                 .L0 
80200922 80200922        0     1                 .L0 
80200924 80200924        0     1                 .L0 
80200926 80200926        0     1                 .L0 
80200930 80200930        0     1                 .L0 
80200930 80200930      18f     4 .rodata
80200930 80200930      18f     1         <internal>:(.rodata.str1.1)
80200ac0 80200ac0        4     4 .data
80200ac0 80200ac0        4     4         /var/folders/hw/r5t5ryts3r7fw374z_3h5bmw0000gp/T/kernel-87b38b.o:(.data)
80200ac0 80200ac0        4     1                 alloc_pages.next_paddr
80200ac0 80200ac0        0     1                 $d
80200ac4 80200ac4    10090     4 .bss
80200ac4 80200ac4        0     1         __bss = .
80200ac4 80200ac4    10090     4         /var/folders/hw/r5t5ryts3r7fw374z_3h5bmw0000gp/T/kernel-87b38b.o:(.bss)
80200ac4 80200ac4        0     1                 $d
80200ac4 80200ac4    10080     1                 procs
80210b44 80210b44       10     1                 .L_MergedGlobals
80210b44 80210b44        4     1                 idle_proc
80210b48 80210b48        4     1                 current_proc
80210b4c 80210b4c        4     1                 proc_a
80210b50 80210b50        4     1                 proc_b
80210b54 80210b54        0     1         __bss_end = .
80210b54 80210b54        0     1 . = ALIGN(4)
80210b54 80210b54    20000     1 . += 128 * 1024
80230b54 80230b54        0     1 __stack_top = .
80230b54 80230b54      4ac     1 . = ALIGN(4096)
80231000 80231000        0     1 __free_ram = .
80231000 80231000  4000000     1 . += 64 * 1024 * 1024
84231000 84231000        0     1 __free_ram_end = .
       0        0      667     1 .debug_loclists
       0        0      486     1         /var/folders/hw/r5t5ryts3r7fw374z_3h5bmw0000gp/T/kernel-87b38b.o:(.debug_loclists)
       0        0        0     1                 $d
       c        c        0     1                 .L0 
     486      486      1e1     1         /var/folders/hw/r5t5ryts3r7fw374z_3h5bmw0000gp/T/common-b92154.o:(.debug_loclists)
     486      486        0     1                 $d
     492      492        0     1                 .L0 
       0        0      404     1 .debug_abbrev
       0        0      2d5     1         /var/folders/hw/r5t5ryts3r7fw374z_3h5bmw0000gp/T/kernel-87b38b.o:(.debug_abbrev)
       0        0        0     1                 $d
     2d5      2d5      12f     1         /var/folders/hw/r5t5ryts3r7fw374z_3h5bmw0000gp/T/common-b92154.o:(.debug_abbrev)
     2d5      2d5        0     1                 $d
       0        0      be0     1 .debug_info
       0        0      9a1     1         /var/folders/hw/r5t5ryts3r7fw374z_3h5bmw0000gp/T/kernel-87b38b.o:(.debug_info)
       0        0        0     1                 $d
     9a1      9a1      23f     1         /var/folders/hw/r5t5ryts3r7fw374z_3h5bmw0000gp/T/common-b92154.o:(.debug_info)
     9a1      9a1        0     1                 $d
       0        0       5c     1 .debug_rnglists
       0        0       41     1         /var/folders/hw/r5t5ryts3r7fw374z_3h5bmw0000gp/T/kernel-87b38b.o:(.debug_rnglists)
       0        0        0     1                 $d
       c        c        0     1                 .L0 
      41       41       1b     1         /var/folders/hw/r5t5ryts3r7fw374z_3h5bmw0000gp/T/common-b92154.o:(.debug_rnglists)
      41       41        0     1                 $d
      4d       4d        0     1                 .L0 
       0        0      24c     1 .debug_str_offsets
       0        0      1b4     1         /var/folders/hw/r5t5ryts3r7fw374z_3h5bmw0000gp/T/kernel-87b38b.o:(.debug_str_offsets)
       0        0        0     1                 $d
       8        8        0     1                 .L0 
     1b4      1b4       98     1         /var/folders/hw/r5t5ryts3r7fw374z_3h5bmw0000gp/T/common-b92154.o:(.debug_str_offsets)
     1b4      1b4        0     1                 $d
     1bc      1bc        0     1                 .L0 
       0        0      33f     1 .debug_str
       0        0      33f     1         <internal>:(.debug_str)
       0        0      180     1 .debug_addr
       0        0      120     1         /var/folders/hw/r5t5ryts3r7fw374z_3h5bmw0000gp/T/kernel-87b38b.o:(.debug_addr)
       0        0        0     1                 $d
       8        8        0     1                 .L0 
     120      120       60     1         /var/folders/hw/r5t5ryts3r7fw374z_3h5bmw0000gp/T/common-b92154.o:(.debug_addr)
     120      120        0     1                 $d
     128      128        0     1                 .L0 
       0        0       3b     1 .comment
       0        0       3b     1         <internal>:(.comment)
       0        0       4e     1 .riscv.attributes
       0        0       4e     1         <internal>:(.riscv.attributes)
       0        0      204     4 .debug_frame
       0        0      16c     4         /var/folders/hw/r5t5ryts3r7fw374z_3h5bmw0000gp/T/kernel-87b38b.o:(.debug_frame)
       0        0        0     1                 .L0 
       0        0        0     1                 $d
     16c      16c       98     4         /var/folders/hw/r5t5ryts3r7fw374z_3h5bmw0000gp/T/common-b92154.o:(.debug_frame)
     16c      16c        0     1                 .L0 
     16c      16c        0     1                 $d
       0        0      993     1 .debug_line
       0        0      691     1         /var/folders/hw/r5t5ryts3r7fw374z_3h5bmw0000gp/T/kernel-87b38b.o:(.debug_line)
       0        0        0     1                 .Lline_table_start0
       0        0        0     1                 $d
     691      691      302     1         /var/folders/hw/r5t5ryts3r7fw374z_3h5bmw0000gp/T/common-b92154.o:(.debug_line)
     691      691        0     1                 .Lline_table_start0
     691      691        0     1                 $d
       0        0       4b     1 .debug_line_str
       0        0       4b     1         <internal>:(.debug_line_str)
       0        0      410     4 .symtab
       0        0      410     4         <internal>:(.symtab)
       0        0       dc     1 .shstrtab
       0        0       dc     1         <internal>:(.shstrtab)
       0        0      1ad     1 .strtab
       0        0      1ad     1         <internal>:(.strtab)
