     VMA      LMA     Size Align Out     In      Symbol
       0        0 80200000     1 . = 0x80200000
80200000        0        0     1 __kernel_base = .
80200000 80200000     127a     4 .text
80200000 80200000        e     2         /var/folders/hw/r5t5ryts3r7fw374z_3h5bmw0000gp/T/kernel-f2b79e.o:(.text.boot)
80200000 80200000        0     1                 .L0 
80200000 80200000        0     1                 .L0 
80200000 80200000        0     1                 $x
80200000 80200000        0     1                 .L0 
80200000 80200000        e     1                 boot
8020000e 8020000e        0     1                 .L0 
8020000e 8020000e        0     1                 .L0 
80200010 80200010      970     4         /var/folders/hw/r5t5ryts3r7fw374z_3h5bmw0000gp/T/kernel-f2b79e.o:(.text)
80200010 80200010        0     1                 .L0 
80200010 80200010        0     1                 .L0 
80200010 80200010        0     1                 $x
80200010 80200010        0     1                 .L0 
80200010 80200010       50     1                 alloc_pages
80200016 80200016        0     1                 .L0 
80200016 80200016        0     1                 .L0 
8020001e 8020001e        0     1                 .L0 
8020001e 8020001e        0     1                 .L0 
80200022 80200022        0     1                 .L0 
80200026 80200026        0     1                 .L0 
80200026 80200026        0     1                 .L0 
8020002e 8020002e        0     1                 .L0 
80200032 80200032        0     1                 .L0 
80200036 80200036        0     1                 .L0 
8020004c 8020004c        0     1                 .L0 
8020004e 8020004e        0     1                 .L0 
8020004e 8020004e        0     1                 .L0 
80200056 80200056        0     1                 .L0 
80200056 80200056        0     1                 .L0 
80200058 80200058        0     1                 .L0 
8020005c 8020005c        0     1                 .L0 
8020005c 8020005c        0     1                 .L0 
80200060 80200060        0     1                 .L0 
80200060 80200060        0     1                 .L0 
80200060 80200060        0     1                 .L0 
80200060 80200060        0     1                 .L0 
80200060 80200060        0     1                 .L0 
80200060 80200060       de     1                 map_page
8020006e 8020006e        0     1                 .L0 
80200070 80200070        0     1                 .L0 
80200070 80200070        0     1                 .L0 
80200074 80200074        0     1                 .L0 
80200078 80200078        0     1                 .L0 
80200088 80200088        0     1                 .L0 
8020008a 8020008a        0     1                 .L0 
8020008e 8020008e        0     1                 .L0 
80200090 80200090        0     1                 .L0 
80200090 80200090        0     1                 .L0 
80200090 80200090        0     1                 .L0 
80200096 80200096        0     1                 .L0 
80200098 80200098        0     1                 .L0 
8020009c 8020009c        0     1                 .L0 
802000aa 802000aa        0     1                 .L0 
802000ae 802000ae        0     1                 .L0 
802000b2 802000b2        0     1                 .L0 
802000b4 802000b4        0     1                 .L0 
802000b4 802000b4        0     1                 .L0 
802000b4 802000b4        0     1                 .L0 
802000c0 802000c0        0     1                 .L0 
802000c0 802000c0        0     1                 .L0 
802000c6 802000c6        0     1                 .L0 
802000c6 802000c6        0     1                 .L0 
802000ce 802000ce        0     1                 .L0 
802000ce 802000ce        0     1                 .L0 
802000d0 802000d0        0     1                 .L0 
802000d2 802000d2        0     1                 .L0 
802000da 802000da        0     1                 .L0 
802000de 802000de        0     1                 .L0 
802000e2 802000e2        0     1                 .L0 
802000f4 802000f4        0     1                 .L0 
802000f8 802000f8        0     1                 .L0 
802000fa 802000fa        0     1                 .L0 
802000fa 802000fa        0     1                 .L0 
802000fa 802000fa        0     1                 .L0 
802000fc 802000fc        0     1                 .L0 
802000fc 802000fc        0     1                 .L0 
80200104 80200104        0     1                 .L0 
80200108 80200108        0     1                 .L0 
80200108 80200108        0     1                 .L0 
8020010c 8020010c        0     1                 .L0 
80200116 80200116        0     1                 .L0 
80200116 80200116        0     1                 .L0 
8020011c 8020011c        0     1                 .L0 
80200122 80200122        0     1                 .L0 
8020012c 8020012c        0     1                 .L0 
8020012e 8020012e        0     1                 .L0 
8020013a 8020013a        0     1                 .L0 
8020013e 8020013e        0     1                 .L0 
8020013e 8020013e        0     1                 .L0 
8020013e 8020013e        0     1                 .L0 
8020013e 8020013e        0     1                 .L0 
8020013e 8020013e        0     1                 .L0 
8020013e 8020013e       14     1                 user_entry
80200146 80200146        0     1                 .L0 
80200152 80200152        0     1                 .L0 
80200152 80200152        0     1                 .L0 
80200152 80200152        0     1                 .L0 
80200152 80200152      26e     1                 create_process
8020016e 8020016e        0     1                 .L0 
80200170 80200170        0     1                 .L0 
80200170 80200170        0     1                 .L0 
8020017e 8020017e        0     1                 .L0 
8020017e 8020017e        0     1                 .L0 
80200180 80200180        0     1                 .L0 
80200180 80200180        0     1                 .L0 
80200188 80200188        0     1                 .L0 
8020018a 8020018a        0     1                 .L0 
8020018a 8020018a        0     1                 .L0 
80200192 80200192        0     1                 .L0 
80200194 80200194        0     1                 .L0 
80200194 80200194        0     1                 .L0 
8020019c 8020019c        0     1                 .L0 
8020019e 8020019e        0     1                 .L0 
8020019e 8020019e        0     1                 .L0 
802001a6 802001a6        0     1                 .L0 
802001a8 802001a8        0     1                 .L0 
802001a8 802001a8        0     1                 .L0 
802001b0 802001b0        0     1                 .L0 
802001b2 802001b2        0     1                 .L0 
802001b2 802001b2        0     1                 .L0 
802001ba 802001ba        0     1                 .L0 
802001bc 802001bc        0     1                 .L0 
802001bc 802001bc        0     1                 .L0 
802001c4 802001c4        0     1                 .L0 
802001c6 802001c6        0     1                 .L0 
802001c6 802001c6        0     1                 .L0 
802001dc 802001dc        0     1                 .L0 
802001de 802001de        0     1                 .L0 
802001de 802001de        0     1                 .L0 
802001de 802001de        0     1                 .L0 
802001e2 802001e2        0     1                 .L0 
802001e2 802001e2        0     1                 .L0 
802001e8 802001e8        0     1                 .L0 
802001ea 802001ea        0     1                 .L0 
802001ea 802001ea        0     1                 .L0 
802001ea 802001ea        0     1                 .L0 
802001f2 802001f2        0     1                 .L0 
802001f4 802001f4        0     1                 .L0 
802001f4 802001f4        0     1                 .L0 
802001f4 802001f4        0     1                 .L0 
802001fc 802001fc        0     1                 .L0 
802001fe 802001fe        0     1                 .L0 
802001fe 802001fe        0     1                 .L0 
802001fe 802001fe        0     1                 .L0 
80200206 80200206        0     1                 .L0 
80200208 80200208        0     1                 .L0 
80200208 80200208        0     1                 .L0 
80200208 80200208        0     1                 .L0 
80200210 80200210        0     1                 .L0 
80200212 80200212        0     1                 .L0 
80200212 80200212        0     1                 .L0 
80200212 80200212        0     1                 .L0 
8020021a 8020021a        0     1                 .L0 
8020021c 8020021c        0     1                 .L0 
8020021c 8020021c        0     1                 .L0 
8020021c 8020021c        0     1                 .L0 
80200224 80200224        0     1                 .L0 
80200224 80200224        0     1                 .L0 
8020022c 8020022c        0     1                 .L0 
8020022c 8020022c        0     1                 .L0 
8020022e 8020022e        0     1                 .L0 
8020022e 8020022e        0     1                 .L0 
80200238 80200238        0     1                 .L0 
80200238 80200238        0     1                 .L0 
8020023e 8020023e        0     1                 .L0 
8020024a 8020024a        0     1                 .L0 
8020024a 8020024a        0     1                 .L0 
8020024c 8020024c        0     1                 .L0 
80200250 80200250        0     1                 .L0 
80200254 80200254        0     1                 .L0 
80200258 80200258        0     1                 .L0 
8020025c 8020025c        0     1                 .L0 
80200260 80200260        0     1                 .L0 
80200264 80200264        0     1                 .L0 
80200268 80200268        0     1                 .L0 
8020026c 8020026c        0     1                 .L0 
80200270 80200270        0     1                 .L0 
80200278 80200278        0     1                 .L0 
8020027c 8020027c        0     1                 .L0 
80200280 80200280        0     1                 .L0 
80200280 80200280        0     1                 .L0 
80200284 80200284        0     1                 .L0 
80200284 80200284        0     1                 .L0 
80200298 80200298        0     1                 .L0 
8020029a 8020029a        0     1                 .L0 
8020029a 8020029a        0     1                 .L0 
8020029c 8020029c        0     1                 .L0 
802002a8 802002a8        0     1                 .L0 
802002a8 802002a8        0     1                 .L0 
802002b0 802002b0        0     1                 .L0 
802002b0 802002b0        0     1                 .L0 
802002b4 802002b4        0     1                 .L0 
802002b4 802002b4        0     1                 .L0 
802002b4 802002b4        0     1                 .L0 
802002be 802002be        0     1                 .L0 
802002be 802002be        0     1                 .L0 
802002c0 802002c0        0     1                 .L0 
802002c4 802002c4        0     1                 .L0 
802002c4 802002c4        0     1                 .L0 
802002c4 802002c4        0     1                 .L0 
802002c8 802002c8        0     1                 .L0 
802002ce 802002ce        0     1                 .L0 
802002ce 802002ce        0     1                 .L0 
802002d6 802002d6        0     1                 .L0 
802002d6 802002d6        0     1                 .L0 
802002d8 802002d8        0     1                 .L0 
802002de 802002de        0     1                 .L0 
802002e2 802002e2        0     1                 .L0 
802002f6 802002f6        0     1                 .L0 
802002f8 802002f8        0     1                 .L0 
802002f8 802002f8        0     1                 .L0 
80200302 80200302        0     1                 .L0 
80200302 80200302        0     1                 .L0 
80200304 80200304        0     1                 .L0 
8020030e 8020030e        0     1                 .L0 
8020030e 8020030e        0     1                 .L0 
80200316 80200316        0     1                 .L0 
8020031c 8020031c        0     1                 .L0 
8020031c 8020031c        0     1                 .L0 
80200320 80200320        0     1                 .L0 
80200320 80200320        0     1                 .L0 
80200332 80200332        0     1                 .L0 
80200332 80200332        0     1                 .L0 
80200334 80200334        0     1                 .L0 
80200334 80200334        0     1                 .L0 
80200336 80200336        0     1                 .L0 
8020033a 8020033a        0     1                 .L0 
8020033a 8020033a        0     1                 .L0 
8020033e 8020033e        0     1                 .L0 
80200346 80200346        0     1                 .L0 
80200346 80200346        0     1                 .L0 
80200348 80200348        0     1                 .L0 
80200350 80200350        0     1                 .L0 
80200354 80200354        0     1                 .L0 
80200354 80200354        0     1                 .L0 
80200354 80200354        0     1                 .L0 
80200358 80200358        0     1                 .L0 
80200358 80200358        0     1                 .L0 
80200360 80200360        0     1                 .L0 
80200364 80200364        0     1                 .L0 
8020036c 8020036c        0     1                 .L0 
8020036c 8020036c        0     1                 .L0 
8020036e 8020036e        0     1                 .L0 
8020036e 8020036e        0     1                 .L0 
80200372 80200372        0     1                 .L0 
80200372 80200372        0     1                 .L0 
80200376 80200376        0     1                 .L0 
8020037a 8020037a        0     1                 .L0 
8020037e 8020037e        0     1                 .L0 
80200382 80200382        0     1                 .L0 
80200386 80200386        0     1                 .L0 
8020038a 8020038a        0     1                 .L0 
8020038c 8020038c        0     1                 .L0 
80200398 80200398        0     1                 .L0 
8020039a 8020039a        0     1                 .L0 
8020039c 8020039c        0     1                 .L0 
802003a0 802003a0        0     1                 .L0 
802003a6 802003a6        0     1                 .L0 
802003aa 802003aa        0     1                 .L0 
802003aa 802003aa        0     1                 .L0 
802003aa 802003aa        0     1                 .L0 
802003be 802003be        0     1                 .L0 
802003c0 802003c0        0     1                 .L0 
802003c0 802003c0        0     1                 .L0 
802003c0 802003c0        0     1                 .L0 
802003c0 802003c0        0     1                 .L0 
802003c0 802003c0        0     1                 .L0 
802003c0 802003c0        0     1                 .L0 
802003c0 802003c0       46     1                 switch_context
80200406 80200406        0     1                 .L0 
80200406 80200406        0     1                 .L0 
80200406 80200406        0     1                 .L0 
80200406 80200406      196     1                 yield
8020040e 8020040e        0     1                 .L0 
8020040e 8020040e        0     1                 .L0 
80200412 80200412        0     1                 .L0 
80200412 80200412        0     1                 .L0 
80200420 80200420        0     1                 .L0 
80200432 80200432        0     1                 .L0 
80200432 80200432        0     1                 .L0 
80200434 80200434        0     1                 .L0 
80200434 80200434        0     1                 .L0 
80200438 80200438        0     1                 .L0 
80200438 80200438        0     1                 .L0 
8020043a 8020043a        0     1                 .L0 
8020043a 8020043a        0     1                 .L0 
8020043e 8020043e        0     1                 .L0 
80200440 80200440        0     1                 .L0 
80200444 80200444        0     1                 .L0 
80200444 80200444        0     1                 .L0 
8020044c 8020044c        0     1                 .L0 
80200460 80200460        0     1                 .L0 
80200462 80200462        0     1                 .L0 
80200466 80200466        0     1                 .L0 
80200468 80200468        0     1                 .L0 
8020046c 8020046c        0     1                 .L0 
8020046c 8020046c        0     1                 .L0 
80200474 80200474        0     1                 .L0 
80200488 80200488        0     1                 .L0 
8020048c 8020048c        0     1                 .L0 
80200490 80200490        0     1                 .L0 
80200492 80200492        0     1                 .L0 
80200496 80200496        0     1                 .L0 
80200496 80200496        0     1                 .L0 
8020049e 8020049e        0     1                 .L0 
802004b2 802004b2        0     1                 .L0 
802004b4 802004b4        0     1                 .L0 
802004b8 802004b8        0     1                 .L0 
802004ba 802004ba        0     1                 .L0 
802004be 802004be        0     1                 .L0 
802004be 802004be        0     1                 .L0 
802004c6 802004c6        0     1                 .L0 
802004da 802004da        0     1                 .L0 
802004de 802004de        0     1                 .L0 
802004e2 802004e2        0     1                 .L0 
802004e4 802004e4        0     1                 .L0 
802004e8 802004e8        0     1                 .L0 
802004e8 802004e8        0     1                 .L0 
802004f0 802004f0        0     1                 .L0 
80200504 80200504        0     1                 .L0 
80200506 80200506        0     1                 .L0 
8020050a 8020050a        0     1                 .L0 
8020050c 8020050c        0     1                 .L0 
80200510 80200510        0     1                 .L0 
80200510 80200510        0     1                 .L0 
80200518 80200518        0     1                 .L0 
8020052c 8020052c        0     1                 .L0 
80200530 80200530        0     1                 .L0 
80200534 80200534        0     1                 .L0 
80200536 80200536        0     1                 .L0 
8020053a 8020053a        0     1                 .L0 
8020053a 8020053a        0     1                 .L0 
80200556 80200556        0     1                 .L0 
8020055a 8020055a        0     1                 .L0 
8020055c 8020055c        0     1                 .L0 
80200560 80200560        0     1                 .L0 
80200560 80200560        0     1                 .L0 
80200562 80200562        0     1                 .L0 
80200562 80200562        0     1                 .L0 
80200566 80200566        0     1                 .L0 
8020056e 8020056e        0     1                 .L0 
80200570 80200570        0     1                 .L0 
80200572 80200572        0     1                 .L0 
80200578 80200578        0     1                 .L0 
8020057a 8020057a        0     1                 .L0 
8020058a 8020058a        0     1                 .L0 
8020058e 8020058e        0     1                 .L0 
8020058e 8020058e        0     1                 .L0 
80200590 80200590        0     1                 .L0 
80200590 80200590        0     1                 .L0 
80200594 80200594        0     1                 .L0 
80200598 80200598        0     1                 .L0 
80200598 80200598        0     1                 .L0 
8020059a 8020059a        0     1                 .L0 
8020059a 8020059a        0     1                 .L0 
8020059c 8020059c        0     1                 .L0 
8020059c 8020059c        0     1                 .L0 
8020059c 8020059c        0     1                 .L0 
8020059c 8020059c        0     1                 .L0 
8020059c 8020059c        0     1                 .L0 
8020059c 8020059c        6     1                 sbi_call
802005a0 802005a0        0     1                 .L0 
802005a0 802005a0        0     1                 .L0 
802005a2 802005a2        0     1                 .L0 
802005a2 802005a2        0     1                 .L0 
802005a2 802005a2        0     1                 .L0 
802005a2 802005a2       14     1                 putchar
802005b4 802005b4        0     1                 .L0 
802005b4 802005b4        0     1                 .L0 
802005b6 802005b6        0     1                 .L0 
802005b6 802005b6        0     1                 .L0 
802005b6 802005b6        0     1                 .L0 
802005b6 802005b6       16     1                 getchar
802005ca 802005ca        0     1                 .L0 
802005ca 802005ca        0     1                 .L0 
802005cc 802005cc        0     1                 .L0 
802005cc 802005cc        0     1                 .L0 
802005cc 802005cc        0     1                 .L0 
802005cc 802005cc        0     1                 .L0 
802005cc 802005cc       96     1                 kernel_entry
80200662 80200662        0     1                 .L0 
80200662 80200662        0     1                 .L0 
80200662 80200662        0     1                 .L0 
80200662 80200662        0     1                 .L0 
80200662 80200662        0     1                 .L0 
80200662 80200662      108     1                 handle_syscall
80200668 80200668        0     1                 .L0 
80200684 80200684        0     1                 .L0 
8020069e 8020069e        0     1                 .L0 
8020069e 8020069e        0     1                 .L0 
802006a2 802006a2        0     1                 .L0 
802006b4 802006b4        0     1                 .L0 
802006b4 802006b4        0     1                 .L0 
802006b6 802006b6        0     1                 .L0 
802006b6 802006b6        0     1                 .L0 
802006b6 802006b6        0     1                 .L0 
802006b8 802006b8        0     1                 .L0 
802006b8 802006b8        0     1                 .L0 
802006bc 802006bc        0     1                 .L0 
802006bc 802006bc        0     1                 .L0 
802006c0 802006c0        0     1                 .L0 
802006c2 802006c2        0     1                 .L0 
802006c2 802006c2        0     1                 .L0 
802006c4 802006c4        0     1                 .L0 
802006c4 802006c4        0     1                 .L0 
802006c4 802006c4        0     1                 .L0 
802006c4 802006c4        0     1                 .L0 
802006c4 802006c4        0     1                 .L0 
802006cc 802006cc        0     1                 .L0 
802006cc 802006cc        0     1                 .L0 
802006ce 802006ce        0     1                 .L0 
802006d8 802006d8        0     1                 .L0 
802006d8 802006d8        0     1                 .L0 
802006de 802006de        0     1                 .L0 
802006e0 802006e0        0     1                 .L0 
802006e2 802006e2        0     1                 .L0 
802006e2 802006e2        0     1                 .L0 
802006f8 802006f8        0     1                 .L0 
802006fa 802006fa        0     1                 .L0 
802006fa 802006fa        0     1                 .L0 
802006fa 802006fa        0     1                 .L0 
802006fc 802006fc        0     1                 .L0 
80200710 80200710        0     1                 .L0 
80200710 80200710        0     1                 .L0 
80200714 80200714        0     1                 .L0 
80200714 80200714        0     1                 .L0 
80200714 80200714        0     1                 .L0 
80200716 80200716        0     1                 .L0 
80200716 80200716        0     1                 .L0 
8020072a 8020072a        0     1                 .L0 
8020072a 8020072a        0     1                 .L0 
8020072e 8020072e        0     1                 .L0 
8020072e 8020072e        0     1                 .L0 
8020072e 8020072e        0     1                 .L0 
8020074a 8020074a        0     1                 .L0 
8020074a 8020074a        0     1                 .L0 
8020074a 8020074a        0     1                 .L0 
8020074e 8020074e        0     1                 .L0 
80200752 80200752        0     1                 .L0 
80200752 80200752        0     1                 .L0 
80200752 80200752        0     1                 .L0 
80200756 80200756        0     1                 .L0 
80200768 80200768        0     1                 .L0 
8020076a 8020076a        0     1                 .L0 
8020076a 8020076a        0     1                 .L0 
8020076a 8020076a        0     1                 .L0 
8020076a 8020076a        0     1                 .L0 
8020076a 8020076a        0     1                 .L0 
8020076a 8020076a       42     1                 handle_trap
80200770 80200770        0     1                 .L0 
80200770 80200770        0     1                 .L0 
80200774 80200774        0     1                 .L0 
80200778 80200778        0     1                 .L0 
8020077a 8020077a        0     1                 .L0 
8020077e 8020077e        0     1                 .L0 
8020077e 8020077e        0     1                 .L0 
80200782 80200782        0     1                 .L0 
80200782 80200782        0     1                 .L0 
80200784 80200784        0     1                 .L0 
80200784 80200784        0     1                 .L0 
80200786 80200786        0     1                 .L0 
80200786 80200786        0     1                 .L0 
8020078a 8020078a        0     1                 .L0 
8020078e 8020078e        0     1                 .L0 
8020078e 8020078e        0     1                 .L0 
80200792 80200792        0     1                 .L0 
80200792 80200792        0     1                 .L0 
80200792 80200792        0     1                 .L0 
80200796 80200796        0     1                 .L0 
802007aa 802007aa        0     1                 .L0 
802007ac 802007ac        0     1                 .L0 
802007ac 802007ac        0     1                 .L0 
802007ac 802007ac        0     1                 .L0 
802007ac 802007ac        0     1                 .L0 
802007ac 802007ac        0     1                 .L0 
802007ac 802007ac       10     1                 delay
802007b4 802007b4        0     1                 .L0 
802007b6 802007b6        0     1                 .L0 
802007b8 802007b8        0     1                 .L0 
802007b8 802007b8        0     1                 .L0 
802007ba 802007ba        0     1                 .L0 
802007ba 802007ba        0     1                 .L0 
802007bc 802007bc        0     1                 .L0 
802007bc 802007bc        0     1                 .L0 
802007bc 802007bc        0     1                 .L0 
802007bc 802007bc       3a     1                 proc_a_entry
802007c2 802007c2        0     1                 .L0 
802007cc 802007cc        0     1                 .L0 
802007cc 802007cc        0     1                 .L0 
802007d4 802007d4        0     1                 .L0 
802007d4 802007d4        0     1                 .L0 
802007d4 802007d4        0     1                 .L0 
802007ea 802007ea        0     1                 .L0 
802007ea 802007ea        0     1                 .L0 
802007ec 802007ec        0     1                 .L0 
802007ec 802007ec        0     1                 .L0 
802007ee 802007ee        0     1                 .L0 
802007f0 802007f0        0     1                 .L0 
802007f2 802007f2        0     1                 .L0 
802007f2 802007f2        0     1                 .L0 
802007f6 802007f6        0     1                 .L0 
802007f6 802007f6        0     1                 .L0 
802007f6 802007f6        0     1                 .L0 
802007f6 802007f6        0     1                 .L0 
802007f6 802007f6        0     1                 .L0 
802007f6 802007f6       3a     1                 proc_b_entry
802007fc 802007fc        0     1                 .L0 
80200806 80200806        0     1                 .L0 
80200806 80200806        0     1                 .L0 
8020080e 8020080e        0     1                 .L0 
8020080e 8020080e        0     1                 .L0 
8020080e 8020080e        0     1                 .L0 
80200824 80200824        0     1                 .L0 
80200824 80200824        0     1                 .L0 
80200826 80200826        0     1                 .L0 
80200826 80200826        0     1                 .L0 
80200828 80200828        0     1                 .L0 
8020082a 8020082a        0     1                 .L0 
8020082c 8020082c        0     1                 .L0 
8020082c 8020082c        0     1                 .L0 
80200830 80200830        0     1                 .L0 
80200830 80200830        0     1                 .L0 
80200830 80200830        0     1                 .L0 
80200830 80200830        0     1                 .L0 
80200830 80200830        0     1                 .L0 
80200830 80200830      150     1                 kernel_main
80200848 80200848        0     1                 .L0 
8020085e 8020085e        0     1                 .L0 
8020085e 8020085e        0     1                 .L0 
80200866 80200866        0     1                 .L0 
8020086a 8020086a        0     1                 .L0 
8020086a 8020086a        0     1                 .L0 
8020086c 8020086c        0     1                 .L0 
8020086c 8020086c        0     1                 .L0 
80200872 80200872        0     1                 .L0 
80200872 80200872        0     1                 .L0 
8020087e 8020087e        0     1                 .L0 
80200882 80200882        0     1                 .L0 
80200884 80200884        0     1                 .L0 
80200896 80200896        0     1                 .L0 
80200896 80200896        0     1                 .L0 
802008aa 802008aa        0     1                 .L0 
802008aa 802008aa        0     1                 .L0 
802008b2 802008b2        0     1                 .L0 
802008b2 802008b2        0     1                 .L0 
802008b4 802008b4        0     1                 .L0 
802008b6 802008b6        0     1                 .L0 
802008be 802008be        0     1                 .L0 
802008c2 802008c2        0     1                 .L0 
802008c6 802008c6        0     1                 .L0 
802008da 802008da        0     1                 .L0 
802008dc 802008dc        0     1                 .L0 
802008dc 802008dc        0     1                 .L0 
802008e4 802008e4        0     1                 .L0 
802008e4 802008e4        0     1                 .L0 
802008e8 802008e8        0     1                 .L0 
802008e8 802008e8        0     1                 .L0 
802008ea 802008ea        0     1                 .L0 
802008f0 802008f0        0     1                 .L0 
802008f4 802008f4        0     1                 .L0 
802008f4 802008f4        0     1                 .L0 
80200908 80200908        0     1                 .L0 
8020090a 8020090a        0     1                 .L0 
8020090a 8020090a        0     1                 .L0 
80200912 80200912        0     1                 .L0 
80200912 80200912        0     1                 .L0 
8020091e 8020091e        0     1                 .L0 
8020091e 8020091e        0     1                 .L0 
8020092a 8020092a        0     1                 .L0 
8020092a 8020092a        0     1                 .L0 
80200932 80200932        0     1                 .L0 
80200932 80200932        0     1                 .L0 
8020093e 8020093e        0     1                 .L0 
8020093e 8020093e        0     1                 .L0 
8020094a 8020094a        0     1                 .L0 
8020094a 8020094a        0     1                 .L0 
80200952 80200952        0     1                 .L0 
80200952 80200952        0     1                 .L0 
80200966 80200966        0     1                 .L0 
80200966 80200966        0     1                 .L0 
80200968 80200968        0     1                 .L0 
80200968 80200968        0     1                 .L0 
8020097e 8020097e        0     1                 .L0 
80200980 80200980        0     1                 .L0 
80200980 80200980        0     1                 .L0 
80200980 80200980      254     2         /var/folders/hw/r5t5ryts3r7fw374z_3h5bmw0000gp/T/common-d43c36.o:(.text)
80200980 80200980        0     1                 .L0 
80200980 80200980        0     1                 .L0 
80200980 80200980        0     1                 $x
80200980 80200980        0     1                 .L0 
80200980 80200980      1a8     1                 printf
8020099c 8020099c        0     1                 .L0 
802009c6 802009c6        0     1                 .L0 
802009d6 802009d6        0     1                 .L0 
802009d6 802009d6        0     1                 .L0 
802009da 802009da        0     1                 .L0 
802009da 802009da        0     1                 .L0 
802009dc 802009dc        0     1                 .L0 
802009e0 802009e0        0     1                 .L0 
802009e8 802009e8        0     1                 .L0 
802009e8 802009e8        0     1                 .L0 
802009ea 802009ea        0     1                 .L0 
802009ea 802009ea        0     1                 .L0 
802009ec 802009ec        0     1                 .L0 
802009ee 802009ee        0     1                 .L0 
802009ee 802009ee        0     1                 .L0 
802009f4 802009f4        0     1                 .L0 
80200a04 80200a04        0     1                 .L0 
80200a04 80200a04        0     1                 .L0 
80200a10 80200a10        0     1                 .L0 
80200a10 80200a10        0     1                 .L0 
80200a14 80200a14        0     1                 .L0 
80200a14 80200a14        0     1                 .L0 
80200a16 80200a16        0     1                 .L0 
80200a1c 80200a1c        0     1                 .L0 
80200a1c 80200a1c        0     1                 .L0 
80200a24 80200a24        0     1                 .L0 
80200a24 80200a24        0     1                 .L0 
80200a2e 80200a2e        0     1                 .L0 
80200a2e 80200a2e        0     1                 .L0 
80200a32 80200a32        0     1                 .L0 
80200a32 80200a32        0     1                 .L0 
80200a34 80200a34        0     1                 .L0 
80200a38 80200a38        0     1                 .L0 
80200a3a 80200a3a        0     1                 .L0 
80200a3a 80200a3a        0     1                 .L0 
80200a40 80200a40        0     1                 .L0 
80200a40 80200a40        0     1                 .L0 
80200a42 80200a42        0     1                 .L0 
80200a46 80200a46        0     1                 .L0 
80200a48 80200a48        0     1                 .L0 
80200a48 80200a48        0     1                 .L0 
80200a4e 80200a4e        0     1                 .L0 
80200a4e 80200a4e        0     1                 .L0 
80200a50 80200a50        0     1                 .L0 
80200a54 80200a54        0     1                 .L0 
80200a56 80200a56        0     1                 .L0 
80200a56 80200a56        0     1                 .L0 
80200a5c 80200a5c        0     1                 .L0 
80200a5c 80200a5c        0     1                 .L0 
80200a5e 80200a5e        0     1                 .L0 
80200a62 80200a62        0     1                 .L0 
80200a64 80200a64        0     1                 .L0 
80200a64 80200a64        0     1                 .L0 
80200a6a 80200a6a        0     1                 .L0 
80200a6a 80200a6a        0     1                 .L0 
80200a6c 80200a6c        0     1                 .L0 
80200a70 80200a70        0     1                 .L0 
80200a72 80200a72        0     1                 .L0 
80200a72 80200a72        0     1                 .L0 
80200a78 80200a78        0     1                 .L0 
80200a78 80200a78        0     1                 .L0 
80200a7a 80200a7a        0     1                 .L0 
80200a7e 80200a7e        0     1                 .L0 
80200a80 80200a80        0     1                 .L0 
80200a80 80200a80        0     1                 .L0 
80200a86 80200a86        0     1                 .L0 
80200a86 80200a86        0     1                 .L0 
80200a88 80200a88        0     1                 .L0 
80200a8c 80200a8c        0     1                 .L0 
80200a8e 80200a8e        0     1                 .L0 
80200a8e 80200a8e        0     1                 .L0 
80200a90 80200a90        0     1                 .L0 
80200a90 80200a90        0     1                 .L0 
80200a92 80200a92        0     1                 .L0 
80200a96 80200a96        0     1                 .L0 
80200a96 80200a96        0     1                 .L0 
80200a98 80200a98        0     1                 .L0 
80200a98 80200a98        0     1                 .L0 
80200a9a 80200a9a        0     1                 .L0 
80200a9c 80200a9c        0     1                 .L0 
80200a9c 80200a9c        0     1                 .L0 
80200a9c 80200a9c        0     1                 .L0 
80200aa6 80200aa6        0     1                 .L0 
80200aaa 80200aaa        0     1                 .L0 
80200ab0 80200ab0        0     1                 .L0 
80200ab0 80200ab0        0     1                 .L0 
80200ab0 80200ab0        0     1                 .L0 
80200ab6 80200ab6        0     1                 .L0 
80200ab6 80200ab6        0     1                 .L0 
80200aba 80200aba        0     1                 .L0 
80200abc 80200abc        0     1                 .L0 
80200ac0 80200ac0        0     1                 .L0 
80200ac0 80200ac0        0     1                 .L0 
80200ac0 80200ac0        0     1                 .L0 
80200ac6 80200ac6        0     1                 .L0 
80200ac6 80200ac6        0     1                 .L0 
80200aca 80200aca        0     1                 .L0 
80200acc 80200acc        0     1                 .L0 
80200ad0 80200ad0        0     1                 .L0 
80200ad0 80200ad0        0     1                 .L0 
80200ad0 80200ad0        0     1                 .L0 
80200ad6 80200ad6        0     1                 .L0 
80200ad8 80200ad8        0     1                 .L0 
80200adc 80200adc        0     1                 .L0 
80200ae0 80200ae0        0     1                 .L0 
80200ae0 80200ae0        0     1                 .L0 
80200ae0 80200ae0        0     1                 .L0 
80200ae2 80200ae2        0     1                 .L0 
80200ae2 80200ae2        0     1                 .L0 
80200ae6 80200ae6        0     1                 .L0 
80200aea 80200aea        0     1                 .L0 
80200af0 80200af0        0     1                 .L0 
80200af0 80200af0        0     1                 .L0 
80200afe 80200afe        0     1                 .L0 
80200afe 80200afe        0     1                 .L0 
80200b04 80200b04        0     1                 .L0 
80200b04 80200b04        0     1                 .L0 
80200b04 80200b04        0     1                 .L0 
80200b0a 80200b0a        0     1                 .L0 
80200b0a 80200b0a        0     1                 .L0 
80200b0a 80200b0a        0     1                 .L0 
80200b0e 80200b0e        0     1                 .L0 
80200b24 80200b24        0     1                 .L0 
80200b28 80200b28        0     1                 .L0 
80200b28 80200b28        0     1                 .L0 
80200b28 80200b28        0     1                 .L0 
80200b28 80200b28        0     1                 .L0 
80200b28 80200b28        0     1                 .L0 
80200b28 80200b28       1c     1                 memcpy
80200b2c 80200b2c        0     1                 .L0 
80200b2c 80200b2c        0     1                 .L0 
80200b2e 80200b2e        0     1                 .L0 
80200b38 80200b38        0     1                 .L0 
80200b3e 80200b3e        0     1                 .L0 
80200b3e 80200b3e        0     1                 .L0 
80200b42 80200b42        0     1                 .L0 
80200b42 80200b42        0     1                 .L0 
80200b44 80200b44        0     1                 .L0 
80200b44 80200b44        0     1                 .L0 
80200b44 80200b44        0     1                 .L0 
80200b44 80200b44       16     1                 memset
80200b48 80200b48        0     1                 .L0 
80200b48 80200b48        0     1                 .L0 
80200b4a 80200b4a        0     1                 .L0 
80200b4e 80200b4e        0     1                 .L0 
80200b54 80200b54        0     1                 .L0 
80200b54 80200b54        0     1                 .L0 
80200b58 80200b58        0     1                 .L0 
80200b58 80200b58        0     1                 .L0 
80200b5a 80200b5a        0     1                 .L0 
80200b5a 80200b5a        0     1                 .L0 
80200b5a 80200b5a        0     1                 .L0 
80200b5a 80200b5a       24     1                 strcpy
80200b60 80200b60        0     1                 .L0 
80200b64 80200b64        0     1                 .L0 
80200b64 80200b64        0     1                 .L0 
80200b66 80200b66        0     1                 .L0 
80200b72 80200b72        0     1                 .L0 
80200b74 80200b74        0     1                 .L0 
80200b76 80200b76        0     1                 .L0 
80200b78 80200b78        0     1                 .L0 
80200b78 80200b78        0     1                 .L0 
80200b7c 80200b7c        0     1                 .L0 
80200b7e 80200b7e        0     1                 .L0 
80200b7e 80200b7e        0     1                 .L0 
80200b7e 80200b7e        0     1                 .L0 
80200b7e 80200b7e       24     1                 strcmp
80200b82 80200b82        0     1                 .L0 
80200b84 80200b84        0     1                 .L0 
80200b86 80200b86        0     1                 .L0 
80200b8a 80200b8a        0     1                 .L0 
80200b8e 80200b8e        0     1                 .L0 
80200b8e 80200b8e        0     1                 .L0 
80200b94 80200b94        0     1                 .L0 
80200b96 80200b96        0     1                 .L0 
80200b98 80200b98        0     1                 .L0 
80200ba0 80200ba0        0     1                 .L0 
80200ba2 80200ba2        0     1                 .L0 
80200ba2 80200ba2        0     1                 .L0 
80200ba2 80200ba2        0     1                 .L0 
80200ba2 80200ba2        a     1                 srand
80200baa 80200baa        0     1                 .L0 
80200bac 80200bac        0     1                 .L0 
80200bac 80200bac        0     1                 .L0 
80200bac 80200bac        0     1                 .L0 
80200bac 80200bac        0     1                 .L0 
80200bac 80200bac        0     1                 .L0 
80200bac 80200bac       28     1                 rand
80200bbc 80200bbc        0     1                 .L0 
80200bc6 80200bc6        0     1                 .L0 
80200bc8 80200bc8        0     1                 .L0 
80200bce 80200bce        0     1                 .L0 
80200bd2 80200bd2        0     1                 .L0 
80200bd4 80200bd4        0     1                 .L0 
80200bd4 80200bd4        0     1                 .L0 
80200bd4 80200bd4      322     2         /var/folders/hw/r5t5ryts3r7fw374z_3h5bmw0000gp/T/virtio-73c1ce.o:(.text)
80200bd4 80200bd4        0     1                 .L0 
80200bd4 80200bd4        0     1                 .L0 
80200bd4 80200bd4        0     1                 $x
80200bd4 80200bd4        0     1                 .L0 
80200bd4 80200bd4        a     1                 virtio_reg_read32
80200bdc 80200bdc        0     1                 .L0 
80200bde 80200bde        0     1                 .L0 
80200bde 80200bde        0     1                 .L0 
80200bde 80200bde        0     1                 .L0 
80200bde 80200bde        c     1                 virtio_reg_read64
80200be8 80200be8        0     1                 .L0 
80200bea 80200bea        0     1                 .L0 
80200bea 80200bea        0     1                 .L0 
80200bea 80200bea        0     1                 .L0 
80200bea 80200bea        a     1                 virtio_reg_write32
80200bf2 80200bf2        0     1                 .L0 
80200bf4 80200bf4        0     1                 .L0 
80200bf4 80200bf4        0     1                 .L0 
80200bf4 80200bf4        0     1                 .L0 
80200bf4 80200bf4        e     1                 virtio_reg_fetch_and_or32
80200bfe 80200bfe        0     1                 .L0 
80200c00 80200c00        0     1                 .L0 
80200c02 80200c02        0     1                 .L0 
80200c02 80200c02        0     1                 .L0 
80200c02 80200c02        0     1                 .L0 
80200c02 80200c02       38     1                 virtq_init
80200c08 80200c08        0     1                 .L0 
80200c0a 80200c0a        0     1                 .L0 
80200c10 80200c10        0     1                 .L0 
80200c10 80200c10        0     1                 .L0 
80200c28 80200c28        0     1                 .L0 
80200c2a 80200c2a        0     1                 .L0 
80200c2c 80200c2c        0     1                 .L0 
80200c30 80200c30        0     1                 .L0 
80200c32 80200c32        0     1                 .L0 
80200c36 80200c36        0     1                 .L0 
80200c36 80200c36        0     1                 .L0 
80200c3a 80200c3a        0     1                 .L0 
80200c3a 80200c3a        0     1                 .L0 
80200c3a 80200c3a        0     1                 .L0 
80200c3a 80200c3a        0     1                 .L0 
80200c3a 80200c3a        0     1                 .L0 
80200c3a 80200c3a       fc     1                 virtio_blk_init
80200c42 80200c42        0     1                 .L0 
80200c46 80200c46        0     1                 .L0 
80200c50 80200c50        0     1                 .L0 
80200c54 80200c54        0     1                 .L0 
80200c54 80200c54        0     1                 .L0 
80200c58 80200c58        0     1                 .L0 
80200c5c 80200c5c        0     1                 .L0 
80200c5c 80200c5c        0     1                 .L0 
80200c60 80200c60        0     1                 .L0 
80200c64 80200c64        0     1                 .L0 
80200c64 80200c64        0     1                 .L0 
80200c68 80200c68        0     1                 .L0 
80200c68 80200c68        0     1                 .L0 
80200c6a 80200c6a        0     1                 .L0 
80200c6e 80200c6e        0     1                 .L0 
80200c6e 80200c6e        0     1                 .L0 
80200c70 80200c70        0     1                 .L0 
80200c70 80200c70        0     1                 .L0 
80200c72 80200c72        0     1                 .L0 
80200c76 80200c76        0     1                 .L0 
80200c76 80200c76        0     1                 .L0 
80200c78 80200c78        0     1                 .L0 
80200c78 80200c78        0     1                 .L0 
80200c7a 80200c7a        0     1                 .L0 
80200c7e 80200c7e        0     1                 .L0 
80200c7e 80200c7e        0     1                 .L0 
80200c80 80200c80        0     1                 .L0 
80200c80 80200c80        0     1                 .L0 
80200c86 80200c86        0     1                 .L0 
80200c86 80200c86        0     1                 .L0 
80200c90 80200c90        0     1                 .L0 
80200c92 80200c92        0     1                 .L0 
80200c96 80200c96        0     1                 .L0 
80200c9a 80200c9a        0     1                 .L0 
80200c9a 80200c9a        0     1                 .L0 
80200ca0 80200ca0        0     1                 .L0 
80200ca0 80200ca0        0     1                 .L0 
80200ca4 80200ca4        0     1                 .L0 
80200ca4 80200ca4        0     1                 .L0 
80200ca6 80200ca6        0     1                 .L0 
80200ca6 80200ca6        0     1                 .L0 
80200caa 80200caa        0     1                 .L0 
80200caa 80200caa        0     1                 .L0 
80200cac 80200cac        0     1                 .L0 
80200cac 80200cac        0     1                 .L0 
80200cb0 80200cb0        0     1                 .L0 
80200cb0 80200cb0        0     1                 .L0 
80200cb2 80200cb2        0     1                 .L0 
80200cb2 80200cb2        0     1                 .L0 
80200cb6 80200cb6        0     1                 .L0 
80200cba 80200cba        0     1                 .L0 
80200cbe 80200cbe        0     1                 .L0 
80200cca 80200cca        0     1                 .L0 
80200cce 80200cce        0     1                 .L0 
80200cd8 80200cd8        0     1                 .L0 
80200cd8 80200cd8        0     1                 .L0 
80200cde 80200cde        0     1                 .L0 
80200cde 80200cde        0     1                 .L0 
80200ce2 80200ce2        0     1                 .L0 
80200ce4 80200ce4        0     1                 .L0 
80200cea 80200cea        0     1                 .L0 
80200cee 80200cee        0     1                 .L0 
80200cee 80200cee        0     1                 .L0 
80200d04 80200d04        0     1                 .L0 
80200d06 80200d06        0     1                 .L0 
80200d06 80200d06        0     1                 .L0 
80200d1c 80200d1c        0     1                 .L0 
80200d1e 80200d1e        0     1                 .L0 
80200d1e 80200d1e        0     1                 .L0 
80200d34 80200d34        0     1                 .L0 
80200d36 80200d36        0     1                 .L0 
80200d36 80200d36        0     1                 .L0 
80200d36 80200d36        0     1                 .L0 
80200d36 80200d36        0     1                 .L0 
80200d36 80200d36        0     1                 .L0 
80200d36 80200d36       34     1                 virtq_kick
80200d58 80200d58        0     1                 .L0 
80200d5c 80200d5c        0     1                 .L0 
80200d68 80200d68        0     1                 .L0 
80200d6a 80200d6a        0     1                 .L0 
80200d6a 80200d6a        0     1                 .L0 
80200d6a 80200d6a        0     1                 .L0 
80200d6a 80200d6a       18     1                 virtq_is_busy
80200d6e 80200d6e        0     1                 .L0 
80200d80 80200d80        0     1                 .L0 
80200d82 80200d82        0     1                 .L0 
80200d82 80200d82        0     1                 .L0 
80200d82 80200d82        0     1                 .L0 
80200d82 80200d82      174     1                 read_write_disk
80200d8e 80200d8e        0     1                 .L0 
80200d90 80200d90        0     1                 .L0 
80200d90 80200d90        0     1                 .L0 
80200d9c 80200d9c        0     1                 .L0 
80200da6 80200da6        0     1                 .L0 
80200db2 80200db2        0     1                 .L0 
80200db4 80200db4        0     1                 .L0 
80200dd8 80200dd8        0     1                 .L0 
80200df8 80200df8        0     1                 .L0 
80200dfa 80200dfa        0     1                 .L0 
80200dfc 80200dfc        0     1                 .L0 
80200e04 80200e04        0     1                 .L0 
80200e04 80200e04        0     1                 .L0 
80200e08 80200e08        0     1                 .L0 
80200e08 80200e08        0     1                 .L0 
80200e08 80200e08        0     1                 .L0 
80200e0c 80200e0c        0     1                 .L0 
80200e10 80200e10        0     1                 .L0 
80200e14 80200e14        0     1                 .L0 
80200e1a 80200e1a        0     1                 .L0 
80200e1c 80200e1c        0     1                 .L0 
80200e1c 80200e1c        0     1                 .L0 
80200e1e 80200e1e        0     1                 .L0 
80200e1e 80200e1e        0     1                 .L0 
80200e1e 80200e1e        0     1                 .L0 
80200e1e 80200e1e        0     1                 .L0 
80200e1e 80200e1e        0     1                 .L0 
80200e20 80200e20        0     1                 .L0 
80200e20 80200e20        0     1                 .L0 
80200e34 80200e34        0     1                 .L0 
80200e34 80200e34        0     1                 .L0 
80200e3e 80200e3e        0     1                 .L0 
80200e64 80200e64        0     1                 .L0 
80200e68 80200e68        0     1                 .L0 
80200e74 80200e74        0     1                 .L0 
80200e7c 80200e7c        0     1                 .L0 
80200e92 80200e92        0     1                 .L0 
80200ea6 80200ea6        0     1                 .L0 
80200eaa 80200eaa        0     1                 .L0 
80200eae 80200eae        0     1                 .L0 
80200eb4 80200eb4        0     1                 .L0 
80200eb6 80200eb6        0     1                 .L0 
80200eb8 80200eb8        0     1                 .L0 
80200ec0 80200ec0        0     1                 .L0 
80200ec4 80200ec4        0     1                 .L0 
80200ec8 80200ec8        0     1                 .L0 
80200eca 80200eca        0     1                 .L0 
80200ecc 80200ecc        0     1                 .L0 
80200ecc 80200ecc        0     1                 .L0 
80200ece 80200ece        0     1                 .L0 
80200ece 80200ece        0     1                 .L0 
80200ece 80200ece        0     1                 .L0 
80200ece 80200ece        0     1                 .L0 
80200ece 80200ece        0     1                 .L0 
80200ed0 80200ed0        0     1                 .L0 
80200ed4 80200ed4        0     1                 .L0 
80200ed8 80200ed8        0     1                 .L0 
80200eda 80200eda        0     1                 .L0 
80200ede 80200ede        0     1                 .L0 
80200ede 80200ede        0     1                 .L0 
80200ee2 80200ee2        0     1                 .L0 
80200ee8 80200ee8        0     1                 .L0 
80200eec 80200eec        0     1                 .L0 
80200ef0 80200ef0        0     1                 .L0 
80200ef4 80200ef4        0     1                 .L0 
80200ef6 80200ef6        0     1                 .L0 
80200ef6 80200ef6        0     1                 .L0 
80200ef6 80200ef6        0     1                 .L0 
80200ef6 80200ef6      384     2         /var/folders/hw/r5t5ryts3r7fw374z_3h5bmw0000gp/T/fat16-462504.o:(.text)
80200ef6 80200ef6        0     1                 .L0 
80200ef6 80200ef6        0     1                 .L0 
80200ef6 80200ef6        0     1                 $x
80200ef6 80200ef6        0     1                 .L0 
80200ef6 80200ef6        4     1                 cluster_to_sector
80200ef8 80200ef8        0     1                 .L0 
80200efa 80200efa        0     1                 .L0 
80200efa 80200efa        0     1                 .L0 
80200efa 80200efa        0     1                 .L0 
80200efa 80200efa        c     1                 read_cluster
80200f00 80200f00        0     1                 .L0 
80200f04 80200f04        0     1                 .L0 
80200f06 80200f06        0     1                 .L0 
80200f06 80200f06        0     1                 .L0 
80200f06 80200f06        0     1                 .L0 
80200f06 80200f06        0     1                 .L0 
80200f06 80200f06        0     1                 .L0 
80200f06 80200f06        0     1                 .L0 
80200f06 80200f06        c     1                 write_cluster
80200f0a 80200f0a        0     1                 .L0 
80200f0e 80200f0e        0     1                 .L0 
80200f10 80200f10        0     1                 .L0 
80200f12 80200f12        0     1                 .L0 
80200f12 80200f12        0     1                 .L0 
80200f12 80200f12        0     1                 .L0 
80200f12 80200f12        0     1                 .L0 
80200f12 80200f12        0     1                 .L0 
80200f12 80200f12        0     1                 .L0 
80200f12 80200f12       5a     1                 copy_name_dynamic
80200f1c 80200f1c        0     1                 .L0 
80200f1e 80200f1e        0     1                 .L0 
80200f20 80200f20        0     1                 .L0 
80200f26 80200f26        0     1                 .L0 
80200f2e 80200f2e        0     1                 .L0 
80200f30 80200f30        0     1                 .L0 
80200f32 80200f32        0     1                 .L0 
80200f38 80200f38        0     1                 .L0 
80200f3a 80200f3a        0     1                 .L0 
80200f3c 80200f3c        0     1                 .L0 
80200f3e 80200f3e        0     1                 .L0 
80200f40 80200f40        0     1                 .L0 
80200f44 80200f44        0     1                 .L0 
80200f44 80200f44        0     1                 .L0 
80200f4c 80200f4c        0     1                 .L0 
80200f58 80200f58        0     1                 .L0 
80200f5c 80200f5c        0     1                 .L0 
80200f60 80200f60        0     1                 .L0 
80200f68 80200f68        0     1                 .L0 
80200f68 80200f68        0     1                 .L0 
80200f6c 80200f6c        0     1                 .L0 
80200f6c 80200f6c        0     1                 .L0 
80200f6c 80200f6c        0     1                 .L0 
80200f6c 80200f6c        0     1                 .L0 
80200f6c 80200f6c        0     1                 .L0 
80200f6c 80200f6c      15a     1                 create_file
80200f7a 80200f7a        0     1                 .L0 
80200f7c 80200f7c        0     1                 .L0 
80200f7c 80200f7c        0     1                 .L0 
80200f8c 80200f8c        0     1                 .L0 
80200f8e 80200f8e        0     1                 .L0 
80200f8e 80200f8e        0     1                 .L0 
80200f92 80200f92        0     1                 .L0 
80200f94 80200f94        0     1                 .L0 
80200f94 80200f94        0     1                 .L0 
80200f98 80200f98        0     1                 .L0 
80200f9a 80200f9a        0     1                 .L0 
80200f9a 80200f9a        0     1                 .L0 
80200f9e 80200f9e        0     1                 .L0 
80200fa0 80200fa0        0     1                 .L0 
80200fa0 80200fa0        0     1                 .L0 
80200fa4 80200fa4        0     1                 .L0 
80200fa6 80200fa6        0     1                 .L0 
80200fa6 80200fa6        0     1                 .L0 
80200faa 80200faa        0     1                 .L0 
80200fac 80200fac        0     1                 .L0 
80200fac 80200fac        0     1                 .L0 
80200fb0 80200fb0        0     1                 .L0 
80200fb2 80200fb2        0     1                 .L0 
80200fb2 80200fb2        0     1                 .L0 
80200fb6 80200fb6        0     1                 .L0 
80200fb8 80200fb8        0     1                 .L0 
80200fb8 80200fb8        0     1                 .L0 
80200fbc 80200fbc        0     1                 .L0 
80200fbe 80200fbe        0     1                 .L0 
80200fbe 80200fbe        0     1                 .L0 
80200fc2 80200fc2        0     1                 .L0 
80200fc4 80200fc4        0     1                 .L0 
80200fc4 80200fc4        0     1                 .L0 
80200fc8 80200fc8        0     1                 .L0 
80200fca 80200fca        0     1                 .L0 
80200fca 80200fca        0     1                 .L0 
80200fce 80200fce        0     1                 .L0 
80200fd0 80200fd0        0     1                 .L0 
80200fd0 80200fd0        0     1                 .L0 
80200fd4 80200fd4        0     1                 .L0 
80200fd6 80200fd6        0     1                 .L0 
80200fd6 80200fd6        0     1                 .L0 
80200fda 80200fda        0     1                 .L0 
80200fdc 80200fdc        0     1                 .L0 
80200fdc 80200fdc        0     1                 .L0 
80200fe0 80200fe0        0     1                 .L0 
80200fe2 80200fe2        0     1                 .L0 
80200fe2 80200fe2        0     1                 .L0 
80200fe6 80200fe6        0     1                 .L0 
80200fe8 80200fe8        0     1                 .L0 
80200fec 80200fec        0     1                 .L0 
80200fee 80200fee        0     1                 .L0 
80200ff0 80200ff0        0     1                 .L0 
80200ff0 80200ff0        0     1                 .L0 
80200ff2 80200ff2        0     1                 .L0 
80200ff4 80200ff4        0     1                 .L0 
80200ff4 80200ff4        0     1                 .L0 
80200ff6 80200ff6        0     1                 .L0 
80200ff8 80200ff8        0     1                 .L0 
80200ff8 80200ff8        0     1                 .L0 
80200ffa 80200ffa        0     1                 .L0 
80200ffc 80200ffc        0     1                 .L0 
80200ffc 80200ffc        0     1                 .L0 
80200ffe 80200ffe        0     1                 .L0 
80201000 80201000        0     1                 .L0 
80201000 80201000        0     1                 .L0 
80201002 80201002        0     1                 .L0 
80201004 80201004        0     1                 .L0 
80201004 80201004        0     1                 .L0 
80201006 80201006        0     1                 .L0 
80201008 80201008        0     1                 .L0 
80201008 80201008        0     1                 .L0 
8020100a 8020100a        0     1                 .L0 
8020100c 8020100c        0     1                 .L0 
8020100c 8020100c        0     1                 .L0 
8020100e 8020100e        0     1                 .L0 
80201010 80201010        0     1                 .L0 
80201010 80201010        0     1                 .L0 
80201012 80201012        0     1                 .L0 
80201014 80201014        0     1                 .L0 
80201014 80201014        0     1                 .L0 
80201016 80201016        0     1                 .L0 
80201018 80201018        0     1                 .L0 
80201018 80201018        0     1                 .L0 
8020101a 8020101a        0     1                 .L0 
8020101c 8020101c        0     1                 .L0 
8020101c 8020101c        0     1                 .L0 
8020101e 8020101e        0     1                 .L0 
80201020 80201020        0     1                 .L0 
80201020 80201020        0     1                 .L0 
80201032 80201032        0     1                 .L0 
80201032 80201032        0     1                 .L0 
80201038 80201038        0     1                 .L0 
80201038 80201038        0     1                 .L0 
8020103a 8020103a        0     1                 .L0 
80201040 80201040        0     1                 .L0 
80201040 80201040        0     1                 .L0 
80201042 80201042        0     1                 .L0 
80201044 80201044        0     1                 .L0 
80201066 80201066        0     1                 .L0 
8020106e 8020106e        0     1                 .L0 
80201070 80201070        0     1                 .L0 
80201072 80201072        0     1                 .L0 
80201078 80201078        0     1                 .L0 
8020107a 8020107a        0     1                 .L0 
8020107c 8020107c        0     1                 .L0 
8020107e 8020107e        0     1                 .L0 
80201080 80201080        0     1                 .L0 
80201084 80201084        0     1                 .L0 
80201084 80201084        0     1                 .L0 
8020108c 8020108c        0     1                 .L0 
80201098 80201098        0     1                 .L0 
8020109c 8020109c        0     1                 .L0 
802010a2 802010a2        0     1                 .L0 
802010a2 802010a2        0     1                 .L0 
802010a6 802010a6        0     1                 .L0 
802010ae 802010ae        0     1                 .L0 
802010ae 802010ae        0     1                 .L0 
802010b4 802010b4        0     1                 .L0 
802010b4 802010b4        0     1                 .L0 
802010b6 802010b6        0     1                 .L0 
802010b6 802010b6        0     1                 .L0 
802010b6 802010b6        0     1                 .L0 
802010c2 802010c2        0     1                 .L0 
802010c6 802010c6        0     1                 .L0 
802010c6 802010c6        0     1                 .L0 
802010c6 802010c6        0     1                 .L0 
802010c6 802010c6        0     1                 .L0 
802010c6 802010c6        0     1                 .L0 
802010c6 802010c6      1b4     1                 list_root_dir
802010cc 802010cc        0     1                 .L0 
802010cc 802010cc        0     1                 .L0 
802010cc 802010cc        0     1                 .L0 
802010d4 802010d4        0     1                 .L0 
802010d8 802010d8        0     1                 .L0 
802010e2 802010e2        0     1                 .L0 
802010ee 802010ee        0     1                 .L0 
802010ee 802010ee        0     1                 .L0 
802010f2 802010f2        0     1                 .L0 
802010f6 802010f6        0     1                 .L0 
802010f8 802010f8        0     1                 .L0 
80201106 80201106        0     1                 .L0 
80201106 80201106        0     1                 .L0 
8020110a 8020110a        0     1                 .L0 
8020110e 8020110e        0     1                 .L0 
80201110 80201110        0     1                 .L0 
8020111e 8020111e        0     1                 .L0 
8020111e 8020111e        0     1                 .L0 
80201122 80201122        0     1                 .L0 
80201126 80201126        0     1                 .L0 
80201128 80201128        0     1                 .L0 
80201136 80201136        0     1                 .L0 
80201136 80201136        0     1                 .L0 
8020113a 8020113a        0     1                 .L0 
8020113e 8020113e        0     1                 .L0 
80201140 80201140        0     1                 .L0 
8020114e 8020114e        0     1                 .L0 
8020114e 8020114e        0     1                 .L0 
80201152 80201152        0     1                 .L0 
80201156 80201156        0     1                 .L0 
80201158 80201158        0     1                 .L0 
80201166 80201166        0     1                 .L0 
80201166 80201166        0     1                 .L0 
8020116a 8020116a        0     1                 .L0 
8020116e 8020116e        0     1                 .L0 
80201172 80201172        0     1                 .L0 
80201180 80201180        0     1                 .L0 
80201180 80201180        0     1                 .L0 
80201184 80201184        0     1                 .L0 
80201188 80201188        0     1                 .L0 
8020118c 8020118c        0     1                 .L0 
8020119c 8020119c        0     1                 .L0 
8020119c 8020119c        0     1                 .L0 
802011a0 802011a0        0     1                 .L0 
802011a2 802011a2        0     1                 .L0 
802011a6 802011a6        0     1                 .L0 
802011b6 802011b6        0     1                 .L0 
802011b6 802011b6        0     1                 .L0 
802011ba 802011ba        0     1                 .L0 
802011bc 802011bc        0     1                 .L0 
802011c0 802011c0        0     1                 .L0 
802011d0 802011d0        0     1                 .L0 
802011d0 802011d0        0     1                 .L0 
802011d4 802011d4        0     1                 .L0 
802011d6 802011d6        0     1                 .L0 
802011da 802011da        0     1                 .L0 
802011ea 802011ea        0     1                 .L0 
802011ea 802011ea        0     1                 .L0 
802011ee 802011ee        0     1                 .L0 
802011f0 802011f0        0     1                 .L0 
802011f4 802011f4        0     1                 .L0 
80201204 80201204        0     1                 .L0 
80201204 80201204        0     1                 .L0 
80201208 80201208        0     1                 .L0 
8020120a 8020120a        0     1                 .L0 
8020120e 8020120e        0     1                 .L0 
8020121e 8020121e        0     1                 .L0 
8020121e 8020121e        0     1                 .L0 
80201222 80201222        0     1                 .L0 
80201224 80201224        0     1                 .L0 
80201228 80201228        0     1                 .L0 
80201238 80201238        0     1                 .L0 
80201238 80201238        0     1                 .L0 
8020123c 8020123c        0     1                 .L0 
8020123e 8020123e        0     1                 .L0 
80201242 80201242        0     1                 .L0 
80201252 80201252        0     1                 .L0 
80201252 80201252        0     1                 .L0 
80201256 80201256        0     1                 .L0 
80201258 80201258        0     1                 .L0 
8020125c 8020125c        0     1                 .L0 
80201268 80201268        0     1                 .L0 
8020126c 8020126c        0     1                 .L0 
8020126e 8020126e        0     1                 .L0 
8020126e 8020126e        0     1                 .L0 
80201272 80201272        0     1                 .L0 
80201272 80201272        0     1                 .L0 
80201272 80201272        0     1                 .L0 
80201272 80201272        0     1                 .L0 
8020127a 8020127a        0     1                 .L0 
8020127a 8020127a        0     1                 .L0 
8020127c 8020127c      35a     4 .rodata
8020127c 8020127c       14     4         /var/folders/hw/r5t5ryts3r7fw374z_3h5bmw0000gp/T/kernel-f2b79e.o:(.rodata)
8020127c 8020127c        0     1                 .LJTI10_0
8020127c 8020127c        0     1                 $d
80201290 80201290      346     1         <internal>:(.rodata.str1.1)
802015d8 802015d8    10598     4 .data
802015d8 802015d8        4     4         /var/folders/hw/r5t5ryts3r7fw374z_3h5bmw0000gp/T/kernel-f2b79e.o:(.data)
802015d8 802015d8        4     1                 alloc_pages.next_paddr
802015d8 802015d8        0     1                 $d
802015dc 802015dc        4     4         /var/folders/hw/r5t5ryts3r7fw374z_3h5bmw0000gp/T/common-d43c36.o:(.data)
802015dc 802015dc        4     1                 next
802015dc 802015dc        0     1                 $d
802015e0 802015e0    10590     1         shell.bin.o:(.data)
802015e0 802015e0        0     1                 _binary_shell_bin_start
80211b70 80211b70        0     1                 _binary_shell_bin_end
80211b70 80211b70    121e8     8 .bss
80211b70 80211b70        0     1         __bss = .
80211b70 80211b70    10090     4         /var/folders/hw/r5t5ryts3r7fw374z_3h5bmw0000gp/T/kernel-f2b79e.o:(.bss)
80211b70 80211b70        0     1                 $d
80211b70 80211b70    10080     1                 procs
80221bf0 80221bf0        4     1                 proc_a
80221bf4 80221bf4        4     1                 proc_b
80221bf8 80221bf8        8     1                 .L_MergedGlobals
80221bf8 80221bf8        4     1                 idle_proc
80221bfc 80221bfc        4     1                 current_proc
80221c00 80221c00       18     8         /var/folders/hw/r5t5ryts3r7fw374z_3h5bmw0000gp/T/virtio-73c1ce.o:(.bss)
80221c00 80221c00       18     1                 .L_MergedGlobals
80221c00 80221c00        0     1                 $d
80221c00 80221c00        4     1                 blk_request_vq
80221c04 80221c04        4     1                 blk_req_paddr
80221c08 80221c08        4     1                 blk_req
80221c10 80221c10        8     1                 blk_capacity
80221c18 80221c18     2140     4         /var/folders/hw/r5t5ryts3r7fw374z_3h5bmw0000gp/T/fat16-462504.o:(.bss)
80221c18 80221c18        0     1                 $d
80221c18 80221c18      140     1                 root_dir
80221d58 80221d58     2000     1                 fat
80223d58 80223d58        0     1         __bss_end = .
80223d58 80223d58        0     1 . = ALIGN(4)
80223d58 80223d58    20000     1 . += 128 * 1024
80243d58 80243d58        0     1 __stack_top = .
80243d58 80243d58      2a8     1 . = ALIGN(4096)
80244000 80244000        0     1 __free_ram = .
80244000 80244000  4000000     1 . += 64 * 1024 * 1024
84244000 84244000        0     1 __free_ram_end = .
       0        0      c54     1 .debug_loclists
       0        0      69a     1         /var/folders/hw/r5t5ryts3r7fw374z_3h5bmw0000gp/T/kernel-f2b79e.o:(.debug_loclists)
       0        0        0     1                 $d
       c        c        0     1                 .L0 
     69a      69a      1e1     1         /var/folders/hw/r5t5ryts3r7fw374z_3h5bmw0000gp/T/common-d43c36.o:(.debug_loclists)
     69a      69a        0     1                 $d
     6a6      6a6        0     1                 .L0 
     87b      87b      12b     1         /var/folders/hw/r5t5ryts3r7fw374z_3h5bmw0000gp/T/virtio-73c1ce.o:(.debug_loclists)
     87b      87b        0     1                 $d
     887      887        0     1                 .L0 
     9a6      9a6      2ae     1         /var/folders/hw/r5t5ryts3r7fw374z_3h5bmw0000gp/T/fat16-462504.o:(.debug_loclists)
     9a6      9a6        0     1                 $d
     9b2      9b2        0     1                 .L0 
       0        0      868     1 .debug_abbrev
       0        0      319     1         /var/folders/hw/r5t5ryts3r7fw374z_3h5bmw0000gp/T/kernel-f2b79e.o:(.debug_abbrev)
       0        0        0     1                 $d
     319      319      157     1         /var/folders/hw/r5t5ryts3r7fw374z_3h5bmw0000gp/T/common-d43c36.o:(.debug_abbrev)
     319      319        0     1                 $d
     470      470      1ff     1         /var/folders/hw/r5t5ryts3r7fw374z_3h5bmw0000gp/T/virtio-73c1ce.o:(.debug_abbrev)
     470      470        0     1                 $d
     66f      66f      1f9     1         /var/folders/hw/r5t5ryts3r7fw374z_3h5bmw0000gp/T/fat16-462504.o:(.debug_abbrev)
     66f      66f        0     1                 $d
       0        0     1b10     1 .debug_info
       0        0      d84     1         /var/folders/hw/r5t5ryts3r7fw374z_3h5bmw0000gp/T/kernel-f2b79e.o:(.debug_info)
       0        0        0     1                 $d
     d84      d84      273     1         /var/folders/hw/r5t5ryts3r7fw374z_3h5bmw0000gp/T/common-d43c36.o:(.debug_info)
     d84      d84        0     1                 $d
     ff7      ff7      76b     1         /var/folders/hw/r5t5ryts3r7fw374z_3h5bmw0000gp/T/virtio-73c1ce.o:(.debug_info)
     ff7      ff7        0     1                 $d
    1762     1762      3ae     1         /var/folders/hw/r5t5ryts3r7fw374z_3h5bmw0000gp/T/fat16-462504.o:(.debug_info)
    1762     1762        0     1                 $d
       0        0       d4     1 .debug_rnglists
       0        0       8f     1         /var/folders/hw/r5t5ryts3r7fw374z_3h5bmw0000gp/T/kernel-f2b79e.o:(.debug_rnglists)
       0        0        0     1                 $d
       c        c        0     1                 .L0 
      8f       8f       1b     1         /var/folders/hw/r5t5ryts3r7fw374z_3h5bmw0000gp/T/common-d43c36.o:(.debug_rnglists)
      8f       8f        0     1                 $d
      9b       9b        0     1                 .L0 
      aa       aa       2a     1         /var/folders/hw/r5t5ryts3r7fw374z_3h5bmw0000gp/T/virtio-73c1ce.o:(.debug_rnglists)
      aa       aa        0     1                 $d
      b6       b6        0     1                 .L0 
       0        0      44c     1 .debug_str_offsets
       0        0      1ec     1         /var/folders/hw/r5t5ryts3r7fw374z_3h5bmw0000gp/T/kernel-f2b79e.o:(.debug_str_offsets)
       0        0        0     1                 $d
       8        8        0     1                 .L0 
     1ec      1ec       ac     1         /var/folders/hw/r5t5ryts3r7fw374z_3h5bmw0000gp/T/common-d43c36.o:(.debug_str_offsets)
     1ec      1ec        0     1                 $d
     1f4      1f4        0     1                 .L0 
     298      298      108     1         /var/folders/hw/r5t5ryts3r7fw374z_3h5bmw0000gp/T/virtio-73c1ce.o:(.debug_str_offsets)
     298      298        0     1                 $d
     2a0      2a0        0     1                 .L0 
     3a0      3a0       ac     1         /var/folders/hw/r5t5ryts3r7fw374z_3h5bmw0000gp/T/fat16-462504.o:(.debug_str_offsets)
     3a0      3a0        0     1                 $d
     3a8      3a8        0     1                 .L0 
       0        0      68b     1 .debug_str
       0        0      68b     1         <internal>:(.debug_str)
       0        0      378     1 .debug_addr
       0        0      1a0     1         /var/folders/hw/r5t5ryts3r7fw374z_3h5bmw0000gp/T/kernel-f2b79e.o:(.debug_addr)
       0        0        0     1                 $d
       8        8        0     1                 .L0 
     1a0      1a0       6c     1         /var/folders/hw/r5t5ryts3r7fw374z_3h5bmw0000gp/T/common-d43c36.o:(.debug_addr)
     1a0      1a0        0     1                 $d
     1a8      1a8        0     1                 .L0 
     20c      20c       d8     1         /var/folders/hw/r5t5ryts3r7fw374z_3h5bmw0000gp/T/virtio-73c1ce.o:(.debug_addr)
     20c      20c        0     1                 $d
     214      214        0     1                 .L0 
     2e4      2e4       94     1         /var/folders/hw/r5t5ryts3r7fw374z_3h5bmw0000gp/T/fat16-462504.o:(.debug_addr)
     2e4      2e4        0     1                 $d
     2ec      2ec        0     1                 .L0 
       0        0       3b     1 .comment
       0        0       3b     1         <internal>:(.comment)
       0        0       4e     1 .riscv.attributes
       0        0       4e     1         <internal>:(.riscv.attributes)
       0        0      45c     4 .debug_frame
       0        0      1d4     4         /var/folders/hw/r5t5ryts3r7fw374z_3h5bmw0000gp/T/kernel-f2b79e.o:(.debug_frame)
       0        0        0     1                 .L0 
       0        0        0     1                 $d
     1d4      1d4       b8     4         /var/folders/hw/r5t5ryts3r7fw374z_3h5bmw0000gp/T/common-d43c36.o:(.debug_frame)
     1d4      1d4        0     1                 .L0 
     1d4      1d4        0     1                 $d
     28c      28c      10c     4         /var/folders/hw/r5t5ryts3r7fw374z_3h5bmw0000gp/T/virtio-73c1ce.o:(.debug_frame)
     28c      28c        0     1                 .L0 
     28c      28c        0     1                 $d
     398      398       c4     4         /var/folders/hw/r5t5ryts3r7fw374z_3h5bmw0000gp/T/fat16-462504.o:(.debug_frame)
     398      398        0     1                 .L0 
     398      398        0     1                 $d
       0        0     1504     1 .debug_line
       0        0      8ae     1         /var/folders/hw/r5t5ryts3r7fw374z_3h5bmw0000gp/T/kernel-f2b79e.o:(.debug_line)
       0        0        0     1                 .Lline_table_start0
       0        0        0     1                 $d
     8ae      8ae      349     1         /var/folders/hw/r5t5ryts3r7fw374z_3h5bmw0000gp/T/common-d43c36.o:(.debug_line)
     8ae      8ae        0     1                 .Lline_table_start0
     8ae      8ae        0     1                 $d
     bf7      bf7      3ce     1         /var/folders/hw/r5t5ryts3r7fw374z_3h5bmw0000gp/T/virtio-73c1ce.o:(.debug_line)
     bf7      bf7        0     1                 .Lline_table_start0
     bf7      bf7        0     1                 $d
     fc5      fc5      53f     1         /var/folders/hw/r5t5ryts3r7fw374z_3h5bmw0000gp/T/fat16-462504.o:(.debug_line)
     fc5      fc5        0     1                 .Lline_table_start0
     fc5      fc5        0     1                 $d
       0        0       d4     1 .debug_line_str
       0        0       d4     1         <internal>:(.debug_line_str)
       0        0      800     4 .symtab
       0        0      800     4         <internal>:(.symtab)
       0        0       dc     1 .shstrtab
       0        0       dc     1         <internal>:(.shstrtab)
       0        0      3bf     1 .strtab
       0        0      3bf     1         <internal>:(.strtab)
