     VMA      LMA     Size Align Out     In      Symbol
       0        0 80200000     1 . = 0x80200000
80200000        0        0     1 __kernel_base = .
80200000 80200000      a44     4 .text
80200000 80200000        e     2         /var/folders/hw/r5t5ryts3r7fw374z_3h5bmw0000gp/T/kernel-1f5af0.o:(.text.boot)
80200000 80200000        0     1                 .L0 
80200000 80200000        0     1                 .L0 
80200000 80200000        0     1                 $x
80200000 80200000        0     1                 .L0 
80200000 80200000        e     1                 boot
8020000e 8020000e        0     1                 .L0 
8020000e 8020000e        0     1                 .L0 
80200010 80200010      812     4         /var/folders/hw/r5t5ryts3r7fw374z_3h5bmw0000gp/T/kernel-1f5af0.o:(.text)
80200010 80200010        0     1                 .L0 
80200010 80200010        0     1                 .L0 
80200010 80200010        0     1                 $x
80200010 80200010        0     1                 .L0 
80200010 80200010       4e     1                 alloc_pages
80200016 80200016        0     1                 .L0 
80200016 80200016        0     1                 .L0 
8020001e 8020001e        0     1                 .L0 
8020001e 8020001e        0     1                 .L0 
80200022 80200022        0     1                 .L0 
80200026 80200026        0     1                 .L0 
80200026 80200026        0     1                 .L0 
8020002e 8020002e        0     1                 .L0 
80200032 80200032        0     1                 .L0 
80200036 80200036        0     1                 .L0 
8020004a 8020004a        0     1                 .L0 
8020004c 8020004c        0     1                 .L0 
8020004c 8020004c        0     1                 .L0 
80200054 80200054        0     1                 .L0 
80200054 80200054        0     1                 .L0 
80200056 80200056        0     1                 .L0 
8020005a 8020005a        0     1                 .L0 
8020005a 8020005a        0     1                 .L0 
8020005e 8020005e        0     1                 .L0 
8020005e 8020005e        0     1                 .L0 
8020005e 8020005e        0     1                 .L0 
8020005e 8020005e        0     1                 .L0 
8020005e 8020005e        0     1                 .L0 
8020005e 8020005e       d8     1                 map_page
8020006c 8020006c        0     1                 .L0 
8020006e 8020006e        0     1                 .L0 
8020006e 8020006e        0     1                 .L0 
80200072 80200072        0     1                 .L0 
80200076 80200076        0     1                 .L0 
80200086 80200086        0     1                 .L0 
80200088 80200088        0     1                 .L0 
8020008a 8020008a        0     1                 .L0 
8020008c 8020008c        0     1                 .L0 
8020008c 8020008c        0     1                 .L0 
8020008c 8020008c        0     1                 .L0 
80200092 80200092        0     1                 .L0 
80200094 80200094        0     1                 .L0 
80200098 80200098        0     1                 .L0 
802000a6 802000a6        0     1                 .L0 
802000aa 802000aa        0     1                 .L0 
802000ac 802000ac        0     1                 .L0 
802000ae 802000ae        0     1                 .L0 
802000ae 802000ae        0     1                 .L0 
802000ae 802000ae        0     1                 .L0 
802000ba 802000ba        0     1                 .L0 
802000ba 802000ba        0     1                 .L0 
802000c0 802000c0        0     1                 .L0 
802000c0 802000c0        0     1                 .L0 
802000c8 802000c8        0     1                 .L0 
802000c8 802000c8        0     1                 .L0 
802000ca 802000ca        0     1                 .L0 
802000cc 802000cc        0     1                 .L0 
802000d4 802000d4        0     1                 .L0 
802000d8 802000d8        0     1                 .L0 
802000dc 802000dc        0     1                 .L0 
802000ee 802000ee        0     1                 .L0 
802000f0 802000f0        0     1                 .L0 
802000f2 802000f2        0     1                 .L0 
802000f2 802000f2        0     1                 .L0 
802000f2 802000f2        0     1                 .L0 
802000f4 802000f4        0     1                 .L0 
802000f4 802000f4        0     1                 .L0 
802000fc 802000fc        0     1                 .L0 
80200100 80200100        0     1                 .L0 
80200100 80200100        0     1                 .L0 
80200104 80200104        0     1                 .L0 
8020010e 8020010e        0     1                 .L0 
8020010e 8020010e        0     1                 .L0 
80200114 80200114        0     1                 .L0 
8020011a 8020011a        0     1                 .L0 
80200124 80200124        0     1                 .L0 
80200126 80200126        0     1                 .L0 
80200132 80200132        0     1                 .L0 
80200136 80200136        0     1                 .L0 
80200136 80200136        0     1                 .L0 
80200136 80200136        0     1                 .L0 
80200136 80200136        0     1                 .L0 
80200136 80200136        0     1                 .L0 
80200136 80200136       1c     1                 user_entry
8020013a 8020013a        0     1                 .L0 
80200150 80200150        0     1                 .L0 
80200152 80200152        0     1                 .L0 
80200152 80200152        0     1                 .L0 
80200152 80200152        0     1                 .L0 
80200152 80200152        0     1                 .L0 
80200152 80200152        0     1                 .L0 
80200152 80200152      27e     1                 create_process
8020016e 8020016e        0     1                 .L0 
80200170 80200170        0     1                 .L0 
80200170 80200170        0     1                 .L0 
8020017e 8020017e        0     1                 .L0 
8020017e 8020017e        0     1                 .L0 
80200180 80200180        0     1                 .L0 
80200180 80200180        0     1                 .L0 
80200188 80200188        0     1                 .L0 
8020018a 8020018a        0     1                 .L0 
8020018a 8020018a        0     1                 .L0 
80200192 80200192        0     1                 .L0 
80200194 80200194        0     1                 .L0 
80200194 80200194        0     1                 .L0 
8020019c 8020019c        0     1                 .L0 
8020019e 8020019e        0     1                 .L0 
8020019e 8020019e        0     1                 .L0 
802001a6 802001a6        0     1                 .L0 
802001a8 802001a8        0     1                 .L0 
802001a8 802001a8        0     1                 .L0 
802001b0 802001b0        0     1                 .L0 
802001b2 802001b2        0     1                 .L0 
802001b2 802001b2        0     1                 .L0 
802001ba 802001ba        0     1                 .L0 
802001bc 802001bc        0     1                 .L0 
802001bc 802001bc        0     1                 .L0 
802001c4 802001c4        0     1                 .L0 
802001c6 802001c6        0     1                 .L0 
802001c6 802001c6        0     1                 .L0 
802001dc 802001dc        0     1                 .L0 
802001de 802001de        0     1                 .L0 
802001de 802001de        0     1                 .L0 
802001de 802001de        0     1                 .L0 
802001e2 802001e2        0     1                 .L0 
802001e2 802001e2        0     1                 .L0 
802001e8 802001e8        0     1                 .L0 
802001ea 802001ea        0     1                 .L0 
802001ea 802001ea        0     1                 .L0 
802001ea 802001ea        0     1                 .L0 
802001f2 802001f2        0     1                 .L0 
802001f4 802001f4        0     1                 .L0 
802001f4 802001f4        0     1                 .L0 
802001f4 802001f4        0     1                 .L0 
802001fc 802001fc        0     1                 .L0 
802001fe 802001fe        0     1                 .L0 
802001fe 802001fe        0     1                 .L0 
802001fe 802001fe        0     1                 .L0 
80200206 80200206        0     1                 .L0 
80200208 80200208        0     1                 .L0 
80200208 80200208        0     1                 .L0 
80200208 80200208        0     1                 .L0 
80200210 80200210        0     1                 .L0 
80200212 80200212        0     1                 .L0 
80200212 80200212        0     1                 .L0 
80200212 80200212        0     1                 .L0 
8020021a 8020021a        0     1                 .L0 
8020021c 8020021c        0     1                 .L0 
8020021c 8020021c        0     1                 .L0 
8020021c 8020021c        0     1                 .L0 
80200224 80200224        0     1                 .L0 
80200224 80200224        0     1                 .L0 
8020022c 8020022c        0     1                 .L0 
8020022c 8020022c        0     1                 .L0 
8020022e 8020022e        0     1                 .L0 
8020022e 8020022e        0     1                 .L0 
80200238 80200238        0     1                 .L0 
80200238 80200238        0     1                 .L0 
8020023e 8020023e        0     1                 .L0 
8020024a 8020024a        0     1                 .L0 
8020024a 8020024a        0     1                 .L0 
8020024c 8020024c        0     1                 .L0 
80200250 80200250        0     1                 .L0 
80200254 80200254        0     1                 .L0 
80200258 80200258        0     1                 .L0 
8020025c 8020025c        0     1                 .L0 
80200260 80200260        0     1                 .L0 
80200264 80200264        0     1                 .L0 
80200268 80200268        0     1                 .L0 
8020026c 8020026c        0     1                 .L0 
80200270 80200270        0     1                 .L0 
80200278 80200278        0     1                 .L0 
8020027c 8020027c        0     1                 .L0 
80200280 80200280        0     1                 .L0 
80200280 80200280        0     1                 .L0 
80200284 80200284        0     1                 .L0 
80200284 80200284        0     1                 .L0 
80200298 80200298        0     1                 .L0 
8020029a 8020029a        0     1                 .L0 
8020029a 8020029a        0     1                 .L0 
8020029e 8020029e        0     1                 .L0 
8020029e 8020029e        0     1                 .L0 
802002a8 802002a8        0     1                 .L0 
802002a8 802002a8        0     1                 .L0 
802002b0 802002b0        0     1                 .L0 
802002b0 802002b0        0     1                 .L0 
802002b4 802002b4        0     1                 .L0 
802002b4 802002b4        0     1                 .L0 
802002b4 802002b4        0     1                 .L0 
802002be 802002be        0     1                 .L0 
802002be 802002be        0     1                 .L0 
802002c0 802002c0        0     1                 .L0 
802002c4 802002c4        0     1                 .L0 
802002c4 802002c4        0     1                 .L0 
802002c4 802002c4        0     1                 .L0 
802002c8 802002c8        0     1                 .L0 
802002da 802002da        0     1                 .L0 
802002da 802002da        0     1                 .L0 
802002da 802002da        0     1                 .L0 
802002de 802002de        0     1                 .L0 
802002e2 802002e2        0     1                 .L0 
802002e2 802002e2        0     1                 .L0 
802002e6 802002e6        0     1                 .L0 
802002ee 802002ee        0     1                 .L0 
802002ee 802002ee        0     1                 .L0 
802002f0 802002f0        0     1                 .L0 
802002f8 802002f8        0     1                 .L0 
802002fc 802002fc        0     1                 .L0 
802002fc 802002fc        0     1                 .L0 
802002fc 802002fc        0     1                 .L0 
80200300 80200300        0     1                 .L0 
80200300 80200300        0     1                 .L0 
80200308 80200308        0     1                 .L0 
8020030c 8020030c        0     1                 .L0 
80200314 80200314        0     1                 .L0 
80200314 80200314        0     1                 .L0 
80200316 80200316        0     1                 .L0 
80200316 80200316        0     1                 .L0 
8020031a 8020031a        0     1                 .L0 
8020031a 8020031a        0     1                 .L0 
8020031e 8020031e        0     1                 .L0 
8020031e 8020031e        0     1                 .L0 
8020031e 8020031e        0     1                 .L0 
80200332 80200332        0     1                 .L0 
80200334 80200334        0     1                 .L0 
80200334 80200334        0     1                 .L0 
80200334 80200334        0     1                 .L0 
80200346 80200346        0     1                 .L0 
80200346 80200346        0     1                 .L0 
80200346 80200346        0     1                 .L0 
8020034a 8020034a        0     1                 .L0 
8020034e 8020034e        0     1                 .L0 
8020034e 8020034e        0     1                 .L0 
80200352 80200352        0     1                 .L0 
8020035a 8020035a        0     1                 .L0 
8020035a 8020035a        0     1                 .L0 
8020035c 8020035c        0     1                 .L0 
80200364 80200364        0     1                 .L0 
80200368 80200368        0     1                 .L0 
80200368 80200368        0     1                 .L0 
80200368 80200368        0     1                 .L0 
8020036c 8020036c        0     1                 .L0 
8020036c 8020036c        0     1                 .L0 
80200374 80200374        0     1                 .L0 
80200378 80200378        0     1                 .L0 
80200380 80200380        0     1                 .L0 
80200380 80200380        0     1                 .L0 
80200382 80200382        0     1                 .L0 
80200382 80200382        0     1                 .L0 
80200386 80200386        0     1                 .L0 
80200386 80200386        0     1                 .L0 
8020038a 8020038a        0     1                 .L0 
80200390 80200390        0     1                 .L0 
80200392 80200392        0     1                 .L0 
80200394 80200394        0     1                 .L0 
80200398 80200398        0     1                 .L0 
8020039c 8020039c        0     1                 .L0 
802003a6 802003a6        0     1                 .L0 
802003aa 802003aa        0     1                 .L0 
802003ac 802003ac        0     1                 .L0 
802003b0 802003b0        0     1                 .L0 
802003b6 802003b6        0     1                 .L0 
802003ba 802003ba        0     1                 .L0 
802003ba 802003ba        0     1                 .L0 
802003ba 802003ba        0     1                 .L0 
802003ce 802003ce        0     1                 .L0 
802003d0 802003d0        0     1                 .L0 
802003d0 802003d0        0     1                 .L0 
802003d0 802003d0        0     1                 .L0 
802003d0 802003d0        0     1                 .L0 
802003d0 802003d0        0     1                 .L0 
802003d0 802003d0        0     1                 .L0 
802003d0 802003d0       46     1                 switch_context
80200416 80200416        0     1                 .L0 
80200416 80200416        0     1                 .L0 
80200416 80200416        0     1                 .L0 
80200416 80200416      196     1                 yield
8020041e 8020041e        0     1                 .L0 
8020041e 8020041e        0     1                 .L0 
80200422 80200422        0     1                 .L0 
80200422 80200422        0     1                 .L0 
80200430 80200430        0     1                 .L0 
80200442 80200442        0     1                 .L0 
80200442 80200442        0     1                 .L0 
80200444 80200444        0     1                 .L0 
80200444 80200444        0     1                 .L0 
80200448 80200448        0     1                 .L0 
80200448 80200448        0     1                 .L0 
8020044a 8020044a        0     1                 .L0 
8020044a 8020044a        0     1                 .L0 
8020044e 8020044e        0     1                 .L0 
80200450 80200450        0     1                 .L0 
80200454 80200454        0     1                 .L0 
80200454 80200454        0     1                 .L0 
8020045c 8020045c        0     1                 .L0 
80200470 80200470        0     1                 .L0 
80200472 80200472        0     1                 .L0 
80200476 80200476        0     1                 .L0 
80200478 80200478        0     1                 .L0 
8020047c 8020047c        0     1                 .L0 
8020047c 8020047c        0     1                 .L0 
80200484 80200484        0     1                 .L0 
80200498 80200498        0     1                 .L0 
8020049c 8020049c        0     1                 .L0 
802004a0 802004a0        0     1                 .L0 
802004a2 802004a2        0     1                 .L0 
802004a6 802004a6        0     1                 .L0 
802004a6 802004a6        0     1                 .L0 
802004ae 802004ae        0     1                 .L0 
802004c2 802004c2        0     1                 .L0 
802004c4 802004c4        0     1                 .L0 
802004c8 802004c8        0     1                 .L0 
802004ca 802004ca        0     1                 .L0 
802004ce 802004ce        0     1                 .L0 
802004ce 802004ce        0     1                 .L0 
802004d6 802004d6        0     1                 .L0 
802004ea 802004ea        0     1                 .L0 
802004ee 802004ee        0     1                 .L0 
802004f2 802004f2        0     1                 .L0 
802004f4 802004f4        0     1                 .L0 
802004f8 802004f8        0     1                 .L0 
802004f8 802004f8        0     1                 .L0 
80200500 80200500        0     1                 .L0 
80200514 80200514        0     1                 .L0 
80200516 80200516        0     1                 .L0 
8020051a 8020051a        0     1                 .L0 
8020051c 8020051c        0     1                 .L0 
80200520 80200520        0     1                 .L0 
80200520 80200520        0     1                 .L0 
80200528 80200528        0     1                 .L0 
8020053c 8020053c        0     1                 .L0 
80200540 80200540        0     1                 .L0 
80200544 80200544        0     1                 .L0 
80200546 80200546        0     1                 .L0 
8020054a 8020054a        0     1                 .L0 
8020054a 8020054a        0     1                 .L0 
80200566 80200566        0     1                 .L0 
8020056a 8020056a        0     1                 .L0 
8020056c 8020056c        0     1                 .L0 
80200570 80200570        0     1                 .L0 
80200570 80200570        0     1                 .L0 
80200572 80200572        0     1                 .L0 
80200572 80200572        0     1                 .L0 
80200576 80200576        0     1                 .L0 
8020057e 8020057e        0     1                 .L0 
80200580 80200580        0     1                 .L0 
80200582 80200582        0     1                 .L0 
80200588 80200588        0     1                 .L0 
8020058a 8020058a        0     1                 .L0 
8020059a 8020059a        0     1                 .L0 
8020059e 8020059e        0     1                 .L0 
8020059e 8020059e        0     1                 .L0 
802005a0 802005a0        0     1                 .L0 
802005a0 802005a0        0     1                 .L0 
802005a4 802005a4        0     1                 .L0 
802005a8 802005a8        0     1                 .L0 
802005a8 802005a8        0     1                 .L0 
802005aa 802005aa        0     1                 .L0 
802005aa 802005aa        0     1                 .L0 
802005ac 802005ac        0     1                 .L0 
802005ac 802005ac        0     1                 .L0 
802005ac 802005ac        0     1                 .L0 
802005ac 802005ac        0     1                 .L0 
802005ac 802005ac        0     1                 .L0 
802005ac 802005ac        6     1                 sbi_call
802005b0 802005b0        0     1                 .L0 
802005b0 802005b0        0     1                 .L0 
802005b2 802005b2        0     1                 .L0 
802005b2 802005b2        0     1                 .L0 
802005b2 802005b2        0     1                 .L0 
802005b2 802005b2       14     1                 putchar
802005c4 802005c4        0     1                 .L0 
802005c4 802005c4        0     1                 .L0 
802005c8 802005c8        0     1                 .L0 
802005c8 802005c8        0     1                 .L0 
802005c8 802005c8        0     1                 .L0 
802005c8 802005c8       96     1                 kernel_entry
8020065e 8020065e        0     1                 .L0 
8020065e 8020065e        0     1                 .L0 
8020065e 8020065e        0     1                 .L0 
8020065e 8020065e        0     1                 .L0 
8020065e 8020065e        0     1                 .L0 
8020065e 8020065e       28     1                 handle_trap
80200662 80200662        0     1                 .L0 
80200662 80200662        0     1                 .L0 
80200666 80200666        0     1                 .L0 
80200666 80200666        0     1                 .L0 
8020066a 8020066a        0     1                 .L0 
8020066a 8020066a        0     1                 .L0 
8020066e 8020066e        0     1                 .L0 
8020066e 8020066e        0     1                 .L0 
80200672 80200672        0     1                 .L0 
80200684 80200684        0     1                 .L0 
80200686 80200686        0     1                 .L0 
80200686 80200686        0     1                 .L0 
80200686 80200686        0     1                 .L0 
80200686 80200686        0     1                 .L0 
80200686 80200686        0     1                 .L0 
80200686 80200686       10     1                 delay
8020068e 8020068e        0     1                 .L0 
80200690 80200690        0     1                 .L0 
80200692 80200692        0     1                 .L0 
80200692 80200692        0     1                 .L0 
80200694 80200694        0     1                 .L0 
80200694 80200694        0     1                 .L0 
80200696 80200696        0     1                 .L0 
80200696 80200696        0     1                 .L0 
80200696 80200696        0     1                 .L0 
80200696 80200696       3a     1                 proc_a_entry
8020069c 8020069c        0     1                 .L0 
802006a6 802006a6        0     1                 .L0 
802006a6 802006a6        0     1                 .L0 
802006ae 802006ae        0     1                 .L0 
802006ae 802006ae        0     1                 .L0 
802006ae 802006ae        0     1                 .L0 
802006c4 802006c4        0     1                 .L0 
802006c4 802006c4        0     1                 .L0 
802006c6 802006c6        0     1                 .L0 
802006c6 802006c6        0     1                 .L0 
802006c8 802006c8        0     1                 .L0 
802006ca 802006ca        0     1                 .L0 
802006cc 802006cc        0     1                 .L0 
802006cc 802006cc        0     1                 .L0 
802006d0 802006d0        0     1                 .L0 
802006d0 802006d0        0     1                 .L0 
802006d0 802006d0        0     1                 .L0 
802006d0 802006d0        0     1                 .L0 
802006d0 802006d0        0     1                 .L0 
802006d0 802006d0       3a     1                 proc_b_entry
802006d6 802006d6        0     1                 .L0 
802006e0 802006e0        0     1                 .L0 
802006e0 802006e0        0     1                 .L0 
802006e8 802006e8        0     1                 .L0 
802006e8 802006e8        0     1                 .L0 
802006e8 802006e8        0     1                 .L0 
802006fe 802006fe        0     1                 .L0 
802006fe 802006fe        0     1                 .L0 
80200700 80200700        0     1                 .L0 
80200700 80200700        0     1                 .L0 
80200702 80200702        0     1                 .L0 
80200704 80200704        0     1                 .L0 
80200706 80200706        0     1                 .L0 
80200706 80200706        0     1                 .L0 
8020070a 8020070a        0     1                 .L0 
8020070a 8020070a        0     1                 .L0 
8020070a 8020070a        0     1                 .L0 
8020070a 8020070a        0     1                 .L0 
8020070a 8020070a        0     1                 .L0 
8020070a 8020070a      118     1                 kernel_main
80200716 80200716        0     1                 .L0 
8020072c 8020072c        0     1                 .L0 
8020072c 8020072c        0     1                 .L0 
80200734 80200734        0     1                 .L0 
80200738 80200738        0     1                 .L0 
80200738 80200738        0     1                 .L0 
8020073c 8020073c        0     1                 .L0 
8020074a 8020074a        0     1                 .L0 
8020074a 8020074a        0     1                 .L0 
8020075e 8020075e        0     1                 .L0 
8020075e 8020075e        0     1                 .L0 
80200766 80200766        0     1                 .L0 
80200766 80200766        0     1                 .L0 
80200768 80200768        0     1                 .L0 
8020076a 8020076a        0     1                 .L0 
80200772 80200772        0     1                 .L0 
80200776 80200776        0     1                 .L0 
8020077a 8020077a        0     1                 .L0 
8020078e 8020078e        0     1                 .L0 
80200790 80200790        0     1                 .L0 
80200790 80200790        0     1                 .L0 
80200798 80200798        0     1                 .L0 
80200798 80200798        0     1                 .L0 
8020079c 8020079c        0     1                 .L0 
8020079c 8020079c        0     1                 .L0 
8020079e 8020079e        0     1                 .L0 
802007a4 802007a4        0     1                 .L0 
802007a8 802007a8        0     1                 .L0 
802007a8 802007a8        0     1                 .L0 
802007bc 802007bc        0     1                 .L0 
802007be 802007be        0     1                 .L0 
802007be 802007be        0     1                 .L0 
802007c6 802007c6        0     1                 .L0 
802007c6 802007c6        0     1                 .L0 
802007d2 802007d2        0     1                 .L0 
802007d2 802007d2        0     1                 .L0 
802007de 802007de        0     1                 .L0 
802007de 802007de        0     1                 .L0 
802007e4 802007e4        0     1                 .L0 
802007e4 802007e4        0     1                 .L0 
802007f0 802007f0        0     1                 .L0 
802007f4 802007f4        0     1                 .L0 
802007f6 802007f6        0     1                 .L0 
80200808 80200808        0     1                 .L0 
80200808 80200808        0     1                 .L0 
8020080a 8020080a        0     1                 .L0 
8020080a 8020080a        0     1                 .L0 
80200820 80200820        0     1                 .L0 
80200822 80200822        0     1                 .L0 
80200822 80200822        0     1                 .L0 
80200822 80200822      222     2         /var/folders/hw/r5t5ryts3r7fw374z_3h5bmw0000gp/T/common-0a69a0.o:(.text)
80200822 80200822        0     1                 .L0 
80200822 80200822        0     1                 .L0 
80200822 80200822        0     1                 $x
80200822 80200822        0     1                 .L0 
80200822 80200822      1a8     1                 printf
8020083e 8020083e        0     1                 .L0 
80200868 80200868        0     1                 .L0 
80200878 80200878        0     1                 .L0 
80200878 80200878        0     1                 .L0 
8020087c 8020087c        0     1                 .L0 
8020087c 8020087c        0     1                 .L0 
8020087e 8020087e        0     1                 .L0 
80200882 80200882        0     1                 .L0 
8020088a 8020088a        0     1                 .L0 
8020088a 8020088a        0     1                 .L0 
8020088c 8020088c        0     1                 .L0 
8020088c 8020088c        0     1                 .L0 
8020088e 8020088e        0     1                 .L0 
80200890 80200890        0     1                 .L0 
80200890 80200890        0     1                 .L0 
80200896 80200896        0     1                 .L0 
802008a6 802008a6        0     1                 .L0 
802008a6 802008a6        0     1                 .L0 
802008b2 802008b2        0     1                 .L0 
802008b2 802008b2        0     1                 .L0 
802008b6 802008b6        0     1                 .L0 
802008b6 802008b6        0     1                 .L0 
802008b8 802008b8        0     1                 .L0 
802008be 802008be        0     1                 .L0 
802008be 802008be        0     1                 .L0 
802008c6 802008c6        0     1                 .L0 
802008c6 802008c6        0     1                 .L0 
802008d0 802008d0        0     1                 .L0 
802008d0 802008d0        0     1                 .L0 
802008d4 802008d4        0     1                 .L0 
802008d4 802008d4        0     1                 .L0 
802008d6 802008d6        0     1                 .L0 
802008da 802008da        0     1                 .L0 
802008dc 802008dc        0     1                 .L0 
802008dc 802008dc        0     1                 .L0 
802008e2 802008e2        0     1                 .L0 
802008e2 802008e2        0     1                 .L0 
802008e4 802008e4        0     1                 .L0 
802008e8 802008e8        0     1                 .L0 
802008ea 802008ea        0     1                 .L0 
802008ea 802008ea        0     1                 .L0 
802008f0 802008f0        0     1                 .L0 
802008f0 802008f0        0     1                 .L0 
802008f2 802008f2        0     1                 .L0 
802008f6 802008f6        0     1                 .L0 
802008f8 802008f8        0     1                 .L0 
802008f8 802008f8        0     1                 .L0 
802008fe 802008fe        0     1                 .L0 
802008fe 802008fe        0     1                 .L0 
80200900 80200900        0     1                 .L0 
80200904 80200904        0     1                 .L0 
80200906 80200906        0     1                 .L0 
80200906 80200906        0     1                 .L0 
8020090c 8020090c        0     1                 .L0 
8020090c 8020090c        0     1                 .L0 
8020090e 8020090e        0     1                 .L0 
80200912 80200912        0     1                 .L0 
80200914 80200914        0     1                 .L0 
80200914 80200914        0     1                 .L0 
8020091a 8020091a        0     1                 .L0 
8020091a 8020091a        0     1                 .L0 
8020091c 8020091c        0     1                 .L0 
80200920 80200920        0     1                 .L0 
80200922 80200922        0     1                 .L0 
80200922 80200922        0     1                 .L0 
80200928 80200928        0     1                 .L0 
80200928 80200928        0     1                 .L0 
8020092a 8020092a        0     1                 .L0 
8020092e 8020092e        0     1                 .L0 
80200930 80200930        0     1                 .L0 
80200930 80200930        0     1                 .L0 
80200932 80200932        0     1                 .L0 
80200932 80200932        0     1                 .L0 
80200934 80200934        0     1                 .L0 
80200938 80200938        0     1                 .L0 
80200938 80200938        0     1                 .L0 
8020093a 8020093a        0     1                 .L0 
8020093a 8020093a        0     1                 .L0 
8020093c 8020093c        0     1                 .L0 
8020093e 8020093e        0     1                 .L0 
8020093e 8020093e        0     1                 .L0 
8020093e 8020093e        0     1                 .L0 
80200948 80200948        0     1                 .L0 
8020094c 8020094c        0     1                 .L0 
80200952 80200952        0     1                 .L0 
80200952 80200952        0     1                 .L0 
80200952 80200952        0     1                 .L0 
80200958 80200958        0     1                 .L0 
80200958 80200958        0     1                 .L0 
8020095c 8020095c        0     1                 .L0 
8020095e 8020095e        0     1                 .L0 
80200962 80200962        0     1                 .L0 
80200962 80200962        0     1                 .L0 
80200962 80200962        0     1                 .L0 
80200968 80200968        0     1                 .L0 
80200968 80200968        0     1                 .L0 
8020096c 8020096c        0     1                 .L0 
8020096e 8020096e        0     1                 .L0 
80200972 80200972        0     1                 .L0 
80200972 80200972        0     1                 .L0 
80200972 80200972        0     1                 .L0 
80200978 80200978        0     1                 .L0 
8020097a 8020097a        0     1                 .L0 
8020097e 8020097e        0     1                 .L0 
80200982 80200982        0     1                 .L0 
80200982 80200982        0     1                 .L0 
80200982 80200982        0     1                 .L0 
80200984 80200984        0     1                 .L0 
80200984 80200984        0     1                 .L0 
80200988 80200988        0     1                 .L0 
8020098c 8020098c        0     1                 .L0 
80200992 80200992        0     1                 .L0 
80200992 80200992        0     1                 .L0 
802009a0 802009a0        0     1                 .L0 
802009a0 802009a0        0     1                 .L0 
802009a6 802009a6        0     1                 .L0 
802009a6 802009a6        0     1                 .L0 
802009a6 802009a6        0     1                 .L0 
802009ac 802009ac        0     1                 .L0 
802009ac 802009ac        0     1                 .L0 
802009ac 802009ac        0     1                 .L0 
802009b0 802009b0        0     1                 .L0 
802009c6 802009c6        0     1                 .L0 
802009ca 802009ca        0     1                 .L0 
802009ca 802009ca        0     1                 .L0 
802009ca 802009ca        0     1                 .L0 
802009ca 802009ca        0     1                 .L0 
802009ca 802009ca        0     1                 .L0 
802009ca 802009ca       1c     1                 memcpy
802009ce 802009ce        0     1                 .L0 
802009ce 802009ce        0     1                 .L0 
802009d0 802009d0        0     1                 .L0 
802009da 802009da        0     1                 .L0 
802009e0 802009e0        0     1                 .L0 
802009e0 802009e0        0     1                 .L0 
802009e4 802009e4        0     1                 .L0 
802009e4 802009e4        0     1                 .L0 
802009e6 802009e6        0     1                 .L0 
802009e6 802009e6        0     1                 .L0 
802009e6 802009e6        0     1                 .L0 
802009e6 802009e6       16     1                 memset
802009ea 802009ea        0     1                 .L0 
802009ea 802009ea        0     1                 .L0 
802009ec 802009ec        0     1                 .L0 
802009f0 802009f0        0     1                 .L0 
802009f6 802009f6        0     1                 .L0 
802009f6 802009f6        0     1                 .L0 
802009fa 802009fa        0     1                 .L0 
802009fa 802009fa        0     1                 .L0 
802009fc 802009fc        0     1                 .L0 
802009fc 802009fc        0     1                 .L0 
802009fc 802009fc        0     1                 .L0 
802009fc 802009fc       24     1                 strcpy
80200a02 80200a02        0     1                 .L0 
80200a06 80200a06        0     1                 .L0 
80200a06 80200a06        0     1                 .L0 
80200a08 80200a08        0     1                 .L0 
80200a14 80200a14        0     1                 .L0 
80200a16 80200a16        0     1                 .L0 
80200a18 80200a18        0     1                 .L0 
80200a1a 80200a1a        0     1                 .L0 
80200a1a 80200a1a        0     1                 .L0 
80200a1e 80200a1e        0     1                 .L0 
80200a20 80200a20        0     1                 .L0 
80200a20 80200a20        0     1                 .L0 
80200a20 80200a20        0     1                 .L0 
80200a20 80200a20       24     1                 strcmp
80200a24 80200a24        0     1                 .L0 
80200a26 80200a26        0     1                 .L0 
80200a28 80200a28        0     1                 .L0 
80200a2c 80200a2c        0     1                 .L0 
80200a30 80200a30        0     1                 .L0 
80200a30 80200a30        0     1                 .L0 
80200a36 80200a36        0     1                 .L0 
80200a38 80200a38        0     1                 .L0 
80200a3a 80200a3a        0     1                 .L0 
80200a44 80200a44        0     1                 .L0 
80200a44 80200a44      1ce     4 .rodata
80200a44 80200a44      1ce     1         <internal>:(.rodata.str1.1)
80200c14 80200c14    10254     4 .data
80200c14 80200c14        4     4         /var/folders/hw/r5t5ryts3r7fw374z_3h5bmw0000gp/T/kernel-1f5af0.o:(.data)
80200c14 80200c14        4     1                 alloc_pages.next_paddr
80200c14 80200c14        0     1                 $d
80200c18 80200c18    10250     1         shell.bin.o:(.data)
80200c18 80200c18        0     1                 _binary_shell_bin_start
80210e68 80210e68        0     1                 _binary_shell_bin_end
80210e68 80210e68    10090     4 .bss
80210e68 80210e68        0     1         __bss = .
80210e68 80210e68    10090     4         /var/folders/hw/r5t5ryts3r7fw374z_3h5bmw0000gp/T/kernel-1f5af0.o:(.bss)
80210e68 80210e68        0     1                 $d
80210e68 80210e68    10080     1                 procs
80220ee8 80220ee8        4     1                 proc_a
80220eec 80220eec        4     1                 proc_b
80220ef0 80220ef0        8     1                 .L_MergedGlobals
80220ef0 80220ef0        4     1                 idle_proc
80220ef4 80220ef4        4     1                 current_proc
80220ef8 80220ef8        0     1         __bss_end = .
80220ef8 80220ef8        0     1 . = ALIGN(4)
80220ef8 80220ef8    20000     1 . += 128 * 1024
80240ef8 80240ef8        0     1 __stack_top = .
80240ef8 80240ef8      108     1 . = ALIGN(4096)
80241000 80241000        0     1 __free_ram = .
80241000 80241000  4000000     1 . += 64 * 1024 * 1024
84241000 84241000        0     1 __free_ram_end = .
       0        0      7a2     1 .debug_loclists
       0        0      5c1     1         /var/folders/hw/r5t5ryts3r7fw374z_3h5bmw0000gp/T/kernel-1f5af0.o:(.debug_loclists)
       0        0        0     1                 $d
       c        c        0     1                 .L0 
     5c1      5c1      1e1     1         /var/folders/hw/r5t5ryts3r7fw374z_3h5bmw0000gp/T/common-0a69a0.o:(.debug_loclists)
     5c1      5c1        0     1                 $d
     5cd      5cd        0     1                 .L0 
       0        0      409     1 .debug_abbrev
       0        0      2da     1         /var/folders/hw/r5t5ryts3r7fw374z_3h5bmw0000gp/T/kernel-1f5af0.o:(.debug_abbrev)
       0        0        0     1                 $d
     2da      2da      12f     1         /var/folders/hw/r5t5ryts3r7fw374z_3h5bmw0000gp/T/common-0a69a0.o:(.debug_abbrev)
     2da      2da        0     1                 $d
       0        0      cd9     1 .debug_info
       0        0      a9a     1         /var/folders/hw/r5t5ryts3r7fw374z_3h5bmw0000gp/T/kernel-1f5af0.o:(.debug_info)
       0        0        0     1                 $d
     a9a      a9a      23f     1         /var/folders/hw/r5t5ryts3r7fw374z_3h5bmw0000gp/T/common-0a69a0.o:(.debug_info)
     a9a      a9a        0     1                 $d
       0        0       bb     1 .debug_rnglists
       0        0       a0     1         /var/folders/hw/r5t5ryts3r7fw374z_3h5bmw0000gp/T/kernel-1f5af0.o:(.debug_rnglists)
       0        0        0     1                 $d
       c        c        0     1                 .L0 
      a0       a0       1b     1         /var/folders/hw/r5t5ryts3r7fw374z_3h5bmw0000gp/T/common-0a69a0.o:(.debug_rnglists)
      a0       a0        0     1                 $d
      ac       ac        0     1                 .L0 
       0        0      268     1 .debug_str_offsets
       0        0      1d0     1         /var/folders/hw/r5t5ryts3r7fw374z_3h5bmw0000gp/T/kernel-1f5af0.o:(.debug_str_offsets)
       0        0        0     1                 $d
       8        8        0     1                 .L0 
     1d0      1d0       98     1         /var/folders/hw/r5t5ryts3r7fw374z_3h5bmw0000gp/T/common-0a69a0.o:(.debug_str_offsets)
     1d0      1d0        0     1                 $d
     1d8      1d8        0     1                 .L0 
       0        0      375     1 .debug_str
       0        0      375     1         <internal>:(.debug_str)
       0        0      1b4     1 .debug_addr
       0        0      154     1         /var/folders/hw/r5t5ryts3r7fw374z_3h5bmw0000gp/T/kernel-1f5af0.o:(.debug_addr)
       0        0        0     1                 $d
       8        8        0     1                 .L0 
     154      154       60     1         /var/folders/hw/r5t5ryts3r7fw374z_3h5bmw0000gp/T/common-0a69a0.o:(.debug_addr)
     154      154        0     1                 $d
     15c      15c        0     1                 .L0 
       0        0       3b     1 .comment
       0        0       3b     1         <internal>:(.comment)
       0        0       4e     1 .riscv.attributes
       0        0       4e     1         <internal>:(.riscv.attributes)
       0        0      22c     4 .debug_frame
       0        0      194     4         /var/folders/hw/r5t5ryts3r7fw374z_3h5bmw0000gp/T/kernel-1f5af0.o:(.debug_frame)
       0        0        0     1                 .L0 
       0        0        0     1                 $d
     194      194       98     4         /var/folders/hw/r5t5ryts3r7fw374z_3h5bmw0000gp/T/common-0a69a0.o:(.debug_frame)
     194      194        0     1                 .L0 
     194      194        0     1                 $d
       0        0      aa6     1 .debug_line
       0        0      7a4     1         /var/folders/hw/r5t5ryts3r7fw374z_3h5bmw0000gp/T/kernel-1f5af0.o:(.debug_line)
       0        0        0     1                 .Lline_table_start0
       0        0        0     1                 $d
     7a4      7a4      302     1         /var/folders/hw/r5t5ryts3r7fw374z_3h5bmw0000gp/T/common-0a69a0.o:(.debug_line)
     7a4      7a4        0     1                 .Lline_table_start0
     7a4      7a4        0     1                 $d
       0        0       4b     1 .debug_line_str
       0        0       4b     1         <internal>:(.debug_line_str)
       0        0      450     4 .symtab
       0        0      450     4         <internal>:(.symtab)
       0        0       dc     1 .shstrtab
       0        0       dc     1         <internal>:(.shstrtab)
       0        0      1fd     1 .strtab
       0        0      1fd     1         <internal>:(.strtab)
