     VMA      LMA     Size Align Out     In      Symbol
       0        0 80200000     1 . = 0x80200000
80200000        0        0     1 __kernel_base = .
80200000 80200000      a3c     4 .text
80200000 80200000        e     2         /var/folders/hw/r5t5ryts3r7fw374z_3h5bmw0000gp/T/kernel-cc850e.o:(.text.boot)
80200000 80200000        0     1                 .L0 
80200000 80200000        0     1                 .L0 
80200000 80200000        0     1                 $x
80200000 80200000        0     1                 .L0 
80200000 80200000        e     1                 boot
8020000e 8020000e        0     1                 .L0 
8020000e 8020000e        0     1                 .L0 
80200010 80200010      80a     4         /var/folders/hw/r5t5ryts3r7fw374z_3h5bmw0000gp/T/kernel-cc850e.o:(.text)
80200010 80200010        0     1                 .L0 
80200010 80200010        0     1                 .L0 
80200010 80200010        0     1                 $x
80200010 80200010        0     1                 .L0 
80200010 80200010       4e     1                 alloc_pages
80200016 80200016        0     1                 .L0 
80200016 80200016        0     1                 .L0 
8020001e 8020001e        0     1                 .L0 
8020001e 8020001e        0     1                 .L0 
80200022 80200022        0     1                 .L0 
80200026 80200026        0     1                 .L0 
80200026 80200026        0     1                 .L0 
8020002e 8020002e        0     1                 .L0 
80200032 80200032        0     1                 .L0 
80200036 80200036        0     1                 .L0 
8020004a 8020004a        0     1                 .L0 
8020004c 8020004c        0     1                 .L0 
8020004c 8020004c        0     1                 .L0 
80200054 80200054        0     1                 .L0 
80200054 80200054        0     1                 .L0 
80200056 80200056        0     1                 .L0 
8020005a 8020005a        0     1                 .L0 
8020005a 8020005a        0     1                 .L0 
8020005e 8020005e        0     1                 .L0 
8020005e 8020005e        0     1                 .L0 
8020005e 8020005e        0     1                 .L0 
8020005e 8020005e        0     1                 .L0 
8020005e 8020005e        0     1                 .L0 
8020005e 8020005e       d8     1                 map_page
8020006c 8020006c        0     1                 .L0 
8020006e 8020006e        0     1                 .L0 
8020006e 8020006e        0     1                 .L0 
80200072 80200072        0     1                 .L0 
80200076 80200076        0     1                 .L0 
80200086 80200086        0     1                 .L0 
80200088 80200088        0     1                 .L0 
8020008a 8020008a        0     1                 .L0 
8020008c 8020008c        0     1                 .L0 
8020008c 8020008c        0     1                 .L0 
8020008c 8020008c        0     1                 .L0 
80200092 80200092        0     1                 .L0 
80200094 80200094        0     1                 .L0 
80200098 80200098        0     1                 .L0 
802000a6 802000a6        0     1                 .L0 
802000aa 802000aa        0     1                 .L0 
802000ac 802000ac        0     1                 .L0 
802000ae 802000ae        0     1                 .L0 
802000ae 802000ae        0     1                 .L0 
802000ae 802000ae        0     1                 .L0 
802000ba 802000ba        0     1                 .L0 
802000ba 802000ba        0     1                 .L0 
802000c0 802000c0        0     1                 .L0 
802000c0 802000c0        0     1                 .L0 
802000c8 802000c8        0     1                 .L0 
802000c8 802000c8        0     1                 .L0 
802000ca 802000ca        0     1                 .L0 
802000cc 802000cc        0     1                 .L0 
802000d4 802000d4        0     1                 .L0 
802000d8 802000d8        0     1                 .L0 
802000dc 802000dc        0     1                 .L0 
802000ee 802000ee        0     1                 .L0 
802000f0 802000f0        0     1                 .L0 
802000f2 802000f2        0     1                 .L0 
802000f2 802000f2        0     1                 .L0 
802000f2 802000f2        0     1                 .L0 
802000f4 802000f4        0     1                 .L0 
802000f4 802000f4        0     1                 .L0 
802000fc 802000fc        0     1                 .L0 
80200100 80200100        0     1                 .L0 
80200100 80200100        0     1                 .L0 
80200104 80200104        0     1                 .L0 
8020010e 8020010e        0     1                 .L0 
8020010e 8020010e        0     1                 .L0 
80200114 80200114        0     1                 .L0 
8020011a 8020011a        0     1                 .L0 
80200124 80200124        0     1                 .L0 
80200126 80200126        0     1                 .L0 
80200132 80200132        0     1                 .L0 
80200136 80200136        0     1                 .L0 
80200136 80200136        0     1                 .L0 
80200136 80200136        0     1                 .L0 
80200136 80200136        0     1                 .L0 
80200136 80200136        0     1                 .L0 
80200136 80200136       14     1                 user_entry
8020013e 8020013e        0     1                 .L0 
8020014a 8020014a        0     1                 .L0 
8020014a 8020014a        0     1                 .L0 
8020014a 8020014a        0     1                 .L0 
8020014a 8020014a      27e     1                 create_process
80200166 80200166        0     1                 .L0 
80200168 80200168        0     1                 .L0 
80200168 80200168        0     1                 .L0 
80200176 80200176        0     1                 .L0 
80200176 80200176        0     1                 .L0 
80200178 80200178        0     1                 .L0 
80200178 80200178        0     1                 .L0 
80200180 80200180        0     1                 .L0 
80200182 80200182        0     1                 .L0 
80200182 80200182        0     1                 .L0 
8020018a 8020018a        0     1                 .L0 
8020018c 8020018c        0     1                 .L0 
8020018c 8020018c        0     1                 .L0 
80200194 80200194        0     1                 .L0 
80200196 80200196        0     1                 .L0 
80200196 80200196        0     1                 .L0 
8020019e 8020019e        0     1                 .L0 
802001a0 802001a0        0     1                 .L0 
802001a0 802001a0        0     1                 .L0 
802001a8 802001a8        0     1                 .L0 
802001aa 802001aa        0     1                 .L0 
802001aa 802001aa        0     1                 .L0 
802001b2 802001b2        0     1                 .L0 
802001b4 802001b4        0     1                 .L0 
802001b4 802001b4        0     1                 .L0 
802001bc 802001bc        0     1                 .L0 
802001be 802001be        0     1                 .L0 
802001be 802001be        0     1                 .L0 
802001d4 802001d4        0     1                 .L0 
802001d6 802001d6        0     1                 .L0 
802001d6 802001d6        0     1                 .L0 
802001d6 802001d6        0     1                 .L0 
802001da 802001da        0     1                 .L0 
802001da 802001da        0     1                 .L0 
802001e0 802001e0        0     1                 .L0 
802001e2 802001e2        0     1                 .L0 
802001e2 802001e2        0     1                 .L0 
802001e2 802001e2        0     1                 .L0 
802001ea 802001ea        0     1                 .L0 
802001ec 802001ec        0     1                 .L0 
802001ec 802001ec        0     1                 .L0 
802001ec 802001ec        0     1                 .L0 
802001f4 802001f4        0     1                 .L0 
802001f6 802001f6        0     1                 .L0 
802001f6 802001f6        0     1                 .L0 
802001f6 802001f6        0     1                 .L0 
802001fe 802001fe        0     1                 .L0 
80200200 80200200        0     1                 .L0 
80200200 80200200        0     1                 .L0 
80200200 80200200        0     1                 .L0 
80200208 80200208        0     1                 .L0 
8020020a 8020020a        0     1                 .L0 
8020020a 8020020a        0     1                 .L0 
8020020a 8020020a        0     1                 .L0 
80200212 80200212        0     1                 .L0 
80200214 80200214        0     1                 .L0 
80200214 80200214        0     1                 .L0 
80200214 80200214        0     1                 .L0 
8020021c 8020021c        0     1                 .L0 
8020021c 8020021c        0     1                 .L0 
80200224 80200224        0     1                 .L0 
80200224 80200224        0     1                 .L0 
80200226 80200226        0     1                 .L0 
80200226 80200226        0     1                 .L0 
80200230 80200230        0     1                 .L0 
80200230 80200230        0     1                 .L0 
80200236 80200236        0     1                 .L0 
80200242 80200242        0     1                 .L0 
80200242 80200242        0     1                 .L0 
80200244 80200244        0     1                 .L0 
80200248 80200248        0     1                 .L0 
8020024c 8020024c        0     1                 .L0 
80200250 80200250        0     1                 .L0 
80200254 80200254        0     1                 .L0 
80200258 80200258        0     1                 .L0 
8020025c 8020025c        0     1                 .L0 
80200260 80200260        0     1                 .L0 
80200264 80200264        0     1                 .L0 
80200268 80200268        0     1                 .L0 
80200270 80200270        0     1                 .L0 
80200274 80200274        0     1                 .L0 
80200278 80200278        0     1                 .L0 
80200278 80200278        0     1                 .L0 
8020027c 8020027c        0     1                 .L0 
8020027c 8020027c        0     1                 .L0 
80200290 80200290        0     1                 .L0 
80200292 80200292        0     1                 .L0 
80200292 80200292        0     1                 .L0 
80200296 80200296        0     1                 .L0 
80200296 80200296        0     1                 .L0 
802002a0 802002a0        0     1                 .L0 
802002a0 802002a0        0     1                 .L0 
802002a8 802002a8        0     1                 .L0 
802002a8 802002a8        0     1                 .L0 
802002ac 802002ac        0     1                 .L0 
802002ac 802002ac        0     1                 .L0 
802002ac 802002ac        0     1                 .L0 
802002b6 802002b6        0     1                 .L0 
802002b6 802002b6        0     1                 .L0 
802002b8 802002b8        0     1                 .L0 
802002bc 802002bc        0     1                 .L0 
802002bc 802002bc        0     1                 .L0 
802002bc 802002bc        0     1                 .L0 
802002c0 802002c0        0     1                 .L0 
802002d2 802002d2        0     1                 .L0 
802002d2 802002d2        0     1                 .L0 
802002d2 802002d2        0     1                 .L0 
802002d6 802002d6        0     1                 .L0 
802002da 802002da        0     1                 .L0 
802002da 802002da        0     1                 .L0 
802002de 802002de        0     1                 .L0 
802002e6 802002e6        0     1                 .L0 
802002e6 802002e6        0     1                 .L0 
802002e8 802002e8        0     1                 .L0 
802002f0 802002f0        0     1                 .L0 
802002f4 802002f4        0     1                 .L0 
802002f4 802002f4        0     1                 .L0 
802002f4 802002f4        0     1                 .L0 
802002f8 802002f8        0     1                 .L0 
802002f8 802002f8        0     1                 .L0 
80200300 80200300        0     1                 .L0 
80200304 80200304        0     1                 .L0 
8020030c 8020030c        0     1                 .L0 
8020030c 8020030c        0     1                 .L0 
8020030e 8020030e        0     1                 .L0 
8020030e 8020030e        0     1                 .L0 
80200312 80200312        0     1                 .L0 
80200312 80200312        0     1                 .L0 
80200316 80200316        0     1                 .L0 
80200316 80200316        0     1                 .L0 
80200316 80200316        0     1                 .L0 
8020032a 8020032a        0     1                 .L0 
8020032c 8020032c        0     1                 .L0 
8020032c 8020032c        0     1                 .L0 
8020032c 8020032c        0     1                 .L0 
8020033e 8020033e        0     1                 .L0 
8020033e 8020033e        0     1                 .L0 
8020033e 8020033e        0     1                 .L0 
80200342 80200342        0     1                 .L0 
80200346 80200346        0     1                 .L0 
80200346 80200346        0     1                 .L0 
8020034a 8020034a        0     1                 .L0 
80200352 80200352        0     1                 .L0 
80200352 80200352        0     1                 .L0 
80200354 80200354        0     1                 .L0 
8020035c 8020035c        0     1                 .L0 
80200360 80200360        0     1                 .L0 
80200360 80200360        0     1                 .L0 
80200360 80200360        0     1                 .L0 
80200364 80200364        0     1                 .L0 
80200364 80200364        0     1                 .L0 
8020036c 8020036c        0     1                 .L0 
80200370 80200370        0     1                 .L0 
80200378 80200378        0     1                 .L0 
80200378 80200378        0     1                 .L0 
8020037a 8020037a        0     1                 .L0 
8020037a 8020037a        0     1                 .L0 
8020037e 8020037e        0     1                 .L0 
8020037e 8020037e        0     1                 .L0 
80200382 80200382        0     1                 .L0 
80200388 80200388        0     1                 .L0 
8020038a 8020038a        0     1                 .L0 
8020038c 8020038c        0     1                 .L0 
80200390 80200390        0     1                 .L0 
80200394 80200394        0     1                 .L0 
8020039e 8020039e        0     1                 .L0 
802003a2 802003a2        0     1                 .L0 
802003a4 802003a4        0     1                 .L0 
802003a8 802003a8        0     1                 .L0 
802003ae 802003ae        0     1                 .L0 
802003b2 802003b2        0     1                 .L0 
802003b2 802003b2        0     1                 .L0 
802003b2 802003b2        0     1                 .L0 
802003c6 802003c6        0     1                 .L0 
802003c8 802003c8        0     1                 .L0 
802003c8 802003c8        0     1                 .L0 
802003c8 802003c8        0     1                 .L0 
802003c8 802003c8        0     1                 .L0 
802003c8 802003c8        0     1                 .L0 
802003c8 802003c8        0     1                 .L0 
802003c8 802003c8       46     1                 switch_context
8020040e 8020040e        0     1                 .L0 
8020040e 8020040e        0     1                 .L0 
8020040e 8020040e        0     1                 .L0 
8020040e 8020040e      196     1                 yield
80200416 80200416        0     1                 .L0 
80200416 80200416        0     1                 .L0 
8020041a 8020041a        0     1                 .L0 
8020041a 8020041a        0     1                 .L0 
80200428 80200428        0     1                 .L0 
8020043a 8020043a        0     1                 .L0 
8020043a 8020043a        0     1                 .L0 
8020043c 8020043c        0     1                 .L0 
8020043c 8020043c        0     1                 .L0 
80200440 80200440        0     1                 .L0 
80200440 80200440        0     1                 .L0 
80200442 80200442        0     1                 .L0 
80200442 80200442        0     1                 .L0 
80200446 80200446        0     1                 .L0 
80200448 80200448        0     1                 .L0 
8020044c 8020044c        0     1                 .L0 
8020044c 8020044c        0     1                 .L0 
80200454 80200454        0     1                 .L0 
80200468 80200468        0     1                 .L0 
8020046a 8020046a        0     1                 .L0 
8020046e 8020046e        0     1                 .L0 
80200470 80200470        0     1                 .L0 
80200474 80200474        0     1                 .L0 
80200474 80200474        0     1                 .L0 
8020047c 8020047c        0     1                 .L0 
80200490 80200490        0     1                 .L0 
80200494 80200494        0     1                 .L0 
80200498 80200498        0     1                 .L0 
8020049a 8020049a        0     1                 .L0 
8020049e 8020049e        0     1                 .L0 
8020049e 8020049e        0     1                 .L0 
802004a6 802004a6        0     1                 .L0 
802004ba 802004ba        0     1                 .L0 
802004bc 802004bc        0     1                 .L0 
802004c0 802004c0        0     1                 .L0 
802004c2 802004c2        0     1                 .L0 
802004c6 802004c6        0     1                 .L0 
802004c6 802004c6        0     1                 .L0 
802004ce 802004ce        0     1                 .L0 
802004e2 802004e2        0     1                 .L0 
802004e6 802004e6        0     1                 .L0 
802004ea 802004ea        0     1                 .L0 
802004ec 802004ec        0     1                 .L0 
802004f0 802004f0        0     1                 .L0 
802004f0 802004f0        0     1                 .L0 
802004f8 802004f8        0     1                 .L0 
8020050c 8020050c        0     1                 .L0 
8020050e 8020050e        0     1                 .L0 
80200512 80200512        0     1                 .L0 
80200514 80200514        0     1                 .L0 
80200518 80200518        0     1                 .L0 
80200518 80200518        0     1                 .L0 
80200520 80200520        0     1                 .L0 
80200534 80200534        0     1                 .L0 
80200538 80200538        0     1                 .L0 
8020053c 8020053c        0     1                 .L0 
8020053e 8020053e        0     1                 .L0 
80200542 80200542        0     1                 .L0 
80200542 80200542        0     1                 .L0 
8020055e 8020055e        0     1                 .L0 
80200562 80200562        0     1                 .L0 
80200564 80200564        0     1                 .L0 
80200568 80200568        0     1                 .L0 
80200568 80200568        0     1                 .L0 
8020056a 8020056a        0     1                 .L0 
8020056a 8020056a        0     1                 .L0 
8020056e 8020056e        0     1                 .L0 
80200576 80200576        0     1                 .L0 
80200578 80200578        0     1                 .L0 
8020057a 8020057a        0     1                 .L0 
80200580 80200580        0     1                 .L0 
80200582 80200582        0     1                 .L0 
80200592 80200592        0     1                 .L0 
80200596 80200596        0     1                 .L0 
80200596 80200596        0     1                 .L0 
80200598 80200598        0     1                 .L0 
80200598 80200598        0     1                 .L0 
8020059c 8020059c        0     1                 .L0 
802005a0 802005a0        0     1                 .L0 
802005a0 802005a0        0     1                 .L0 
802005a2 802005a2        0     1                 .L0 
802005a2 802005a2        0     1                 .L0 
802005a4 802005a4        0     1                 .L0 
802005a4 802005a4        0     1                 .L0 
802005a4 802005a4        0     1                 .L0 
802005a4 802005a4        0     1                 .L0 
802005a4 802005a4        0     1                 .L0 
802005a4 802005a4        6     1                 sbi_call
802005a8 802005a8        0     1                 .L0 
802005a8 802005a8        0     1                 .L0 
802005aa 802005aa        0     1                 .L0 
802005aa 802005aa        0     1                 .L0 
802005aa 802005aa        0     1                 .L0 
802005aa 802005aa       14     1                 putchar
802005bc 802005bc        0     1                 .L0 
802005bc 802005bc        0     1                 .L0 
802005c0 802005c0        0     1                 .L0 
802005c0 802005c0        0     1                 .L0 
802005c0 802005c0        0     1                 .L0 
802005c0 802005c0       96     1                 kernel_entry
80200656 80200656        0     1                 .L0 
80200656 80200656        0     1                 .L0 
80200656 80200656        0     1                 .L0 
80200656 80200656        0     1                 .L0 
80200656 80200656        0     1                 .L0 
80200656 80200656       28     1                 handle_trap
8020065a 8020065a        0     1                 .L0 
8020065a 8020065a        0     1                 .L0 
8020065e 8020065e        0     1                 .L0 
8020065e 8020065e        0     1                 .L0 
80200662 80200662        0     1                 .L0 
80200662 80200662        0     1                 .L0 
80200666 80200666        0     1                 .L0 
80200666 80200666        0     1                 .L0 
8020066a 8020066a        0     1                 .L0 
8020067c 8020067c        0     1                 .L0 
8020067e 8020067e        0     1                 .L0 
8020067e 8020067e        0     1                 .L0 
8020067e 8020067e        0     1                 .L0 
8020067e 8020067e        0     1                 .L0 
8020067e 8020067e        0     1                 .L0 
8020067e 8020067e       10     1                 delay
80200686 80200686        0     1                 .L0 
80200688 80200688        0     1                 .L0 
8020068a 8020068a        0     1                 .L0 
8020068a 8020068a        0     1                 .L0 
8020068c 8020068c        0     1                 .L0 
8020068c 8020068c        0     1                 .L0 
8020068e 8020068e        0     1                 .L0 
8020068e 8020068e        0     1                 .L0 
8020068e 8020068e        0     1                 .L0 
8020068e 8020068e       3a     1                 proc_a_entry
80200694 80200694        0     1                 .L0 
8020069e 8020069e        0     1                 .L0 
8020069e 8020069e        0     1                 .L0 
802006a6 802006a6        0     1                 .L0 
802006a6 802006a6        0     1                 .L0 
802006a6 802006a6        0     1                 .L0 
802006bc 802006bc        0     1                 .L0 
802006bc 802006bc        0     1                 .L0 
802006be 802006be        0     1                 .L0 
802006be 802006be        0     1                 .L0 
802006c0 802006c0        0     1                 .L0 
802006c2 802006c2        0     1                 .L0 
802006c4 802006c4        0     1                 .L0 
802006c4 802006c4        0     1                 .L0 
802006c8 802006c8        0     1                 .L0 
802006c8 802006c8        0     1                 .L0 
802006c8 802006c8        0     1                 .L0 
802006c8 802006c8        0     1                 .L0 
802006c8 802006c8        0     1                 .L0 
802006c8 802006c8       3a     1                 proc_b_entry
802006ce 802006ce        0     1                 .L0 
802006d8 802006d8        0     1                 .L0 
802006d8 802006d8        0     1                 .L0 
802006e0 802006e0        0     1                 .L0 
802006e0 802006e0        0     1                 .L0 
802006e0 802006e0        0     1                 .L0 
802006f6 802006f6        0     1                 .L0 
802006f6 802006f6        0     1                 .L0 
802006f8 802006f8        0     1                 .L0 
802006f8 802006f8        0     1                 .L0 
802006fa 802006fa        0     1                 .L0 
802006fc 802006fc        0     1                 .L0 
802006fe 802006fe        0     1                 .L0 
802006fe 802006fe        0     1                 .L0 
80200702 80200702        0     1                 .L0 
80200702 80200702        0     1                 .L0 
80200702 80200702        0     1                 .L0 
80200702 80200702        0     1                 .L0 
80200702 80200702        0     1                 .L0 
80200702 80200702      118     1                 kernel_main
8020070e 8020070e        0     1                 .L0 
80200724 80200724        0     1                 .L0 
80200724 80200724        0     1                 .L0 
8020072c 8020072c        0     1                 .L0 
80200730 80200730        0     1                 .L0 
80200730 80200730        0     1                 .L0 
80200734 80200734        0     1                 .L0 
80200742 80200742        0     1                 .L0 
80200742 80200742        0     1                 .L0 
80200756 80200756        0     1                 .L0 
80200756 80200756        0     1                 .L0 
8020075e 8020075e        0     1                 .L0 
8020075e 8020075e        0     1                 .L0 
80200760 80200760        0     1                 .L0 
80200762 80200762        0     1                 .L0 
8020076a 8020076a        0     1                 .L0 
8020076e 8020076e        0     1                 .L0 
80200772 80200772        0     1                 .L0 
80200786 80200786        0     1                 .L0 
80200788 80200788        0     1                 .L0 
80200788 80200788        0     1                 .L0 
80200790 80200790        0     1                 .L0 
80200790 80200790        0     1                 .L0 
80200794 80200794        0     1                 .L0 
80200794 80200794        0     1                 .L0 
80200796 80200796        0     1                 .L0 
8020079c 8020079c        0     1                 .L0 
802007a0 802007a0        0     1                 .L0 
802007a0 802007a0        0     1                 .L0 
802007b4 802007b4        0     1                 .L0 
802007b6 802007b6        0     1                 .L0 
802007b6 802007b6        0     1                 .L0 
802007be 802007be        0     1                 .L0 
802007be 802007be        0     1                 .L0 
802007ca 802007ca        0     1                 .L0 
802007ca 802007ca        0     1                 .L0 
802007d6 802007d6        0     1                 .L0 
802007d6 802007d6        0     1                 .L0 
802007dc 802007dc        0     1                 .L0 
802007dc 802007dc        0     1                 .L0 
802007e8 802007e8        0     1                 .L0 
802007ec 802007ec        0     1                 .L0 
802007ee 802007ee        0     1                 .L0 
80200800 80200800        0     1                 .L0 
80200800 80200800        0     1                 .L0 
80200802 80200802        0     1                 .L0 
80200802 80200802        0     1                 .L0 
80200818 80200818        0     1                 .L0 
8020081a 8020081a        0     1                 .L0 
8020081a 8020081a        0     1                 .L0 
8020081a 8020081a      222     2         /var/folders/hw/r5t5ryts3r7fw374z_3h5bmw0000gp/T/common-eefec5.o:(.text)
8020081a 8020081a        0     1                 .L0 
8020081a 8020081a        0     1                 .L0 
8020081a 8020081a        0     1                 $x
8020081a 8020081a        0     1                 .L0 
8020081a 8020081a      1a8     1                 printf
80200836 80200836        0     1                 .L0 
80200860 80200860        0     1                 .L0 
80200870 80200870        0     1                 .L0 
80200870 80200870        0     1                 .L0 
80200874 80200874        0     1                 .L0 
80200874 80200874        0     1                 .L0 
80200876 80200876        0     1                 .L0 
8020087a 8020087a        0     1                 .L0 
80200882 80200882        0     1                 .L0 
80200882 80200882        0     1                 .L0 
80200884 80200884        0     1                 .L0 
80200884 80200884        0     1                 .L0 
80200886 80200886        0     1                 .L0 
80200888 80200888        0     1                 .L0 
80200888 80200888        0     1                 .L0 
8020088e 8020088e        0     1                 .L0 
8020089e 8020089e        0     1                 .L0 
8020089e 8020089e        0     1                 .L0 
802008aa 802008aa        0     1                 .L0 
802008aa 802008aa        0     1                 .L0 
802008ae 802008ae        0     1                 .L0 
802008ae 802008ae        0     1                 .L0 
802008b0 802008b0        0     1                 .L0 
802008b6 802008b6        0     1                 .L0 
802008b6 802008b6        0     1                 .L0 
802008be 802008be        0     1                 .L0 
802008be 802008be        0     1                 .L0 
802008c8 802008c8        0     1                 .L0 
802008c8 802008c8        0     1                 .L0 
802008cc 802008cc        0     1                 .L0 
802008cc 802008cc        0     1                 .L0 
802008ce 802008ce        0     1                 .L0 
802008d2 802008d2        0     1                 .L0 
802008d4 802008d4        0     1                 .L0 
802008d4 802008d4        0     1                 .L0 
802008da 802008da        0     1                 .L0 
802008da 802008da        0     1                 .L0 
802008dc 802008dc        0     1                 .L0 
802008e0 802008e0        0     1                 .L0 
802008e2 802008e2        0     1                 .L0 
802008e2 802008e2        0     1                 .L0 
802008e8 802008e8        0     1                 .L0 
802008e8 802008e8        0     1                 .L0 
802008ea 802008ea        0     1                 .L0 
802008ee 802008ee        0     1                 .L0 
802008f0 802008f0        0     1                 .L0 
802008f0 802008f0        0     1                 .L0 
802008f6 802008f6        0     1                 .L0 
802008f6 802008f6        0     1                 .L0 
802008f8 802008f8        0     1                 .L0 
802008fc 802008fc        0     1                 .L0 
802008fe 802008fe        0     1                 .L0 
802008fe 802008fe        0     1                 .L0 
80200904 80200904        0     1                 .L0 
80200904 80200904        0     1                 .L0 
80200906 80200906        0     1                 .L0 
8020090a 8020090a        0     1                 .L0 
8020090c 8020090c        0     1                 .L0 
8020090c 8020090c        0     1                 .L0 
80200912 80200912        0     1                 .L0 
80200912 80200912        0     1                 .L0 
80200914 80200914        0     1                 .L0 
80200918 80200918        0     1                 .L0 
8020091a 8020091a        0     1                 .L0 
8020091a 8020091a        0     1                 .L0 
80200920 80200920        0     1                 .L0 
80200920 80200920        0     1                 .L0 
80200922 80200922        0     1                 .L0 
80200926 80200926        0     1                 .L0 
80200928 80200928        0     1                 .L0 
80200928 80200928        0     1                 .L0 
8020092a 8020092a        0     1                 .L0 
8020092a 8020092a        0     1                 .L0 
8020092c 8020092c        0     1                 .L0 
80200930 80200930        0     1                 .L0 
80200930 80200930        0     1                 .L0 
80200932 80200932        0     1                 .L0 
80200932 80200932        0     1                 .L0 
80200934 80200934        0     1                 .L0 
80200936 80200936        0     1                 .L0 
80200936 80200936        0     1                 .L0 
80200936 80200936        0     1                 .L0 
80200940 80200940        0     1                 .L0 
80200944 80200944        0     1                 .L0 
8020094a 8020094a        0     1                 .L0 
8020094a 8020094a        0     1                 .L0 
8020094a 8020094a        0     1                 .L0 
80200950 80200950        0     1                 .L0 
80200950 80200950        0     1                 .L0 
80200954 80200954        0     1                 .L0 
80200956 80200956        0     1                 .L0 
8020095a 8020095a        0     1                 .L0 
8020095a 8020095a        0     1                 .L0 
8020095a 8020095a        0     1                 .L0 
80200960 80200960        0     1                 .L0 
80200960 80200960        0     1                 .L0 
80200964 80200964        0     1                 .L0 
80200966 80200966        0     1                 .L0 
8020096a 8020096a        0     1                 .L0 
8020096a 8020096a        0     1                 .L0 
8020096a 8020096a        0     1                 .L0 
80200970 80200970        0     1                 .L0 
80200972 80200972        0     1                 .L0 
80200976 80200976        0     1                 .L0 
8020097a 8020097a        0     1                 .L0 
8020097a 8020097a        0     1                 .L0 
8020097a 8020097a        0     1                 .L0 
8020097c 8020097c        0     1                 .L0 
8020097c 8020097c        0     1                 .L0 
80200980 80200980        0     1                 .L0 
80200984 80200984        0     1                 .L0 
8020098a 8020098a        0     1                 .L0 
8020098a 8020098a        0     1                 .L0 
80200998 80200998        0     1                 .L0 
80200998 80200998        0     1                 .L0 
8020099e 8020099e        0     1                 .L0 
8020099e 8020099e        0     1                 .L0 
8020099e 8020099e        0     1                 .L0 
802009a4 802009a4        0     1                 .L0 
802009a4 802009a4        0     1                 .L0 
802009a4 802009a4        0     1                 .L0 
802009a8 802009a8        0     1                 .L0 
802009be 802009be        0     1                 .L0 
802009c2 802009c2        0     1                 .L0 
802009c2 802009c2        0     1                 .L0 
802009c2 802009c2        0     1                 .L0 
802009c2 802009c2        0     1                 .L0 
802009c2 802009c2        0     1                 .L0 
802009c2 802009c2       1c     1                 memcpy
802009c6 802009c6        0     1                 .L0 
802009c6 802009c6        0     1                 .L0 
802009c8 802009c8        0     1                 .L0 
802009d2 802009d2        0     1                 .L0 
802009d8 802009d8        0     1                 .L0 
802009d8 802009d8        0     1                 .L0 
802009dc 802009dc        0     1                 .L0 
802009dc 802009dc        0     1                 .L0 
802009de 802009de        0     1                 .L0 
802009de 802009de        0     1                 .L0 
802009de 802009de        0     1                 .L0 
802009de 802009de       16     1                 memset
802009e2 802009e2        0     1                 .L0 
802009e2 802009e2        0     1                 .L0 
802009e4 802009e4        0     1                 .L0 
802009e8 802009e8        0     1                 .L0 
802009ee 802009ee        0     1                 .L0 
802009ee 802009ee        0     1                 .L0 
802009f2 802009f2        0     1                 .L0 
802009f2 802009f2        0     1                 .L0 
802009f4 802009f4        0     1                 .L0 
802009f4 802009f4        0     1                 .L0 
802009f4 802009f4        0     1                 .L0 
802009f4 802009f4       24     1                 strcpy
802009fa 802009fa        0     1                 .L0 
802009fe 802009fe        0     1                 .L0 
802009fe 802009fe        0     1                 .L0 
80200a00 80200a00        0     1                 .L0 
80200a0c 80200a0c        0     1                 .L0 
80200a0e 80200a0e        0     1                 .L0 
80200a10 80200a10        0     1                 .L0 
80200a12 80200a12        0     1                 .L0 
80200a12 80200a12        0     1                 .L0 
80200a16 80200a16        0     1                 .L0 
80200a18 80200a18        0     1                 .L0 
80200a18 80200a18        0     1                 .L0 
80200a18 80200a18        0     1                 .L0 
80200a18 80200a18       24     1                 strcmp
80200a1c 80200a1c        0     1                 .L0 
80200a1e 80200a1e        0     1                 .L0 
80200a20 80200a20        0     1                 .L0 
80200a24 80200a24        0     1                 .L0 
80200a28 80200a28        0     1                 .L0 
80200a28 80200a28        0     1                 .L0 
80200a2e 80200a2e        0     1                 .L0 
80200a30 80200a30        0     1                 .L0 
80200a32 80200a32        0     1                 .L0 
80200a3c 80200a3c        0     1                 .L0 
80200a3c 80200a3c      18f     4 .rodata
80200a3c 80200a3c      18f     1         <internal>:(.rodata.str1.1)
80200bcc 80200bcc    10254     4 .data
80200bcc 80200bcc        4     4         /var/folders/hw/r5t5ryts3r7fw374z_3h5bmw0000gp/T/kernel-cc850e.o:(.data)
80200bcc 80200bcc        4     1                 alloc_pages.next_paddr
80200bcc 80200bcc        0     1                 $d
80200bd0 80200bd0    10250     1         shell.bin.o:(.data)
80200bd0 80200bd0        0     1                 _binary_shell_bin_start
80210e20 80210e20        0     1                 _binary_shell_bin_end
80210e20 80210e20    10090     4 .bss
80210e20 80210e20        0     1         __bss = .
80210e20 80210e20    10090     4         /var/folders/hw/r5t5ryts3r7fw374z_3h5bmw0000gp/T/kernel-cc850e.o:(.bss)
80210e20 80210e20        0     1                 $d
80210e20 80210e20    10080     1                 procs
80220ea0 80220ea0        4     1                 proc_a
80220ea4 80220ea4        4     1                 proc_b
80220ea8 80220ea8        8     1                 .L_MergedGlobals
80220ea8 80220ea8        4     1                 idle_proc
80220eac 80220eac        4     1                 current_proc
80220eb0 80220eb0        0     1         __bss_end = .
80220eb0 80220eb0        0     1 . = ALIGN(4)
80220eb0 80220eb0    20000     1 . += 128 * 1024
80240eb0 80240eb0        0     1 __stack_top = .
80240eb0 80240eb0      150     1 . = ALIGN(4096)
80241000 80241000        0     1 __free_ram = .
80241000 80241000  4000000     1 . += 64 * 1024 * 1024
84241000 84241000        0     1 __free_ram_end = .
       0        0      7a2     1 .debug_loclists
       0        0      5c1     1         /var/folders/hw/r5t5ryts3r7fw374z_3h5bmw0000gp/T/kernel-cc850e.o:(.debug_loclists)
       0        0        0     1                 $d
       c        c        0     1                 .L0 
     5c1      5c1      1e1     1         /var/folders/hw/r5t5ryts3r7fw374z_3h5bmw0000gp/T/common-eefec5.o:(.debug_loclists)
     5c1      5c1        0     1                 $d
     5cd      5cd        0     1                 .L0 
       0        0      409     1 .debug_abbrev
       0        0      2da     1         /var/folders/hw/r5t5ryts3r7fw374z_3h5bmw0000gp/T/kernel-cc850e.o:(.debug_abbrev)
       0        0        0     1                 $d
     2da      2da      12f     1         /var/folders/hw/r5t5ryts3r7fw374z_3h5bmw0000gp/T/common-eefec5.o:(.debug_abbrev)
     2da      2da        0     1                 $d
       0        0      cbc     1 .debug_info
       0        0      a7d     1         /var/folders/hw/r5t5ryts3r7fw374z_3h5bmw0000gp/T/kernel-cc850e.o:(.debug_info)
       0        0        0     1                 $d
     a7d      a7d      23f     1         /var/folders/hw/r5t5ryts3r7fw374z_3h5bmw0000gp/T/common-eefec5.o:(.debug_info)
     a7d      a7d        0     1                 $d
       0        0       bb     1 .debug_rnglists
       0        0       a0     1         /var/folders/hw/r5t5ryts3r7fw374z_3h5bmw0000gp/T/kernel-cc850e.o:(.debug_rnglists)
       0        0        0     1                 $d
       c        c        0     1                 .L0 
      a0       a0       1b     1         /var/folders/hw/r5t5ryts3r7fw374z_3h5bmw0000gp/T/common-eefec5.o:(.debug_rnglists)
      a0       a0        0     1                 $d
      ac       ac        0     1                 .L0 
       0        0      268     1 .debug_str_offsets
       0        0      1d0     1         /var/folders/hw/r5t5ryts3r7fw374z_3h5bmw0000gp/T/kernel-cc850e.o:(.debug_str_offsets)
       0        0        0     1                 $d
       8        8        0     1                 .L0 
     1d0      1d0       98     1         /var/folders/hw/r5t5ryts3r7fw374z_3h5bmw0000gp/T/common-eefec5.o:(.debug_str_offsets)
     1d0      1d0        0     1                 $d
     1d8      1d8        0     1                 .L0 
       0        0      375     1 .debug_str
       0        0      375     1         <internal>:(.debug_str)
       0        0      1ac     1 .debug_addr
       0        0      14c     1         /var/folders/hw/r5t5ryts3r7fw374z_3h5bmw0000gp/T/kernel-cc850e.o:(.debug_addr)
       0        0        0     1                 $d
       8        8        0     1                 .L0 
     14c      14c       60     1         /var/folders/hw/r5t5ryts3r7fw374z_3h5bmw0000gp/T/common-eefec5.o:(.debug_addr)
     14c      14c        0     1                 $d
     154      154        0     1                 .L0 
       0        0       3b     1 .comment
       0        0       3b     1         <internal>:(.comment)
       0        0       4e     1 .riscv.attributes
       0        0       4e     1         <internal>:(.riscv.attributes)
       0        0      224     4 .debug_frame
       0        0      18c     4         /var/folders/hw/r5t5ryts3r7fw374z_3h5bmw0000gp/T/kernel-cc850e.o:(.debug_frame)
       0        0        0     1                 .L0 
       0        0        0     1                 $d
     18c      18c       98     4         /var/folders/hw/r5t5ryts3r7fw374z_3h5bmw0000gp/T/common-eefec5.o:(.debug_frame)
     18c      18c        0     1                 .L0 
     18c      18c        0     1                 $d
       0        0      aaf     1 .debug_line
       0        0      7ad     1         /var/folders/hw/r5t5ryts3r7fw374z_3h5bmw0000gp/T/kernel-cc850e.o:(.debug_line)
       0        0        0     1                 .Lline_table_start0
       0        0        0     1                 $d
     7ad      7ad      302     1         /var/folders/hw/r5t5ryts3r7fw374z_3h5bmw0000gp/T/common-eefec5.o:(.debug_line)
     7ad      7ad        0     1                 .Lline_table_start0
     7ad      7ad        0     1                 $d
       0        0       4b     1 .debug_line_str
       0        0       4b     1         <internal>:(.debug_line_str)
       0        0      450     4 .symtab
       0        0      450     4         <internal>:(.symtab)
       0        0       dc     1 .shstrtab
       0        0       dc     1         <internal>:(.shstrtab)
       0        0      1fd     1 .strtab
       0        0      1fd     1         <internal>:(.strtab)
