     VMA      LMA     Size Align Out     In      Symbol
       0        0 80200000     1 . = 0x80200000
80200000 80200000      28c     2 .text
80200000 80200000        e     2         /var/folders/hw/r5t5ryts3r7fw374z_3h5bmw0000gp/T/kernel-82c4d0.o:(.text.boot)
80200000 80200000        0     1                 .L0 
80200000 80200000        0     1                 .L0 
80200000 80200000        0     1                 $x
80200000 80200000        0     1                 .L0 
80200000 80200000        e     1                 boot
8020000e 8020000e        0     1                 .L0 
8020000e 8020000e        0     1                 .L0 
8020000e 8020000e       5c     2         /var/folders/hw/r5t5ryts3r7fw374z_3h5bmw0000gp/T/kernel-82c4d0.o:(.text)
8020000e 8020000e        0     1                 .L0 
8020000e 8020000e        0     1                 .L0 
8020000e 8020000e        0     1                 $x
8020000e 8020000e        0     1                 .L0 
8020000e 8020000e        6     1                 sbi_call
80200012 80200012        0     1                 .L0 
80200014 80200014        0     1                 .L0 
80200014 80200014        0     1                 .L0 
80200014 80200014        0     1                 .L0 
80200014 80200014       14     1                 putchar
80200026 80200026        0     1                 .L0 
80200028 80200028        0     1                 .L0 
80200028 80200028        0     1                 .L0 
80200028 80200028        0     1                 .L0 
80200028 80200028       42     1                 kernel_main
8020002c 8020002c        0     1                 .L0 
8020003e 8020003e        0     1                 .L0 
8020003e 8020003e        0     1                 .L0 
80200052 80200052        0     1                 .L0 
80200052 80200052        0     1                 .L0 
80200068 80200068        0     1                 .L0 
8020006a 8020006a        0     1                 .L0 
8020006a 8020006a        0     1                 .L0 
8020006a 8020006a      222     2         /var/folders/hw/r5t5ryts3r7fw374z_3h5bmw0000gp/T/common-ac2fc1.o:(.text)
8020006a 8020006a        0     1                 .L0 
8020006a 8020006a        0     1                 .L0 
8020006a 8020006a        0     1                 $x
8020006a 8020006a        0     1                 .L0 
8020006a 8020006a      1a8     1                 printf
80200086 80200086        0     1                 .L0 
802000b0 802000b0        0     1                 .L0 
802000c0 802000c0        0     1                 .L0 
802000c0 802000c0        0     1                 .L0 
802000c4 802000c4        0     1                 .L0 
802000c4 802000c4        0     1                 .L0 
802000c6 802000c6        0     1                 .L0 
802000ca 802000ca        0     1                 .L0 
802000d2 802000d2        0     1                 .L0 
802000d2 802000d2        0     1                 .L0 
802000d4 802000d4        0     1                 .L0 
802000d4 802000d4        0     1                 .L0 
802000d6 802000d6        0     1                 .L0 
802000d8 802000d8        0     1                 .L0 
802000d8 802000d8        0     1                 .L0 
802000de 802000de        0     1                 .L0 
802000ee 802000ee        0     1                 .L0 
802000ee 802000ee        0     1                 .L0 
802000fa 802000fa        0     1                 .L0 
802000fa 802000fa        0     1                 .L0 
802000fe 802000fe        0     1                 .L0 
802000fe 802000fe        0     1                 .L0 
80200100 80200100        0     1                 .L0 
80200106 80200106        0     1                 .L0 
80200106 80200106        0     1                 .L0 
8020010e 8020010e        0     1                 .L0 
8020010e 8020010e        0     1                 .L0 
80200118 80200118        0     1                 .L0 
80200118 80200118        0     1                 .L0 
8020011c 8020011c        0     1                 .L0 
8020011c 8020011c        0     1                 .L0 
8020011e 8020011e        0     1                 .L0 
80200122 80200122        0     1                 .L0 
80200124 80200124        0     1                 .L0 
80200124 80200124        0     1                 .L0 
8020012a 8020012a        0     1                 .L0 
8020012a 8020012a        0     1                 .L0 
8020012c 8020012c        0     1                 .L0 
80200130 80200130        0     1                 .L0 
80200132 80200132        0     1                 .L0 
80200132 80200132        0     1                 .L0 
80200138 80200138        0     1                 .L0 
80200138 80200138        0     1                 .L0 
8020013a 8020013a        0     1                 .L0 
8020013e 8020013e        0     1                 .L0 
80200140 80200140        0     1                 .L0 
80200140 80200140        0     1                 .L0 
80200146 80200146        0     1                 .L0 
80200146 80200146        0     1                 .L0 
80200148 80200148        0     1                 .L0 
8020014c 8020014c        0     1                 .L0 
8020014e 8020014e        0     1                 .L0 
8020014e 8020014e        0     1                 .L0 
80200154 80200154        0     1                 .L0 
80200154 80200154        0     1                 .L0 
80200156 80200156        0     1                 .L0 
8020015a 8020015a        0     1                 .L0 
8020015c 8020015c        0     1                 .L0 
8020015c 8020015c        0     1                 .L0 
80200162 80200162        0     1                 .L0 
80200162 80200162        0     1                 .L0 
80200164 80200164        0     1                 .L0 
80200168 80200168        0     1                 .L0 
8020016a 8020016a        0     1                 .L0 
8020016a 8020016a        0     1                 .L0 
80200170 80200170        0     1                 .L0 
80200170 80200170        0     1                 .L0 
80200172 80200172        0     1                 .L0 
80200176 80200176        0     1                 .L0 
80200178 80200178        0     1                 .L0 
80200178 80200178        0     1                 .L0 
8020017a 8020017a        0     1                 .L0 
8020017a 8020017a        0     1                 .L0 
8020017c 8020017c        0     1                 .L0 
80200180 80200180        0     1                 .L0 
80200180 80200180        0     1                 .L0 
80200182 80200182        0     1                 .L0 
80200182 80200182        0     1                 .L0 
80200184 80200184        0     1                 .L0 
80200186 80200186        0     1                 .L0 
80200186 80200186        0     1                 .L0 
80200186 80200186        0     1                 .L0 
80200190 80200190        0     1                 .L0 
80200194 80200194        0     1                 .L0 
8020019a 8020019a        0     1                 .L0 
8020019a 8020019a        0     1                 .L0 
8020019a 8020019a        0     1                 .L0 
802001a0 802001a0        0     1                 .L0 
802001a0 802001a0        0     1                 .L0 
802001a4 802001a4        0     1                 .L0 
802001a6 802001a6        0     1                 .L0 
802001aa 802001aa        0     1                 .L0 
802001aa 802001aa        0     1                 .L0 
802001aa 802001aa        0     1                 .L0 
802001b0 802001b0        0     1                 .L0 
802001b0 802001b0        0     1                 .L0 
802001b4 802001b4        0     1                 .L0 
802001b6 802001b6        0     1                 .L0 
802001ba 802001ba        0     1                 .L0 
802001ba 802001ba        0     1                 .L0 
802001ba 802001ba        0     1                 .L0 
802001c0 802001c0        0     1                 .L0 
802001c2 802001c2        0     1                 .L0 
802001c6 802001c6        0     1                 .L0 
802001ca 802001ca        0     1                 .L0 
802001ca 802001ca        0     1                 .L0 
802001ca 802001ca        0     1                 .L0 
802001cc 802001cc        0     1                 .L0 
802001cc 802001cc        0     1                 .L0 
802001d0 802001d0        0     1                 .L0 
802001d4 802001d4        0     1                 .L0 
802001da 802001da        0     1                 .L0 
802001da 802001da        0     1                 .L0 
802001e8 802001e8        0     1                 .L0 
802001e8 802001e8        0     1                 .L0 
802001ee 802001ee        0     1                 .L0 
802001ee 802001ee        0     1                 .L0 
802001ee 802001ee        0     1                 .L0 
802001f4 802001f4        0     1                 .L0 
802001f4 802001f4        0     1                 .L0 
802001f4 802001f4        0     1                 .L0 
802001f8 802001f8        0     1                 .L0 
8020020e 8020020e        0     1                 .L0 
80200212 80200212        0     1                 .L0 
80200212 80200212        0     1                 .L0 
80200212 80200212        0     1                 .L0 
80200212 80200212        0     1                 .L0 
80200212 80200212        0     1                 .L0 
80200212 80200212       1c     1                 memcpy
80200216 80200216        0     1                 .L0 
80200216 80200216        0     1                 .L0 
80200218 80200218        0     1                 .L0 
80200222 80200222        0     1                 .L0 
80200228 80200228        0     1                 .L0 
80200228 80200228        0     1                 .L0 
8020022c 8020022c        0     1                 .L0 
8020022c 8020022c        0     1                 .L0 
8020022e 8020022e        0     1                 .L0 
8020022e 8020022e        0     1                 .L0 
8020022e 8020022e        0     1                 .L0 
8020022e 8020022e       16     1                 memset
80200232 80200232        0     1                 .L0 
80200232 80200232        0     1                 .L0 
80200234 80200234        0     1                 .L0 
80200238 80200238        0     1                 .L0 
8020023e 8020023e        0     1                 .L0 
8020023e 8020023e        0     1                 .L0 
80200242 80200242        0     1                 .L0 
80200242 80200242        0     1                 .L0 
80200244 80200244        0     1                 .L0 
80200244 80200244        0     1                 .L0 
80200244 80200244        0     1                 .L0 
80200244 80200244       24     1                 strcpy
8020024a 8020024a        0     1                 .L0 
8020024e 8020024e        0     1                 .L0 
8020024e 8020024e        0     1                 .L0 
80200250 80200250        0     1                 .L0 
8020025c 8020025c        0     1                 .L0 
8020025e 8020025e        0     1                 .L0 
80200260 80200260        0     1                 .L0 
80200262 80200262        0     1                 .L0 
80200262 80200262        0     1                 .L0 
80200266 80200266        0     1                 .L0 
80200268 80200268        0     1                 .L0 
80200268 80200268        0     1                 .L0 
80200268 80200268        0     1                 .L0 
80200268 80200268       24     1                 strcmp
8020026c 8020026c        0     1                 .L0 
8020026e 8020026e        0     1                 .L0 
80200270 80200270        0     1                 .L0 
80200274 80200274        0     1                 .L0 
80200278 80200278        0     1                 .L0 
80200278 80200278        0     1                 .L0 
8020027e 8020027e        0     1                 .L0 
80200280 80200280        0     1                 .L0 
80200282 80200282        0     1                 .L0 
8020028c 8020028c        0     1                 .L0 
8020028c 8020028c       58     4 .rodata
8020028c 8020028c       58     1         <internal>:(.rodata.str1.1)
802002e4 802002e4        0     4 .bss
802002e4 802002e4        0     1         __bss = .
802002e4 802002e4        0     1         __bss_end = .
802002e4 802002e4        0     1 . = ALIGN(4)
802002e4 802002e4    20000     1 . += 128 * 1024
802202e4 802202e4        0     1 __stack_top = .
       0        0      21b     1 .debug_loclists
       0        0       3a     1         /var/folders/hw/r5t5ryts3r7fw374z_3h5bmw0000gp/T/kernel-82c4d0.o:(.debug_loclists)
       0        0        0     1                 $d
       c        c        0     1                 .L0 
      3a       3a      1e1     1         /var/folders/hw/r5t5ryts3r7fw374z_3h5bmw0000gp/T/common-ac2fc1.o:(.debug_loclists)
      3a       3a        0     1                 $d
      46       46        0     1                 .L0 
       0        0      29b     1 .debug_abbrev
       0        0      16c     1         /var/folders/hw/r5t5ryts3r7fw374z_3h5bmw0000gp/T/kernel-82c4d0.o:(.debug_abbrev)
       0        0        0     1                 $d
     16c      16c      12f     1         /var/folders/hw/r5t5ryts3r7fw374z_3h5bmw0000gp/T/common-ac2fc1.o:(.debug_abbrev)
     16c      16c        0     1                 $d
       0        0      4d7     1 .debug_info
       0        0      298     1         /var/folders/hw/r5t5ryts3r7fw374z_3h5bmw0000gp/T/kernel-82c4d0.o:(.debug_info)
       0        0        0     1                 $d
     298      298      23f     1         /var/folders/hw/r5t5ryts3r7fw374z_3h5bmw0000gp/T/common-ac2fc1.o:(.debug_info)
     298      298        0     1                 $d
       0        0       32     1 .debug_rnglists
       0        0       17     1         /var/folders/hw/r5t5ryts3r7fw374z_3h5bmw0000gp/T/kernel-82c4d0.o:(.debug_rnglists)
       0        0        0     1                 $d
       c        c        0     1                 .L0 
      17       17       1b     1         /var/folders/hw/r5t5ryts3r7fw374z_3h5bmw0000gp/T/common-ac2fc1.o:(.debug_rnglists)
      17       17        0     1                 $d
      23       23        0     1                 .L0 
       0        0      11c     1 .debug_str_offsets
       0        0       84     1         /var/folders/hw/r5t5ryts3r7fw374z_3h5bmw0000gp/T/kernel-82c4d0.o:(.debug_str_offsets)
       0        0        0     1                 $d
       8        8        0     1                 .L0 
      84       84       98     1         /var/folders/hw/r5t5ryts3r7fw374z_3h5bmw0000gp/T/common-ac2fc1.o:(.debug_str_offsets)
      84       84        0     1                 $d
      8c       8c        0     1                 .L0 
       0        0      19a     1 .debug_str
       0        0      19a     1         <internal>:(.debug_str)
       0        0       98     1 .debug_addr
       0        0       38     1         /var/folders/hw/r5t5ryts3r7fw374z_3h5bmw0000gp/T/kernel-82c4d0.o:(.debug_addr)
       0        0        0     1                 $d
       8        8        0     1                 .L0 
      38       38       60     1         /var/folders/hw/r5t5ryts3r7fw374z_3h5bmw0000gp/T/common-ac2fc1.o:(.debug_addr)
      38       38        0     1                 $d
      40       40        0     1                 .L0 
       0        0       3b     1 .comment
       0        0       3b     1         <internal>:(.comment)
       0        0       4e     1 .riscv.attributes
       0        0       4e     1         <internal>:(.riscv.attributes)
       0        0       f4     4 .debug_frame
       0        0       5c     4         /var/folders/hw/r5t5ryts3r7fw374z_3h5bmw0000gp/T/kernel-82c4d0.o:(.debug_frame)
       0        0        0     1                 .L0 
       0        0        0     1                 $d
      5c       5c       98     4         /var/folders/hw/r5t5ryts3r7fw374z_3h5bmw0000gp/T/common-ac2fc1.o:(.debug_frame)
      5c       5c        0     1                 .L0 
      5c       5c        0     1                 $d
       0        0      3ca     1 .debug_line
       0        0       c8     1         /var/folders/hw/r5t5ryts3r7fw374z_3h5bmw0000gp/T/kernel-82c4d0.o:(.debug_line)
       0        0        0     1                 .Lline_table_start0
       0        0        0     1                 $d
      c8       c8      302     1         /var/folders/hw/r5t5ryts3r7fw374z_3h5bmw0000gp/T/common-ac2fc1.o:(.debug_line)
      c8       c8        0     1                 .Lline_table_start0
      c8       c8        0     1                 $d
       0        0       4b     1 .debug_line_str
       0        0       4b     1         <internal>:(.debug_line_str)
       0        0      2c0     4 .symtab
       0        0      2c0     4         <internal>:(.symtab)
       0        0       d6     1 .shstrtab
       0        0       d6     1         <internal>:(.shstrtab)
       0        0       cb     1 .strtab
       0        0       cb     1         <internal>:(.strtab)
