     VMA      LMA     Size Align Out     In      Symbol
       0        0 80200000     1 . = 0x80200000
80200000        0        0     1 __kernel_base = .
80200000 80200000      b9a     4 .text
80200000 80200000        e     2         /var/folders/hw/r5t5ryts3r7fw374z_3h5bmw0000gp/T/kernel-63d480.o:(.text.boot)
80200000 80200000        0     1                 .L0 
80200000 80200000        0     1                 .L0 
80200000 80200000        0     1                 $x
80200000 80200000        0     1                 .L0 
80200000 80200000        e     1                 boot
8020000e 8020000e        0     1                 .L0 
8020000e 8020000e        0     1                 .L0 
80200010 80200010      936     4         /var/folders/hw/r5t5ryts3r7fw374z_3h5bmw0000gp/T/kernel-63d480.o:(.text)
80200010 80200010        0     1                 .L0 
80200010 80200010        0     1                 .L0 
80200010 80200010        0     1                 $x
80200010 80200010        0     1                 .L0 
80200010 80200010       50     1                 alloc_pages
80200016 80200016        0     1                 .L0 
80200016 80200016        0     1                 .L0 
8020001e 8020001e        0     1                 .L0 
8020001e 8020001e        0     1                 .L0 
80200022 80200022        0     1                 .L0 
80200026 80200026        0     1                 .L0 
80200026 80200026        0     1                 .L0 
8020002e 8020002e        0     1                 .L0 
80200032 80200032        0     1                 .L0 
80200036 80200036        0     1                 .L0 
8020004c 8020004c        0     1                 .L0 
8020004e 8020004e        0     1                 .L0 
8020004e 8020004e        0     1                 .L0 
80200056 80200056        0     1                 .L0 
80200056 80200056        0     1                 .L0 
80200058 80200058        0     1                 .L0 
8020005c 8020005c        0     1                 .L0 
8020005c 8020005c        0     1                 .L0 
80200060 80200060        0     1                 .L0 
80200060 80200060        0     1                 .L0 
80200060 80200060        0     1                 .L0 
80200060 80200060        0     1                 .L0 
80200060 80200060        0     1                 .L0 
80200060 80200060       de     1                 map_page
8020006e 8020006e        0     1                 .L0 
80200070 80200070        0     1                 .L0 
80200070 80200070        0     1                 .L0 
80200074 80200074        0     1                 .L0 
80200078 80200078        0     1                 .L0 
80200088 80200088        0     1                 .L0 
8020008a 8020008a        0     1                 .L0 
8020008e 8020008e        0     1                 .L0 
80200090 80200090        0     1                 .L0 
80200090 80200090        0     1                 .L0 
80200090 80200090        0     1                 .L0 
80200096 80200096        0     1                 .L0 
80200098 80200098        0     1                 .L0 
8020009c 8020009c        0     1                 .L0 
802000aa 802000aa        0     1                 .L0 
802000ae 802000ae        0     1                 .L0 
802000b2 802000b2        0     1                 .L0 
802000b4 802000b4        0     1                 .L0 
802000b4 802000b4        0     1                 .L0 
802000b4 802000b4        0     1                 .L0 
802000c0 802000c0        0     1                 .L0 
802000c0 802000c0        0     1                 .L0 
802000c6 802000c6        0     1                 .L0 
802000c6 802000c6        0     1                 .L0 
802000ce 802000ce        0     1                 .L0 
802000ce 802000ce        0     1                 .L0 
802000d0 802000d0        0     1                 .L0 
802000d2 802000d2        0     1                 .L0 
802000da 802000da        0     1                 .L0 
802000de 802000de        0     1                 .L0 
802000e2 802000e2        0     1                 .L0 
802000f4 802000f4        0     1                 .L0 
802000f8 802000f8        0     1                 .L0 
802000fa 802000fa        0     1                 .L0 
802000fa 802000fa        0     1                 .L0 
802000fa 802000fa        0     1                 .L0 
802000fc 802000fc        0     1                 .L0 
802000fc 802000fc        0     1                 .L0 
80200104 80200104        0     1                 .L0 
80200108 80200108        0     1                 .L0 
80200108 80200108        0     1                 .L0 
8020010c 8020010c        0     1                 .L0 
80200116 80200116        0     1                 .L0 
80200116 80200116        0     1                 .L0 
8020011c 8020011c        0     1                 .L0 
80200122 80200122        0     1                 .L0 
8020012c 8020012c        0     1                 .L0 
8020012e 8020012e        0     1                 .L0 
8020013a 8020013a        0     1                 .L0 
8020013e 8020013e        0     1                 .L0 
8020013e 8020013e        0     1                 .L0 
8020013e 8020013e        0     1                 .L0 
8020013e 8020013e        0     1                 .L0 
8020013e 8020013e        0     1                 .L0 
8020013e 8020013e       14     1                 user_entry
80200146 80200146        0     1                 .L0 
80200152 80200152        0     1                 .L0 
80200152 80200152        0     1                 .L0 
80200152 80200152        0     1                 .L0 
80200152 80200152      282     1                 create_process
8020016e 8020016e        0     1                 .L0 
80200170 80200170        0     1                 .L0 
80200170 80200170        0     1                 .L0 
8020017e 8020017e        0     1                 .L0 
8020017e 8020017e        0     1                 .L0 
80200180 80200180        0     1                 .L0 
80200180 80200180        0     1                 .L0 
80200188 80200188        0     1                 .L0 
8020018a 8020018a        0     1                 .L0 
8020018a 8020018a        0     1                 .L0 
80200192 80200192        0     1                 .L0 
80200194 80200194        0     1                 .L0 
80200194 80200194        0     1                 .L0 
8020019c 8020019c        0     1                 .L0 
8020019e 8020019e        0     1                 .L0 
8020019e 8020019e        0     1                 .L0 
802001a6 802001a6        0     1                 .L0 
802001a8 802001a8        0     1                 .L0 
802001a8 802001a8        0     1                 .L0 
802001b0 802001b0        0     1                 .L0 
802001b2 802001b2        0     1                 .L0 
802001b2 802001b2        0     1                 .L0 
802001ba 802001ba        0     1                 .L0 
802001bc 802001bc        0     1                 .L0 
802001bc 802001bc        0     1                 .L0 
802001c4 802001c4        0     1                 .L0 
802001c6 802001c6        0     1                 .L0 
802001c6 802001c6        0     1                 .L0 
802001dc 802001dc        0     1                 .L0 
802001de 802001de        0     1                 .L0 
802001de 802001de        0     1                 .L0 
802001de 802001de        0     1                 .L0 
802001e2 802001e2        0     1                 .L0 
802001e2 802001e2        0     1                 .L0 
802001e8 802001e8        0     1                 .L0 
802001ea 802001ea        0     1                 .L0 
802001ea 802001ea        0     1                 .L0 
802001ea 802001ea        0     1                 .L0 
802001f2 802001f2        0     1                 .L0 
802001f4 802001f4        0     1                 .L0 
802001f4 802001f4        0     1                 .L0 
802001f4 802001f4        0     1                 .L0 
802001fc 802001fc        0     1                 .L0 
802001fe 802001fe        0     1                 .L0 
802001fe 802001fe        0     1                 .L0 
802001fe 802001fe        0     1                 .L0 
80200206 80200206        0     1                 .L0 
80200208 80200208        0     1                 .L0 
80200208 80200208        0     1                 .L0 
80200208 80200208        0     1                 .L0 
80200210 80200210        0     1                 .L0 
80200212 80200212        0     1                 .L0 
80200212 80200212        0     1                 .L0 
80200212 80200212        0     1                 .L0 
8020021a 8020021a        0     1                 .L0 
8020021c 8020021c        0     1                 .L0 
8020021c 8020021c        0     1                 .L0 
8020021c 8020021c        0     1                 .L0 
80200224 80200224        0     1                 .L0 
80200224 80200224        0     1                 .L0 
8020022c 8020022c        0     1                 .L0 
8020022c 8020022c        0     1                 .L0 
8020022e 8020022e        0     1                 .L0 
8020022e 8020022e        0     1                 .L0 
80200238 80200238        0     1                 .L0 
80200238 80200238        0     1                 .L0 
8020023e 8020023e        0     1                 .L0 
8020024a 8020024a        0     1                 .L0 
8020024a 8020024a        0     1                 .L0 
8020024c 8020024c        0     1                 .L0 
80200250 80200250        0     1                 .L0 
80200254 80200254        0     1                 .L0 
80200258 80200258        0     1                 .L0 
8020025c 8020025c        0     1                 .L0 
80200260 80200260        0     1                 .L0 
80200264 80200264        0     1                 .L0 
80200268 80200268        0     1                 .L0 
8020026c 8020026c        0     1                 .L0 
80200270 80200270        0     1                 .L0 
80200278 80200278        0     1                 .L0 
8020027c 8020027c        0     1                 .L0 
80200280 80200280        0     1                 .L0 
80200280 80200280        0     1                 .L0 
80200284 80200284        0     1                 .L0 
80200284 80200284        0     1                 .L0 
80200298 80200298        0     1                 .L0 
8020029a 8020029a        0     1                 .L0 
8020029a 8020029a        0     1                 .L0 
8020029e 8020029e        0     1                 .L0 
8020029e 8020029e        0     1                 .L0 
802002aa 802002aa        0     1                 .L0 
802002aa 802002aa        0     1                 .L0 
802002b2 802002b2        0     1                 .L0 
802002b2 802002b2        0     1                 .L0 
802002b6 802002b6        0     1                 .L0 
802002b6 802002b6        0     1                 .L0 
802002b6 802002b6        0     1                 .L0 
802002c0 802002c0        0     1                 .L0 
802002c0 802002c0        0     1                 .L0 
802002c2 802002c2        0     1                 .L0 
802002c6 802002c6        0     1                 .L0 
802002c6 802002c6        0     1                 .L0 
802002c6 802002c6        0     1                 .L0 
802002ca 802002ca        0     1                 .L0 
802002dc 802002dc        0     1                 .L0 
802002dc 802002dc        0     1                 .L0 
802002dc 802002dc        0     1                 .L0 
802002e0 802002e0        0     1                 .L0 
802002e6 802002e6        0     1                 .L0 
802002e6 802002e6        0     1                 .L0 
802002ea 802002ea        0     1                 .L0 
802002f2 802002f2        0     1                 .L0 
802002f2 802002f2        0     1                 .L0 
802002f4 802002f4        0     1                 .L0 
802002fc 802002fc        0     1                 .L0 
80200300 80200300        0     1                 .L0 
80200300 80200300        0     1                 .L0 
80200300 80200300        0     1                 .L0 
80200304 80200304        0     1                 .L0 
80200304 80200304        0     1                 .L0 
8020030c 8020030c        0     1                 .L0 
80200310 80200310        0     1                 .L0 
80200318 80200318        0     1                 .L0 
80200318 80200318        0     1                 .L0 
8020031a 8020031a        0     1                 .L0 
8020031a 8020031a        0     1                 .L0 
8020031e 8020031e        0     1                 .L0 
8020031e 8020031e        0     1                 .L0 
80200322 80200322        0     1                 .L0 
80200322 80200322        0     1                 .L0 
80200322 80200322        0     1                 .L0 
80200336 80200336        0     1                 .L0 
80200338 80200338        0     1                 .L0 
80200338 80200338        0     1                 .L0 
80200338 80200338        0     1                 .L0 
8020034a 8020034a        0     1                 .L0 
8020034a 8020034a        0     1                 .L0 
8020034a 8020034a        0     1                 .L0 
8020034e 8020034e        0     1                 .L0 
80200352 80200352        0     1                 .L0 
80200352 80200352        0     1                 .L0 
80200356 80200356        0     1                 .L0 
8020035e 8020035e        0     1                 .L0 
8020035e 8020035e        0     1                 .L0 
80200360 80200360        0     1                 .L0 
80200368 80200368        0     1                 .L0 
8020036c 8020036c        0     1                 .L0 
8020036c 8020036c        0     1                 .L0 
8020036c 8020036c        0     1                 .L0 
80200370 80200370        0     1                 .L0 
80200370 80200370        0     1                 .L0 
80200378 80200378        0     1                 .L0 
8020037c 8020037c        0     1                 .L0 
80200384 80200384        0     1                 .L0 
80200384 80200384        0     1                 .L0 
80200386 80200386        0     1                 .L0 
80200386 80200386        0     1                 .L0 
8020038a 8020038a        0     1                 .L0 
8020038a 8020038a        0     1                 .L0 
8020038e 8020038e        0     1                 .L0 
80200394 80200394        0     1                 .L0 
80200396 80200396        0     1                 .L0 
80200398 80200398        0     1                 .L0 
8020039c 8020039c        0     1                 .L0 
802003a0 802003a0        0     1                 .L0 
802003aa 802003aa        0     1                 .L0 
802003ae 802003ae        0     1                 .L0 
802003b0 802003b0        0     1                 .L0 
802003b4 802003b4        0     1                 .L0 
802003ba 802003ba        0     1                 .L0 
802003be 802003be        0     1                 .L0 
802003be 802003be        0     1                 .L0 
802003be 802003be        0     1                 .L0 
802003d2 802003d2        0     1                 .L0 
802003d4 802003d4        0     1                 .L0 
802003d4 802003d4        0     1                 .L0 
802003d4 802003d4        0     1                 .L0 
802003d4 802003d4        0     1                 .L0 
802003d4 802003d4        0     1                 .L0 
802003d4 802003d4        0     1                 .L0 
802003d4 802003d4       46     1                 switch_context
8020041a 8020041a        0     1                 .L0 
8020041a 8020041a        0     1                 .L0 
8020041a 8020041a        0     1                 .L0 
8020041a 8020041a      196     1                 yield
80200422 80200422        0     1                 .L0 
80200422 80200422        0     1                 .L0 
80200426 80200426        0     1                 .L0 
80200426 80200426        0     1                 .L0 
80200434 80200434        0     1                 .L0 
80200446 80200446        0     1                 .L0 
80200446 80200446        0     1                 .L0 
80200448 80200448        0     1                 .L0 
80200448 80200448        0     1                 .L0 
8020044c 8020044c        0     1                 .L0 
8020044c 8020044c        0     1                 .L0 
8020044e 8020044e        0     1                 .L0 
8020044e 8020044e        0     1                 .L0 
80200452 80200452        0     1                 .L0 
80200454 80200454        0     1                 .L0 
80200458 80200458        0     1                 .L0 
80200458 80200458        0     1                 .L0 
80200460 80200460        0     1                 .L0 
80200474 80200474        0     1                 .L0 
80200476 80200476        0     1                 .L0 
8020047a 8020047a        0     1                 .L0 
8020047c 8020047c        0     1                 .L0 
80200480 80200480        0     1                 .L0 
80200480 80200480        0     1                 .L0 
80200488 80200488        0     1                 .L0 
8020049c 8020049c        0     1                 .L0 
802004a0 802004a0        0     1                 .L0 
802004a4 802004a4        0     1                 .L0 
802004a6 802004a6        0     1                 .L0 
802004aa 802004aa        0     1                 .L0 
802004aa 802004aa        0     1                 .L0 
802004b2 802004b2        0     1                 .L0 
802004c6 802004c6        0     1                 .L0 
802004c8 802004c8        0     1                 .L0 
802004cc 802004cc        0     1                 .L0 
802004ce 802004ce        0     1                 .L0 
802004d2 802004d2        0     1                 .L0 
802004d2 802004d2        0     1                 .L0 
802004da 802004da        0     1                 .L0 
802004ee 802004ee        0     1                 .L0 
802004f2 802004f2        0     1                 .L0 
802004f6 802004f6        0     1                 .L0 
802004f8 802004f8        0     1                 .L0 
802004fc 802004fc        0     1                 .L0 
802004fc 802004fc        0     1                 .L0 
80200504 80200504        0     1                 .L0 
80200518 80200518        0     1                 .L0 
8020051a 8020051a        0     1                 .L0 
8020051e 8020051e        0     1                 .L0 
80200520 80200520        0     1                 .L0 
80200524 80200524        0     1                 .L0 
80200524 80200524        0     1                 .L0 
8020052c 8020052c        0     1                 .L0 
80200540 80200540        0     1                 .L0 
80200544 80200544        0     1                 .L0 
80200548 80200548        0     1                 .L0 
8020054a 8020054a        0     1                 .L0 
8020054e 8020054e        0     1                 .L0 
8020054e 8020054e        0     1                 .L0 
8020056a 8020056a        0     1                 .L0 
8020056e 8020056e        0     1                 .L0 
80200570 80200570        0     1                 .L0 
80200574 80200574        0     1                 .L0 
80200574 80200574        0     1                 .L0 
80200576 80200576        0     1                 .L0 
80200576 80200576        0     1                 .L0 
8020057a 8020057a        0     1                 .L0 
80200582 80200582        0     1                 .L0 
80200584 80200584        0     1                 .L0 
80200586 80200586        0     1                 .L0 
8020058c 8020058c        0     1                 .L0 
8020058e 8020058e        0     1                 .L0 
8020059e 8020059e        0     1                 .L0 
802005a2 802005a2        0     1                 .L0 
802005a2 802005a2        0     1                 .L0 
802005a4 802005a4        0     1                 .L0 
802005a4 802005a4        0     1                 .L0 
802005a8 802005a8        0     1                 .L0 
802005ac 802005ac        0     1                 .L0 
802005ac 802005ac        0     1                 .L0 
802005ae 802005ae        0     1                 .L0 
802005ae 802005ae        0     1                 .L0 
802005b0 802005b0        0     1                 .L0 
802005b0 802005b0        0     1                 .L0 
802005b0 802005b0        0     1                 .L0 
802005b0 802005b0        0     1                 .L0 
802005b0 802005b0        0     1                 .L0 
802005b0 802005b0        6     1                 sbi_call
802005b4 802005b4        0     1                 .L0 
802005b4 802005b4        0     1                 .L0 
802005b6 802005b6        0     1                 .L0 
802005b6 802005b6        0     1                 .L0 
802005b6 802005b6        0     1                 .L0 
802005b6 802005b6       14     1                 putchar
802005c8 802005c8        0     1                 .L0 
802005c8 802005c8        0     1                 .L0 
802005ca 802005ca        0     1                 .L0 
802005ca 802005ca        0     1                 .L0 
802005ca 802005ca        0     1                 .L0 
802005ca 802005ca       16     1                 getchar
802005de 802005de        0     1                 .L0 
802005de 802005de        0     1                 .L0 
802005e0 802005e0        0     1                 .L0 
802005e0 802005e0        0     1                 .L0 
802005e0 802005e0        0     1                 .L0 
802005e0 802005e0        0     1                 .L0 
802005e0 802005e0       96     1                 kernel_entry
80200676 80200676        0     1                 .L0 
80200676 80200676        0     1                 .L0 
80200676 80200676        0     1                 .L0 
80200676 80200676        0     1                 .L0 
80200676 80200676        0     1                 .L0 
80200676 80200676       f2     1                 handle_syscall
8020067c 8020067c        0     1                 .L0 
8020069a 8020069a        0     1                 .L0 
8020069e 8020069e        0     1                 .L0 
802006a0 802006a0        0     1                 .L0 
802006a4 802006a4        0     1                 .L0 
802006a6 802006a6        0     1                 .L0 
802006aa 802006aa        0     1                 .L0 
802006aa 802006aa        0     1                 .L0 
802006ac 802006ac        0     1                 .L0 
802006c0 802006c0        0     1                 .L0 
802006c0 802006c0        0     1                 .L0 
802006c4 802006c4        0     1                 .L0 
802006c4 802006c4        0     1                 .L0 
802006c4 802006c4        0     1                 .L0 
802006c6 802006c6        0     1                 .L0 
802006c6 802006c6        0     1                 .L0 
802006da 802006da        0     1                 .L0 
802006da 802006da        0     1                 .L0 
802006de 802006de        0     1                 .L0 
802006de 802006de        0     1                 .L0 
802006de 802006de        0     1                 .L0 
802006fa 802006fa        0     1                 .L0 
802006fa 802006fa        0     1                 .L0 
802006fc 802006fc        0     1                 .L0 
802006fc 802006fc        0     1                 .L0 
802006fc 802006fc        0     1                 .L0 
80200704 80200704        0     1                 .L0 
80200704 80200704        0     1                 .L0 
80200706 80200706        0     1                 .L0 
80200710 80200710        0     1                 .L0 
80200710 80200710        0     1                 .L0 
80200716 80200716        0     1                 .L0 
80200718 80200718        0     1                 .L0 
8020071a 8020071a        0     1                 .L0 
8020071a 8020071a        0     1                 .L0 
80200730 80200730        0     1                 .L0 
80200732 80200732        0     1                 .L0 
80200732 80200732        0     1                 .L0 
80200732 80200732        0     1                 .L0 
80200736 80200736        0     1                 .L0 
80200736 80200736        0     1                 .L0 
80200748 80200748        0     1                 .L0 
80200748 80200748        0     1                 .L0 
80200748 80200748        0     1                 .L0 
8020074c 8020074c        0     1                 .L0 
80200750 80200750        0     1                 .L0 
80200750 80200750        0     1                 .L0 
80200750 80200750        0     1                 .L0 
80200754 80200754        0     1                 .L0 
80200766 80200766        0     1                 .L0 
80200768 80200768        0     1                 .L0 
80200768 80200768        0     1                 .L0 
80200768 80200768        0     1                 .L0 
80200768 80200768        0     1                 .L0 
80200768 80200768        0     1                 .L0 
80200768 80200768       42     1                 handle_trap
8020076e 8020076e        0     1                 .L0 
8020076e 8020076e        0     1                 .L0 
80200772 80200772        0     1                 .L0 
80200776 80200776        0     1                 .L0 
80200778 80200778        0     1                 .L0 
8020077c 8020077c        0     1                 .L0 
8020077c 8020077c        0     1                 .L0 
80200780 80200780        0     1                 .L0 
80200780 80200780        0     1                 .L0 
80200782 80200782        0     1                 .L0 
80200782 80200782        0     1                 .L0 
80200784 80200784        0     1                 .L0 
80200784 80200784        0     1                 .L0 
80200788 80200788        0     1                 .L0 
8020078c 8020078c        0     1                 .L0 
8020078c 8020078c        0     1                 .L0 
80200790 80200790        0     1                 .L0 
80200790 80200790        0     1                 .L0 
80200790 80200790        0     1                 .L0 
80200794 80200794        0     1                 .L0 
802007a8 802007a8        0     1                 .L0 
802007aa 802007aa        0     1                 .L0 
802007aa 802007aa        0     1                 .L0 
802007aa 802007aa        0     1                 .L0 
802007aa 802007aa        0     1                 .L0 
802007aa 802007aa        0     1                 .L0 
802007aa 802007aa       10     1                 delay
802007b2 802007b2        0     1                 .L0 
802007b4 802007b4        0     1                 .L0 
802007b6 802007b6        0     1                 .L0 
802007b6 802007b6        0     1                 .L0 
802007b8 802007b8        0     1                 .L0 
802007b8 802007b8        0     1                 .L0 
802007ba 802007ba        0     1                 .L0 
802007ba 802007ba        0     1                 .L0 
802007ba 802007ba        0     1                 .L0 
802007ba 802007ba       3a     1                 proc_a_entry
802007c0 802007c0        0     1                 .L0 
802007ca 802007ca        0     1                 .L0 
802007ca 802007ca        0     1                 .L0 
802007d2 802007d2        0     1                 .L0 
802007d2 802007d2        0     1                 .L0 
802007d2 802007d2        0     1                 .L0 
802007e8 802007e8        0     1                 .L0 
802007e8 802007e8        0     1                 .L0 
802007ea 802007ea        0     1                 .L0 
802007ea 802007ea        0     1                 .L0 
802007ec 802007ec        0     1                 .L0 
802007ee 802007ee        0     1                 .L0 
802007f0 802007f0        0     1                 .L0 
802007f0 802007f0        0     1                 .L0 
802007f4 802007f4        0     1                 .L0 
802007f4 802007f4        0     1                 .L0 
802007f4 802007f4        0     1                 .L0 
802007f4 802007f4        0     1                 .L0 
802007f4 802007f4        0     1                 .L0 
802007f4 802007f4       3a     1                 proc_b_entry
802007fa 802007fa        0     1                 .L0 
80200804 80200804        0     1                 .L0 
80200804 80200804        0     1                 .L0 
8020080c 8020080c        0     1                 .L0 
8020080c 8020080c        0     1                 .L0 
8020080c 8020080c        0     1                 .L0 
80200822 80200822        0     1                 .L0 
80200822 80200822        0     1                 .L0 
80200824 80200824        0     1                 .L0 
80200824 80200824        0     1                 .L0 
80200826 80200826        0     1                 .L0 
80200828 80200828        0     1                 .L0 
8020082a 8020082a        0     1                 .L0 
8020082a 8020082a        0     1                 .L0 
8020082e 8020082e        0     1                 .L0 
8020082e 8020082e        0     1                 .L0 
8020082e 8020082e        0     1                 .L0 
8020082e 8020082e        0     1                 .L0 
8020082e 8020082e        0     1                 .L0 
8020082e 8020082e      118     1                 kernel_main
8020083a 8020083a        0     1                 .L0 
80200850 80200850        0     1                 .L0 
80200850 80200850        0     1                 .L0 
80200858 80200858        0     1                 .L0 
8020085c 8020085c        0     1                 .L0 
8020085c 8020085c        0     1                 .L0 
80200860 80200860        0     1                 .L0 
8020086e 8020086e        0     1                 .L0 
8020086e 8020086e        0     1                 .L0 
80200882 80200882        0     1                 .L0 
80200882 80200882        0     1                 .L0 
8020088a 8020088a        0     1                 .L0 
8020088a 8020088a        0     1                 .L0 
8020088c 8020088c        0     1                 .L0 
8020088e 8020088e        0     1                 .L0 
80200896 80200896        0     1                 .L0 
8020089a 8020089a        0     1                 .L0 
8020089e 8020089e        0     1                 .L0 
802008b2 802008b2        0     1                 .L0 
802008b4 802008b4        0     1                 .L0 
802008b4 802008b4        0     1                 .L0 
802008bc 802008bc        0     1                 .L0 
802008bc 802008bc        0     1                 .L0 
802008c0 802008c0        0     1                 .L0 
802008c0 802008c0        0     1                 .L0 
802008c2 802008c2        0     1                 .L0 
802008c8 802008c8        0     1                 .L0 
802008cc 802008cc        0     1                 .L0 
802008cc 802008cc        0     1                 .L0 
802008e0 802008e0        0     1                 .L0 
802008e2 802008e2        0     1                 .L0 
802008e2 802008e2        0     1                 .L0 
802008ea 802008ea        0     1                 .L0 
802008ea 802008ea        0     1                 .L0 
802008f6 802008f6        0     1                 .L0 
802008f6 802008f6        0     1                 .L0 
80200902 80200902        0     1                 .L0 
80200902 80200902        0     1                 .L0 
80200908 80200908        0     1                 .L0 
80200908 80200908        0     1                 .L0 
80200914 80200914        0     1                 .L0 
80200918 80200918        0     1                 .L0 
8020091a 8020091a        0     1                 .L0 
8020092c 8020092c        0     1                 .L0 
8020092c 8020092c        0     1                 .L0 
8020092e 8020092e        0     1                 .L0 
8020092e 8020092e        0     1                 .L0 
80200944 80200944        0     1                 .L0 
80200946 80200946        0     1                 .L0 
80200946 80200946        0     1                 .L0 
80200946 80200946      254     2         /var/folders/hw/r5t5ryts3r7fw374z_3h5bmw0000gp/T/common-c84caf.o:(.text)
80200946 80200946        0     1                 .L0 
80200946 80200946        0     1                 .L0 
80200946 80200946        0     1                 $x
80200946 80200946        0     1                 .L0 
80200946 80200946      1a8     1                 printf
80200962 80200962        0     1                 .L0 
8020098c 8020098c        0     1                 .L0 
8020099c 8020099c        0     1                 .L0 
8020099c 8020099c        0     1                 .L0 
802009a0 802009a0        0     1                 .L0 
802009a0 802009a0        0     1                 .L0 
802009a2 802009a2        0     1                 .L0 
802009a6 802009a6        0     1                 .L0 
802009ae 802009ae        0     1                 .L0 
802009ae 802009ae        0     1                 .L0 
802009b0 802009b0        0     1                 .L0 
802009b0 802009b0        0     1                 .L0 
802009b2 802009b2        0     1                 .L0 
802009b4 802009b4        0     1                 .L0 
802009b4 802009b4        0     1                 .L0 
802009ba 802009ba        0     1                 .L0 
802009ca 802009ca        0     1                 .L0 
802009ca 802009ca        0     1                 .L0 
802009d6 802009d6        0     1                 .L0 
802009d6 802009d6        0     1                 .L0 
802009da 802009da        0     1                 .L0 
802009da 802009da        0     1                 .L0 
802009dc 802009dc        0     1                 .L0 
802009e2 802009e2        0     1                 .L0 
802009e2 802009e2        0     1                 .L0 
802009ea 802009ea        0     1                 .L0 
802009ea 802009ea        0     1                 .L0 
802009f4 802009f4        0     1                 .L0 
802009f4 802009f4        0     1                 .L0 
802009f8 802009f8        0     1                 .L0 
802009f8 802009f8        0     1                 .L0 
802009fa 802009fa        0     1                 .L0 
802009fe 802009fe        0     1                 .L0 
80200a00 80200a00        0     1                 .L0 
80200a00 80200a00        0     1                 .L0 
80200a06 80200a06        0     1                 .L0 
80200a06 80200a06        0     1                 .L0 
80200a08 80200a08        0     1                 .L0 
80200a0c 80200a0c        0     1                 .L0 
80200a0e 80200a0e        0     1                 .L0 
80200a0e 80200a0e        0     1                 .L0 
80200a14 80200a14        0     1                 .L0 
80200a14 80200a14        0     1                 .L0 
80200a16 80200a16        0     1                 .L0 
80200a1a 80200a1a        0     1                 .L0 
80200a1c 80200a1c        0     1                 .L0 
80200a1c 80200a1c        0     1                 .L0 
80200a22 80200a22        0     1                 .L0 
80200a22 80200a22        0     1                 .L0 
80200a24 80200a24        0     1                 .L0 
80200a28 80200a28        0     1                 .L0 
80200a2a 80200a2a        0     1                 .L0 
80200a2a 80200a2a        0     1                 .L0 
80200a30 80200a30        0     1                 .L0 
80200a30 80200a30        0     1                 .L0 
80200a32 80200a32        0     1                 .L0 
80200a36 80200a36        0     1                 .L0 
80200a38 80200a38        0     1                 .L0 
80200a38 80200a38        0     1                 .L0 
80200a3e 80200a3e        0     1                 .L0 
80200a3e 80200a3e        0     1                 .L0 
80200a40 80200a40        0     1                 .L0 
80200a44 80200a44        0     1                 .L0 
80200a46 80200a46        0     1                 .L0 
80200a46 80200a46        0     1                 .L0 
80200a4c 80200a4c        0     1                 .L0 
80200a4c 80200a4c        0     1                 .L0 
80200a4e 80200a4e        0     1                 .L0 
80200a52 80200a52        0     1                 .L0 
80200a54 80200a54        0     1                 .L0 
80200a54 80200a54        0     1                 .L0 
80200a56 80200a56        0     1                 .L0 
80200a56 80200a56        0     1                 .L0 
80200a58 80200a58        0     1                 .L0 
80200a5c 80200a5c        0     1                 .L0 
80200a5c 80200a5c        0     1                 .L0 
80200a5e 80200a5e        0     1                 .L0 
80200a5e 80200a5e        0     1                 .L0 
80200a60 80200a60        0     1                 .L0 
80200a62 80200a62        0     1                 .L0 
80200a62 80200a62        0     1                 .L0 
80200a62 80200a62        0     1                 .L0 
80200a6c 80200a6c        0     1                 .L0 
80200a70 80200a70        0     1                 .L0 
80200a76 80200a76        0     1                 .L0 
80200a76 80200a76        0     1                 .L0 
80200a76 80200a76        0     1                 .L0 
80200a7c 80200a7c        0     1                 .L0 
80200a7c 80200a7c        0     1                 .L0 
80200a80 80200a80        0     1                 .L0 
80200a82 80200a82        0     1                 .L0 
80200a86 80200a86        0     1                 .L0 
80200a86 80200a86        0     1                 .L0 
80200a86 80200a86        0     1                 .L0 
80200a8c 80200a8c        0     1                 .L0 
80200a8c 80200a8c        0     1                 .L0 
80200a90 80200a90        0     1                 .L0 
80200a92 80200a92        0     1                 .L0 
80200a96 80200a96        0     1                 .L0 
80200a96 80200a96        0     1                 .L0 
80200a96 80200a96        0     1                 .L0 
80200a9c 80200a9c        0     1                 .L0 
80200a9e 80200a9e        0     1                 .L0 
80200aa2 80200aa2        0     1                 .L0 
80200aa6 80200aa6        0     1                 .L0 
80200aa6 80200aa6        0     1                 .L0 
80200aa6 80200aa6        0     1                 .L0 
80200aa8 80200aa8        0     1                 .L0 
80200aa8 80200aa8        0     1                 .L0 
80200aac 80200aac        0     1                 .L0 
80200ab0 80200ab0        0     1                 .L0 
80200ab6 80200ab6        0     1                 .L0 
80200ab6 80200ab6        0     1                 .L0 
80200ac4 80200ac4        0     1                 .L0 
80200ac4 80200ac4        0     1                 .L0 
80200aca 80200aca        0     1                 .L0 
80200aca 80200aca        0     1                 .L0 
80200aca 80200aca        0     1                 .L0 
80200ad0 80200ad0        0     1                 .L0 
80200ad0 80200ad0        0     1                 .L0 
80200ad0 80200ad0        0     1                 .L0 
80200ad4 80200ad4        0     1                 .L0 
80200aea 80200aea        0     1                 .L0 
80200aee 80200aee        0     1                 .L0 
80200aee 80200aee        0     1                 .L0 
80200aee 80200aee        0     1                 .L0 
80200aee 80200aee        0     1                 .L0 
80200aee 80200aee        0     1                 .L0 
80200aee 80200aee       1c     1                 memcpy
80200af2 80200af2        0     1                 .L0 
80200af2 80200af2        0     1                 .L0 
80200af4 80200af4        0     1                 .L0 
80200afe 80200afe        0     1                 .L0 
80200b04 80200b04        0     1                 .L0 
80200b04 80200b04        0     1                 .L0 
80200b08 80200b08        0     1                 .L0 
80200b08 80200b08        0     1                 .L0 
80200b0a 80200b0a        0     1                 .L0 
80200b0a 80200b0a        0     1                 .L0 
80200b0a 80200b0a        0     1                 .L0 
80200b0a 80200b0a       16     1                 memset
80200b0e 80200b0e        0     1                 .L0 
80200b0e 80200b0e        0     1                 .L0 
80200b10 80200b10        0     1                 .L0 
80200b14 80200b14        0     1                 .L0 
80200b1a 80200b1a        0     1                 .L0 
80200b1a 80200b1a        0     1                 .L0 
80200b1e 80200b1e        0     1                 .L0 
80200b1e 80200b1e        0     1                 .L0 
80200b20 80200b20        0     1                 .L0 
80200b20 80200b20        0     1                 .L0 
80200b20 80200b20        0     1                 .L0 
80200b20 80200b20       24     1                 strcpy
80200b26 80200b26        0     1                 .L0 
80200b2a 80200b2a        0     1                 .L0 
80200b2a 80200b2a        0     1                 .L0 
80200b2c 80200b2c        0     1                 .L0 
80200b38 80200b38        0     1                 .L0 
80200b3a 80200b3a        0     1                 .L0 
80200b3c 80200b3c        0     1                 .L0 
80200b3e 80200b3e        0     1                 .L0 
80200b3e 80200b3e        0     1                 .L0 
80200b42 80200b42        0     1                 .L0 
80200b44 80200b44        0     1                 .L0 
80200b44 80200b44        0     1                 .L0 
80200b44 80200b44        0     1                 .L0 
80200b44 80200b44       24     1                 strcmp
80200b48 80200b48        0     1                 .L0 
80200b4a 80200b4a        0     1                 .L0 
80200b4c 80200b4c        0     1                 .L0 
80200b50 80200b50        0     1                 .L0 
80200b54 80200b54        0     1                 .L0 
80200b54 80200b54        0     1                 .L0 
80200b5a 80200b5a        0     1                 .L0 
80200b5c 80200b5c        0     1                 .L0 
80200b5e 80200b5e        0     1                 .L0 
80200b66 80200b66        0     1                 .L0 
80200b68 80200b68        0     1                 .L0 
80200b68 80200b68        0     1                 .L0 
80200b68 80200b68        0     1                 .L0 
80200b68 80200b68        a     1                 srand
80200b70 80200b70        0     1                 .L0 
80200b72 80200b72        0     1                 .L0 
80200b72 80200b72        0     1                 .L0 
80200b72 80200b72        0     1                 .L0 
80200b72 80200b72        0     1                 .L0 
80200b72 80200b72        0     1                 .L0 
80200b72 80200b72       28     1                 rand
80200b82 80200b82        0     1                 .L0 
80200b8c 80200b8c        0     1                 .L0 
80200b8e 80200b8e        0     1                 .L0 
80200b94 80200b94        0     1                 .L0 
80200b98 80200b98        0     1                 .L0 
80200b9a 80200b9a        0     1                 .L0 
80200b9a 80200b9a        0     1                 .L0 
80200b9c 80200b9c      1f2     4 .rodata
80200b9c 80200b9c      1f2     1         <internal>:(.rodata.str1.1)
80200d90 80200d90    10558     4 .data
80200d90 80200d90        4     4         /var/folders/hw/r5t5ryts3r7fw374z_3h5bmw0000gp/T/kernel-63d480.o:(.data)
80200d90 80200d90        4     1                 alloc_pages.next_paddr
80200d90 80200d90        0     1                 $d
80200d94 80200d94        4     4         /var/folders/hw/r5t5ryts3r7fw374z_3h5bmw0000gp/T/common-c84caf.o:(.data)
80200d94 80200d94        4     1                 next
80200d94 80200d94        0     1                 $d
80200d98 80200d98    10550     1         shell.bin.o:(.data)
80200d98 80200d98        0     1                 _binary_shell_bin_start
802112e8 802112e8        0     1                 _binary_shell_bin_end
802112e8 802112e8    10090     4 .bss
802112e8 802112e8        0     1         __bss = .
802112e8 802112e8    10090     4         /var/folders/hw/r5t5ryts3r7fw374z_3h5bmw0000gp/T/kernel-63d480.o:(.bss)
802112e8 802112e8        0     1                 $d
802112e8 802112e8    10080     1                 procs
80221368 80221368        4     1                 proc_a
8022136c 8022136c        4     1                 proc_b
80221370 80221370        8     1                 .L_MergedGlobals
80221370 80221370        4     1                 idle_proc
80221374 80221374        4     1                 current_proc
80221378 80221378        0     1         __bss_end = .
80221378 80221378        0     1 . = ALIGN(4)
80221378 80221378    20000     1 . += 128 * 1024
80241378 80241378        0     1 __stack_top = .
80241378 80241378      c88     1 . = ALIGN(4096)
80242000 80242000        0     1 __free_ram = .
80242000 80242000  4000000     1 . += 64 * 1024 * 1024
84242000 84242000        0     1 __free_ram_end = .
       0        0      8a2     1 .debug_loclists
       0        0      6c1     1         /var/folders/hw/r5t5ryts3r7fw374z_3h5bmw0000gp/T/kernel-63d480.o:(.debug_loclists)
       0        0        0     1                 $d
       c        c        0     1                 .L0 
     6c1      6c1      1e1     1         /var/folders/hw/r5t5ryts3r7fw374z_3h5bmw0000gp/T/common-c84caf.o:(.debug_loclists)
     6c1      6c1        0     1                 $d
     6cd      6cd        0     1                 .L0 
       0        0      44f     1 .debug_abbrev
       0        0      2f8     1         /var/folders/hw/r5t5ryts3r7fw374z_3h5bmw0000gp/T/kernel-63d480.o:(.debug_abbrev)
       0        0        0     1                 $d
     2f8      2f8      157     1         /var/folders/hw/r5t5ryts3r7fw374z_3h5bmw0000gp/T/common-c84caf.o:(.debug_abbrev)
     2f8      2f8        0     1                 $d
       0        0      f1a     1 .debug_info
       0        0      ca7     1         /var/folders/hw/r5t5ryts3r7fw374z_3h5bmw0000gp/T/kernel-63d480.o:(.debug_info)
       0        0        0     1                 $d
     ca7      ca7      273     1         /var/folders/hw/r5t5ryts3r7fw374z_3h5bmw0000gp/T/common-c84caf.o:(.debug_info)
     ca7      ca7        0     1                 $d
       0        0       cc     1 .debug_rnglists
       0        0       b1     1         /var/folders/hw/r5t5ryts3r7fw374z_3h5bmw0000gp/T/kernel-63d480.o:(.debug_rnglists)
       0        0        0     1                 $d
       c        c        0     1                 .L0 
      b1       b1       1b     1         /var/folders/hw/r5t5ryts3r7fw374z_3h5bmw0000gp/T/common-c84caf.o:(.debug_rnglists)
      b1       b1        0     1                 $d
      bd       bd        0     1                 .L0 
       0        0      288     1 .debug_str_offsets
       0        0      1dc     1         /var/folders/hw/r5t5ryts3r7fw374z_3h5bmw0000gp/T/kernel-63d480.o:(.debug_str_offsets)
       0        0        0     1                 $d
       8        8        0     1                 .L0 
     1dc      1dc       ac     1         /var/folders/hw/r5t5ryts3r7fw374z_3h5bmw0000gp/T/common-c84caf.o:(.debug_str_offsets)
     1dc      1dc        0     1                 $d
     1e4      1e4        0     1                 .L0 
       0        0      3a0     1 .debug_str
       0        0      3a0     1         <internal>:(.debug_str)
       0        0      1f0     1 .debug_addr
       0        0      184     1         /var/folders/hw/r5t5ryts3r7fw374z_3h5bmw0000gp/T/kernel-63d480.o:(.debug_addr)
       0        0        0     1                 $d
       8        8        0     1                 .L0 
     184      184       6c     1         /var/folders/hw/r5t5ryts3r7fw374z_3h5bmw0000gp/T/common-c84caf.o:(.debug_addr)
     184      184        0     1                 $d
     18c      18c        0     1                 .L0 
       0        0       3b     1 .comment
       0        0       3b     1         <internal>:(.comment)
       0        0       4e     1 .riscv.attributes
       0        0       4e     1         <internal>:(.riscv.attributes)
       0        0      284     4 .debug_frame
       0        0      1cc     4         /var/folders/hw/r5t5ryts3r7fw374z_3h5bmw0000gp/T/kernel-63d480.o:(.debug_frame)
       0        0        0     1                 .L0 
       0        0        0     1                 $d
     1cc      1cc       b8     4         /var/folders/hw/r5t5ryts3r7fw374z_3h5bmw0000gp/T/common-c84caf.o:(.debug_frame)
     1cc      1cc        0     1                 .L0 
     1cc      1cc        0     1                 $d
       0        0      bdb     1 .debug_line
       0        0      892     1         /var/folders/hw/r5t5ryts3r7fw374z_3h5bmw0000gp/T/kernel-63d480.o:(.debug_line)
       0        0        0     1                 .Lline_table_start0
       0        0        0     1                 $d
     892      892      349     1         /var/folders/hw/r5t5ryts3r7fw374z_3h5bmw0000gp/T/common-c84caf.o:(.debug_line)
     892      892        0     1                 .Lline_table_start0
     892      892        0     1                 $d
       0        0       4b     1 .debug_line_str
       0        0       4b     1         <internal>:(.debug_line_str)
       0        0      4b0     4 .symtab
       0        0      4b0     4         <internal>:(.symtab)
       0        0       dc     1 .shstrtab
       0        0       dc     1         <internal>:(.shstrtab)
       0        0      227     1 .strtab
       0        0      227     1         <internal>:(.strtab)
