     VMA      LMA     Size Align Out     In      Symbol
       0        0 80200000     1 . = 0x80200000
80200000 80200000      27a     2 .text
80200000 80200000        e     2         /var/folders/hw/r5t5ryts3r7fw374z_3h5bmw0000gp/T/kernel-3b8f0e.o:(.text.boot)
80200000 80200000        0     1                 .L0 
80200000 80200000        0     1                 .L0 
80200000 80200000        0     1                 $x
80200000 80200000        0     1                 .L0 
80200000 80200000        e     1                 boot
8020000e 8020000e        0     1                 .L0 
8020000e 8020000e        0     1                 .L0 
8020000e 8020000e       4a     2         /var/folders/hw/r5t5ryts3r7fw374z_3h5bmw0000gp/T/kernel-3b8f0e.o:(.text)
8020000e 8020000e        0     1                 .L0 
8020000e 8020000e        0     1                 .L0 
8020000e 8020000e        0     1                 $x
8020000e 8020000e        0     1                 .L0 
8020000e 8020000e        6     1                 sbi_call
80200012 80200012        0     1                 .L0 
80200014 80200014        0     1                 .L0 
80200014 80200014        0     1                 .L0 
80200014 80200014        0     1                 .L0 
80200014 80200014       14     1                 putchar
80200026 80200026        0     1                 .L0 
80200028 80200028        0     1                 .L0 
80200028 80200028        0     1                 .L0 
80200028 80200028        0     1                 .L0 
80200028 80200028       30     1                 kernel_main
8020002c 8020002c        0     1                 .L0 
8020003e 8020003e        0     1                 .L0 
8020003e 8020003e        0     1                 .L0 
80200052 80200052        0     1                 .L0 
80200052 80200052        0     1                 .L0 
80200056 80200056        0     1                 .L0 
80200058 80200058        0     1                 .L0 
80200058 80200058        0     1                 .L0 
80200058 80200058      222     2         /var/folders/hw/r5t5ryts3r7fw374z_3h5bmw0000gp/T/common-d5995b.o:(.text)
80200058 80200058        0     1                 .L0 
80200058 80200058        0     1                 .L0 
80200058 80200058        0     1                 $x
80200058 80200058        0     1                 .L0 
80200058 80200058      1a8     1                 printf
80200074 80200074        0     1                 .L0 
8020009e 8020009e        0     1                 .L0 
802000ae 802000ae        0     1                 .L0 
802000ae 802000ae        0     1                 .L0 
802000b2 802000b2        0     1                 .L0 
802000b2 802000b2        0     1                 .L0 
802000b4 802000b4        0     1                 .L0 
802000b8 802000b8        0     1                 .L0 
802000c0 802000c0        0     1                 .L0 
802000c0 802000c0        0     1                 .L0 
802000c2 802000c2        0     1                 .L0 
802000c2 802000c2        0     1                 .L0 
802000c4 802000c4        0     1                 .L0 
802000c6 802000c6        0     1                 .L0 
802000c6 802000c6        0     1                 .L0 
802000cc 802000cc        0     1                 .L0 
802000dc 802000dc        0     1                 .L0 
802000dc 802000dc        0     1                 .L0 
802000e8 802000e8        0     1                 .L0 
802000e8 802000e8        0     1                 .L0 
802000ec 802000ec        0     1                 .L0 
802000ec 802000ec        0     1                 .L0 
802000ee 802000ee        0     1                 .L0 
802000f4 802000f4        0     1                 .L0 
802000f4 802000f4        0     1                 .L0 
802000fc 802000fc        0     1                 .L0 
802000fc 802000fc        0     1                 .L0 
80200106 80200106        0     1                 .L0 
80200106 80200106        0     1                 .L0 
8020010a 8020010a        0     1                 .L0 
8020010a 8020010a        0     1                 .L0 
8020010c 8020010c        0     1                 .L0 
80200110 80200110        0     1                 .L0 
80200112 80200112        0     1                 .L0 
80200112 80200112        0     1                 .L0 
80200118 80200118        0     1                 .L0 
80200118 80200118        0     1                 .L0 
8020011a 8020011a        0     1                 .L0 
8020011e 8020011e        0     1                 .L0 
80200120 80200120        0     1                 .L0 
80200120 80200120        0     1                 .L0 
80200126 80200126        0     1                 .L0 
80200126 80200126        0     1                 .L0 
80200128 80200128        0     1                 .L0 
8020012c 8020012c        0     1                 .L0 
8020012e 8020012e        0     1                 .L0 
8020012e 8020012e        0     1                 .L0 
80200134 80200134        0     1                 .L0 
80200134 80200134        0     1                 .L0 
80200136 80200136        0     1                 .L0 
8020013a 8020013a        0     1                 .L0 
8020013c 8020013c        0     1                 .L0 
8020013c 8020013c        0     1                 .L0 
80200142 80200142        0     1                 .L0 
80200142 80200142        0     1                 .L0 
80200144 80200144        0     1                 .L0 
80200148 80200148        0     1                 .L0 
8020014a 8020014a        0     1                 .L0 
8020014a 8020014a        0     1                 .L0 
80200150 80200150        0     1                 .L0 
80200150 80200150        0     1                 .L0 
80200152 80200152        0     1                 .L0 
80200156 80200156        0     1                 .L0 
80200158 80200158        0     1                 .L0 
80200158 80200158        0     1                 .L0 
8020015e 8020015e        0     1                 .L0 
8020015e 8020015e        0     1                 .L0 
80200160 80200160        0     1                 .L0 
80200164 80200164        0     1                 .L0 
80200166 80200166        0     1                 .L0 
80200166 80200166        0     1                 .L0 
80200168 80200168        0     1                 .L0 
80200168 80200168        0     1                 .L0 
8020016a 8020016a        0     1                 .L0 
8020016e 8020016e        0     1                 .L0 
8020016e 8020016e        0     1                 .L0 
80200170 80200170        0     1                 .L0 
80200170 80200170        0     1                 .L0 
80200172 80200172        0     1                 .L0 
80200174 80200174        0     1                 .L0 
80200174 80200174        0     1                 .L0 
80200174 80200174        0     1                 .L0 
8020017e 8020017e        0     1                 .L0 
80200182 80200182        0     1                 .L0 
80200188 80200188        0     1                 .L0 
80200188 80200188        0     1                 .L0 
80200188 80200188        0     1                 .L0 
8020018e 8020018e        0     1                 .L0 
8020018e 8020018e        0     1                 .L0 
80200192 80200192        0     1                 .L0 
80200194 80200194        0     1                 .L0 
80200198 80200198        0     1                 .L0 
80200198 80200198        0     1                 .L0 
80200198 80200198        0     1                 .L0 
8020019e 8020019e        0     1                 .L0 
8020019e 8020019e        0     1                 .L0 
802001a2 802001a2        0     1                 .L0 
802001a4 802001a4        0     1                 .L0 
802001a8 802001a8        0     1                 .L0 
802001a8 802001a8        0     1                 .L0 
802001a8 802001a8        0     1                 .L0 
802001ae 802001ae        0     1                 .L0 
802001b0 802001b0        0     1                 .L0 
802001b4 802001b4        0     1                 .L0 
802001b8 802001b8        0     1                 .L0 
802001b8 802001b8        0     1                 .L0 
802001b8 802001b8        0     1                 .L0 
802001ba 802001ba        0     1                 .L0 
802001ba 802001ba        0     1                 .L0 
802001be 802001be        0     1                 .L0 
802001c2 802001c2        0     1                 .L0 
802001c8 802001c8        0     1                 .L0 
802001c8 802001c8        0     1                 .L0 
802001d6 802001d6        0     1                 .L0 
802001d6 802001d6        0     1                 .L0 
802001dc 802001dc        0     1                 .L0 
802001dc 802001dc        0     1                 .L0 
802001dc 802001dc        0     1                 .L0 
802001e2 802001e2        0     1                 .L0 
802001e2 802001e2        0     1                 .L0 
802001e2 802001e2        0     1                 .L0 
802001e6 802001e6        0     1                 .L0 
802001fc 802001fc        0     1                 .L0 
80200200 80200200        0     1                 .L0 
80200200 80200200        0     1                 .L0 
80200200 80200200        0     1                 .L0 
80200200 80200200        0     1                 .L0 
80200200 80200200        0     1                 .L0 
80200200 80200200       1c     1                 memcpy
80200204 80200204        0     1                 .L0 
80200204 80200204        0     1                 .L0 
80200206 80200206        0     1                 .L0 
80200210 80200210        0     1                 .L0 
80200216 80200216        0     1                 .L0 
80200216 80200216        0     1                 .L0 
8020021a 8020021a        0     1                 .L0 
8020021a 8020021a        0     1                 .L0 
8020021c 8020021c        0     1                 .L0 
8020021c 8020021c        0     1                 .L0 
8020021c 8020021c        0     1                 .L0 
8020021c 8020021c       16     1                 memset
80200220 80200220        0     1                 .L0 
80200220 80200220        0     1                 .L0 
80200222 80200222        0     1                 .L0 
80200226 80200226        0     1                 .L0 
8020022c 8020022c        0     1                 .L0 
8020022c 8020022c        0     1                 .L0 
80200230 80200230        0     1                 .L0 
80200230 80200230        0     1                 .L0 
80200232 80200232        0     1                 .L0 
80200232 80200232        0     1                 .L0 
80200232 80200232        0     1                 .L0 
80200232 80200232       24     1                 strcpy
80200238 80200238        0     1                 .L0 
8020023c 8020023c        0     1                 .L0 
8020023c 8020023c        0     1                 .L0 
8020023e 8020023e        0     1                 .L0 
8020024a 8020024a        0     1                 .L0 
8020024c 8020024c        0     1                 .L0 
8020024e 8020024e        0     1                 .L0 
80200250 80200250        0     1                 .L0 
80200250 80200250        0     1                 .L0 
80200254 80200254        0     1                 .L0 
80200256 80200256        0     1                 .L0 
80200256 80200256        0     1                 .L0 
80200256 80200256        0     1                 .L0 
80200256 80200256       24     1                 strcmp
8020025a 8020025a        0     1                 .L0 
8020025c 8020025c        0     1                 .L0 
8020025e 8020025e        0     1                 .L0 
80200262 80200262        0     1                 .L0 
80200266 80200266        0     1                 .L0 
80200266 80200266        0     1                 .L0 
8020026c 8020026c        0     1                 .L0 
8020026e 8020026e        0     1                 .L0 
80200270 80200270        0     1                 .L0 
8020027a 8020027a        0     1                 .L0 
8020027c 8020027c       34     4 .rodata
8020027c 8020027c       34     1         <internal>:(.rodata.str1.1)
802002b0 802002b0        0     4 .bss
802002b0 802002b0        0     1         __bss = .
802002b0 802002b0        0     1         __bss_end = .
802002b0 802002b0        0     1 . = ALIGN(4)
802002b0 802002b0    20000     1 . += 128 * 1024
802202b0 802202b0        0     1 __stack_top = .
       0        0      21b     1 .debug_loclists
       0        0       3a     1         /var/folders/hw/r5t5ryts3r7fw374z_3h5bmw0000gp/T/kernel-3b8f0e.o:(.debug_loclists)
       0        0        0     1                 $d
       c        c        0     1                 .L0 
      3a       3a      1e1     1         /var/folders/hw/r5t5ryts3r7fw374z_3h5bmw0000gp/T/common-d5995b.o:(.debug_loclists)
      3a       3a        0     1                 $d
      46       46        0     1                 .L0 
       0        0      290     1 .debug_abbrev
       0        0      161     1         /var/folders/hw/r5t5ryts3r7fw374z_3h5bmw0000gp/T/kernel-3b8f0e.o:(.debug_abbrev)
       0        0        0     1                 $d
     161      161      12f     1         /var/folders/hw/r5t5ryts3r7fw374z_3h5bmw0000gp/T/common-d5995b.o:(.debug_abbrev)
     161      161        0     1                 $d
       0        0      492     1 .debug_info
       0        0      253     1         /var/folders/hw/r5t5ryts3r7fw374z_3h5bmw0000gp/T/kernel-3b8f0e.o:(.debug_info)
       0        0        0     1                 $d
     253      253      23f     1         /var/folders/hw/r5t5ryts3r7fw374z_3h5bmw0000gp/T/common-d5995b.o:(.debug_info)
     253      253        0     1                 $d
       0        0       32     1 .debug_rnglists
       0        0       17     1         /var/folders/hw/r5t5ryts3r7fw374z_3h5bmw0000gp/T/kernel-3b8f0e.o:(.debug_rnglists)
       0        0        0     1                 $d
       c        c        0     1                 .L0 
      17       17       1b     1         /var/folders/hw/r5t5ryts3r7fw374z_3h5bmw0000gp/T/common-d5995b.o:(.debug_rnglists)
      17       17        0     1                 $d
      23       23        0     1                 .L0 
       0        0      11c     1 .debug_str_offsets
       0        0       84     1         /var/folders/hw/r5t5ryts3r7fw374z_3h5bmw0000gp/T/kernel-3b8f0e.o:(.debug_str_offsets)
       0        0        0     1                 $d
       8        8        0     1                 .L0 
      84       84       98     1         /var/folders/hw/r5t5ryts3r7fw374z_3h5bmw0000gp/T/common-d5995b.o:(.debug_str_offsets)
      84       84        0     1                 $d
      8c       8c        0     1                 .L0 
       0        0      19a     1 .debug_str
       0        0      19a     1         <internal>:(.debug_str)
       0        0       8c     1 .debug_addr
       0        0       2c     1         /var/folders/hw/r5t5ryts3r7fw374z_3h5bmw0000gp/T/kernel-3b8f0e.o:(.debug_addr)
       0        0        0     1                 $d
       8        8        0     1                 .L0 
      2c       2c       60     1         /var/folders/hw/r5t5ryts3r7fw374z_3h5bmw0000gp/T/common-d5995b.o:(.debug_addr)
      2c       2c        0     1                 $d
      34       34        0     1                 .L0 
       0        0       3b     1 .comment
       0        0       3b     1         <internal>:(.comment)
       0        0       4e     1 .riscv.attributes
       0        0       4e     1         <internal>:(.riscv.attributes)
       0        0       f4     4 .debug_frame
       0        0       5c     4         /var/folders/hw/r5t5ryts3r7fw374z_3h5bmw0000gp/T/kernel-3b8f0e.o:(.debug_frame)
       0        0        0     1                 .L0 
       0        0        0     1                 $d
      5c       5c       98     4         /var/folders/hw/r5t5ryts3r7fw374z_3h5bmw0000gp/T/common-d5995b.o:(.debug_frame)
      5c       5c        0     1                 .L0 
      5c       5c        0     1                 $d
       0        0      3cf     1 .debug_line
       0        0       cd     1         /var/folders/hw/r5t5ryts3r7fw374z_3h5bmw0000gp/T/kernel-3b8f0e.o:(.debug_line)
       0        0        0     1                 .Lline_table_start0
       0        0        0     1                 $d
      cd       cd      302     1         /var/folders/hw/r5t5ryts3r7fw374z_3h5bmw0000gp/T/common-d5995b.o:(.debug_line)
      cd       cd        0     1                 .Lline_table_start0
      cd       cd        0     1                 $d
       0        0       4b     1 .debug_line_str
       0        0       4b     1         <internal>:(.debug_line_str)
       0        0      2c0     4 .symtab
       0        0      2c0     4         <internal>:(.symtab)
       0        0       d6     1 .shstrtab
       0        0       d6     1         <internal>:(.shstrtab)
       0        0       cb     1 .strtab
       0        0       cb     1         <internal>:(.strtab)
