     VMA      LMA     Size Align Out     In      Symbol
       0        0 80200000     1 . = 0x80200000
80200000        0        0     1 __kernel_base = .
80200000 80200000      fbe     4 .text
80200000 80200000        e     2         /var/folders/hw/r5t5ryts3r7fw374z_3h5bmw0000gp/T/kernel-327e0c.o:(.text.boot)
80200000 80200000        0     1                 .L0 
80200000 80200000        0     1                 .L0 
80200000 80200000        0     1                 $x
80200000 80200000        0     1                 .L0 
80200000 80200000        e     1                 boot
8020000e 8020000e        0     1                 .L0 
8020000e 8020000e        0     1                 .L0 
80200010 80200010      d42     4         /var/folders/hw/r5t5ryts3r7fw374z_3h5bmw0000gp/T/kernel-327e0c.o:(.text)
80200010 80200010        0     1                 .L0 
80200010 80200010        0     1                 .L0 
80200010 80200010        0     1                 $x
80200010 80200010        0     1                 .L0 
80200010 80200010        a     1                 virtio_reg_read32
80200018 80200018        0     1                 .L0 
8020001a 8020001a        0     1                 .L0 
8020001a 8020001a        0     1                 .L0 
8020001a 8020001a        0     1                 .L0 
8020001a 8020001a        c     1                 virtio_reg_read64
80200024 80200024        0     1                 .L0 
80200026 80200026        0     1                 .L0 
80200026 80200026        0     1                 .L0 
80200026 80200026        0     1                 .L0 
80200026 80200026        a     1                 virtio_reg_write32
8020002e 8020002e        0     1                 .L0 
80200030 80200030        0     1                 .L0 
80200030 80200030        0     1                 .L0 
80200030 80200030        0     1                 .L0 
80200030 80200030        e     1                 virtio_reg_fetch_and_or32
8020003a 8020003a        0     1                 .L0 
8020003c 8020003c        0     1                 .L0 
8020003e 8020003e        0     1                 .L0 
8020003e 8020003e        0     1                 .L0 
8020003e 8020003e        0     1                 .L0 
8020003e 8020003e       52     1                 alloc_pages
80200044 80200044        0     1                 .L0 
80200044 80200044        0     1                 .L0 
8020004c 8020004c        0     1                 .L0 
8020004c 8020004c        0     1                 .L0 
80200050 80200050        0     1                 .L0 
80200054 80200054        0     1                 .L0 
80200054 80200054        0     1                 .L0 
8020005c 8020005c        0     1                 .L0 
80200060 80200060        0     1                 .L0 
80200064 80200064        0     1                 .L0 
8020007c 8020007c        0     1                 .L0 
8020007e 8020007e        0     1                 .L0 
8020007e 8020007e        0     1                 .L0 
80200086 80200086        0     1                 .L0 
80200086 80200086        0     1                 .L0 
80200088 80200088        0     1                 .L0 
8020008c 8020008c        0     1                 .L0 
8020008c 8020008c        0     1                 .L0 
80200090 80200090        0     1                 .L0 
80200090 80200090        0     1                 .L0 
80200090 80200090        0     1                 .L0 
80200090 80200090        0     1                 .L0 
80200090 80200090        0     1                 .L0 
80200090 80200090       e0     1                 map_page
8020009e 8020009e        0     1                 .L0 
802000a0 802000a0        0     1                 .L0 
802000a0 802000a0        0     1                 .L0 
802000a4 802000a4        0     1                 .L0 
802000a8 802000a8        0     1                 .L0 
802000b8 802000b8        0     1                 .L0 
802000ba 802000ba        0     1                 .L0 
802000be 802000be        0     1                 .L0 
802000c0 802000c0        0     1                 .L0 
802000c0 802000c0        0     1                 .L0 
802000c0 802000c0        0     1                 .L0 
802000c6 802000c6        0     1                 .L0 
802000c8 802000c8        0     1                 .L0 
802000cc 802000cc        0     1                 .L0 
802000da 802000da        0     1                 .L0 
802000de 802000de        0     1                 .L0 
802000e2 802000e2        0     1                 .L0 
802000e4 802000e4        0     1                 .L0 
802000e4 802000e4        0     1                 .L0 
802000e4 802000e4        0     1                 .L0 
802000f0 802000f0        0     1                 .L0 
802000f0 802000f0        0     1                 .L0 
802000f6 802000f6        0     1                 .L0 
802000f6 802000f6        0     1                 .L0 
802000fe 802000fe        0     1                 .L0 
802000fe 802000fe        0     1                 .L0 
80200100 80200100        0     1                 .L0 
80200102 80200102        0     1                 .L0 
8020010a 8020010a        0     1                 .L0 
8020010e 8020010e        0     1                 .L0 
80200112 80200112        0     1                 .L0 
80200126 80200126        0     1                 .L0 
8020012a 8020012a        0     1                 .L0 
8020012c 8020012c        0     1                 .L0 
8020012c 8020012c        0     1                 .L0 
8020012c 8020012c        0     1                 .L0 
8020012e 8020012e        0     1                 .L0 
8020012e 8020012e        0     1                 .L0 
80200136 80200136        0     1                 .L0 
8020013a 8020013a        0     1                 .L0 
8020013a 8020013a        0     1                 .L0 
8020013e 8020013e        0     1                 .L0 
80200148 80200148        0     1                 .L0 
80200148 80200148        0     1                 .L0 
8020014e 8020014e        0     1                 .L0 
80200154 80200154        0     1                 .L0 
8020015e 8020015e        0     1                 .L0 
80200160 80200160        0     1                 .L0 
8020016c 8020016c        0     1                 .L0 
80200170 80200170        0     1                 .L0 
80200170 80200170        0     1                 .L0 
80200170 80200170        0     1                 .L0 
80200170 80200170        0     1                 .L0 
80200170 80200170        0     1                 .L0 
80200170 80200170       14     1                 user_entry
80200178 80200178        0     1                 .L0 
80200184 80200184        0     1                 .L0 
80200184 80200184        0     1                 .L0 
80200184 80200184        0     1                 .L0 
80200184 80200184      280     1                 create_process
802001a0 802001a0        0     1                 .L0 
802001a2 802001a2        0     1                 .L0 
802001a2 802001a2        0     1                 .L0 
802001b0 802001b0        0     1                 .L0 
802001b0 802001b0        0     1                 .L0 
802001b2 802001b2        0     1                 .L0 
802001b2 802001b2        0     1                 .L0 
802001ba 802001ba        0     1                 .L0 
802001bc 802001bc        0     1                 .L0 
802001bc 802001bc        0     1                 .L0 
802001c4 802001c4        0     1                 .L0 
802001c6 802001c6        0     1                 .L0 
802001c6 802001c6        0     1                 .L0 
802001ce 802001ce        0     1                 .L0 
802001d0 802001d0        0     1                 .L0 
802001d0 802001d0        0     1                 .L0 
802001d8 802001d8        0     1                 .L0 
802001da 802001da        0     1                 .L0 
802001da 802001da        0     1                 .L0 
802001e2 802001e2        0     1                 .L0 
802001e4 802001e4        0     1                 .L0 
802001e4 802001e4        0     1                 .L0 
802001ec 802001ec        0     1                 .L0 
802001ee 802001ee        0     1                 .L0 
802001ee 802001ee        0     1                 .L0 
802001f6 802001f6        0     1                 .L0 
802001f8 802001f8        0     1                 .L0 
802001f8 802001f8        0     1                 .L0 
80200210 80200210        0     1                 .L0 
80200212 80200212        0     1                 .L0 
80200212 80200212        0     1                 .L0 
80200212 80200212        0     1                 .L0 
80200216 80200216        0     1                 .L0 
80200216 80200216        0     1                 .L0 
8020021c 8020021c        0     1                 .L0 
8020021e 8020021e        0     1                 .L0 
8020021e 8020021e        0     1                 .L0 
8020021e 8020021e        0     1                 .L0 
80200226 80200226        0     1                 .L0 
80200228 80200228        0     1                 .L0 
80200228 80200228        0     1                 .L0 
80200228 80200228        0     1                 .L0 
80200230 80200230        0     1                 .L0 
80200232 80200232        0     1                 .L0 
80200232 80200232        0     1                 .L0 
80200232 80200232        0     1                 .L0 
8020023a 8020023a        0     1                 .L0 
8020023c 8020023c        0     1                 .L0 
8020023c 8020023c        0     1                 .L0 
8020023c 8020023c        0     1                 .L0 
80200244 80200244        0     1                 .L0 
80200246 80200246        0     1                 .L0 
80200246 80200246        0     1                 .L0 
80200246 80200246        0     1                 .L0 
8020024e 8020024e        0     1                 .L0 
80200250 80200250        0     1                 .L0 
80200250 80200250        0     1                 .L0 
80200250 80200250        0     1                 .L0 
80200258 80200258        0     1                 .L0 
80200258 80200258        0     1                 .L0 
80200260 80200260        0     1                 .L0 
80200260 80200260        0     1                 .L0 
80200262 80200262        0     1                 .L0 
80200262 80200262        0     1                 .L0 
8020026c 8020026c        0     1                 .L0 
8020026c 8020026c        0     1                 .L0 
80200272 80200272        0     1                 .L0 
8020027e 8020027e        0     1                 .L0 
8020027e 8020027e        0     1                 .L0 
80200280 80200280        0     1                 .L0 
80200284 80200284        0     1                 .L0 
80200288 80200288        0     1                 .L0 
8020028c 8020028c        0     1                 .L0 
80200290 80200290        0     1                 .L0 
80200294 80200294        0     1                 .L0 
80200298 80200298        0     1                 .L0 
8020029c 8020029c        0     1                 .L0 
802002a0 802002a0        0     1                 .L0 
802002a4 802002a4        0     1                 .L0 
802002ac 802002ac        0     1                 .L0 
802002b0 802002b0        0     1                 .L0 
802002b4 802002b4        0     1                 .L0 
802002b4 802002b4        0     1                 .L0 
802002b8 802002b8        0     1                 .L0 
802002b8 802002b8        0     1                 .L0 
802002d0 802002d0        0     1                 .L0 
802002d2 802002d2        0     1                 .L0 
802002d2 802002d2        0     1                 .L0 
802002d4 802002d4        0     1                 .L0 
802002e0 802002e0        0     1                 .L0 
802002e0 802002e0        0     1                 .L0 
802002e8 802002e8        0     1                 .L0 
802002e8 802002e8        0     1                 .L0 
802002ec 802002ec        0     1                 .L0 
802002ec 802002ec        0     1                 .L0 
802002ec 802002ec        0     1                 .L0 
802002f6 802002f6        0     1                 .L0 
802002f6 802002f6        0     1                 .L0 
802002f8 802002f8        0     1                 .L0 
802002fc 802002fc        0     1                 .L0 
802002fc 802002fc        0     1                 .L0 
802002fc 802002fc        0     1                 .L0 
80200300 80200300        0     1                 .L0 
80200306 80200306        0     1                 .L0 
80200306 80200306        0     1                 .L0 
8020030e 8020030e        0     1                 .L0 
8020030e 8020030e        0     1                 .L0 
80200310 80200310        0     1                 .L0 
80200316 80200316        0     1                 .L0 
8020031a 8020031a        0     1                 .L0 
80200332 80200332        0     1                 .L0 
80200334 80200334        0     1                 .L0 
80200334 80200334        0     1                 .L0 
8020033e 8020033e        0     1                 .L0 
8020033e 8020033e        0     1                 .L0 
80200340 80200340        0     1                 .L0 
8020034a 8020034a        0     1                 .L0 
8020034a 8020034a        0     1                 .L0 
80200352 80200352        0     1                 .L0 
80200358 80200358        0     1                 .L0 
80200358 80200358        0     1                 .L0 
8020035c 8020035c        0     1                 .L0 
8020035c 8020035c        0     1                 .L0 
8020036e 8020036e        0     1                 .L0 
8020036e 8020036e        0     1                 .L0 
80200370 80200370        0     1                 .L0 
80200370 80200370        0     1                 .L0 
80200372 80200372        0     1                 .L0 
80200378 80200378        0     1                 .L0 
80200378 80200378        0     1                 .L0 
8020037c 8020037c        0     1                 .L0 
80200384 80200384        0     1                 .L0 
80200384 80200384        0     1                 .L0 
80200386 80200386        0     1                 .L0 
8020038e 8020038e        0     1                 .L0 
80200392 80200392        0     1                 .L0 
80200392 80200392        0     1                 .L0 
80200392 80200392        0     1                 .L0 
80200396 80200396        0     1                 .L0 
80200396 80200396        0     1                 .L0 
8020039e 8020039e        0     1                 .L0 
802003a2 802003a2        0     1                 .L0 
802003ac 802003ac        0     1                 .L0 
802003ac 802003ac        0     1                 .L0 
802003ae 802003ae        0     1                 .L0 
802003ae 802003ae        0     1                 .L0 
802003b2 802003b2        0     1                 .L0 
802003b2 802003b2        0     1                 .L0 
802003b6 802003b6        0     1                 .L0 
802003ba 802003ba        0     1                 .L0 
802003be 802003be        0     1                 .L0 
802003c2 802003c2        0     1                 .L0 
802003c6 802003c6        0     1                 .L0 
802003ca 802003ca        0     1                 .L0 
802003cc 802003cc        0     1                 .L0 
802003d8 802003d8        0     1                 .L0 
802003da 802003da        0     1                 .L0 
802003dc 802003dc        0     1                 .L0 
802003e0 802003e0        0     1                 .L0 
802003e6 802003e6        0     1                 .L0 
802003ea 802003ea        0     1                 .L0 
802003ea 802003ea        0     1                 .L0 
802003ea 802003ea        0     1                 .L0 
80200402 80200402        0     1                 .L0 
80200404 80200404        0     1                 .L0 
80200404 80200404        0     1                 .L0 
80200404 80200404        0     1                 .L0 
80200404 80200404        0     1                 .L0 
80200404 80200404        0     1                 .L0 
80200404 80200404        0     1                 .L0 
80200404 80200404       46     1                 switch_context
8020044a 8020044a        0     1                 .L0 
8020044a 8020044a        0     1                 .L0 
8020044a 8020044a        0     1                 .L0 
8020044a 8020044a      194     1                 yield
80200454 80200454        0     1                 .L0 
80200454 80200454        0     1                 .L0 
80200462 80200462        0     1                 .L0 
80200474 80200474        0     1                 .L0 
80200474 80200474        0     1                 .L0 
80200476 80200476        0     1                 .L0 
80200476 80200476        0     1                 .L0 
8020047a 8020047a        0     1                 .L0 
8020047a 8020047a        0     1                 .L0 
8020047c 8020047c        0     1                 .L0 
8020047c 8020047c        0     1                 .L0 
80200480 80200480        0     1                 .L0 
80200482 80200482        0     1                 .L0 
80200486 80200486        0     1                 .L0 
80200486 80200486        0     1                 .L0 
8020048e 8020048e        0     1                 .L0 
802004a2 802004a2        0     1                 .L0 
802004a4 802004a4        0     1                 .L0 
802004a8 802004a8        0     1                 .L0 
802004aa 802004aa        0     1                 .L0 
802004ae 802004ae        0     1                 .L0 
802004ae 802004ae        0     1                 .L0 
802004b6 802004b6        0     1                 .L0 
802004ca 802004ca        0     1                 .L0 
802004ce 802004ce        0     1                 .L0 
802004d2 802004d2        0     1                 .L0 
802004d4 802004d4        0     1                 .L0 
802004d8 802004d8        0     1                 .L0 
802004d8 802004d8        0     1                 .L0 
802004e0 802004e0        0     1                 .L0 
802004f4 802004f4        0     1                 .L0 
802004f6 802004f6        0     1                 .L0 
802004fa 802004fa        0     1                 .L0 
802004fc 802004fc        0     1                 .L0 
80200500 80200500        0     1                 .L0 
80200500 80200500        0     1                 .L0 
80200508 80200508        0     1                 .L0 
8020051c 8020051c        0     1                 .L0 
80200520 80200520        0     1                 .L0 
80200524 80200524        0     1                 .L0 
80200526 80200526        0     1                 .L0 
8020052a 8020052a        0     1                 .L0 
8020052a 8020052a        0     1                 .L0 
80200532 80200532        0     1                 .L0 
80200546 80200546        0     1                 .L0 
80200548 80200548        0     1                 .L0 
8020054c 8020054c        0     1                 .L0 
8020054e 8020054e        0     1                 .L0 
80200552 80200552        0     1                 .L0 
80200552 80200552        0     1                 .L0 
8020055a 8020055a        0     1                 .L0 
8020056e 8020056e        0     1                 .L0 
80200572 80200572        0     1                 .L0 
80200576 80200576        0     1                 .L0 
80200578 80200578        0     1                 .L0 
8020057c 8020057c        0     1                 .L0 
8020057c 8020057c        0     1                 .L0 
80200598 80200598        0     1                 .L0 
8020059c 8020059c        0     1                 .L0 
8020059e 8020059e        0     1                 .L0 
802005a2 802005a2        0     1                 .L0 
802005a2 802005a2        0     1                 .L0 
802005a4 802005a4        0     1                 .L0 
802005a4 802005a4        0     1                 .L0 
802005a8 802005a8        0     1                 .L0 
802005b0 802005b0        0     1                 .L0 
802005b2 802005b2        0     1                 .L0 
802005b4 802005b4        0     1                 .L0 
802005ba 802005ba        0     1                 .L0 
802005bc 802005bc        0     1                 .L0 
802005cc 802005cc        0     1                 .L0 
802005d0 802005d0        0     1                 .L0 
802005d0 802005d0        0     1                 .L0 
802005d2 802005d2        0     1                 .L0 
802005d2 802005d2        0     1                 .L0 
802005d6 802005d6        0     1                 .L0 
802005da 802005da        0     1                 .L0 
802005da 802005da        0     1                 .L0 
802005dc 802005dc        0     1                 .L0 
802005dc 802005dc        0     1                 .L0 
802005de 802005de        0     1                 .L0 
802005de 802005de        0     1                 .L0 
802005de 802005de        0     1                 .L0 
802005de 802005de        0     1                 .L0 
802005de 802005de        0     1                 .L0 
802005de 802005de        6     1                 sbi_call
802005e2 802005e2        0     1                 .L0 
802005e2 802005e2        0     1                 .L0 
802005e4 802005e4        0     1                 .L0 
802005e4 802005e4        0     1                 .L0 
802005e4 802005e4        0     1                 .L0 
802005e4 802005e4       14     1                 putchar
802005f6 802005f6        0     1                 .L0 
802005f6 802005f6        0     1                 .L0 
802005f8 802005f8        0     1                 .L0 
802005f8 802005f8        0     1                 .L0 
802005f8 802005f8        0     1                 .L0 
802005f8 802005f8       16     1                 getchar
8020060c 8020060c        0     1                 .L0 
8020060c 8020060c        0     1                 .L0 
8020060e 8020060e        0     1                 .L0 
80200610 80200610        0     1                 .L0 
80200610 80200610        0     1                 .L0 
80200610 80200610        0     1                 .L0 
80200610 80200610       96     1                 kernel_entry
802006a6 802006a6        0     1                 .L0 
802006a6 802006a6        0     1                 .L0 
802006a6 802006a6        0     1                 .L0 
802006a6 802006a6        0     1                 .L0 
802006a6 802006a6        0     1                 .L0 
802006a6 802006a6       f2     1                 handle_syscall
802006ac 802006ac        0     1                 .L0 
802006ca 802006ca        0     1                 .L0 
802006ce 802006ce        0     1                 .L0 
802006d0 802006d0        0     1                 .L0 
802006d4 802006d4        0     1                 .L0 
802006d6 802006d6        0     1                 .L0 
802006da 802006da        0     1                 .L0 
802006da 802006da        0     1                 .L0 
802006dc 802006dc        0     1                 .L0 
802006f0 802006f0        0     1                 .L0 
802006f0 802006f0        0     1                 .L0 
802006f4 802006f4        0     1                 .L0 
802006f4 802006f4        0     1                 .L0 
802006f4 802006f4        0     1                 .L0 
802006f6 802006f6        0     1                 .L0 
802006f6 802006f6        0     1                 .L0 
8020070a 8020070a        0     1                 .L0 
8020070a 8020070a        0     1                 .L0 
8020070e 8020070e        0     1                 .L0 
8020070e 8020070e        0     1                 .L0 
8020070e 8020070e        0     1                 .L0 
8020072a 8020072a        0     1                 .L0 
8020072a 8020072a        0     1                 .L0 
8020072c 8020072c        0     1                 .L0 
8020072c 8020072c        0     1                 .L0 
8020072c 8020072c        0     1                 .L0 
80200734 80200734        0     1                 .L0 
80200734 80200734        0     1                 .L0 
80200736 80200736        0     1                 .L0 
80200740 80200740        0     1                 .L0 
80200740 80200740        0     1                 .L0 
80200746 80200746        0     1                 .L0 
80200748 80200748        0     1                 .L0 
8020074a 8020074a        0     1                 .L0 
8020074a 8020074a        0     1                 .L0 
80200760 80200760        0     1                 .L0 
80200762 80200762        0     1                 .L0 
80200762 80200762        0     1                 .L0 
80200762 80200762        0     1                 .L0 
80200766 80200766        0     1                 .L0 
80200766 80200766        0     1                 .L0 
80200778 80200778        0     1                 .L0 
80200778 80200778        0     1                 .L0 
80200778 80200778        0     1                 .L0 
8020077c 8020077c        0     1                 .L0 
80200780 80200780        0     1                 .L0 
80200780 80200780        0     1                 .L0 
80200780 80200780        0     1                 .L0 
80200784 80200784        0     1                 .L0 
80200796 80200796        0     1                 .L0 
80200798 80200798        0     1                 .L0 
80200798 80200798        0     1                 .L0 
80200798 80200798        0     1                 .L0 
80200798 80200798        0     1                 .L0 
80200798 80200798        0     1                 .L0 
80200798 80200798       42     1                 handle_trap
8020079e 8020079e        0     1                 .L0 
8020079e 8020079e        0     1                 .L0 
802007a2 802007a2        0     1                 .L0 
802007a6 802007a6        0     1                 .L0 
802007a8 802007a8        0     1                 .L0 
802007ac 802007ac        0     1                 .L0 
802007ac 802007ac        0     1                 .L0 
802007b0 802007b0        0     1                 .L0 
802007b0 802007b0        0     1                 .L0 
802007b2 802007b2        0     1                 .L0 
802007b2 802007b2        0     1                 .L0 
802007b4 802007b4        0     1                 .L0 
802007b4 802007b4        0     1                 .L0 
802007b8 802007b8        0     1                 .L0 
802007bc 802007bc        0     1                 .L0 
802007bc 802007bc        0     1                 .L0 
802007c0 802007c0        0     1                 .L0 
802007c0 802007c0        0     1                 .L0 
802007c0 802007c0        0     1                 .L0 
802007c4 802007c4        0     1                 .L0 
802007d8 802007d8        0     1                 .L0 
802007da 802007da        0     1                 .L0 
802007da 802007da        0     1                 .L0 
802007da 802007da        0     1                 .L0 
802007da 802007da        0     1                 .L0 
802007da 802007da        0     1                 .L0 
802007da 802007da       74     1                 virtq_init
802007e2 802007e2        0     1                 .L0 
802007e4 802007e4        0     1                 .L0 
802007e4 802007e4        0     1                 .L0 
802007ec 802007ec        0     1                 .L0 
802007ec 802007ec        0     1                 .L0 
802007ee 802007ee        0     1                 .L0 
802007f0 802007f0        0     1                 .L0 
802007f8 802007f8        0     1                 .L0 
802007fc 802007fc        0     1                 .L0 
80200800 80200800        0     1                 .L0 
80200816 80200816        0     1                 .L0 
80200818 80200818        0     1                 .L0 
80200818 80200818        0     1                 .L0 
80200820 80200820        0     1                 .L0 
80200820 80200820        0     1                 .L0 
80200822 80200822        0     1                 .L0 
80200838 80200838        0     1                 .L0 
8020083a 8020083a        0     1                 .L0 
8020083c 8020083c        0     1                 .L0 
80200840 80200840        0     1                 .L0 
80200844 80200844        0     1                 .L0 
80200848 80200848        0     1                 .L0 
8020084a 8020084a        0     1                 .L0 
8020084a 8020084a        0     1                 .L0 
8020084e 8020084e        0     1                 .L0 
8020084e 8020084e        0     1                 .L0 
8020084e 8020084e        0     1                 .L0 
8020084e 8020084e        0     1                 .L0 
8020084e 8020084e        0     1                 .L0 
8020084e 8020084e      172     1                 virtio_blk_init
8020085e 8020085e        0     1                 .L0 
80200862 80200862        0     1                 .L0 
8020086c 8020086c        0     1                 .L0 
80200870 80200870        0     1                 .L0 
80200870 80200870        0     1                 .L0 
80200874 80200874        0     1                 .L0 
80200878 80200878        0     1                 .L0 
80200878 80200878        0     1                 .L0 
8020087c 8020087c        0     1                 .L0 
80200880 80200880        0     1                 .L0 
80200880 80200880        0     1                 .L0 
80200884 80200884        0     1                 .L0 
80200884 80200884        0     1                 .L0 
80200886 80200886        0     1                 .L0 
8020088a 8020088a        0     1                 .L0 
8020088a 8020088a        0     1                 .L0 
8020088c 8020088c        0     1                 .L0 
8020088c 8020088c        0     1                 .L0 
8020088e 8020088e        0     1                 .L0 
80200892 80200892        0     1                 .L0 
80200892 80200892        0     1                 .L0 
80200894 80200894        0     1                 .L0 
80200894 80200894        0     1                 .L0 
80200896 80200896        0     1                 .L0 
80200896 80200896        0     1                 .L0 
8020089a 8020089a        0     1                 .L0 
8020089a 8020089a        0     1                 .L0 
8020089e 8020089e        0     1                 .L0 
8020089e 8020089e        0     1                 .L0 
802008a0 802008a0        0     1                 .L0 
802008a0 802008a0        0     1                 .L0 
802008a4 802008a4        0     1                 .L0 
802008a4 802008a4        0     1                 .L0 
802008a6 802008a6        0     1                 .L0 
802008a8 802008a8        0     1                 .L0 
802008b0 802008b0        0     1                 .L0 
802008b4 802008b4        0     1                 .L0 
802008b8 802008b8        0     1                 .L0 
802008ce 802008ce        0     1                 .L0 
802008d0 802008d0        0     1                 .L0 
802008d0 802008d0        0     1                 .L0 
802008d0 802008d0        0     1                 .L0 
802008e6 802008e6        0     1                 .L0 
802008e8 802008e8        0     1                 .L0 
802008e8 802008e8        0     1                 .L0 
802008fe 802008fe        0     1                 .L0 
80200900 80200900        0     1                 .L0 
80200900 80200900        0     1                 .L0 
80200916 80200916        0     1                 .L0 
80200918 80200918        0     1                 .L0 
80200918 80200918        0     1                 .L0 
80200918 80200918        0     1                 .L0 
80200920 80200920        0     1                 .L0 
80200920 80200920        0     1                 .L0 
80200922 80200922        0     1                 .L0 
8020092a 8020092a        0     1                 .L0 
8020092c 8020092c        0     1                 .L0 
80200930 80200930        0     1                 .L0 
80200936 80200936        0     1                 .L0 
80200936 80200936        0     1                 .L0 
8020093e 8020093e        0     1                 .L0 
8020093e 8020093e        0     1                 .L0 
80200942 80200942        0     1                 .L0 
80200942 80200942        0     1                 .L0 
80200946 80200946        0     1                 .L0 
80200946 80200946        0     1                 .L0 
8020094a 8020094a        0     1                 .L0 
8020094a 8020094a        0     1                 .L0 
8020094c 8020094c        0     1                 .L0 
8020094c 8020094c        0     1                 .L0 
80200950 80200950        0     1                 .L0 
80200950 80200950        0     1                 .L0 
80200952 80200952        0     1                 .L0 
80200952 80200952        0     1                 .L0 
8020095a 8020095a        0     1                 .L0 
80200966 80200966        0     1                 .L0 
8020096e 8020096e        0     1                 .L0 
80200978 80200978        0     1                 .L0 
80200978 80200978        0     1                 .L0 
8020097c 8020097c        0     1                 .L0 
8020097c 8020097c        0     1                 .L0 
80200982 80200982        0     1                 .L0 
80200986 80200986        0     1                 .L0 
80200986 80200986        0     1                 .L0 
8020099c 8020099c        0     1                 .L0 
8020099e 8020099e        0     1                 .L0 
8020099e 8020099e        0     1                 .L0 
802009a6 802009a6        0     1                 .L0 
802009a6 802009a6        0     1                 .L0 
802009ae 802009ae        0     1                 .L0 
802009b2 802009b2        0     1                 .L0 
802009bc 802009bc        0     1                 .L0 
802009c0 802009c0        0     1                 .L0 
802009c0 802009c0        0     1                 .L0 
802009c0 802009c0        0     1                 .L0 
802009c0 802009c0        0     1                 .L0 
802009c0 802009c0        0     1                 .L0 
802009c0 802009c0       34     1                 virtq_kick
802009e2 802009e2        0     1                 .L0 
802009e6 802009e6        0     1                 .L0 
802009f2 802009f2        0     1                 .L0 
802009f4 802009f4        0     1                 .L0 
802009f4 802009f4        0     1                 .L0 
802009f4 802009f4        0     1                 .L0 
802009f4 802009f4       18     1                 virtq_is_busy
802009f8 802009f8        0     1                 .L0 
80200a0a 80200a0a        0     1                 .L0 
80200a0c 80200a0c        0     1                 .L0 
80200a0c 80200a0c        0     1                 .L0 
80200a0c 80200a0c        0     1                 .L0 
80200a0c 80200a0c      16c     1                 read_write_disk
80200a18 80200a18        0     1                 .L0 
80200a1a 80200a1a        0     1                 .L0 
80200a1a 80200a1a        0     1                 .L0 
80200a26 80200a26        0     1                 .L0 
80200a30 80200a30        0     1                 .L0 
80200a3c 80200a3c        0     1                 .L0 
80200a3e 80200a3e        0     1                 .L0 
80200a62 80200a62        0     1                 .L0 
80200a82 80200a82        0     1                 .L0 
80200a84 80200a84        0     1                 .L0 
80200a86 80200a86        0     1                 .L0 
80200a8e 80200a8e        0     1                 .L0 
80200a8e 80200a8e        0     1                 .L0 
80200a92 80200a92        0     1                 .L0 
80200a92 80200a92        0     1                 .L0 
80200a92 80200a92        0     1                 .L0 
80200a96 80200a96        0     1                 .L0 
80200a9a 80200a9a        0     1                 .L0 
80200a9e 80200a9e        0     1                 .L0 
80200aa4 80200aa4        0     1                 .L0 
80200aa6 80200aa6        0     1                 .L0 
80200aa6 80200aa6        0     1                 .L0 
80200aa8 80200aa8        0     1                 .L0 
80200aa8 80200aa8        0     1                 .L0 
80200aa8 80200aa8        0     1                 .L0 
80200aa8 80200aa8        0     1                 .L0 
80200aa8 80200aa8        0     1                 .L0 
80200aaa 80200aaa        0     1                 .L0 
80200aae 80200aae        0     1                 .L0 
80200ae6 80200ae6        0     1                 .L0 
80200aea 80200aea        0     1                 .L0 
80200af6 80200af6        0     1                 .L0 
80200afe 80200afe        0     1                 .L0 
80200b14 80200b14        0     1                 .L0 
80200b28 80200b28        0     1                 .L0 
80200b2c 80200b2c        0     1                 .L0 
80200b30 80200b30        0     1                 .L0 
80200b36 80200b36        0     1                 .L0 
80200b38 80200b38        0     1                 .L0 
80200b3a 80200b3a        0     1                 .L0 
80200b42 80200b42        0     1                 .L0 
80200b46 80200b46        0     1                 .L0 
80200b4a 80200b4a        0     1                 .L0 
80200b4c 80200b4c        0     1                 .L0 
80200b4e 80200b4e        0     1                 .L0 
80200b4e 80200b4e        0     1                 .L0 
80200b50 80200b50        0     1                 .L0 
80200b50 80200b50        0     1                 .L0 
80200b50 80200b50        0     1                 .L0 
80200b50 80200b50        0     1                 .L0 
80200b50 80200b50        0     1                 .L0 
80200b52 80200b52        0     1                 .L0 
80200b56 80200b56        0     1                 .L0 
80200b5a 80200b5a        0     1                 .L0 
80200b5c 80200b5c        0     1                 .L0 
80200b60 80200b60        0     1                 .L0 
80200b60 80200b60        0     1                 .L0 
80200b64 80200b64        0     1                 .L0 
80200b6a 80200b6a        0     1                 .L0 
80200b6e 80200b6e        0     1                 .L0 
80200b72 80200b72        0     1                 .L0 
80200b76 80200b76        0     1                 .L0 
80200b78 80200b78        0     1                 .L0 
80200b78 80200b78        0     1                 .L0 
80200b78 80200b78        0     1                 .L0 
80200b78 80200b78        0     1                 .L0 
80200b78 80200b78        0     1                 .L0 
80200b78 80200b78       10     1                 delay
80200b80 80200b80        0     1                 .L0 
80200b82 80200b82        0     1                 .L0 
80200b84 80200b84        0     1                 .L0 
80200b84 80200b84        0     1                 .L0 
80200b86 80200b86        0     1                 .L0 
80200b86 80200b86        0     1                 .L0 
80200b88 80200b88        0     1                 .L0 
80200b88 80200b88        0     1                 .L0 
80200b88 80200b88        0     1                 .L0 
80200b88 80200b88       3a     1                 proc_a_entry
80200b8e 80200b8e        0     1                 .L0 
80200b98 80200b98        0     1                 .L0 
80200b98 80200b98        0     1                 .L0 
80200ba0 80200ba0        0     1                 .L0 
80200ba0 80200ba0        0     1                 .L0 
80200ba0 80200ba0        0     1                 .L0 
80200bb6 80200bb6        0     1                 .L0 
80200bb6 80200bb6        0     1                 .L0 
80200bb8 80200bb8        0     1                 .L0 
80200bb8 80200bb8        0     1                 .L0 
80200bba 80200bba        0     1                 .L0 
80200bbc 80200bbc        0     1                 .L0 
80200bbe 80200bbe        0     1                 .L0 
80200bbe 80200bbe        0     1                 .L0 
80200bc2 80200bc2        0     1                 .L0 
80200bc2 80200bc2        0     1                 .L0 
80200bc2 80200bc2        0     1                 .L0 
80200bc2 80200bc2        0     1                 .L0 
80200bc2 80200bc2        0     1                 .L0 
80200bc2 80200bc2       3a     1                 proc_b_entry
80200bc8 80200bc8        0     1                 .L0 
80200bd2 80200bd2        0     1                 .L0 
80200bd2 80200bd2        0     1                 .L0 
80200bda 80200bda        0     1                 .L0 
80200bda 80200bda        0     1                 .L0 
80200bda 80200bda        0     1                 .L0 
80200bf0 80200bf0        0     1                 .L0 
80200bf0 80200bf0        0     1                 .L0 
80200bf2 80200bf2        0     1                 .L0 
80200bf2 80200bf2        0     1                 .L0 
80200bf4 80200bf4        0     1                 .L0 
80200bf6 80200bf6        0     1                 .L0 
80200bf8 80200bf8        0     1                 .L0 
80200bf8 80200bf8        0     1                 .L0 
80200bfc 80200bfc        0     1                 .L0 
80200bfc 80200bfc        0     1                 .L0 
80200bfc 80200bfc        0     1                 .L0 
80200bfc 80200bfc        0     1                 .L0 
80200bfc 80200bfc        0     1                 .L0 
80200bfc 80200bfc      156     1                 kernel_main
80200c14 80200c14        0     1                 .L0 
80200c2a 80200c2a        0     1                 .L0 
80200c2a 80200c2a        0     1                 .L0 
80200c32 80200c32        0     1                 .L0 
80200c36 80200c36        0     1                 .L0 
80200c36 80200c36        0     1                 .L0 
80200c38 80200c38        0     1                 .L0 
80200c38 80200c38        0     1                 .L0 
80200c40 80200c40        0     1                 .L0 
80200c40 80200c40        0     1                 .L0 
80200c44 80200c44        0     1                 .L0 
80200c48 80200c48        0     1                 .L0 
80200c4c 80200c4c        0     1                 .L0 
80200c50 80200c50        0     1                 .L0 
80200c62 80200c62        0     1                 .L0 
80200c62 80200c62        0     1                 .L0 
80200c76 80200c76        0     1                 .L0 
80200c76 80200c76        0     1                 .L0 
80200c7e 80200c7e        0     1                 .L0 
80200c7e 80200c7e        0     1                 .L0 
80200c80 80200c80        0     1                 .L0 
80200c82 80200c82        0     1                 .L0 
80200c8a 80200c8a        0     1                 .L0 
80200c8e 80200c8e        0     1                 .L0 
80200c92 80200c92        0     1                 .L0 
80200ca8 80200ca8        0     1                 .L0 
80200caa 80200caa        0     1                 .L0 
80200caa 80200caa        0     1                 .L0 
80200cb2 80200cb2        0     1                 .L0 
80200cb2 80200cb2        0     1                 .L0 
80200cb6 80200cb6        0     1                 .L0 
80200cb6 80200cb6        0     1                 .L0 
80200cb8 80200cb8        0     1                 .L0 
80200cbe 80200cbe        0     1                 .L0 
80200cc2 80200cc2        0     1                 .L0 
80200cc2 80200cc2        0     1                 .L0 
80200cd8 80200cd8        0     1                 .L0 
80200cda 80200cda        0     1                 .L0 
80200cda 80200cda        0     1                 .L0 
80200ce2 80200ce2        0     1                 .L0 
80200ce2 80200ce2        0     1                 .L0 
80200cee 80200cee        0     1                 .L0 
80200cee 80200cee        0     1                 .L0 
80200cfa 80200cfa        0     1                 .L0 
80200cfa 80200cfa        0     1                 .L0 
80200d02 80200d02        0     1                 .L0 
80200d02 80200d02        0     1                 .L0 
80200d0e 80200d0e        0     1                 .L0 
80200d0e 80200d0e        0     1                 .L0 
80200d1a 80200d1a        0     1                 .L0 
80200d1a 80200d1a        0     1                 .L0 
80200d22 80200d22        0     1                 .L0 
80200d22 80200d22        0     1                 .L0 
80200d36 80200d36        0     1                 .L0 
80200d36 80200d36        0     1                 .L0 
80200d3a 80200d3a        0     1                 .L0 
80200d3a 80200d3a        0     1                 .L0 
80200d50 80200d50        0     1                 .L0 
80200d52 80200d52        0     1                 .L0 
80200d52 80200d52        0     1                 .L0 
80200d52 80200d52      26c     2         /var/folders/hw/r5t5ryts3r7fw374z_3h5bmw0000gp/T/common-efffb9.o:(.text)
80200d52 80200d52        0     1                 .L0 
80200d52 80200d52        0     1                 .L0 
80200d52 80200d52        0     1                 $x
80200d52 80200d52        0     1                 .L0 
80200d52 80200d52      1c0     1                 printf
80200d6e 80200d6e        0     1                 .L0 
80200d98 80200d98        0     1                 .L0 
80200da8 80200da8        0     1                 .L0 
80200da8 80200da8        0     1                 .L0 
80200dac 80200dac        0     1                 .L0 
80200dac 80200dac        0     1                 .L0 
80200dae 80200dae        0     1                 .L0 
80200db2 80200db2        0     1                 .L0 
80200dba 80200dba        0     1                 .L0 
80200dba 80200dba        0     1                 .L0 
80200dbc 80200dbc        0     1                 .L0 
80200dbc 80200dbc        0     1                 .L0 
80200dbe 80200dbe        0     1                 .L0 
80200dc0 80200dc0        0     1                 .L0 
80200dc0 80200dc0        0     1                 .L0 
80200dc6 80200dc6        0     1                 .L0 
80200dd6 80200dd6        0     1                 .L0 
80200dd6 80200dd6        0     1                 .L0 
80200de2 80200de2        0     1                 .L0 
80200de2 80200de2        0     1                 .L0 
80200de6 80200de6        0     1                 .L0 
80200de6 80200de6        0     1                 .L0 
80200de8 80200de8        0     1                 .L0 
80200dee 80200dee        0     1                 .L0 
80200dee 80200dee        0     1                 .L0 
80200df6 80200df6        0     1                 .L0 
80200df6 80200df6        0     1                 .L0 
80200e00 80200e00        0     1                 .L0 
80200e00 80200e00        0     1                 .L0 
80200e04 80200e04        0     1                 .L0 
80200e04 80200e04        0     1                 .L0 
80200e06 80200e06        0     1                 .L0 
80200e0a 80200e0a        0     1                 .L0 
80200e0e 80200e0e        0     1                 .L0 
80200e0e 80200e0e        0     1                 .L0 
80200e14 80200e14        0     1                 .L0 
80200e14 80200e14        0     1                 .L0 
80200e16 80200e16        0     1                 .L0 
80200e1a 80200e1a        0     1                 .L0 
80200e1e 80200e1e        0     1                 .L0 
80200e1e 80200e1e        0     1                 .L0 
80200e24 80200e24        0     1                 .L0 
80200e24 80200e24        0     1                 .L0 
80200e26 80200e26        0     1                 .L0 
80200e2a 80200e2a        0     1                 .L0 
80200e2e 80200e2e        0     1                 .L0 
80200e2e 80200e2e        0     1                 .L0 
80200e34 80200e34        0     1                 .L0 
80200e34 80200e34        0     1                 .L0 
80200e36 80200e36        0     1                 .L0 
80200e3a 80200e3a        0     1                 .L0 
80200e3e 80200e3e        0     1                 .L0 
80200e3e 80200e3e        0     1                 .L0 
80200e44 80200e44        0     1                 .L0 
80200e44 80200e44        0     1                 .L0 
80200e46 80200e46        0     1                 .L0 
80200e4a 80200e4a        0     1                 .L0 
80200e4e 80200e4e        0     1                 .L0 
80200e4e 80200e4e        0     1                 .L0 
80200e54 80200e54        0     1                 .L0 
80200e54 80200e54        0     1                 .L0 
80200e56 80200e56        0     1                 .L0 
80200e5a 80200e5a        0     1                 .L0 
80200e5e 80200e5e        0     1                 .L0 
80200e5e 80200e5e        0     1                 .L0 
80200e64 80200e64        0     1                 .L0 
80200e64 80200e64        0     1                 .L0 
80200e66 80200e66        0     1                 .L0 
80200e6a 80200e6a        0     1                 .L0 
80200e6e 80200e6e        0     1                 .L0 
80200e6e 80200e6e        0     1                 .L0 
80200e70 80200e70        0     1                 .L0 
80200e70 80200e70        0     1                 .L0 
80200e72 80200e72        0     1                 .L0 
80200e76 80200e76        0     1                 .L0 
80200e76 80200e76        0     1                 .L0 
80200e7a 80200e7a        0     1                 .L0 
80200e7a 80200e7a        0     1                 .L0 
80200e7c 80200e7c        0     1                 .L0 
80200e7e 80200e7e        0     1                 .L0 
80200e7e 80200e7e        0     1                 .L0 
80200e7e 80200e7e        0     1                 .L0 
80200e88 80200e88        0     1                 .L0 
80200e8c 80200e8c        0     1                 .L0 
80200e92 80200e92        0     1                 .L0 
80200e92 80200e92        0     1                 .L0 
80200e92 80200e92        0     1                 .L0 
80200e9a 80200e9a        0     1                 .L0 
80200e9a 80200e9a        0     1                 .L0 
80200e9e 80200e9e        0     1                 .L0 
80200ea0 80200ea0        0     1                 .L0 
80200ea4 80200ea4        0     1                 .L0 
80200ea4 80200ea4        0     1                 .L0 
80200ea4 80200ea4        0     1                 .L0 
80200eac 80200eac        0     1                 .L0 
80200eac 80200eac        0     1                 .L0 
80200eb0 80200eb0        0     1                 .L0 
80200eb2 80200eb2        0     1                 .L0 
80200eb6 80200eb6        0     1                 .L0 
80200eb6 80200eb6        0     1                 .L0 
80200eb6 80200eb6        0     1                 .L0 
80200ebc 80200ebc        0     1                 .L0 
80200ebe 80200ebe        0     1                 .L0 
80200ec2 80200ec2        0     1                 .L0 
80200ec6 80200ec6        0     1                 .L0 
80200ec6 80200ec6        0     1                 .L0 
80200ec6 80200ec6        0     1                 .L0 
80200ec8 80200ec8        0     1                 .L0 
80200ec8 80200ec8        0     1                 .L0 
80200ecc 80200ecc        0     1                 .L0 
80200ed0 80200ed0        0     1                 .L0 
80200ed8 80200ed8        0     1                 .L0 
80200ed8 80200ed8        0     1                 .L0 
80200ee6 80200ee6        0     1                 .L0 
80200ee6 80200ee6        0     1                 .L0 
80200eec 80200eec        0     1                 .L0 
80200eec 80200eec        0     1                 .L0 
80200eec 80200eec        0     1                 .L0 
80200ef4 80200ef4        0     1                 .L0 
80200ef4 80200ef4        0     1                 .L0 
80200ef4 80200ef4        0     1                 .L0 
80200ef8 80200ef8        0     1                 .L0 
80200f0e 80200f0e        0     1                 .L0 
80200f12 80200f12        0     1                 .L0 
80200f12 80200f12        0     1                 .L0 
80200f12 80200f12        0     1                 .L0 
80200f12 80200f12        0     1                 .L0 
80200f12 80200f12        0     1                 .L0 
80200f12 80200f12       1c     1                 memcpy
80200f16 80200f16        0     1                 .L0 
80200f16 80200f16        0     1                 .L0 
80200f18 80200f18        0     1                 .L0 
80200f22 80200f22        0     1                 .L0 
80200f28 80200f28        0     1                 .L0 
80200f28 80200f28        0     1                 .L0 
80200f2c 80200f2c        0     1                 .L0 
80200f2c 80200f2c        0     1                 .L0 
80200f2e 80200f2e        0     1                 .L0 
80200f2e 80200f2e        0     1                 .L0 
80200f2e 80200f2e        0     1                 .L0 
80200f2e 80200f2e       16     1                 memset
80200f32 80200f32        0     1                 .L0 
80200f32 80200f32        0     1                 .L0 
80200f34 80200f34        0     1                 .L0 
80200f38 80200f38        0     1                 .L0 
80200f3e 80200f3e        0     1                 .L0 
80200f3e 80200f3e        0     1                 .L0 
80200f42 80200f42        0     1                 .L0 
80200f42 80200f42        0     1                 .L0 
80200f44 80200f44        0     1                 .L0 
80200f44 80200f44        0     1                 .L0 
80200f44 80200f44        0     1                 .L0 
80200f44 80200f44       24     1                 strcpy
80200f4a 80200f4a        0     1                 .L0 
80200f4e 80200f4e        0     1                 .L0 
80200f4e 80200f4e        0     1                 .L0 
80200f50 80200f50        0     1                 .L0 
80200f5c 80200f5c        0     1                 .L0 
80200f5e 80200f5e        0     1                 .L0 
80200f60 80200f60        0     1                 .L0 
80200f62 80200f62        0     1                 .L0 
80200f62 80200f62        0     1                 .L0 
80200f66 80200f66        0     1                 .L0 
80200f68 80200f68        0     1                 .L0 
80200f68 80200f68        0     1                 .L0 
80200f68 80200f68        0     1                 .L0 
80200f68 80200f68       24     1                 strcmp
80200f6c 80200f6c        0     1                 .L0 
80200f6e 80200f6e        0     1                 .L0 
80200f70 80200f70        0     1                 .L0 
80200f74 80200f74        0     1                 .L0 
80200f78 80200f78        0     1                 .L0 
80200f78 80200f78        0     1                 .L0 
80200f7e 80200f7e        0     1                 .L0 
80200f80 80200f80        0     1                 .L0 
80200f82 80200f82        0     1                 .L0 
80200f8a 80200f8a        0     1                 .L0 
80200f8c 80200f8c        0     1                 .L0 
80200f8c 80200f8c        0     1                 .L0 
80200f8c 80200f8c        0     1                 .L0 
80200f8c 80200f8c        a     1                 srand
80200f94 80200f94        0     1                 .L0 
80200f96 80200f96        0     1                 .L0 
80200f96 80200f96        0     1                 .L0 
80200f96 80200f96        0     1                 .L0 
80200f96 80200f96        0     1                 .L0 
80200f96 80200f96        0     1                 .L0 
80200f96 80200f96       28     1                 rand
80200fa6 80200fa6        0     1                 .L0 
80200fb0 80200fb0        0     1                 .L0 
80200fb2 80200fb2        0     1                 .L0 
80200fb8 80200fb8        0     1                 .L0 
80200fbc 80200fbc        0     1                 .L0 
80200fbe 80200fbe        0     1                 .L0 
80200fbe 80200fbe        0     1                 .L0 
80200fc0 80200fc0      328     4 .rodata
80200fc0 80200fc0      328     1         <internal>:(.rodata.str1.1)
802012e8 802012e8    10558     4 .data
802012e8 802012e8        4     4         /var/folders/hw/r5t5ryts3r7fw374z_3h5bmw0000gp/T/kernel-327e0c.o:(.data)
802012e8 802012e8        4     1                 alloc_pages.next_paddr
802012e8 802012e8        0     1                 $d
802012ec 802012ec        4     4         /var/folders/hw/r5t5ryts3r7fw374z_3h5bmw0000gp/T/common-efffb9.o:(.data)
802012ec 802012ec        4     1                 next
802012ec 802012ec        0     1                 $d
802012f0 802012f0    10550     1         shell.bin.o:(.data)
802012f0 802012f0        0     1                 _binary_shell_bin_start
80211840 80211840        0     1                 _binary_shell_bin_end
80211840 80211840    100a8     8 .bss
80211840 80211840        0     1         __bss = .
80211840 80211840    100a8     8         /var/folders/hw/r5t5ryts3r7fw374z_3h5bmw0000gp/T/kernel-327e0c.o:(.bss)
80211840 80211840        0     1                 $d
80211840 80211840    10080     1                 procs
802218c0 802218c0        4     1                 proc_a
802218c4 802218c4        4     1                 proc_b
802218c8 802218c8       20     1                 .L_MergedGlobals
802218c8 802218c8        4     1                 idle_proc
802218cc 802218cc        4     1                 current_proc
802218d0 802218d0        4     1                 blk_request_vq
802218d4 802218d4        4     1                 blk_req_paddr
802218d8 802218d8        4     1                 blk_req
802218e0 802218e0        8     1                 blk_capacity
802218e8 802218e8        0     1         __bss_end = .
802218e8 802218e8        0     1 . = ALIGN(4)
802218e8 802218e8    20000     1 . += 128 * 1024
802418e8 802418e8        0     1 __stack_top = .
802418e8 802418e8      718     1 . = ALIGN(4096)
80242000 80242000        0     1 __free_ram = .
80242000 80242000  4000000     1 . += 64 * 1024 * 1024
84242000 84242000        0     1 __free_ram_end = .
       0        0      a0c     1 .debug_loclists
       0        0      82b     1         /var/folders/hw/r5t5ryts3r7fw374z_3h5bmw0000gp/T/kernel-327e0c.o:(.debug_loclists)
       0        0        0     1                 $d
       c        c        0     1                 .L0 
     82b      82b      1e1     1         /var/folders/hw/r5t5ryts3r7fw374z_3h5bmw0000gp/T/common-efffb9.o:(.debug_loclists)
     82b      82b        0     1                 $d
     837      837        0     1                 .L0 
       0        0      4b9     1 .debug_abbrev
       0        0      362     1         /var/folders/hw/r5t5ryts3r7fw374z_3h5bmw0000gp/T/kernel-327e0c.o:(.debug_abbrev)
       0        0        0     1                 $d
     362      362      157     1         /var/folders/hw/r5t5ryts3r7fw374z_3h5bmw0000gp/T/common-efffb9.o:(.debug_abbrev)
     362      362        0     1                 $d
       0        0     171e     1 .debug_info
       0        0     14ab     1         /var/folders/hw/r5t5ryts3r7fw374z_3h5bmw0000gp/T/kernel-327e0c.o:(.debug_info)
       0        0        0     1                 $d
    14ab     14ab      273     1         /var/folders/hw/r5t5ryts3r7fw374z_3h5bmw0000gp/T/common-efffb9.o:(.debug_info)
    14ab     14ab        0     1                 $d
       0        0       fe     1 .debug_rnglists
       0        0       e3     1         /var/folders/hw/r5t5ryts3r7fw374z_3h5bmw0000gp/T/kernel-327e0c.o:(.debug_rnglists)
       0        0        0     1                 $d
       c        c        0     1                 .L0 
      e3       e3       1b     1         /var/folders/hw/r5t5ryts3r7fw374z_3h5bmw0000gp/T/common-efffb9.o:(.debug_rnglists)
      e3       e3        0     1                 $d
      ef       ef        0     1                 .L0 
       0        0      344     1 .debug_str_offsets
       0        0      298     1         /var/folders/hw/r5t5ryts3r7fw374z_3h5bmw0000gp/T/kernel-327e0c.o:(.debug_str_offsets)
       0        0        0     1                 $d
       8        8        0     1                 .L0 
     298      298       ac     1         /var/folders/hw/r5t5ryts3r7fw374z_3h5bmw0000gp/T/common-efffb9.o:(.debug_str_offsets)
     298      298        0     1                 $d
     2a0      2a0        0     1                 .L0 
       0        0      588     1 .debug_str
       0        0      588     1         <internal>:(.debug_str)
       0        0      2e0     1 .debug_addr
       0        0      274     1         /var/folders/hw/r5t5ryts3r7fw374z_3h5bmw0000gp/T/kernel-327e0c.o:(.debug_addr)
       0        0        0     1                 $d
       8        8        0     1                 .L0 
     274      274       6c     1         /var/folders/hw/r5t5ryts3r7fw374z_3h5bmw0000gp/T/common-efffb9.o:(.debug_addr)
     274      274        0     1                 $d
     27c      27c        0     1                 .L0 
       0        0       3b     1 .comment
       0        0       3b     1         <internal>:(.comment)
       0        0       4e     1 .riscv.attributes
       0        0       4e     1         <internal>:(.riscv.attributes)
       0        0      388     4 .debug_frame
       0        0      2d0     4         /var/folders/hw/r5t5ryts3r7fw374z_3h5bmw0000gp/T/kernel-327e0c.o:(.debug_frame)
       0        0        0     1                 .L0 
       0        0        0     1                 $d
     2d0      2d0       b8     4         /var/folders/hw/r5t5ryts3r7fw374z_3h5bmw0000gp/T/common-efffb9.o:(.debug_frame)
     2d0      2d0        0     1                 .L0 
     2d0      2d0        0     1                 $d
       0        0      fb0     1 .debug_line
       0        0      c67     1         /var/folders/hw/r5t5ryts3r7fw374z_3h5bmw0000gp/T/kernel-327e0c.o:(.debug_line)
       0        0        0     1                 .Lline_table_start0
       0        0        0     1                 $d
     c67      c67      349     1         /var/folders/hw/r5t5ryts3r7fw374z_3h5bmw0000gp/T/common-efffb9.o:(.debug_line)
     c67      c67        0     1                 .Lline_table_start0
     c67      c67        0     1                 $d
       0        0       4b     1 .debug_line_str
       0        0       4b     1         <internal>:(.debug_line_str)
       0        0      580     4 .symtab
       0        0      580     4         <internal>:(.symtab)
       0        0       dc     1 .shstrtab
       0        0       dc     1         <internal>:(.shstrtab)
       0        0      2ee     1 .strtab
       0        0      2ee     1         <internal>:(.strtab)
