     VMA      LMA     Size Align Out     In      Symbol
       0        0 80200000     1 . = 0x80200000
80200000 80200000      a2a     4 .text
80200000 80200000        e     2         /var/folders/hw/r5t5ryts3r7fw374z_3h5bmw0000gp/T/kernel-638c84.o:(.text.boot)
80200000 80200000        0     1                 .L0 
80200000 80200000        0     1                 .L0 
80200000 80200000        0     1                 $x
80200000 80200000        0     1                 .L0 
80200000 80200000        e     1                 boot
8020000e 8020000e        0     1                 .L0 
8020000e 8020000e        0     1                 .L0 
80200010 80200010      7f8     4         /var/folders/hw/r5t5ryts3r7fw374z_3h5bmw0000gp/T/kernel-638c84.o:(.text)
80200010 80200010        0     1                 .L0 
80200010 80200010        0     1                 .L0 
80200010 80200010        0     1                 $x
80200010 80200010        0     1                 .L0 
80200010 80200010       f8     1                 create_process
8020001e 8020001e        0     1                 .L0 
80200020 80200020        0     1                 .L0 
80200020 80200020        0     1                 .L0 
80200028 80200028        0     1                 .L0 
8020002a 8020002a        0     1                 .L0 
8020002a 8020002a        0     1                 .L0 
80200032 80200032        0     1                 .L0 
80200034 80200034        0     1                 .L0 
80200034 80200034        0     1                 .L0 
8020003c 8020003c        0     1                 .L0 
8020003e 8020003e        0     1                 .L0 
8020003e 8020003e        0     1                 .L0 
80200046 80200046        0     1                 .L0 
80200048 80200048        0     1                 .L0 
80200048 80200048        0     1                 .L0 
80200050 80200050        0     1                 .L0 
80200052 80200052        0     1                 .L0 
80200052 80200052        0     1                 .L0 
8020005a 8020005a        0     1                 .L0 
8020005c 8020005c        0     1                 .L0 
8020005c 8020005c        0     1                 .L0 
80200064 80200064        0     1                 .L0 
80200068 80200068        0     1                 .L0 
8020006a 8020006a        0     1                 .L0 
8020006a 8020006a        0     1                 .L0 
8020006a 8020006a        0     1                 .L0 
8020006e 8020006e        0     1                 .L0 
8020007e 8020007e        0     1                 .L0 
8020007e 8020007e        0     1                 .L0 
80200080 80200080        0     1                 .L0 
80200082 80200082        0     1                 .L0 
80200084 80200084        0     1                 .L0 
80200084 80200084        0     1                 .L0 
80200084 80200084        0     1                 .L0 
8020008c 8020008c        0     1                 .L0 
8020008c 8020008c        0     1                 .L0 
80200092 80200092        0     1                 .L0 
80200094 80200094        0     1                 .L0 
80200094 80200094        0     1                 .L0 
80200094 80200094        0     1                 .L0 
8020009c 8020009c        0     1                 .L0 
8020009e 8020009e        0     1                 .L0 
8020009e 8020009e        0     1                 .L0 
8020009e 8020009e        0     1                 .L0 
802000a6 802000a6        0     1                 .L0 
802000a8 802000a8        0     1                 .L0 
802000a8 802000a8        0     1                 .L0 
802000a8 802000a8        0     1                 .L0 
802000b0 802000b0        0     1                 .L0 
802000b2 802000b2        0     1                 .L0 
802000b2 802000b2        0     1                 .L0 
802000b2 802000b2        0     1                 .L0 
802000ba 802000ba        0     1                 .L0 
802000bc 802000bc        0     1                 .L0 
802000bc 802000bc        0     1                 .L0 
802000bc 802000bc        0     1                 .L0 
802000c4 802000c4        0     1                 .L0 
802000c4 802000c4        0     1                 .L0 
802000cc 802000cc        0     1                 .L0 
802000d0 802000d0        0     1                 .L0 
802000d4 802000d4        0     1                 .L0 
802000d8 802000d8        0     1                 .L0 
802000dc 802000dc        0     1                 .L0 
802000e0 802000e0        0     1                 .L0 
802000e4 802000e4        0     1                 .L0 
802000e8 802000e8        0     1                 .L0 
802000ec 802000ec        0     1                 .L0 
802000f2 802000f2        0     1                 .L0 
802000f6 802000f6        0     1                 .L0 
802000fa 802000fa        0     1                 .L0 
802000fe 802000fe        0     1                 .L0 
80200104 80200104        0     1                 .L0 
80200106 80200106        0     1                 .L0 
80200108 80200108        0     1                 .L0 
80200108 80200108        0     1                 .L0 
80200108 80200108        0     1                 .L0 
80200108 80200108        0     1                 .L0 
80200108 80200108        0     1                 .L0 
80200108 80200108       46     1                 switch_context
8020014e 8020014e        0     1                 .L0 
8020014e 8020014e        0     1                 .L0 
8020014e 8020014e        0     1                 .L0 
8020014e 8020014e      154     1                 yield
80200156 80200156        0     1                 .L0 
80200156 80200156        0     1                 .L0 
8020015e 8020015e        0     1                 .L0 
8020015e 8020015e        0     1                 .L0 
8020016c 8020016c        0     1                 .L0 
8020017a 8020017a        0     1                 .L0 
8020017a 8020017a        0     1                 .L0 
8020017c 8020017c        0     1                 .L0 
8020017c 8020017c        0     1                 .L0 
80200180 80200180        0     1                 .L0 
80200180 80200180        0     1                 .L0 
80200182 80200182        0     1                 .L0 
80200182 80200182        0     1                 .L0 
80200186 80200186        0     1                 .L0 
80200188 80200188        0     1                 .L0 
8020018c 8020018c        0     1                 .L0 
8020018c 8020018c        0     1                 .L0 
80200194 80200194        0     1                 .L0 
802001a2 802001a2        0     1                 .L0 
802001a4 802001a4        0     1                 .L0 
802001a8 802001a8        0     1                 .L0 
802001aa 802001aa        0     1                 .L0 
802001ae 802001ae        0     1                 .L0 
802001ae 802001ae        0     1                 .L0 
802001c6 802001c6        0     1                 .L0 
802001c8 802001c8        0     1                 .L0 
802001cc 802001cc        0     1                 .L0 
802001d0 802001d0        0     1                 .L0 
802001d2 802001d2        0     1                 .L0 
802001d6 802001d6        0     1                 .L0 
802001d6 802001d6        0     1                 .L0 
802001de 802001de        0     1                 .L0 
802001ec 802001ec        0     1                 .L0 
802001ee 802001ee        0     1                 .L0 
802001f2 802001f2        0     1                 .L0 
802001f4 802001f4        0     1                 .L0 
802001f8 802001f8        0     1                 .L0 
802001f8 802001f8        0     1                 .L0 
80200210 80200210        0     1                 .L0 
80200212 80200212        0     1                 .L0 
80200216 80200216        0     1                 .L0 
8020021a 8020021a        0     1                 .L0 
8020021c 8020021c        0     1                 .L0 
80200220 80200220        0     1                 .L0 
80200220 80200220        0     1                 .L0 
80200228 80200228        0     1                 .L0 
80200236 80200236        0     1                 .L0 
80200238 80200238        0     1                 .L0 
8020023c 8020023c        0     1                 .L0 
8020023e 8020023e        0     1                 .L0 
80200242 80200242        0     1                 .L0 
80200242 80200242        0     1                 .L0 
8020025a 8020025a        0     1                 .L0 
8020025c 8020025c        0     1                 .L0 
80200260 80200260        0     1                 .L0 
80200264 80200264        0     1                 .L0 
80200266 80200266        0     1                 .L0 
8020026a 8020026a        0     1                 .L0 
8020026a 8020026a        0     1                 .L0 
8020027c 8020027c        0     1                 .L0 
8020027e 8020027e        0     1                 .L0 
80200280 80200280        0     1                 .L0 
80200284 80200284        0     1                 .L0 
80200286 80200286        0     1                 .L0 
8020028a 8020028a        0     1                 .L0 
8020028a 8020028a        0     1                 .L0 
8020028c 8020028c        0     1                 .L0 
8020028c 8020028c        0     1                 .L0 
80200290 80200290        0     1                 .L0 
80200290 80200290        0     1                 .L0 
80200294 80200294        0     1                 .L0 
80200296 80200296        0     1                 .L0 
80200296 80200296        0     1                 .L0 
8020029a 8020029a        0     1                 .L0 
8020029e 8020029e        0     1                 .L0 
8020029e 8020029e        0     1                 .L0 
802002a0 802002a0        0     1                 .L0 
802002a0 802002a0        0     1                 .L0 
802002a2 802002a2        0     1                 .L0 
802002a2 802002a2        0     1                 .L0 
802002a2 802002a2        0     1                 .L0 
802002a2 802002a2        0     1                 .L0 
802002a2 802002a2        0     1                 .L0 
802002a2 802002a2        6     1                 sbi_call
802002a6 802002a6        0     1                 .L0 
802002a6 802002a6        0     1                 .L0 
802002a8 802002a8        0     1                 .L0 
802002a8 802002a8        0     1                 .L0 
802002a8 802002a8        0     1                 .L0 
802002a8 802002a8       14     1                 putchar
802002ba 802002ba        0     1                 .L0 
802002ba 802002ba        0     1                 .L0 
802002bc 802002bc        0     1                 .L0 
802002bc 802002bc        0     1                 .L0 
802002bc 802002bc        0     1                 .L0 
802002bc 802002bc       4e     1                 alloc_pages
802002c2 802002c2        0     1                 .L0 
802002c2 802002c2        0     1                 .L0 
802002ca 802002ca        0     1                 .L0 
802002ca 802002ca        0     1                 .L0 
802002ce 802002ce        0     1                 .L0 
802002d2 802002d2        0     1                 .L0 
802002d2 802002d2        0     1                 .L0 
802002da 802002da        0     1                 .L0 
802002de 802002de        0     1                 .L0 
802002e2 802002e2        0     1                 .L0 
802002f8 802002f8        0     1                 .L0 
802002fa 802002fa        0     1                 .L0 
802002fa 802002fa        0     1                 .L0 
80200300 80200300        0     1                 .L0 
80200300 80200300        0     1                 .L0 
80200302 80200302        0     1                 .L0 
80200306 80200306        0     1                 .L0 
80200306 80200306        0     1                 .L0 
8020030a 8020030a        0     1                 .L0 
8020030a 8020030a        0     1                 .L0 
8020030c 8020030c        0     1                 .L0 
8020030c 8020030c        0     1                 .L0 
8020030c 8020030c        0     1                 .L0 
8020030c 8020030c       90     1                 kernel_entry
8020039c 8020039c        0     1                 .L0 
8020039c 8020039c        0     1                 .L0 
8020039c 8020039c        0     1                 .L0 
8020039c 8020039c        0     1                 .L0 
8020039c 8020039c        0     1                 .L0 
8020039c 8020039c       28     1                 handle_trap
802003a0 802003a0        0     1                 .L0 
802003a0 802003a0        0     1                 .L0 
802003a4 802003a4        0     1                 .L0 
802003a4 802003a4        0     1                 .L0 
802003a8 802003a8        0     1                 .L0 
802003a8 802003a8        0     1                 .L0 
802003ac 802003ac        0     1                 .L0 
802003ac 802003ac        0     1                 .L0 
802003b0 802003b0        0     1                 .L0 
802003c2 802003c2        0     1                 .L0 
802003c4 802003c4        0     1                 .L0 
802003c4 802003c4        0     1                 .L0 
802003c4 802003c4        0     1                 .L0 
802003c4 802003c4        0     1                 .L0 
802003c4 802003c4        0     1                 .L0 
802003c4 802003c4       10     1                 delay
802003cc 802003cc        0     1                 .L0 
802003ce 802003ce        0     1                 .L0 
802003d0 802003d0        0     1                 .L0 
802003d0 802003d0        0     1                 .L0 
802003d2 802003d2        0     1                 .L0 
802003d2 802003d2        0     1                 .L0 
802003d4 802003d4        0     1                 .L0 
802003d4 802003d4        0     1                 .L0 
802003d4 802003d4        0     1                 .L0 
802003d4 802003d4       3a     1                 proc_a_entry
802003da 802003da        0     1                 .L0 
802003e4 802003e4        0     1                 .L0 
802003e4 802003e4        0     1                 .L0 
802003ec 802003ec        0     1                 .L0 
802003ec 802003ec        0     1                 .L0 
802003ec 802003ec        0     1                 .L0 
80200402 80200402        0     1                 .L0 
80200402 80200402        0     1                 .L0 
80200404 80200404        0     1                 .L0 
80200404 80200404        0     1                 .L0 
80200406 80200406        0     1                 .L0 
80200408 80200408        0     1                 .L0 
8020040a 8020040a        0     1                 .L0 
8020040a 8020040a        0     1                 .L0 
8020040e 8020040e        0     1                 .L0 
8020040e 8020040e        0     1                 .L0 
8020040e 8020040e        0     1                 .L0 
8020040e 8020040e        0     1                 .L0 
8020040e 8020040e        0     1                 .L0 
8020040e 8020040e       3a     1                 proc_b_entry
80200414 80200414        0     1                 .L0 
8020041e 8020041e        0     1                 .L0 
8020041e 8020041e        0     1                 .L0 
80200426 80200426        0     1                 .L0 
80200426 80200426        0     1                 .L0 
80200426 80200426        0     1                 .L0 
8020043c 8020043c        0     1                 .L0 
8020043c 8020043c        0     1                 .L0 
8020043e 8020043e        0     1                 .L0 
8020043e 8020043e        0     1                 .L0 
80200440 80200440        0     1                 .L0 
80200442 80200442        0     1                 .L0 
80200444 80200444        0     1                 .L0 
80200444 80200444        0     1                 .L0 
80200448 80200448        0     1                 .L0 
80200448 80200448        0     1                 .L0 
80200448 80200448        0     1                 .L0 
80200448 80200448        0     1                 .L0 
80200448 80200448        0     1                 .L0 
80200448 80200448      3c0     1                 kernel_main
80200454 80200454        0     1                 .L0 
8020046a 8020046a        0     1                 .L0 
8020046a 8020046a        0     1                 .L0 
80200472 80200472        0     1                 .L0 
80200472 80200472        0     1                 .L0 
8020047a 8020047a        0     1                 .L0 
8020047a 8020047a        0     1                 .L0 
8020047e 8020047e        0     1                 .L0 
80200480 80200480        0     1                 .L0 
80200480 80200480        0     1                 .L0 
80200482 80200482        0     1                 .L0 
80200482 80200482        0     1                 .L0 
8020048a 8020048a        0     1                 .L0 
8020048c 8020048c        0     1                 .L0 
8020048c 8020048c        0     1                 .L0 
80200494 80200494        0     1                 .L0 
80200496 80200496        0     1                 .L0 
80200496 80200496        0     1                 .L0 
8020049e 8020049e        0     1                 .L0 
802004a0 802004a0        0     1                 .L0 
802004a0 802004a0        0     1                 .L0 
802004a8 802004a8        0     1                 .L0 
802004aa 802004aa        0     1                 .L0 
802004aa 802004aa        0     1                 .L0 
802004b2 802004b2        0     1                 .L0 
802004b4 802004b4        0     1                 .L0 
802004b4 802004b4        0     1                 .L0 
802004bc 802004bc        0     1                 .L0 
802004be 802004be        0     1                 .L0 
802004be 802004be        0     1                 .L0 
802004c6 802004c6        0     1                 .L0 
802004c8 802004c8        0     1                 .L0 
802004c8 802004c8        0     1                 .L0 
802004dc 802004dc        0     1                 .L0 
802004de 802004de        0     1                 .L0 
802004de 802004de        0     1                 .L0 
802004de 802004de        0     1                 .L0 
802004e2 802004e2        0     1                 .L0 
802004e6 802004e6        0     1                 .L0 
802004ec 802004ec        0     1                 .L0 
802004f2 802004f2        0     1                 .L0 
802004f8 802004f8        0     1                 .L0 
802004fe 802004fe        0     1                 .L0 
80200504 80200504        0     1                 .L0 
80200504 80200504        0     1                 .L0 
80200508 80200508        0     1                 .L0 
80200518 80200518        0     1                 .L0 
80200518 80200518        0     1                 .L0 
8020051a 8020051a        0     1                 .L0 
8020051a 8020051a        0     1                 .L0 
8020051e 8020051e        0     1                 .L0 
8020051e 8020051e        0     1                 .L0 
80200522 80200522        0     1                 .L0 
80200522 80200522        0     1                 .L0 
80200526 80200526        0     1                 .L0 
80200526 80200526        0     1                 .L0 
8020052a 8020052a        0     1                 .L0 
8020052a 8020052a        0     1                 .L0 
8020052e 8020052e        0     1                 .L0 
8020052e 8020052e        0     1                 .L0 
80200532 80200532        0     1                 .L0 
80200532 80200532        0     1                 .L0 
80200536 80200536        0     1                 .L0 
80200536 80200536        0     1                 .L0 
8020053a 8020053a        0     1                 .L0 
8020053a 8020053a        0     1                 .L0 
8020053e 8020053e        0     1                 .L0 
8020053e 8020053e        0     1                 .L0 
80200542 80200542        0     1                 .L0 
80200546 80200546        0     1                 .L0 
80200546 80200546        0     1                 .L0 
8020054a 8020054a        0     1                 .L0 
8020054a 8020054a        0     1                 .L0 
8020054e 8020054e        0     1                 .L0 
8020054e 8020054e        0     1                 .L0 
80200552 80200552        0     1                 .L0 
80200552 80200552        0     1                 .L0 
80200554 80200554        0     1                 .L0 
80200556 80200556        0     1                 .L0 
80200556 80200556        0     1                 .L0 
80200558 80200558        0     1                 .L0 
8020055c 8020055c        0     1                 .L0 
8020056a 8020056a        0     1                 .L0 
8020056a 8020056a        0     1                 .L0 
8020057e 8020057e        0     1                 .L0 
8020057e 8020057e        0     1                 .L0 
80200586 80200586        0     1                 .L0 
80200586 80200586        0     1                 .L0 
80200588 80200588        0     1                 .L0 
80200590 80200590        0     1                 .L0 
80200598 80200598        0     1                 .L0 
80200598 80200598        0     1                 .L0 
802005ae 802005ae        0     1                 .L0 
802005b0 802005b0        0     1                 .L0 
802005b0 802005b0        0     1                 .L0 
802005b8 802005b8        0     1                 .L0 
802005b8 802005b8        0     1                 .L0 
802005bc 802005bc        0     1                 .L0 
802005bc 802005bc        0     1                 .L0 
802005be 802005be        0     1                 .L0 
802005c4 802005c4        0     1                 .L0 
802005c8 802005c8        0     1                 .L0 
802005c8 802005c8        0     1                 .L0 
802005de 802005de        0     1                 .L0 
802005e0 802005e0        0     1                 .L0 
802005e0 802005e0        0     1                 .L0 
802005e8 802005e8        0     1                 .L0 
802005e8 802005e8        0     1                 .L0 
802005f4 802005f4        0     1                 .L0 
802005f4 802005f4        0     1                 .L0 
80200600 80200600        0     1                 .L0 
80200600 80200600        0     1                 .L0 
8020060c 8020060c        0     1                 .L0 
80200610 80200610        0     1                 .L0 
80200612 80200612        0     1                 .L0 
80200612 80200612        0     1                 .L0 
80200622 80200622        0     1                 .L0 
80200624 80200624        0     1                 .L0 
80200624 80200624        0     1                 .L0 
8020062c 8020062c        0     1                 .L0 
8020062e 8020062e        0     1                 .L0 
8020062e 8020062e        0     1                 .L0 
80200636 80200636        0     1                 .L0 
80200638 80200638        0     1                 .L0 
80200638 80200638        0     1                 .L0 
80200640 80200640        0     1                 .L0 
80200642 80200642        0     1                 .L0 
80200642 80200642        0     1                 .L0 
8020064a 8020064a        0     1                 .L0 
8020064c 8020064c        0     1                 .L0 
8020064c 8020064c        0     1                 .L0 
80200654 80200654        0     1                 .L0 
80200656 80200656        0     1                 .L0 
80200656 80200656        0     1                 .L0 
8020065e 8020065e        0     1                 .L0 
80200660 80200660        0     1                 .L0 
80200660 80200660        0     1                 .L0 
80200674 80200674        0     1                 .L0 
80200676 80200676        0     1                 .L0 
80200676 80200676        0     1                 .L0 
80200676 80200676        0     1                 .L0 
8020067e 8020067e        0     1                 .L0 
8020067e 8020067e        0     1                 .L0 
80200684 80200684        0     1                 .L0 
80200686 80200686        0     1                 .L0 
80200686 80200686        0     1                 .L0 
80200686 80200686        0     1                 .L0 
8020068e 8020068e        0     1                 .L0 
80200690 80200690        0     1                 .L0 
80200690 80200690        0     1                 .L0 
80200690 80200690        0     1                 .L0 
80200698 80200698        0     1                 .L0 
8020069a 8020069a        0     1                 .L0 
8020069a 8020069a        0     1                 .L0 
8020069a 8020069a        0     1                 .L0 
802006a2 802006a2        0     1                 .L0 
802006a4 802006a4        0     1                 .L0 
802006a4 802006a4        0     1                 .L0 
802006a4 802006a4        0     1                 .L0 
802006ac 802006ac        0     1                 .L0 
802006ae 802006ae        0     1                 .L0 
802006ae 802006ae        0     1                 .L0 
802006ae 802006ae        0     1                 .L0 
802006b6 802006b6        0     1                 .L0 
802006b6 802006b6        0     1                 .L0 
802006b8 802006b8        0     1                 .L0 
802006c4 802006c4        0     1                 .L0 
802006c4 802006c4        0     1                 .L0 
802006c8 802006c8        0     1                 .L0 
802006c8 802006c8        0     1                 .L0 
802006cc 802006cc        0     1                 .L0 
802006cc 802006cc        0     1                 .L0 
802006d0 802006d0        0     1                 .L0 
802006d0 802006d0        0     1                 .L0 
802006d4 802006d4        0     1                 .L0 
802006d4 802006d4        0     1                 .L0 
802006d8 802006d8        0     1                 .L0 
802006d8 802006d8        0     1                 .L0 
802006dc 802006dc        0     1                 .L0 
802006dc 802006dc        0     1                 .L0 
802006e0 802006e0        0     1                 .L0 
802006e0 802006e0        0     1                 .L0 
802006e4 802006e4        0     1                 .L0 
802006e4 802006e4        0     1                 .L0 
802006e8 802006e8        0     1                 .L0 
802006e8 802006e8        0     1                 .L0 
802006ec 802006ec        0     1                 .L0 
802006ec 802006ec        0     1                 .L0 
802006ee 802006ee        0     1                 .L0 
802006f2 802006f2        0     1                 .L0 
802006f2 802006f2        0     1                 .L0 
802006f6 802006f6        0     1                 .L0 
802006f6 802006f6        0     1                 .L0 
802006fa 802006fa        0     1                 .L0 
802006fa 802006fa        0     1                 .L0 
802006fc 802006fc        0     1                 .L0 
802006fc 802006fc        0     1                 .L0 
802006fe 802006fe        0     1                 .L0 
802006fe 802006fe        0     1                 .L0 
80200700 80200700        0     1                 .L0 
80200702 80200702        0     1                 .L0 
80200702 80200702        0     1                 .L0 
8020070e 8020070e        0     1                 .L0 
8020070e 8020070e        0     1                 .L0 
80200716 80200716        0     1                 .L0 
8020071e 8020071e        0     1                 .L0 
80200720 80200720        0     1                 .L0 
80200720 80200720        0     1                 .L0 
80200728 80200728        0     1                 .L0 
8020072a 8020072a        0     1                 .L0 
8020072a 8020072a        0     1                 .L0 
80200732 80200732        0     1                 .L0 
80200734 80200734        0     1                 .L0 
80200734 80200734        0     1                 .L0 
8020073c 8020073c        0     1                 .L0 
8020073e 8020073e        0     1                 .L0 
8020073e 8020073e        0     1                 .L0 
80200746 80200746        0     1                 .L0 
80200748 80200748        0     1                 .L0 
80200748 80200748        0     1                 .L0 
80200750 80200750        0     1                 .L0 
80200752 80200752        0     1                 .L0 
80200752 80200752        0     1                 .L0 
80200766 80200766        0     1                 .L0 
80200768 80200768        0     1                 .L0 
80200768 80200768        0     1                 .L0 
80200768 80200768        0     1                 .L0 
80200770 80200770        0     1                 .L0 
80200770 80200770        0     1                 .L0 
80200776 80200776        0     1                 .L0 
80200778 80200778        0     1                 .L0 
80200778 80200778        0     1                 .L0 
80200778 80200778        0     1                 .L0 
80200780 80200780        0     1                 .L0 
80200782 80200782        0     1                 .L0 
80200782 80200782        0     1                 .L0 
80200782 80200782        0     1                 .L0 
8020078a 8020078a        0     1                 .L0 
8020078c 8020078c        0     1                 .L0 
8020078c 8020078c        0     1                 .L0 
8020078c 8020078c        0     1                 .L0 
80200794 80200794        0     1                 .L0 
80200796 80200796        0     1                 .L0 
80200796 80200796        0     1                 .L0 
80200796 80200796        0     1                 .L0 
8020079e 8020079e        0     1                 .L0 
802007a0 802007a0        0     1                 .L0 
802007a0 802007a0        0     1                 .L0 
802007a0 802007a0        0     1                 .L0 
802007a8 802007a8        0     1                 .L0 
802007a8 802007a8        0     1                 .L0 
802007a8 802007a8        0     1                 .L0 
802007aa 802007aa        0     1                 .L0 
802007aa 802007aa        0     1                 .L0 
802007b4 802007b4        0     1                 .L0 
802007b8 802007b8        0     1                 .L0 
802007b8 802007b8        0     1                 .L0 
802007bc 802007bc        0     1                 .L0 
802007bc 802007bc        0     1                 .L0 
802007c0 802007c0        0     1                 .L0 
802007c0 802007c0        0     1                 .L0 
802007c4 802007c4        0     1                 .L0 
802007c4 802007c4        0     1                 .L0 
802007c8 802007c8        0     1                 .L0 
802007c8 802007c8        0     1                 .L0 
802007cc 802007cc        0     1                 .L0 
802007cc 802007cc        0     1                 .L0 
802007d0 802007d0        0     1                 .L0 
802007d0 802007d0        0     1                 .L0 
802007d4 802007d4        0     1                 .L0 
802007d4 802007d4        0     1                 .L0 
802007d6 802007d6        0     1                 .L0 
802007da 802007da        0     1                 .L0 
802007da 802007da        0     1                 .L0 
802007de 802007de        0     1                 .L0 
802007de 802007de        0     1                 .L0 
802007e2 802007e2        0     1                 .L0 
802007e2 802007e2        0     1                 .L0 
802007e6 802007e6        0     1                 .L0 
802007e6 802007e6        0     1                 .L0 
802007e8 802007e8        0     1                 .L0 
802007ea 802007ea        0     1                 .L0 
802007ec 802007ec        0     1                 .L0 
802007ec 802007ec        0     1                 .L0 
802007ee 802007ee        0     1                 .L0 
802007f0 802007f0        0     1                 .L0 
802007f0 802007f0        0     1                 .L0 
80200806 80200806        0     1                 .L0 
80200808 80200808        0     1                 .L0 
80200808 80200808        0     1                 .L0 
80200808 80200808      222     2         /var/folders/hw/r5t5ryts3r7fw374z_3h5bmw0000gp/T/common-c56d4c.o:(.text)
80200808 80200808        0     1                 .L0 
80200808 80200808        0     1                 .L0 
80200808 80200808        0     1                 $x
80200808 80200808        0     1                 .L0 
80200808 80200808      1a8     1                 printf
80200824 80200824        0     1                 .L0 
8020084e 8020084e        0     1                 .L0 
8020085e 8020085e        0     1                 .L0 
8020085e 8020085e        0     1                 .L0 
80200862 80200862        0     1                 .L0 
80200862 80200862        0     1                 .L0 
80200864 80200864        0     1                 .L0 
80200868 80200868        0     1                 .L0 
80200870 80200870        0     1                 .L0 
80200870 80200870        0     1                 .L0 
80200872 80200872        0     1                 .L0 
80200872 80200872        0     1                 .L0 
80200874 80200874        0     1                 .L0 
80200876 80200876        0     1                 .L0 
80200876 80200876        0     1                 .L0 
8020087c 8020087c        0     1                 .L0 
8020088c 8020088c        0     1                 .L0 
8020088c 8020088c        0     1                 .L0 
80200898 80200898        0     1                 .L0 
80200898 80200898        0     1                 .L0 
8020089c 8020089c        0     1                 .L0 
8020089c 8020089c        0     1                 .L0 
8020089e 8020089e        0     1                 .L0 
802008a4 802008a4        0     1                 .L0 
802008a4 802008a4        0     1                 .L0 
802008ac 802008ac        0     1                 .L0 
802008ac 802008ac        0     1                 .L0 
802008b6 802008b6        0     1                 .L0 
802008b6 802008b6        0     1                 .L0 
802008ba 802008ba        0     1                 .L0 
802008ba 802008ba        0     1                 .L0 
802008bc 802008bc        0     1                 .L0 
802008c0 802008c0        0     1                 .L0 
802008c2 802008c2        0     1                 .L0 
802008c2 802008c2        0     1                 .L0 
802008c8 802008c8        0     1                 .L0 
802008c8 802008c8        0     1                 .L0 
802008ca 802008ca        0     1                 .L0 
802008ce 802008ce        0     1                 .L0 
802008d0 802008d0        0     1                 .L0 
802008d0 802008d0        0     1                 .L0 
802008d6 802008d6        0     1                 .L0 
802008d6 802008d6        0     1                 .L0 
802008d8 802008d8        0     1                 .L0 
802008dc 802008dc        0     1                 .L0 
802008de 802008de        0     1                 .L0 
802008de 802008de        0     1                 .L0 
802008e4 802008e4        0     1                 .L0 
802008e4 802008e4        0     1                 .L0 
802008e6 802008e6        0     1                 .L0 
802008ea 802008ea        0     1                 .L0 
802008ec 802008ec        0     1                 .L0 
802008ec 802008ec        0     1                 .L0 
802008f2 802008f2        0     1                 .L0 
802008f2 802008f2        0     1                 .L0 
802008f4 802008f4        0     1                 .L0 
802008f8 802008f8        0     1                 .L0 
802008fa 802008fa        0     1                 .L0 
802008fa 802008fa        0     1                 .L0 
80200900 80200900        0     1                 .L0 
80200900 80200900        0     1                 .L0 
80200902 80200902        0     1                 .L0 
80200906 80200906        0     1                 .L0 
80200908 80200908        0     1                 .L0 
80200908 80200908        0     1                 .L0 
8020090e 8020090e        0     1                 .L0 
8020090e 8020090e        0     1                 .L0 
80200910 80200910        0     1                 .L0 
80200914 80200914        0     1                 .L0 
80200916 80200916        0     1                 .L0 
80200916 80200916        0     1                 .L0 
80200918 80200918        0     1                 .L0 
80200918 80200918        0     1                 .L0 
8020091a 8020091a        0     1                 .L0 
8020091e 8020091e        0     1                 .L0 
8020091e 8020091e        0     1                 .L0 
80200920 80200920        0     1                 .L0 
80200920 80200920        0     1                 .L0 
80200922 80200922        0     1                 .L0 
80200924 80200924        0     1                 .L0 
80200924 80200924        0     1                 .L0 
80200924 80200924        0     1                 .L0 
8020092e 8020092e        0     1                 .L0 
80200932 80200932        0     1                 .L0 
80200938 80200938        0     1                 .L0 
80200938 80200938        0     1                 .L0 
80200938 80200938        0     1                 .L0 
8020093e 8020093e        0     1                 .L0 
8020093e 8020093e        0     1                 .L0 
80200942 80200942        0     1                 .L0 
80200944 80200944        0     1                 .L0 
80200948 80200948        0     1                 .L0 
80200948 80200948        0     1                 .L0 
80200948 80200948        0     1                 .L0 
8020094e 8020094e        0     1                 .L0 
8020094e 8020094e        0     1                 .L0 
80200952 80200952        0     1                 .L0 
80200954 80200954        0     1                 .L0 
80200958 80200958        0     1                 .L0 
80200958 80200958        0     1                 .L0 
80200958 80200958        0     1                 .L0 
8020095e 8020095e        0     1                 .L0 
80200960 80200960        0     1                 .L0 
80200964 80200964        0     1                 .L0 
80200968 80200968        0     1                 .L0 
80200968 80200968        0     1                 .L0 
80200968 80200968        0     1                 .L0 
8020096a 8020096a        0     1                 .L0 
8020096a 8020096a        0     1                 .L0 
8020096e 8020096e        0     1                 .L0 
80200972 80200972        0     1                 .L0 
80200978 80200978        0     1                 .L0 
80200978 80200978        0     1                 .L0 
80200986 80200986        0     1                 .L0 
80200986 80200986        0     1                 .L0 
8020098c 8020098c        0     1                 .L0 
8020098c 8020098c        0     1                 .L0 
8020098c 8020098c        0     1                 .L0 
80200992 80200992        0     1                 .L0 
80200992 80200992        0     1                 .L0 
80200992 80200992        0     1                 .L0 
80200996 80200996        0     1                 .L0 
802009ac 802009ac        0     1                 .L0 
802009b0 802009b0        0     1                 .L0 
802009b0 802009b0        0     1                 .L0 
802009b0 802009b0        0     1                 .L0 
802009b0 802009b0        0     1                 .L0 
802009b0 802009b0        0     1                 .L0 
802009b0 802009b0       1c     1                 memcpy
802009b4 802009b4        0     1                 .L0 
802009b4 802009b4        0     1                 .L0 
802009b6 802009b6        0     1                 .L0 
802009c0 802009c0        0     1                 .L0 
802009c6 802009c6        0     1                 .L0 
802009c6 802009c6        0     1                 .L0 
802009ca 802009ca        0     1                 .L0 
802009ca 802009ca        0     1                 .L0 
802009cc 802009cc        0     1                 .L0 
802009cc 802009cc        0     1                 .L0 
802009cc 802009cc        0     1                 .L0 
802009cc 802009cc       16     1                 memset
802009d0 802009d0        0     1                 .L0 
802009d0 802009d0        0     1                 .L0 
802009d2 802009d2        0     1                 .L0 
802009d6 802009d6        0     1                 .L0 
802009dc 802009dc        0     1                 .L0 
802009dc 802009dc        0     1                 .L0 
802009e0 802009e0        0     1                 .L0 
802009e0 802009e0        0     1                 .L0 
802009e2 802009e2        0     1                 .L0 
802009e2 802009e2        0     1                 .L0 
802009e2 802009e2        0     1                 .L0 
802009e2 802009e2       24     1                 strcpy
802009e8 802009e8        0     1                 .L0 
802009ec 802009ec        0     1                 .L0 
802009ec 802009ec        0     1                 .L0 
802009ee 802009ee        0     1                 .L0 
802009fa 802009fa        0     1                 .L0 
802009fc 802009fc        0     1                 .L0 
802009fe 802009fe        0     1                 .L0 
80200a00 80200a00        0     1                 .L0 
80200a00 80200a00        0     1                 .L0 
80200a04 80200a04        0     1                 .L0 
80200a06 80200a06        0     1                 .L0 
80200a06 80200a06        0     1                 .L0 
80200a06 80200a06        0     1                 .L0 
80200a06 80200a06       24     1                 strcmp
80200a0a 80200a0a        0     1                 .L0 
80200a0c 80200a0c        0     1                 .L0 
80200a0e 80200a0e        0     1                 .L0 
80200a12 80200a12        0     1                 .L0 
80200a16 80200a16        0     1                 .L0 
80200a16 80200a16        0     1                 .L0 
80200a1c 80200a1c        0     1                 .L0 
80200a1e 80200a1e        0     1                 .L0 
80200a20 80200a20        0     1                 .L0 
80200a2a 80200a2a        0     1                 .L0 
80200a2c 80200a2c      14b     4 .rodata
80200a2c 80200a2c      14b     1         <internal>:(.rodata.str1.1)
80200b78 80200b78        4     4 .data
80200b78 80200b78        4     4         /var/folders/hw/r5t5ryts3r7fw374z_3h5bmw0000gp/T/kernel-638c84.o:(.data)
80200b78 80200b78        4     1                 alloc_pages.next_paddr
80200b78 80200b78        0     1                 $d
80200b7c 80200b7c    10070     4 .bss
80200b7c 80200b7c        0     1         __bss = .
80200b7c 80200b7c    10070     4         /var/folders/hw/r5t5ryts3r7fw374z_3h5bmw0000gp/T/kernel-638c84.o:(.bss)
80200b7c 80200b7c        0     1                 $d
80200b7c 80200b7c    10060     1                 procs
80210bdc 80210bdc       10     1                 .L_MergedGlobals
80210bdc 80210bdc        4     1                 idle_proc
80210be0 80210be0        4     1                 current_proc
80210be4 80210be4        4     1                 proc_a
80210be8 80210be8        4     1                 proc_b
80210bec 80210bec        0     1         __bss_end = .
80210bec 80210bec        0     1 . = ALIGN(4)
80210bec 80210bec    20000     1 . += 128 * 1024
80230bec 80230bec        0     1 __stack_top = .
80230bec 80230bec      414     1 . = ALIGN(4096)
80231000 80231000        0     1 __free_ram = .
80231000 80231000  4000000     1 . += 64 * 1024 * 1024
84231000 84231000        0     1 __free_ram_end = .
       0        0      8b8     1 .debug_loclists
       0        0      6d7     1         /var/folders/hw/r5t5ryts3r7fw374z_3h5bmw0000gp/T/kernel-638c84.o:(.debug_loclists)
       0        0        0     1                 $d
       c        c        0     1                 .L0 
     6d7      6d7      1e1     1         /var/folders/hw/r5t5ryts3r7fw374z_3h5bmw0000gp/T/common-c56d4c.o:(.debug_loclists)
     6d7      6d7        0     1                 $d
     6e3      6e3        0     1                 .L0 
       0        0      3ac     1 .debug_abbrev
       0        0      27d     1         /var/folders/hw/r5t5ryts3r7fw374z_3h5bmw0000gp/T/kernel-638c84.o:(.debug_abbrev)
       0        0        0     1                 $d
     27d      27d      12f     1         /var/folders/hw/r5t5ryts3r7fw374z_3h5bmw0000gp/T/common-c56d4c.o:(.debug_abbrev)
     27d      27d        0     1                 $d
       0        0      b50     1 .debug_info
       0        0      911     1         /var/folders/hw/r5t5ryts3r7fw374z_3h5bmw0000gp/T/kernel-638c84.o:(.debug_info)
       0        0        0     1                 $d
     911      911      23f     1         /var/folders/hw/r5t5ryts3r7fw374z_3h5bmw0000gp/T/common-c56d4c.o:(.debug_info)
     911      911        0     1                 $d
       0        0       99     1 .debug_rnglists
       0        0       7e     1         /var/folders/hw/r5t5ryts3r7fw374z_3h5bmw0000gp/T/kernel-638c84.o:(.debug_rnglists)
       0        0        0     1                 $d
       c        c        0     1                 .L0 
      7e       7e       1b     1         /var/folders/hw/r5t5ryts3r7fw374z_3h5bmw0000gp/T/common-c56d4c.o:(.debug_rnglists)
      7e       7e        0     1                 $d
      8a       8a        0     1                 .L0 
       0        0      228     1 .debug_str_offsets
       0        0      190     1         /var/folders/hw/r5t5ryts3r7fw374z_3h5bmw0000gp/T/kernel-638c84.o:(.debug_str_offsets)
       0        0        0     1                 $d
       8        8        0     1                 .L0 
     190      190       98     1         /var/folders/hw/r5t5ryts3r7fw374z_3h5bmw0000gp/T/common-c56d4c.o:(.debug_str_offsets)
     190      190        0     1                 $d
     198      198        0     1                 .L0 
       0        0      2fe     1 .debug_str
       0        0      2fe     1         <internal>:(.debug_str)
       0        0      154     1 .debug_addr
       0        0       f4     1         /var/folders/hw/r5t5ryts3r7fw374z_3h5bmw0000gp/T/kernel-638c84.o:(.debug_addr)
       0        0        0     1                 $d
       8        8        0     1                 .L0 
      f4       f4       60     1         /var/folders/hw/r5t5ryts3r7fw374z_3h5bmw0000gp/T/common-c56d4c.o:(.debug_addr)
      f4       f4        0     1                 $d
      fc       fc        0     1                 .L0 
       0        0       3b     1 .comment
       0        0       3b     1         <internal>:(.comment)
       0        0       4e     1 .riscv.attributes
       0        0       4e     1         <internal>:(.riscv.attributes)
       0        0      1c0     4 .debug_frame
       0        0      128     4         /var/folders/hw/r5t5ryts3r7fw374z_3h5bmw0000gp/T/kernel-638c84.o:(.debug_frame)
       0        0        0     1                 .L0 
       0        0        0     1                 $d
     128      128       98     4         /var/folders/hw/r5t5ryts3r7fw374z_3h5bmw0000gp/T/common-c56d4c.o:(.debug_frame)
     128      128        0     1                 .L0 
     128      128        0     1                 $d
       0        0      b1a     1 .debug_line
       0        0      818     1         /var/folders/hw/r5t5ryts3r7fw374z_3h5bmw0000gp/T/kernel-638c84.o:(.debug_line)
       0        0        0     1                 .Lline_table_start0
       0        0        0     1                 $d
     818      818      302     1         /var/folders/hw/r5t5ryts3r7fw374z_3h5bmw0000gp/T/common-c56d4c.o:(.debug_line)
     818      818        0     1                 .Lline_table_start0
     818      818        0     1                 $d
       0        0       4b     1 .debug_line_str
       0        0       4b     1         <internal>:(.debug_line_str)
       0        0      3f0     4 .symtab
       0        0      3f0     4         <internal>:(.symtab)
       0        0       dc     1 .shstrtab
       0        0       dc     1         <internal>:(.shstrtab)
       0        0      196     1 .strtab
       0        0      196     1         <internal>:(.strtab)
