     VMA      LMA     Size Align Out     In      Symbol
       0        0 80200000     1 . = 0x80200000
80200000 80200000      216     2 .text
80200000 80200000        e     2         /var/folders/hw/r5t5ryts3r7fw374z_3h5bmw0000gp/T/kernel-b85627.o:(.text.boot)
80200000 80200000        0     1                 .L0 
80200000 80200000        0     1                 .L0 
80200000 80200000        0     1                 $x
80200000 80200000        0     1                 .L0 
80200000 80200000        e     1                 boot
8020000e 8020000e        0     1                 .L0 
8020000e 8020000e        0     1                 .L0 
8020000e 8020000e       60     2         /var/folders/hw/r5t5ryts3r7fw374z_3h5bmw0000gp/T/kernel-b85627.o:(.text)
8020000e 8020000e        0     1                 .L0 
8020000e 8020000e        0     1                 .L0 
8020000e 8020000e        0     1                 $x
8020000e 8020000e        0     1                 .L0 
8020000e 8020000e        6     1                 sbi_call
80200012 80200012        0     1                 .L0 
80200014 80200014        0     1                 .L0 
80200014 80200014        0     1                 .L0 
80200014 80200014        0     1                 .L0 
80200014 80200014       16     1                 memset
80200018 80200018        0     1                 .L0 
80200024 80200024        0     1                 .L0 
80200028 80200028        0     1                 .L0 
8020002a 8020002a        0     1                 .L0 
8020002a 8020002a        0     1                 .L0 
8020002a 8020002a        0     1                 .L0 
8020002a 8020002a       14     1                 putchar
8020003c 8020003c        0     1                 .L0 
8020003e 8020003e        0     1                 .L0 
8020003e 8020003e        0     1                 .L0 
8020003e 8020003e        0     1                 .L0 
8020003e 8020003e       30     1                 kernel_main
80200042 80200042        0     1                 .L0 
80200054 80200054        0     1                 .L0 
80200054 80200054        0     1                 .L0 
80200068 80200068        0     1                 .L0 
80200068 80200068        0     1                 .L0 
8020006c 8020006c        0     1                 .L0 
8020006e 8020006e        0     1                 .L0 
8020006e 8020006e        0     1                 .L0 
8020006e 8020006e      1a8     2         /var/folders/hw/r5t5ryts3r7fw374z_3h5bmw0000gp/T/common-fdf2fd.o:(.text)
8020006e 8020006e        0     1                 .L0 
8020006e 8020006e        0     1                 .L0 
8020006e 8020006e        0     1                 $x
8020006e 8020006e        0     1                 .L0 
8020006e 8020006e      1a8     1                 printf
8020008a 8020008a        0     1                 .L0 
802000b4 802000b4        0     1                 .L0 
802000c4 802000c4        0     1                 .L0 
802000c4 802000c4        0     1                 .L0 
802000c8 802000c8        0     1                 .L0 
802000c8 802000c8        0     1                 .L0 
802000ca 802000ca        0     1                 .L0 
802000ce 802000ce        0     1                 .L0 
802000d6 802000d6        0     1                 .L0 
802000d6 802000d6        0     1                 .L0 
802000d8 802000d8        0     1                 .L0 
802000d8 802000d8        0     1                 .L0 
802000da 802000da        0     1                 .L0 
802000dc 802000dc        0     1                 .L0 
802000dc 802000dc        0     1                 .L0 
802000e2 802000e2        0     1                 .L0 
802000f2 802000f2        0     1                 .L0 
802000f2 802000f2        0     1                 .L0 
802000fe 802000fe        0     1                 .L0 
802000fe 802000fe        0     1                 .L0 
80200102 80200102        0     1                 .L0 
80200102 80200102        0     1                 .L0 
80200104 80200104        0     1                 .L0 
8020010a 8020010a        0     1                 .L0 
8020010a 8020010a        0     1                 .L0 
80200112 80200112        0     1                 .L0 
80200112 80200112        0     1                 .L0 
8020011c 8020011c        0     1                 .L0 
8020011c 8020011c        0     1                 .L0 
80200120 80200120        0     1                 .L0 
80200120 80200120        0     1                 .L0 
80200122 80200122        0     1                 .L0 
80200126 80200126        0     1                 .L0 
80200128 80200128        0     1                 .L0 
80200128 80200128        0     1                 .L0 
8020012e 8020012e        0     1                 .L0 
8020012e 8020012e        0     1                 .L0 
80200130 80200130        0     1                 .L0 
80200134 80200134        0     1                 .L0 
80200136 80200136        0     1                 .L0 
80200136 80200136        0     1                 .L0 
8020013c 8020013c        0     1                 .L0 
8020013c 8020013c        0     1                 .L0 
8020013e 8020013e        0     1                 .L0 
80200142 80200142        0     1                 .L0 
80200144 80200144        0     1                 .L0 
80200144 80200144        0     1                 .L0 
8020014a 8020014a        0     1                 .L0 
8020014a 8020014a        0     1                 .L0 
8020014c 8020014c        0     1                 .L0 
80200150 80200150        0     1                 .L0 
80200152 80200152        0     1                 .L0 
80200152 80200152        0     1                 .L0 
80200158 80200158        0     1                 .L0 
80200158 80200158        0     1                 .L0 
8020015a 8020015a        0     1                 .L0 
8020015e 8020015e        0     1                 .L0 
80200160 80200160        0     1                 .L0 
80200160 80200160        0     1                 .L0 
80200166 80200166        0     1                 .L0 
80200166 80200166        0     1                 .L0 
80200168 80200168        0     1                 .L0 
8020016c 8020016c        0     1                 .L0 
8020016e 8020016e        0     1                 .L0 
8020016e 8020016e        0     1                 .L0 
80200174 80200174        0     1                 .L0 
80200174 80200174        0     1                 .L0 
80200176 80200176        0     1                 .L0 
8020017a 8020017a        0     1                 .L0 
8020017c 8020017c        0     1                 .L0 
8020017c 8020017c        0     1                 .L0 
8020017e 8020017e        0     1                 .L0 
8020017e 8020017e        0     1                 .L0 
80200180 80200180        0     1                 .L0 
80200184 80200184        0     1                 .L0 
80200184 80200184        0     1                 .L0 
80200186 80200186        0     1                 .L0 
80200186 80200186        0     1                 .L0 
80200188 80200188        0     1                 .L0 
8020018a 8020018a        0     1                 .L0 
8020018a 8020018a        0     1                 .L0 
8020018a 8020018a        0     1                 .L0 
80200194 80200194        0     1                 .L0 
80200198 80200198        0     1                 .L0 
8020019e 8020019e        0     1                 .L0 
8020019e 8020019e        0     1                 .L0 
8020019e 8020019e        0     1                 .L0 
802001a4 802001a4        0     1                 .L0 
802001a4 802001a4        0     1                 .L0 
802001a8 802001a8        0     1                 .L0 
802001aa 802001aa        0     1                 .L0 
802001ae 802001ae        0     1                 .L0 
802001ae 802001ae        0     1                 .L0 
802001ae 802001ae        0     1                 .L0 
802001b4 802001b4        0     1                 .L0 
802001b4 802001b4        0     1                 .L0 
802001b8 802001b8        0     1                 .L0 
802001ba 802001ba        0     1                 .L0 
802001be 802001be        0     1                 .L0 
802001be 802001be        0     1                 .L0 
802001be 802001be        0     1                 .L0 
802001c4 802001c4        0     1                 .L0 
802001c6 802001c6        0     1                 .L0 
802001ca 802001ca        0     1                 .L0 
802001ce 802001ce        0     1                 .L0 
802001ce 802001ce        0     1                 .L0 
802001ce 802001ce        0     1                 .L0 
802001d0 802001d0        0     1                 .L0 
802001d0 802001d0        0     1                 .L0 
802001d4 802001d4        0     1                 .L0 
802001d8 802001d8        0     1                 .L0 
802001de 802001de        0     1                 .L0 
802001de 802001de        0     1                 .L0 
802001ec 802001ec        0     1                 .L0 
802001ec 802001ec        0     1                 .L0 
802001f2 802001f2        0     1                 .L0 
802001f2 802001f2        0     1                 .L0 
802001f2 802001f2        0     1                 .L0 
802001f8 802001f8        0     1                 .L0 
802001f8 802001f8        0     1                 .L0 
802001f8 802001f8        0     1                 .L0 
802001fc 802001fc        0     1                 .L0 
80200212 80200212        0     1                 .L0 
80200216 80200216        0     1                 .L0 
80200216 80200216        0     1                 .L0 
80200218 80200218       34     4 .rodata
80200218 80200218       34     1         <internal>:(.rodata.str1.1)
8020024c 8020024c        0     4 .bss
8020024c 8020024c        0     1         __bss = .
8020024c 8020024c        0     1         __bss_end = .
8020024c 8020024c        0     1 . = ALIGN(4)
8020024c 8020024c    20000     1 . += 128 * 1024
8022024c 8022024c        0     1 __stack_top = .
       0        0      191     1 .debug_loclists
       0        0       63     1         /var/folders/hw/r5t5ryts3r7fw374z_3h5bmw0000gp/T/kernel-b85627.o:(.debug_loclists)
       0        0        0     1                 $d
       c        c        0     1                 .L0 
      63       63      12e     1         /var/folders/hw/r5t5ryts3r7fw374z_3h5bmw0000gp/T/common-fdf2fd.o:(.debug_loclists)
      63       63        0     1                 $d
      6f       6f        0     1                 .L0 
       0        0      29f     1 .debug_abbrev
       0        0      1aa     1         /var/folders/hw/r5t5ryts3r7fw374z_3h5bmw0000gp/T/kernel-b85627.o:(.debug_abbrev)
       0        0        0     1                 $d
     1aa      1aa       f5     1         /var/folders/hw/r5t5ryts3r7fw374z_3h5bmw0000gp/T/common-fdf2fd.o:(.debug_abbrev)
     1aa      1aa        0     1                 $d
       0        0      3ef     1 .debug_info
       0        0      2af     1         /var/folders/hw/r5t5ryts3r7fw374z_3h5bmw0000gp/T/kernel-b85627.o:(.debug_info)
       0        0        0     1                 $d
     2af      2af      140     1         /var/folders/hw/r5t5ryts3r7fw374z_3h5bmw0000gp/T/common-fdf2fd.o:(.debug_info)
     2af      2af        0     1                 $d
       0        0       32     1 .debug_rnglists
       0        0       17     1         /var/folders/hw/r5t5ryts3r7fw374z_3h5bmw0000gp/T/kernel-b85627.o:(.debug_rnglists)
       0        0        0     1                 $d
       c        c        0     1                 .L0 
      17       17       1b     1         /var/folders/hw/r5t5ryts3r7fw374z_3h5bmw0000gp/T/common-fdf2fd.o:(.debug_rnglists)
      17       17        0     1                 $d
      23       23        0     1                 .L0 
       0        0      100     1 .debug_str_offsets
       0        0       ac     1         /var/folders/hw/r5t5ryts3r7fw374z_3h5bmw0000gp/T/kernel-b85627.o:(.debug_str_offsets)
       0        0        0     1                 $d
       8        8        0     1                 .L0 
      ac       ac       54     1         /var/folders/hw/r5t5ryts3r7fw374z_3h5bmw0000gp/T/common-fdf2fd.o:(.debug_str_offsets)
      ac       ac        0     1                 $d
      b4       b4        0     1                 .L0 
       0        0      175     1 .debug_str
       0        0      175     1         <internal>:(.debug_str)
       0        0       80     1 .debug_addr
       0        0       30     1         /var/folders/hw/r5t5ryts3r7fw374z_3h5bmw0000gp/T/kernel-b85627.o:(.debug_addr)
       0        0        0     1                 $d
       8        8        0     1                 .L0 
      30       30       50     1         /var/folders/hw/r5t5ryts3r7fw374z_3h5bmw0000gp/T/common-fdf2fd.o:(.debug_addr)
      30       30        0     1                 $d
      38       38        0     1                 .L0 
       0        0       3b     1 .comment
       0        0       3b     1         <internal>:(.comment)
       0        0       4e     1 .riscv.attributes
       0        0       4e     1         <internal>:(.riscv.attributes)
       0        0       c4     4 .debug_frame
       0        0       6c     4         /var/folders/hw/r5t5ryts3r7fw374z_3h5bmw0000gp/T/kernel-b85627.o:(.debug_frame)
       0        0        0     1                 .L0 
       0        0        0     1                 $d
      6c       6c       58     4         /var/folders/hw/r5t5ryts3r7fw374z_3h5bmw0000gp/T/common-fdf2fd.o:(.debug_frame)
      6c       6c        0     1                 .L0 
      6c       6c        0     1                 $d
       0        0      31a     1 .debug_line
       0        0       f1     1         /var/folders/hw/r5t5ryts3r7fw374z_3h5bmw0000gp/T/kernel-b85627.o:(.debug_line)
       0        0        0     1                 .Lline_table_start0
       0        0        0     1                 $d
      f1       f1      229     1         /var/folders/hw/r5t5ryts3r7fw374z_3h5bmw0000gp/T/common-fdf2fd.o:(.debug_line)
      f1       f1        0     1                 .Lline_table_start0
      f1       f1        0     1                 $d
       0        0       4b     1 .debug_line_str
       0        0       4b     1         <internal>:(.debug_line_str)
       0        0      290     4 .symtab
       0        0      290     4         <internal>:(.symtab)
       0        0       d6     1 .shstrtab
       0        0       d6     1         <internal>:(.shstrtab)
       0        0       b6     1 .strtab
       0        0       b6     1         <internal>:(.strtab)
