     VMA      LMA     Size Align Out     In      Symbol
       0        0 80200000     1 . = 0x80200000
80200000        0        0     1 __kernel_base = .
80200000 80200000     1268     4 .text
80200000 80200000        e     2         /var/folders/hw/r5t5ryts3r7fw374z_3h5bmw0000gp/T/kernel-506de4.o:(.text.boot)
80200000 80200000        0     1                 .L0 
80200000 80200000        0     1                 .L0 
80200000 80200000        0     1                 $x
80200000 80200000        0     1                 .L0 
80200000 80200000        e     1                 boot
8020000e 8020000e        0     1                 .L0 
8020000e 8020000e        0     1                 .L0 
80200010 80200010      c66     4         /var/folders/hw/r5t5ryts3r7fw374z_3h5bmw0000gp/T/kernel-506de4.o:(.text)
80200010 80200010        0     1                 .L0 
80200010 80200010        0     1                 .L0 
80200010 80200010        0     1                 $x
80200010 80200010        0     1                 .L0 
80200010 80200010       50     1                 alloc_pages
80200016 80200016        0     1                 .L0 
80200016 80200016        0     1                 .L0 
8020001e 8020001e        0     1                 .L0 
8020001e 8020001e        0     1                 .L0 
80200022 80200022        0     1                 .L0 
80200026 80200026        0     1                 .L0 
80200026 80200026        0     1                 .L0 
8020002e 8020002e        0     1                 .L0 
80200032 80200032        0     1                 .L0 
80200036 80200036        0     1                 .L0 
8020004c 8020004c        0     1                 .L0 
8020004e 8020004e        0     1                 .L0 
8020004e 8020004e        0     1                 .L0 
80200056 80200056        0     1                 .L0 
80200056 80200056        0     1                 .L0 
80200058 80200058        0     1                 .L0 
8020005c 8020005c        0     1                 .L0 
8020005c 8020005c        0     1                 .L0 
80200060 80200060        0     1                 .L0 
80200060 80200060        0     1                 .L0 
80200060 80200060        0     1                 .L0 
80200060 80200060        0     1                 .L0 
80200060 80200060        0     1                 .L0 
80200060 80200060       de     1                 map_page
8020006e 8020006e        0     1                 .L0 
80200070 80200070        0     1                 .L0 
80200070 80200070        0     1                 .L0 
80200074 80200074        0     1                 .L0 
80200078 80200078        0     1                 .L0 
80200088 80200088        0     1                 .L0 
8020008a 8020008a        0     1                 .L0 
8020008e 8020008e        0     1                 .L0 
80200090 80200090        0     1                 .L0 
80200090 80200090        0     1                 .L0 
80200090 80200090        0     1                 .L0 
80200096 80200096        0     1                 .L0 
80200098 80200098        0     1                 .L0 
8020009c 8020009c        0     1                 .L0 
802000aa 802000aa        0     1                 .L0 
802000ae 802000ae        0     1                 .L0 
802000b2 802000b2        0     1                 .L0 
802000b4 802000b4        0     1                 .L0 
802000b4 802000b4        0     1                 .L0 
802000b4 802000b4        0     1                 .L0 
802000c0 802000c0        0     1                 .L0 
802000c0 802000c0        0     1                 .L0 
802000c6 802000c6        0     1                 .L0 
802000c6 802000c6        0     1                 .L0 
802000ce 802000ce        0     1                 .L0 
802000ce 802000ce        0     1                 .L0 
802000d0 802000d0        0     1                 .L0 
802000d2 802000d2        0     1                 .L0 
802000da 802000da        0     1                 .L0 
802000de 802000de        0     1                 .L0 
802000e2 802000e2        0     1                 .L0 
802000f4 802000f4        0     1                 .L0 
802000f8 802000f8        0     1                 .L0 
802000fa 802000fa        0     1                 .L0 
802000fa 802000fa        0     1                 .L0 
802000fa 802000fa        0     1                 .L0 
802000fc 802000fc        0     1                 .L0 
802000fc 802000fc        0     1                 .L0 
80200104 80200104        0     1                 .L0 
80200108 80200108        0     1                 .L0 
80200108 80200108        0     1                 .L0 
8020010c 8020010c        0     1                 .L0 
80200116 80200116        0     1                 .L0 
80200116 80200116        0     1                 .L0 
8020011c 8020011c        0     1                 .L0 
80200122 80200122        0     1                 .L0 
8020012c 8020012c        0     1                 .L0 
8020012e 8020012e        0     1                 .L0 
8020013a 8020013a        0     1                 .L0 
8020013e 8020013e        0     1                 .L0 
8020013e 8020013e        0     1                 .L0 
8020013e 8020013e        0     1                 .L0 
8020013e 8020013e        0     1                 .L0 
8020013e 8020013e        0     1                 .L0 
8020013e 8020013e       14     1                 user_entry
80200146 80200146        0     1                 .L0 
80200152 80200152        0     1                 .L0 
80200152 80200152        0     1                 .L0 
80200152 80200152        0     1                 .L0 
80200152 80200152      27a     1                 create_process
8020016e 8020016e        0     1                 .L0 
80200170 80200170        0     1                 .L0 
80200170 80200170        0     1                 .L0 
8020017e 8020017e        0     1                 .L0 
8020017e 8020017e        0     1                 .L0 
80200180 80200180        0     1                 .L0 
80200180 80200180        0     1                 .L0 
80200188 80200188        0     1                 .L0 
8020018a 8020018a        0     1                 .L0 
8020018a 8020018a        0     1                 .L0 
80200192 80200192        0     1                 .L0 
80200194 80200194        0     1                 .L0 
80200194 80200194        0     1                 .L0 
8020019c 8020019c        0     1                 .L0 
8020019e 8020019e        0     1                 .L0 
8020019e 8020019e        0     1                 .L0 
802001a6 802001a6        0     1                 .L0 
802001a8 802001a8        0     1                 .L0 
802001a8 802001a8        0     1                 .L0 
802001b0 802001b0        0     1                 .L0 
802001b2 802001b2        0     1                 .L0 
802001b2 802001b2        0     1                 .L0 
802001ba 802001ba        0     1                 .L0 
802001bc 802001bc        0     1                 .L0 
802001bc 802001bc        0     1                 .L0 
802001c4 802001c4        0     1                 .L0 
802001c6 802001c6        0     1                 .L0 
802001c6 802001c6        0     1                 .L0 
802001de 802001de        0     1                 .L0 
802001e0 802001e0        0     1                 .L0 
802001e0 802001e0        0     1                 .L0 
802001e0 802001e0        0     1                 .L0 
802001e4 802001e4        0     1                 .L0 
802001e4 802001e4        0     1                 .L0 
802001ea 802001ea        0     1                 .L0 
802001ec 802001ec        0     1                 .L0 
802001ec 802001ec        0     1                 .L0 
802001ec 802001ec        0     1                 .L0 
802001f4 802001f4        0     1                 .L0 
802001f6 802001f6        0     1                 .L0 
802001f6 802001f6        0     1                 .L0 
802001f6 802001f6        0     1                 .L0 
802001fe 802001fe        0     1                 .L0 
80200200 80200200        0     1                 .L0 
80200200 80200200        0     1                 .L0 
80200200 80200200        0     1                 .L0 
80200208 80200208        0     1                 .L0 
8020020a 8020020a        0     1                 .L0 
8020020a 8020020a        0     1                 .L0 
8020020a 8020020a        0     1                 .L0 
80200212 80200212        0     1                 .L0 
80200214 80200214        0     1                 .L0 
80200214 80200214        0     1                 .L0 
80200214 80200214        0     1                 .L0 
8020021c 8020021c        0     1                 .L0 
8020021e 8020021e        0     1                 .L0 
8020021e 8020021e        0     1                 .L0 
8020021e 8020021e        0     1                 .L0 
80200226 80200226        0     1                 .L0 
80200226 80200226        0     1                 .L0 
8020022e 8020022e        0     1                 .L0 
8020022e 8020022e        0     1                 .L0 
80200230 80200230        0     1                 .L0 
80200230 80200230        0     1                 .L0 
8020023a 8020023a        0     1                 .L0 
8020023a 8020023a        0     1                 .L0 
80200240 80200240        0     1                 .L0 
8020024c 8020024c        0     1                 .L0 
8020024c 8020024c        0     1                 .L0 
8020024e 8020024e        0     1                 .L0 
80200252 80200252        0     1                 .L0 
80200256 80200256        0     1                 .L0 
8020025a 8020025a        0     1                 .L0 
8020025e 8020025e        0     1                 .L0 
80200262 80200262        0     1                 .L0 
80200266 80200266        0     1                 .L0 
8020026a 8020026a        0     1                 .L0 
8020026e 8020026e        0     1                 .L0 
80200272 80200272        0     1                 .L0 
8020027a 8020027a        0     1                 .L0 
8020027e 8020027e        0     1                 .L0 
80200282 80200282        0     1                 .L0 
80200282 80200282        0     1                 .L0 
80200286 80200286        0     1                 .L0 
80200286 80200286        0     1                 .L0 
8020029c 8020029c        0     1                 .L0 
8020029e 8020029e        0     1                 .L0 
8020029e 8020029e        0     1                 .L0 
802002a0 802002a0        0     1                 .L0 
802002ac 802002ac        0     1                 .L0 
802002ac 802002ac        0     1                 .L0 
802002b4 802002b4        0     1                 .L0 
802002b4 802002b4        0     1                 .L0 
802002b8 802002b8        0     1                 .L0 
802002b8 802002b8        0     1                 .L0 
802002b8 802002b8        0     1                 .L0 
802002c2 802002c2        0     1                 .L0 
802002c2 802002c2        0     1                 .L0 
802002c4 802002c4        0     1                 .L0 
802002c8 802002c8        0     1                 .L0 
802002c8 802002c8        0     1                 .L0 
802002c8 802002c8        0     1                 .L0 
802002cc 802002cc        0     1                 .L0 
802002d2 802002d2        0     1                 .L0 
802002d2 802002d2        0     1                 .L0 
802002da 802002da        0     1                 .L0 
802002da 802002da        0     1                 .L0 
802002dc 802002dc        0     1                 .L0 
802002e2 802002e2        0     1                 .L0 
802002e6 802002e6        0     1                 .L0 
802002fc 802002fc        0     1                 .L0 
802002fe 802002fe        0     1                 .L0 
802002fe 802002fe        0     1                 .L0 
80200308 80200308        0     1                 .L0 
80200308 80200308        0     1                 .L0 
8020030a 8020030a        0     1                 .L0 
80200314 80200314        0     1                 .L0 
80200314 80200314        0     1                 .L0 
8020031c 8020031c        0     1                 .L0 
80200322 80200322        0     1                 .L0 
80200322 80200322        0     1                 .L0 
80200326 80200326        0     1                 .L0 
80200326 80200326        0     1                 .L0 
80200338 80200338        0     1                 .L0 
80200338 80200338        0     1                 .L0 
8020033a 8020033a        0     1                 .L0 
8020033a 8020033a        0     1                 .L0 
8020033c 8020033c        0     1                 .L0 
80200342 80200342        0     1                 .L0 
80200342 80200342        0     1                 .L0 
80200346 80200346        0     1                 .L0 
8020034e 8020034e        0     1                 .L0 
8020034e 8020034e        0     1                 .L0 
80200350 80200350        0     1                 .L0 
80200358 80200358        0     1                 .L0 
8020035c 8020035c        0     1                 .L0 
8020035c 8020035c        0     1                 .L0 
8020035c 8020035c        0     1                 .L0 
80200360 80200360        0     1                 .L0 
80200360 80200360        0     1                 .L0 
80200368 80200368        0     1                 .L0 
8020036c 8020036c        0     1                 .L0 
80200376 80200376        0     1                 .L0 
80200376 80200376        0     1                 .L0 
80200378 80200378        0     1                 .L0 
80200378 80200378        0     1                 .L0 
8020037c 8020037c        0     1                 .L0 
8020037c 8020037c        0     1                 .L0 
80200380 80200380        0     1                 .L0 
80200384 80200384        0     1                 .L0 
80200388 80200388        0     1                 .L0 
8020038c 8020038c        0     1                 .L0 
80200390 80200390        0     1                 .L0 
80200394 80200394        0     1                 .L0 
80200396 80200396        0     1                 .L0 
802003a2 802003a2        0     1                 .L0 
802003a4 802003a4        0     1                 .L0 
802003a6 802003a6        0     1                 .L0 
802003aa 802003aa        0     1                 .L0 
802003b0 802003b0        0     1                 .L0 
802003b4 802003b4        0     1                 .L0 
802003b4 802003b4        0     1                 .L0 
802003b4 802003b4        0     1                 .L0 
802003ca 802003ca        0     1                 .L0 
802003cc 802003cc        0     1                 .L0 
802003cc 802003cc        0     1                 .L0 
802003cc 802003cc        0     1                 .L0 
802003cc 802003cc        0     1                 .L0 
802003cc 802003cc        0     1                 .L0 
802003cc 802003cc        0     1                 .L0 
802003cc 802003cc       46     1                 switch_context
80200412 80200412        0     1                 .L0 
80200412 80200412        0     1                 .L0 
80200412 80200412        0     1                 .L0 
80200412 80200412      196     1                 yield
8020041a 8020041a        0     1                 .L0 
8020041a 8020041a        0     1                 .L0 
8020041e 8020041e        0     1                 .L0 
8020041e 8020041e        0     1                 .L0 
8020042c 8020042c        0     1                 .L0 
8020043e 8020043e        0     1                 .L0 
8020043e 8020043e        0     1                 .L0 
80200440 80200440        0     1                 .L0 
80200440 80200440        0     1                 .L0 
80200444 80200444        0     1                 .L0 
80200444 80200444        0     1                 .L0 
80200446 80200446        0     1                 .L0 
80200446 80200446        0     1                 .L0 
8020044a 8020044a        0     1                 .L0 
8020044c 8020044c        0     1                 .L0 
80200450 80200450        0     1                 .L0 
80200450 80200450        0     1                 .L0 
80200458 80200458        0     1                 .L0 
8020046c 8020046c        0     1                 .L0 
8020046e 8020046e        0     1                 .L0 
80200472 80200472        0     1                 .L0 
80200474 80200474        0     1                 .L0 
80200478 80200478        0     1                 .L0 
80200478 80200478        0     1                 .L0 
80200480 80200480        0     1                 .L0 
80200494 80200494        0     1                 .L0 
80200498 80200498        0     1                 .L0 
8020049c 8020049c        0     1                 .L0 
8020049e 8020049e        0     1                 .L0 
802004a2 802004a2        0     1                 .L0 
802004a2 802004a2        0     1                 .L0 
802004aa 802004aa        0     1                 .L0 
802004be 802004be        0     1                 .L0 
802004c0 802004c0        0     1                 .L0 
802004c4 802004c4        0     1                 .L0 
802004c6 802004c6        0     1                 .L0 
802004ca 802004ca        0     1                 .L0 
802004ca 802004ca        0     1                 .L0 
802004d2 802004d2        0     1                 .L0 
802004e6 802004e6        0     1                 .L0 
802004ea 802004ea        0     1                 .L0 
802004ee 802004ee        0     1                 .L0 
802004f0 802004f0        0     1                 .L0 
802004f4 802004f4        0     1                 .L0 
802004f4 802004f4        0     1                 .L0 
802004fc 802004fc        0     1                 .L0 
80200510 80200510        0     1                 .L0 
80200512 80200512        0     1                 .L0 
80200516 80200516        0     1                 .L0 
80200518 80200518        0     1                 .L0 
8020051c 8020051c        0     1                 .L0 
8020051c 8020051c        0     1                 .L0 
80200524 80200524        0     1                 .L0 
80200538 80200538        0     1                 .L0 
8020053c 8020053c        0     1                 .L0 
80200540 80200540        0     1                 .L0 
80200542 80200542        0     1                 .L0 
80200546 80200546        0     1                 .L0 
80200546 80200546        0     1                 .L0 
80200562 80200562        0     1                 .L0 
80200566 80200566        0     1                 .L0 
80200568 80200568        0     1                 .L0 
8020056c 8020056c        0     1                 .L0 
8020056c 8020056c        0     1                 .L0 
8020056e 8020056e        0     1                 .L0 
8020056e 8020056e        0     1                 .L0 
80200572 80200572        0     1                 .L0 
8020057a 8020057a        0     1                 .L0 
8020057c 8020057c        0     1                 .L0 
8020057e 8020057e        0     1                 .L0 
80200584 80200584        0     1                 .L0 
80200586 80200586        0     1                 .L0 
80200596 80200596        0     1                 .L0 
8020059a 8020059a        0     1                 .L0 
8020059a 8020059a        0     1                 .L0 
8020059c 8020059c        0     1                 .L0 
8020059c 8020059c        0     1                 .L0 
802005a0 802005a0        0     1                 .L0 
802005a4 802005a4        0     1                 .L0 
802005a4 802005a4        0     1                 .L0 
802005a6 802005a6        0     1                 .L0 
802005a6 802005a6        0     1                 .L0 
802005a8 802005a8        0     1                 .L0 
802005a8 802005a8        0     1                 .L0 
802005a8 802005a8        0     1                 .L0 
802005a8 802005a8        0     1                 .L0 
802005a8 802005a8        0     1                 .L0 
802005a8 802005a8        6     1                 sbi_call
802005ac 802005ac        0     1                 .L0 
802005ac 802005ac        0     1                 .L0 
802005ae 802005ae        0     1                 .L0 
802005ae 802005ae        0     1                 .L0 
802005ae 802005ae        0     1                 .L0 
802005ae 802005ae       14     1                 putchar
802005c0 802005c0        0     1                 .L0 
802005c0 802005c0        0     1                 .L0 
802005c2 802005c2        0     1                 .L0 
802005c2 802005c2        0     1                 .L0 
802005c2 802005c2        0     1                 .L0 
802005c2 802005c2       16     1                 getchar
802005d6 802005d6        0     1                 .L0 
802005d6 802005d6        0     1                 .L0 
802005d8 802005d8        0     1                 .L0 
802005d8 802005d8        0     1                 .L0 
802005d8 802005d8        0     1                 .L0 
802005d8 802005d8        0     1                 .L0 
802005d8 802005d8      144     1                 create_file
802005e2 802005e2        0     1                 .L0 
802005e4 802005e4        0     1                 .L0 
802005e4 802005e4        0     1                 .L0 
802005f4 802005f4        0     1                 .L0 
802005f6 802005f6        0     1                 .L0 
802005f6 802005f6        0     1                 .L0 
802005fa 802005fa        0     1                 .L0 
802005fc 802005fc        0     1                 .L0 
802005fc 802005fc        0     1                 .L0 
80200600 80200600        0     1                 .L0 
80200602 80200602        0     1                 .L0 
80200602 80200602        0     1                 .L0 
80200606 80200606        0     1                 .L0 
80200608 80200608        0     1                 .L0 
80200608 80200608        0     1                 .L0 
8020060c 8020060c        0     1                 .L0 
8020060e 8020060e        0     1                 .L0 
8020060e 8020060e        0     1                 .L0 
80200612 80200612        0     1                 .L0 
80200614 80200614        0     1                 .L0 
80200614 80200614        0     1                 .L0 
80200618 80200618        0     1                 .L0 
8020061a 8020061a        0     1                 .L0 
8020061a 8020061a        0     1                 .L0 
8020061e 8020061e        0     1                 .L0 
80200620 80200620        0     1                 .L0 
80200620 80200620        0     1                 .L0 
80200624 80200624        0     1                 .L0 
80200626 80200626        0     1                 .L0 
80200626 80200626        0     1                 .L0 
8020062a 8020062a        0     1                 .L0 
8020062c 8020062c        0     1                 .L0 
8020062c 8020062c        0     1                 .L0 
80200630 80200630        0     1                 .L0 
80200632 80200632        0     1                 .L0 
80200632 80200632        0     1                 .L0 
80200636 80200636        0     1                 .L0 
80200638 80200638        0     1                 .L0 
80200638 80200638        0     1                 .L0 
8020063c 8020063c        0     1                 .L0 
8020063e 8020063e        0     1                 .L0 
8020063e 8020063e        0     1                 .L0 
80200642 80200642        0     1                 .L0 
80200644 80200644        0     1                 .L0 
80200644 80200644        0     1                 .L0 
80200648 80200648        0     1                 .L0 
8020064a 8020064a        0     1                 .L0 
8020064a 8020064a        0     1                 .L0 
8020064e 8020064e        0     1                 .L0 
80200650 80200650        0     1                 .L0 
80200654 80200654        0     1                 .L0 
80200656 80200656        0     1                 .L0 
80200658 80200658        0     1                 .L0 
80200658 80200658        0     1                 .L0 
8020065a 8020065a        0     1                 .L0 
8020065c 8020065c        0     1                 .L0 
8020065c 8020065c        0     1                 .L0 
8020065e 8020065e        0     1                 .L0 
80200660 80200660        0     1                 .L0 
80200660 80200660        0     1                 .L0 
80200662 80200662        0     1                 .L0 
80200664 80200664        0     1                 .L0 
80200664 80200664        0     1                 .L0 
80200666 80200666        0     1                 .L0 
80200668 80200668        0     1                 .L0 
80200668 80200668        0     1                 .L0 
8020066a 8020066a        0     1                 .L0 
8020066c 8020066c        0     1                 .L0 
8020066c 8020066c        0     1                 .L0 
8020066e 8020066e        0     1                 .L0 
80200670 80200670        0     1                 .L0 
80200670 80200670        0     1                 .L0 
80200672 80200672        0     1                 .L0 
80200674 80200674        0     1                 .L0 
80200674 80200674        0     1                 .L0 
80200676 80200676        0     1                 .L0 
80200678 80200678        0     1                 .L0 
80200678 80200678        0     1                 .L0 
8020067a 8020067a        0     1                 .L0 
8020067c 8020067c        0     1                 .L0 
8020067c 8020067c        0     1                 .L0 
8020067e 8020067e        0     1                 .L0 
80200680 80200680        0     1                 .L0 
80200680 80200680        0     1                 .L0 
80200682 80200682        0     1                 .L0 
80200684 80200684        0     1                 .L0 
80200684 80200684        0     1                 .L0 
80200686 80200686        0     1                 .L0 
80200688 80200688        0     1                 .L0 
80200688 80200688        0     1                 .L0 
80200696 80200696        0     1                 .L0 
80200696 80200696        0     1                 .L0 
8020069c 8020069c        0     1                 .L0 
8020069e 8020069e        0     1                 .L0 
802006a4 802006a4        0     1                 .L0 
802006a4 802006a4        0     1                 .L0 
802006a4 802006a4        0     1                 .L0 
802006a6 802006a6        0     1                 .L0 
802006a8 802006a8        0     1                 .L0 
802006a8 802006a8        0     1                 .L0 
802006b2 802006b2        0     1                 .L0 
802006b6 802006b6        0     1                 .L0 
802006ba 802006ba        0     1                 .L0 
802006bc 802006bc        0     1                 .L0 
802006be 802006be        0     1                 .L0 
802006c2 802006c2        0     1                 .L0 
802006c2 802006c2        0     1                 .L0 
802006ca 802006ca        0     1                 .L0 
802006ca 802006ca        0     1                 .L0 
802006cc 802006cc        0     1                 .L0 
802006cc 802006cc        0     1                 .L0 
802006d4 802006d4        0     1                 .L0 
802006d4 802006d4        0     1                 .L0 
802006d6 802006d6        0     1                 .L0 
802006de 802006de        0     1                 .L0 
802006e2 802006e2        0     1                 .L0 
802006e6 802006e6        0     1                 .L0 
802006fa 802006fa        0     1                 .L0 
802006fc 802006fc        0     1                 .L0 
802006fc 802006fc        0     1                 .L0 
80200706 80200706        0     1                 .L0 
80200706 80200706        0     1                 .L0 
8020070e 8020070e        0     1                 .L0 
8020070e 8020070e        0     1                 .L0 
80200710 80200710        0     1                 .L0 
80200710 80200710        0     1                 .L0 
80200710 80200710        0     1                 .L0 
80200718 80200718        0     1                 .L0 
8020071c 8020071c        0     1                 .L0 
8020071c 8020071c        0     1                 .L0 
8020071c 8020071c        0     1                 .L0 
8020071c 8020071c        0     1                 .L0 
8020071c 8020071c        0     1                 .L0 
8020071c 8020071c      1a2     1                 list_root_dir
80200722 80200722        0     1                 .L0 
80200722 80200722        0     1                 .L0 
80200722 80200722        0     1                 .L0 
8020072a 8020072a        0     1                 .L0 
8020072e 8020072e        0     1                 .L0 
80200738 80200738        0     1                 .L0 
80200744 80200744        0     1                 .L0 
80200744 80200744        0     1                 .L0 
80200748 80200748        0     1                 .L0 
8020074c 8020074c        0     1                 .L0 
8020074e 8020074e        0     1                 .L0 
8020075c 8020075c        0     1                 .L0 
8020075c 8020075c        0     1                 .L0 
80200760 80200760        0     1                 .L0 
80200764 80200764        0     1                 .L0 
80200766 80200766        0     1                 .L0 
80200774 80200774        0     1                 .L0 
80200774 80200774        0     1                 .L0 
80200778 80200778        0     1                 .L0 
8020077c 8020077c        0     1                 .L0 
8020077e 8020077e        0     1                 .L0 
8020078c 8020078c        0     1                 .L0 
8020078c 8020078c        0     1                 .L0 
80200790 80200790        0     1                 .L0 
80200794 80200794        0     1                 .L0 
80200796 80200796        0     1                 .L0 
802007a4 802007a4        0     1                 .L0 
802007a4 802007a4        0     1                 .L0 
802007a8 802007a8        0     1                 .L0 
802007ac 802007ac        0     1                 .L0 
802007ae 802007ae        0     1                 .L0 
802007bc 802007bc        0     1                 .L0 
802007bc 802007bc        0     1                 .L0 
802007c0 802007c0        0     1                 .L0 
802007c4 802007c4        0     1                 .L0 
802007c8 802007c8        0     1                 .L0 
802007d6 802007d6        0     1                 .L0 
802007d6 802007d6        0     1                 .L0 
802007da 802007da        0     1                 .L0 
802007de 802007de        0     1                 .L0 
802007e2 802007e2        0     1                 .L0 
802007f0 802007f0        0     1                 .L0 
802007f0 802007f0        0     1                 .L0 
802007f4 802007f4        0     1                 .L0 
802007f6 802007f6        0     1                 .L0 
802007fa 802007fa        0     1                 .L0 
80200808 80200808        0     1                 .L0 
80200808 80200808        0     1                 .L0 
8020080c 8020080c        0     1                 .L0 
8020080e 8020080e        0     1                 .L0 
80200812 80200812        0     1                 .L0 
80200820 80200820        0     1                 .L0 
80200820 80200820        0     1                 .L0 
80200824 80200824        0     1                 .L0 
80200826 80200826        0     1                 .L0 
8020082a 8020082a        0     1                 .L0 
80200838 80200838        0     1                 .L0 
80200838 80200838        0     1                 .L0 
8020083c 8020083c        0     1                 .L0 
8020083e 8020083e        0     1                 .L0 
80200842 80200842        0     1                 .L0 
80200850 80200850        0     1                 .L0 
80200850 80200850        0     1                 .L0 
80200854 80200854        0     1                 .L0 
80200856 80200856        0     1                 .L0 
8020085a 8020085a        0     1                 .L0 
80200868 80200868        0     1                 .L0 
80200868 80200868        0     1                 .L0 
8020086c 8020086c        0     1                 .L0 
8020086e 8020086e        0     1                 .L0 
80200872 80200872        0     1                 .L0 
80200880 80200880        0     1                 .L0 
80200880 80200880        0     1                 .L0 
80200884 80200884        0     1                 .L0 
80200886 80200886        0     1                 .L0 
8020088a 8020088a        0     1                 .L0 
80200898 80200898        0     1                 .L0 
80200898 80200898        0     1                 .L0 
8020089c 8020089c        0     1                 .L0 
8020089e 8020089e        0     1                 .L0 
802008a2 802008a2        0     1                 .L0 
802008ae 802008ae        0     1                 .L0 
802008b2 802008b2        0     1                 .L0 
802008b4 802008b4        0     1                 .L0 
802008b4 802008b4        0     1                 .L0 
802008b6 802008b6        0     1                 .L0 
802008b6 802008b6        0     1                 .L0 
802008b6 802008b6        0     1                 .L0 
802008b6 802008b6        0     1                 .L0 
802008be 802008be        0     1                 .L0 
802008be 802008be        0     1                 .L0 
802008c0 802008c0        0     1                 .L0 
802008c0 802008c0        0     1                 .L0 
802008c0 802008c0        0     1                 .L0 
802008c0 802008c0       96     1                 kernel_entry
80200956 80200956        0     1                 .L0 
80200956 80200956        0     1                 .L0 
80200956 80200956        0     1                 .L0 
80200956 80200956        0     1                 .L0 
80200956 80200956        0     1                 .L0 
80200956 80200956      106     1                 handle_syscall
8020095c 8020095c        0     1                 .L0 
80200978 80200978        0     1                 .L0 
80200992 80200992        0     1                 .L0 
80200992 80200992        0     1                 .L0 
80200996 80200996        0     1                 .L0 
802009a8 802009a8        0     1                 .L0 
802009a8 802009a8        0     1                 .L0 
802009aa 802009aa        0     1                 .L0 
802009aa 802009aa        0     1                 .L0 
802009aa 802009aa        0     1                 .L0 
802009ac 802009ac        0     1                 .L0 
802009ac 802009ac        0     1                 .L0 
802009ae 802009ae        0     1                 .L0 
802009ae 802009ae        0     1                 .L0 
802009b2 802009b2        0     1                 .L0 
802009b4 802009b4        0     1                 .L0 
802009b4 802009b4        0     1                 .L0 
802009b6 802009b6        0     1                 .L0 
802009b6 802009b6        0     1                 .L0 
802009b6 802009b6        0     1                 .L0 
802009b6 802009b6        0     1                 .L0 
802009b6 802009b6        0     1                 .L0 
802009be 802009be        0     1                 .L0 
802009be 802009be        0     1                 .L0 
802009c0 802009c0        0     1                 .L0 
802009ca 802009ca        0     1                 .L0 
802009ca 802009ca        0     1                 .L0 
802009d0 802009d0        0     1                 .L0 
802009d2 802009d2        0     1                 .L0 
802009d4 802009d4        0     1                 .L0 
802009d4 802009d4        0     1                 .L0 
802009ea 802009ea        0     1                 .L0 
802009ec 802009ec        0     1                 .L0 
802009ec 802009ec        0     1                 .L0 
802009ec 802009ec        0     1                 .L0 
802009ee 802009ee        0     1                 .L0 
80200a02 80200a02        0     1                 .L0 
80200a02 80200a02        0     1                 .L0 
80200a06 80200a06        0     1                 .L0 
80200a06 80200a06        0     1                 .L0 
80200a06 80200a06        0     1                 .L0 
80200a08 80200a08        0     1                 .L0 
80200a08 80200a08        0     1                 .L0 
80200a1c 80200a1c        0     1                 .L0 
80200a1c 80200a1c        0     1                 .L0 
80200a20 80200a20        0     1                 .L0 
80200a20 80200a20        0     1                 .L0 
80200a20 80200a20        0     1                 .L0 
80200a3c 80200a3c        0     1                 .L0 
80200a3c 80200a3c        0     1                 .L0 
80200a3c 80200a3c        0     1                 .L0 
80200a40 80200a40        0     1                 .L0 
80200a44 80200a44        0     1                 .L0 
80200a44 80200a44        0     1                 .L0 
80200a44 80200a44        0     1                 .L0 
80200a48 80200a48        0     1                 .L0 
80200a5a 80200a5a        0     1                 .L0 
80200a5c 80200a5c        0     1                 .L0 
80200a5c 80200a5c        0     1                 .L0 
80200a5c 80200a5c        0     1                 .L0 
80200a5c 80200a5c        0     1                 .L0 
80200a5c 80200a5c        0     1                 .L0 
80200a5c 80200a5c       42     1                 handle_trap
80200a62 80200a62        0     1                 .L0 
80200a62 80200a62        0     1                 .L0 
80200a66 80200a66        0     1                 .L0 
80200a6a 80200a6a        0     1                 .L0 
80200a6c 80200a6c        0     1                 .L0 
80200a70 80200a70        0     1                 .L0 
80200a70 80200a70        0     1                 .L0 
80200a74 80200a74        0     1                 .L0 
80200a74 80200a74        0     1                 .L0 
80200a76 80200a76        0     1                 .L0 
80200a76 80200a76        0     1                 .L0 
80200a78 80200a78        0     1                 .L0 
80200a78 80200a78        0     1                 .L0 
80200a7c 80200a7c        0     1                 .L0 
80200a80 80200a80        0     1                 .L0 
80200a80 80200a80        0     1                 .L0 
80200a84 80200a84        0     1                 .L0 
80200a84 80200a84        0     1                 .L0 
80200a84 80200a84        0     1                 .L0 
80200a88 80200a88        0     1                 .L0 
80200a9c 80200a9c        0     1                 .L0 
80200a9e 80200a9e        0     1                 .L0 
80200a9e 80200a9e        0     1                 .L0 
80200a9e 80200a9e        0     1                 .L0 
80200a9e 80200a9e        0     1                 .L0 
80200a9e 80200a9e        0     1                 .L0 
80200a9e 80200a9e       10     1                 delay
80200aa6 80200aa6        0     1                 .L0 
80200aa8 80200aa8        0     1                 .L0 
80200aaa 80200aaa        0     1                 .L0 
80200aaa 80200aaa        0     1                 .L0 
80200aac 80200aac        0     1                 .L0 
80200aac 80200aac        0     1                 .L0 
80200aae 80200aae        0     1                 .L0 
80200aae 80200aae        0     1                 .L0 
80200aae 80200aae        0     1                 .L0 
80200aae 80200aae       3a     1                 proc_a_entry
80200ab4 80200ab4        0     1                 .L0 
80200abe 80200abe        0     1                 .L0 
80200abe 80200abe        0     1                 .L0 
80200ac6 80200ac6        0     1                 .L0 
80200ac6 80200ac6        0     1                 .L0 
80200ac6 80200ac6        0     1                 .L0 
80200adc 80200adc        0     1                 .L0 
80200adc 80200adc        0     1                 .L0 
80200ade 80200ade        0     1                 .L0 
80200ade 80200ade        0     1                 .L0 
80200ae0 80200ae0        0     1                 .L0 
80200ae2 80200ae2        0     1                 .L0 
80200ae4 80200ae4        0     1                 .L0 
80200ae4 80200ae4        0     1                 .L0 
80200ae8 80200ae8        0     1                 .L0 
80200ae8 80200ae8        0     1                 .L0 
80200ae8 80200ae8        0     1                 .L0 
80200ae8 80200ae8        0     1                 .L0 
80200ae8 80200ae8        0     1                 .L0 
80200ae8 80200ae8       3a     1                 proc_b_entry
80200aee 80200aee        0     1                 .L0 
80200af8 80200af8        0     1                 .L0 
80200af8 80200af8        0     1                 .L0 
80200b00 80200b00        0     1                 .L0 
80200b00 80200b00        0     1                 .L0 
80200b00 80200b00        0     1                 .L0 
80200b16 80200b16        0     1                 .L0 
80200b16 80200b16        0     1                 .L0 
80200b18 80200b18        0     1                 .L0 
80200b18 80200b18        0     1                 .L0 
80200b1a 80200b1a        0     1                 .L0 
80200b1c 80200b1c        0     1                 .L0 
80200b1e 80200b1e        0     1                 .L0 
80200b1e 80200b1e        0     1                 .L0 
80200b22 80200b22        0     1                 .L0 
80200b22 80200b22        0     1                 .L0 
80200b22 80200b22        0     1                 .L0 
80200b22 80200b22        0     1                 .L0 
80200b22 80200b22        0     1                 .L0 
80200b22 80200b22      154     1                 kernel_main
80200b3a 80200b3a        0     1                 .L0 
80200b50 80200b50        0     1                 .L0 
80200b50 80200b50        0     1                 .L0 
80200b58 80200b58        0     1                 .L0 
80200b5c 80200b5c        0     1                 .L0 
80200b5c 80200b5c        0     1                 .L0 
80200b5e 80200b5e        0     1                 .L0 
80200b5e 80200b5e        0     1                 .L0 
80200b66 80200b66        0     1                 .L0 
80200b66 80200b66        0     1                 .L0 
80200b72 80200b72        0     1                 .L0 
80200b76 80200b76        0     1                 .L0 
80200b78 80200b78        0     1                 .L0 
80200b8a 80200b8a        0     1                 .L0 
80200b8a 80200b8a        0     1                 .L0 
80200b9e 80200b9e        0     1                 .L0 
80200b9e 80200b9e        0     1                 .L0 
80200ba6 80200ba6        0     1                 .L0 
80200ba6 80200ba6        0     1                 .L0 
80200ba8 80200ba8        0     1                 .L0 
80200baa 80200baa        0     1                 .L0 
80200bb2 80200bb2        0     1                 .L0 
80200bb6 80200bb6        0     1                 .L0 
80200bba 80200bba        0     1                 .L0 
80200bce 80200bce        0     1                 .L0 
80200bd0 80200bd0        0     1                 .L0 
80200bd0 80200bd0        0     1                 .L0 
80200bd8 80200bd8        0     1                 .L0 
80200bd8 80200bd8        0     1                 .L0 
80200bdc 80200bdc        0     1                 .L0 
80200bdc 80200bdc        0     1                 .L0 
80200bde 80200bde        0     1                 .L0 
80200be4 80200be4        0     1                 .L0 
80200be8 80200be8        0     1                 .L0 
80200be8 80200be8        0     1                 .L0 
80200bfc 80200bfc        0     1                 .L0 
80200bfe 80200bfe        0     1                 .L0 
80200bfe 80200bfe        0     1                 .L0 
80200c06 80200c06        0     1                 .L0 
80200c06 80200c06        0     1                 .L0 
80200c12 80200c12        0     1                 .L0 
80200c12 80200c12        0     1                 .L0 
80200c1e 80200c1e        0     1                 .L0 
80200c1e 80200c1e        0     1                 .L0 
80200c26 80200c26        0     1                 .L0 
80200c26 80200c26        0     1                 .L0 
80200c32 80200c32        0     1                 .L0 
80200c32 80200c32        0     1                 .L0 
80200c3e 80200c3e        0     1                 .L0 
80200c3e 80200c3e        0     1                 .L0 
80200c46 80200c46        0     1                 .L0 
80200c46 80200c46        0     1                 .L0 
80200c5a 80200c5a        0     1                 .L0 
80200c5a 80200c5a        0     1                 .L0 
80200c5e 80200c5e        0     1                 .L0 
80200c5e 80200c5e        0     1                 .L0 
80200c74 80200c74        0     1                 .L0 
80200c76 80200c76        0     1                 .L0 
80200c76 80200c76        0     1                 .L0 
80200c76 80200c76      25a     2         /var/folders/hw/r5t5ryts3r7fw374z_3h5bmw0000gp/T/common-7588bb.o:(.text)
80200c76 80200c76        0     1                 .L0 
80200c76 80200c76        0     1                 .L0 
80200c76 80200c76        0     1                 $x
80200c76 80200c76        0     1                 .L0 
80200c76 80200c76      1ae     1                 printf
80200c92 80200c92        0     1                 .L0 
80200cbc 80200cbc        0     1                 .L0 
80200ccc 80200ccc        0     1                 .L0 
80200ccc 80200ccc        0     1                 .L0 
80200cd0 80200cd0        0     1                 .L0 
80200cd0 80200cd0        0     1                 .L0 
80200cd2 80200cd2        0     1                 .L0 
80200cd6 80200cd6        0     1                 .L0 
80200cde 80200cde        0     1                 .L0 
80200cde 80200cde        0     1                 .L0 
80200ce0 80200ce0        0     1                 .L0 
80200ce0 80200ce0        0     1                 .L0 
80200ce2 80200ce2        0     1                 .L0 
80200ce4 80200ce4        0     1                 .L0 
80200ce4 80200ce4        0     1                 .L0 
80200cea 80200cea        0     1                 .L0 
80200cfa 80200cfa        0     1                 .L0 
80200cfa 80200cfa        0     1                 .L0 
80200d06 80200d06        0     1                 .L0 
80200d06 80200d06        0     1                 .L0 
80200d0a 80200d0a        0     1                 .L0 
80200d0a 80200d0a        0     1                 .L0 
80200d0c 80200d0c        0     1                 .L0 
80200d12 80200d12        0     1                 .L0 
80200d12 80200d12        0     1                 .L0 
80200d1a 80200d1a        0     1                 .L0 
80200d1a 80200d1a        0     1                 .L0 
80200d24 80200d24        0     1                 .L0 
80200d24 80200d24        0     1                 .L0 
80200d28 80200d28        0     1                 .L0 
80200d28 80200d28        0     1                 .L0 
80200d2a 80200d2a        0     1                 .L0 
80200d2e 80200d2e        0     1                 .L0 
80200d30 80200d30        0     1                 .L0 
80200d30 80200d30        0     1                 .L0 
80200d36 80200d36        0     1                 .L0 
80200d36 80200d36        0     1                 .L0 
80200d38 80200d38        0     1                 .L0 
80200d3c 80200d3c        0     1                 .L0 
80200d3e 80200d3e        0     1                 .L0 
80200d3e 80200d3e        0     1                 .L0 
80200d44 80200d44        0     1                 .L0 
80200d44 80200d44        0     1                 .L0 
80200d46 80200d46        0     1                 .L0 
80200d4a 80200d4a        0     1                 .L0 
80200d4c 80200d4c        0     1                 .L0 
80200d4c 80200d4c        0     1                 .L0 
80200d52 80200d52        0     1                 .L0 
80200d52 80200d52        0     1                 .L0 
80200d54 80200d54        0     1                 .L0 
80200d58 80200d58        0     1                 .L0 
80200d5a 80200d5a        0     1                 .L0 
80200d5a 80200d5a        0     1                 .L0 
80200d60 80200d60        0     1                 .L0 
80200d60 80200d60        0     1                 .L0 
80200d62 80200d62        0     1                 .L0 
80200d66 80200d66        0     1                 .L0 
80200d68 80200d68        0     1                 .L0 
80200d68 80200d68        0     1                 .L0 
80200d6e 80200d6e        0     1                 .L0 
80200d6e 80200d6e        0     1                 .L0 
80200d70 80200d70        0     1                 .L0 
80200d74 80200d74        0     1                 .L0 
80200d76 80200d76        0     1                 .L0 
80200d76 80200d76        0     1                 .L0 
80200d7c 80200d7c        0     1                 .L0 
80200d7c 80200d7c        0     1                 .L0 
80200d7e 80200d7e        0     1                 .L0 
80200d82 80200d82        0     1                 .L0 
80200d84 80200d84        0     1                 .L0 
80200d84 80200d84        0     1                 .L0 
80200d86 80200d86        0     1                 .L0 
80200d86 80200d86        0     1                 .L0 
80200d88 80200d88        0     1                 .L0 
80200d8c 80200d8c        0     1                 .L0 
80200d8c 80200d8c        0     1                 .L0 
80200d8e 80200d8e        0     1                 .L0 
80200d8e 80200d8e        0     1                 .L0 
80200d90 80200d90        0     1                 .L0 
80200d92 80200d92        0     1                 .L0 
80200d92 80200d92        0     1                 .L0 
80200d92 80200d92        0     1                 .L0 
80200d9c 80200d9c        0     1                 .L0 
80200da0 80200da0        0     1                 .L0 
80200da6 80200da6        0     1                 .L0 
80200da6 80200da6        0     1                 .L0 
80200da6 80200da6        0     1                 .L0 
80200dac 80200dac        0     1                 .L0 
80200dac 80200dac        0     1                 .L0 
80200db0 80200db0        0     1                 .L0 
80200db2 80200db2        0     1                 .L0 
80200db6 80200db6        0     1                 .L0 
80200db6 80200db6        0     1                 .L0 
80200db6 80200db6        0     1                 .L0 
80200dbe 80200dbe        0     1                 .L0 
80200dbe 80200dbe        0     1                 .L0 
80200dc2 80200dc2        0     1                 .L0 
80200dc4 80200dc4        0     1                 .L0 
80200dc8 80200dc8        0     1                 .L0 
80200dc8 80200dc8        0     1                 .L0 
80200dc8 80200dc8        0     1                 .L0 
80200dce 80200dce        0     1                 .L0 
80200dd0 80200dd0        0     1                 .L0 
80200dd4 80200dd4        0     1                 .L0 
80200dd8 80200dd8        0     1                 .L0 
80200dd8 80200dd8        0     1                 .L0 
80200dd8 80200dd8        0     1                 .L0 
80200dda 80200dda        0     1                 .L0 
80200dda 80200dda        0     1                 .L0 
80200dde 80200dde        0     1                 .L0 
80200de2 80200de2        0     1                 .L0 
80200dea 80200dea        0     1                 .L0 
80200dea 80200dea        0     1                 .L0 
80200df8 80200df8        0     1                 .L0 
80200df8 80200df8        0     1                 .L0 
80200dfe 80200dfe        0     1                 .L0 
80200dfe 80200dfe        0     1                 .L0 
80200dfe 80200dfe        0     1                 .L0 
80200e06 80200e06        0     1                 .L0 
80200e06 80200e06        0     1                 .L0 
80200e06 80200e06        0     1                 .L0 
80200e0a 80200e0a        0     1                 .L0 
80200e20 80200e20        0     1                 .L0 
80200e24 80200e24        0     1                 .L0 
80200e24 80200e24        0     1                 .L0 
80200e24 80200e24        0     1                 .L0 
80200e24 80200e24        0     1                 .L0 
80200e24 80200e24        0     1                 .L0 
80200e24 80200e24       1c     1                 memcpy
80200e28 80200e28        0     1                 .L0 
80200e28 80200e28        0     1                 .L0 
80200e2a 80200e2a        0     1                 .L0 
80200e34 80200e34        0     1                 .L0 
80200e3a 80200e3a        0     1                 .L0 
80200e3a 80200e3a        0     1                 .L0 
80200e3e 80200e3e        0     1                 .L0 
80200e3e 80200e3e        0     1                 .L0 
80200e40 80200e40        0     1                 .L0 
80200e40 80200e40        0     1                 .L0 
80200e40 80200e40        0     1                 .L0 
80200e40 80200e40       16     1                 memset
80200e44 80200e44        0     1                 .L0 
80200e44 80200e44        0     1                 .L0 
80200e46 80200e46        0     1                 .L0 
80200e4a 80200e4a        0     1                 .L0 
80200e50 80200e50        0     1                 .L0 
80200e50 80200e50        0     1                 .L0 
80200e54 80200e54        0     1                 .L0 
80200e54 80200e54        0     1                 .L0 
80200e56 80200e56        0     1                 .L0 
80200e56 80200e56        0     1                 .L0 
80200e56 80200e56        0     1                 .L0 
80200e56 80200e56       24     1                 strcpy
80200e5c 80200e5c        0     1                 .L0 
80200e60 80200e60        0     1                 .L0 
80200e60 80200e60        0     1                 .L0 
80200e62 80200e62        0     1                 .L0 
80200e6e 80200e6e        0     1                 .L0 
80200e70 80200e70        0     1                 .L0 
80200e72 80200e72        0     1                 .L0 
80200e74 80200e74        0     1                 .L0 
80200e74 80200e74        0     1                 .L0 
80200e78 80200e78        0     1                 .L0 
80200e7a 80200e7a        0     1                 .L0 
80200e7a 80200e7a        0     1                 .L0 
80200e7a 80200e7a        0     1                 .L0 
80200e7a 80200e7a       24     1                 strcmp
80200e7e 80200e7e        0     1                 .L0 
80200e80 80200e80        0     1                 .L0 
80200e82 80200e82        0     1                 .L0 
80200e86 80200e86        0     1                 .L0 
80200e8a 80200e8a        0     1                 .L0 
80200e8a 80200e8a        0     1                 .L0 
80200e90 80200e90        0     1                 .L0 
80200e92 80200e92        0     1                 .L0 
80200e94 80200e94        0     1                 .L0 
80200e9c 80200e9c        0     1                 .L0 
80200e9e 80200e9e        0     1                 .L0 
80200e9e 80200e9e        0     1                 .L0 
80200e9e 80200e9e        0     1                 .L0 
80200e9e 80200e9e        a     1                 srand
80200ea6 80200ea6        0     1                 .L0 
80200ea8 80200ea8        0     1                 .L0 
80200ea8 80200ea8        0     1                 .L0 
80200ea8 80200ea8        0     1                 .L0 
80200ea8 80200ea8        0     1                 .L0 
80200ea8 80200ea8        0     1                 .L0 
80200ea8 80200ea8       28     1                 rand
80200eb8 80200eb8        0     1                 .L0 
80200ec2 80200ec2        0     1                 .L0 
80200ec4 80200ec4        0     1                 .L0 
80200eca 80200eca        0     1                 .L0 
80200ece 80200ece        0     1                 .L0 
80200ed0 80200ed0        0     1                 .L0 
80200ed0 80200ed0        0     1                 .L0 
80200ed0 80200ed0      322     2         /var/folders/hw/r5t5ryts3r7fw374z_3h5bmw0000gp/T/virtio-61ee54.o:(.text)
80200ed0 80200ed0        0     1                 .L0 
80200ed0 80200ed0        0     1                 .L0 
80200ed0 80200ed0        0     1                 $x
80200ed0 80200ed0        0     1                 .L0 
80200ed0 80200ed0        a     1                 virtio_reg_read32
80200ed8 80200ed8        0     1                 .L0 
80200eda 80200eda        0     1                 .L0 
80200eda 80200eda        0     1                 .L0 
80200eda 80200eda        0     1                 .L0 
80200eda 80200eda        c     1                 virtio_reg_read64
80200ee4 80200ee4        0     1                 .L0 
80200ee6 80200ee6        0     1                 .L0 
80200ee6 80200ee6        0     1                 .L0 
80200ee6 80200ee6        0     1                 .L0 
80200ee6 80200ee6        a     1                 virtio_reg_write32
80200eee 80200eee        0     1                 .L0 
80200ef0 80200ef0        0     1                 .L0 
80200ef0 80200ef0        0     1                 .L0 
80200ef0 80200ef0        0     1                 .L0 
80200ef0 80200ef0        e     1                 virtio_reg_fetch_and_or32
80200efa 80200efa        0     1                 .L0 
80200efc 80200efc        0     1                 .L0 
80200efe 80200efe        0     1                 .L0 
80200efe 80200efe        0     1                 .L0 
80200efe 80200efe        0     1                 .L0 
80200efe 80200efe       38     1                 virtq_init
80200f04 80200f04        0     1                 .L0 
80200f06 80200f06        0     1                 .L0 
80200f0c 80200f0c        0     1                 .L0 
80200f0c 80200f0c        0     1                 .L0 
80200f24 80200f24        0     1                 .L0 
80200f26 80200f26        0     1                 .L0 
80200f28 80200f28        0     1                 .L0 
80200f2c 80200f2c        0     1                 .L0 
80200f2e 80200f2e        0     1                 .L0 
80200f32 80200f32        0     1                 .L0 
80200f32 80200f32        0     1                 .L0 
80200f36 80200f36        0     1                 .L0 
80200f36 80200f36        0     1                 .L0 
80200f36 80200f36        0     1                 .L0 
80200f36 80200f36        0     1                 .L0 
80200f36 80200f36        0     1                 .L0 
80200f36 80200f36       fc     1                 virtio_blk_init
80200f3e 80200f3e        0     1                 .L0 
80200f42 80200f42        0     1                 .L0 
80200f4c 80200f4c        0     1                 .L0 
80200f50 80200f50        0     1                 .L0 
80200f50 80200f50        0     1                 .L0 
80200f54 80200f54        0     1                 .L0 
80200f58 80200f58        0     1                 .L0 
80200f58 80200f58        0     1                 .L0 
80200f5c 80200f5c        0     1                 .L0 
80200f60 80200f60        0     1                 .L0 
80200f60 80200f60        0     1                 .L0 
80200f64 80200f64        0     1                 .L0 
80200f64 80200f64        0     1                 .L0 
80200f66 80200f66        0     1                 .L0 
80200f6a 80200f6a        0     1                 .L0 
80200f6a 80200f6a        0     1                 .L0 
80200f6c 80200f6c        0     1                 .L0 
80200f6c 80200f6c        0     1                 .L0 
80200f6e 80200f6e        0     1                 .L0 
80200f72 80200f72        0     1                 .L0 
80200f72 80200f72        0     1                 .L0 
80200f74 80200f74        0     1                 .L0 
80200f74 80200f74        0     1                 .L0 
80200f76 80200f76        0     1                 .L0 
80200f7a 80200f7a        0     1                 .L0 
80200f7a 80200f7a        0     1                 .L0 
80200f7c 80200f7c        0     1                 .L0 
80200f7c 80200f7c        0     1                 .L0 
80200f82 80200f82        0     1                 .L0 
80200f82 80200f82        0     1                 .L0 
80200f8c 80200f8c        0     1                 .L0 
80200f8e 80200f8e        0     1                 .L0 
80200f92 80200f92        0     1                 .L0 
80200f96 80200f96        0     1                 .L0 
80200f96 80200f96        0     1                 .L0 
80200f9c 80200f9c        0     1                 .L0 
80200f9c 80200f9c        0     1                 .L0 
80200fa0 80200fa0        0     1                 .L0 
80200fa0 80200fa0        0     1                 .L0 
80200fa2 80200fa2        0     1                 .L0 
80200fa2 80200fa2        0     1                 .L0 
80200fa6 80200fa6        0     1                 .L0 
80200fa6 80200fa6        0     1                 .L0 
80200fa8 80200fa8        0     1                 .L0 
80200fa8 80200fa8        0     1                 .L0 
80200fac 80200fac        0     1                 .L0 
80200fac 80200fac        0     1                 .L0 
80200fae 80200fae        0     1                 .L0 
80200fae 80200fae        0     1                 .L0 
80200fb2 80200fb2        0     1                 .L0 
80200fb6 80200fb6        0     1                 .L0 
80200fba 80200fba        0     1                 .L0 
80200fc6 80200fc6        0     1                 .L0 
80200fca 80200fca        0     1                 .L0 
80200fd4 80200fd4        0     1                 .L0 
80200fd4 80200fd4        0     1                 .L0 
80200fda 80200fda        0     1                 .L0 
80200fda 80200fda        0     1                 .L0 
80200fde 80200fde        0     1                 .L0 
80200fe0 80200fe0        0     1                 .L0 
80200fe6 80200fe6        0     1                 .L0 
80200fea 80200fea        0     1                 .L0 
80200fea 80200fea        0     1                 .L0 
80201000 80201000        0     1                 .L0 
80201002 80201002        0     1                 .L0 
80201002 80201002        0     1                 .L0 
80201018 80201018        0     1                 .L0 
8020101a 8020101a        0     1                 .L0 
8020101a 8020101a        0     1                 .L0 
80201030 80201030        0     1                 .L0 
80201032 80201032        0     1                 .L0 
80201032 80201032        0     1                 .L0 
80201032 80201032        0     1                 .L0 
80201032 80201032        0     1                 .L0 
80201032 80201032        0     1                 .L0 
80201032 80201032       34     1                 virtq_kick
80201054 80201054        0     1                 .L0 
80201058 80201058        0     1                 .L0 
80201064 80201064        0     1                 .L0 
80201066 80201066        0     1                 .L0 
80201066 80201066        0     1                 .L0 
80201066 80201066        0     1                 .L0 
80201066 80201066       18     1                 virtq_is_busy
8020106a 8020106a        0     1                 .L0 
8020107c 8020107c        0     1                 .L0 
8020107e 8020107e        0     1                 .L0 
8020107e 8020107e        0     1                 .L0 
8020107e 8020107e        0     1                 .L0 
8020107e 8020107e      174     1                 read_write_disk
8020108a 8020108a        0     1                 .L0 
8020108c 8020108c        0     1                 .L0 
8020108c 8020108c        0     1                 .L0 
80201098 80201098        0     1                 .L0 
802010a2 802010a2        0     1                 .L0 
802010ae 802010ae        0     1                 .L0 
802010b0 802010b0        0     1                 .L0 
802010d4 802010d4        0     1                 .L0 
802010f4 802010f4        0     1                 .L0 
802010f6 802010f6        0     1                 .L0 
802010f8 802010f8        0     1                 .L0 
80201100 80201100        0     1                 .L0 
80201100 80201100        0     1                 .L0 
80201104 80201104        0     1                 .L0 
80201104 80201104        0     1                 .L0 
80201104 80201104        0     1                 .L0 
80201108 80201108        0     1                 .L0 
8020110c 8020110c        0     1                 .L0 
80201110 80201110        0     1                 .L0 
80201116 80201116        0     1                 .L0 
80201118 80201118        0     1                 .L0 
80201118 80201118        0     1                 .L0 
8020111a 8020111a        0     1                 .L0 
8020111a 8020111a        0     1                 .L0 
8020111a 8020111a        0     1                 .L0 
8020111a 8020111a        0     1                 .L0 
8020111a 8020111a        0     1                 .L0 
8020111c 8020111c        0     1                 .L0 
8020111c 8020111c        0     1                 .L0 
80201130 80201130        0     1                 .L0 
80201130 80201130        0     1                 .L0 
8020113a 8020113a        0     1                 .L0 
80201160 80201160        0     1                 .L0 
80201164 80201164        0     1                 .L0 
80201170 80201170        0     1                 .L0 
80201178 80201178        0     1                 .L0 
8020118e 8020118e        0     1                 .L0 
802011a2 802011a2        0     1                 .L0 
802011a6 802011a6        0     1                 .L0 
802011aa 802011aa        0     1                 .L0 
802011b0 802011b0        0     1                 .L0 
802011b2 802011b2        0     1                 .L0 
802011b4 802011b4        0     1                 .L0 
802011bc 802011bc        0     1                 .L0 
802011c0 802011c0        0     1                 .L0 
802011c4 802011c4        0     1                 .L0 
802011c6 802011c6        0     1                 .L0 
802011c8 802011c8        0     1                 .L0 
802011c8 802011c8        0     1                 .L0 
802011ca 802011ca        0     1                 .L0 
802011ca 802011ca        0     1                 .L0 
802011ca 802011ca        0     1                 .L0 
802011ca 802011ca        0     1                 .L0 
802011ca 802011ca        0     1                 .L0 
802011cc 802011cc        0     1                 .L0 
802011d0 802011d0        0     1                 .L0 
802011d4 802011d4        0     1                 .L0 
802011d6 802011d6        0     1                 .L0 
802011da 802011da        0     1                 .L0 
802011da 802011da        0     1                 .L0 
802011de 802011de        0     1                 .L0 
802011e4 802011e4        0     1                 .L0 
802011e8 802011e8        0     1                 .L0 
802011ec 802011ec        0     1                 .L0 
802011f0 802011f0        0     1                 .L0 
802011f2 802011f2        0     1                 .L0 
802011f2 802011f2        0     1                 .L0 
802011f2 802011f2        0     1                 .L0 
802011f2 802011f2       76     2         /var/folders/hw/r5t5ryts3r7fw374z_3h5bmw0000gp/T/fat16-5539d3.o:(.text)
802011f2 802011f2        0     1                 .L0 
802011f2 802011f2        0     1                 .L0 
802011f2 802011f2        0     1                 $x
802011f2 802011f2        0     1                 .L0 
802011f2 802011f2        4     1                 cluster_to_sector
802011f4 802011f4        0     1                 .L0 
802011f6 802011f6        0     1                 .L0 
802011f6 802011f6        0     1                 .L0 
802011f6 802011f6        0     1                 .L0 
802011f6 802011f6        c     1                 read_cluster
802011fc 802011fc        0     1                 .L0 
80201200 80201200        0     1                 .L0 
80201202 80201202        0     1                 .L0 
80201202 80201202        0     1                 .L0 
80201202 80201202        0     1                 .L0 
80201202 80201202        0     1                 .L0 
80201202 80201202        0     1                 .L0 
80201202 80201202        0     1                 .L0 
80201202 80201202        c     1                 write_cluster
80201206 80201206        0     1                 .L0 
8020120a 8020120a        0     1                 .L0 
8020120c 8020120c        0     1                 .L0 
8020120e 8020120e        0     1                 .L0 
8020120e 8020120e        0     1                 .L0 
8020120e 8020120e        0     1                 .L0 
8020120e 8020120e        0     1                 .L0 
8020120e 8020120e        0     1                 .L0 
8020120e 8020120e        0     1                 .L0 
8020120e 8020120e       5a     1                 copy_name_dynamic
80201218 80201218        0     1                 .L0 
8020121a 8020121a        0     1                 .L0 
8020121c 8020121c        0     1                 .L0 
80201222 80201222        0     1                 .L0 
8020122a 8020122a        0     1                 .L0 
8020122c 8020122c        0     1                 .L0 
8020122e 8020122e        0     1                 .L0 
80201234 80201234        0     1                 .L0 
80201236 80201236        0     1                 .L0 
80201238 80201238        0     1                 .L0 
8020123a 8020123a        0     1                 .L0 
8020123c 8020123c        0     1                 .L0 
80201240 80201240        0     1                 .L0 
80201240 80201240        0     1                 .L0 
80201248 80201248        0     1                 .L0 
80201254 80201254        0     1                 .L0 
80201258 80201258        0     1                 .L0 
80201264 80201264        0     1                 .L0 
80201264 80201264        0     1                 .L0 
80201268 80201268        0     1                 .L0 
80201268 80201268        0     1                 .L0 
80201268 80201268      35a     4 .rodata
80201268 80201268       14     4         /var/folders/hw/r5t5ryts3r7fw374z_3h5bmw0000gp/T/kernel-506de4.o:(.rodata)
80201268 80201268        0     1                 .LJTI12_0
80201268 80201268        0     1                 $d
8020127c 8020127c      346     1         <internal>:(.rodata.str1.1)
802015c4 802015c4    10598     4 .data
802015c4 802015c4        4     4         /var/folders/hw/r5t5ryts3r7fw374z_3h5bmw0000gp/T/kernel-506de4.o:(.data)
802015c4 802015c4        4     1                 alloc_pages.next_paddr
802015c4 802015c4        0     1                 $d
802015c8 802015c8        4     4         /var/folders/hw/r5t5ryts3r7fw374z_3h5bmw0000gp/T/common-7588bb.o:(.data)
802015c8 802015c8        4     1                 next
802015c8 802015c8        0     1                 $d
802015cc 802015cc    10590     1         shell.bin.o:(.data)
802015cc 802015cc        0     1                 _binary_shell_bin_start
80211b5c 80211b5c        0     1                 _binary_shell_bin_end
80211b60 80211b60    121e8     8 .bss
80211b60 80211b60        0     1         __bss = .
80211b60 80211b60    10090     4         /var/folders/hw/r5t5ryts3r7fw374z_3h5bmw0000gp/T/kernel-506de4.o:(.bss)
80211b60 80211b60        0     1                 $d
80211b60 80211b60    10080     1                 procs
80221be0 80221be0        4     1                 proc_a
80221be4 80221be4        4     1                 proc_b
80221be8 80221be8        8     1                 .L_MergedGlobals
80221be8 80221be8        4     1                 idle_proc
80221bec 80221bec        4     1                 current_proc
80221bf0 80221bf0       18     8         /var/folders/hw/r5t5ryts3r7fw374z_3h5bmw0000gp/T/virtio-61ee54.o:(.bss)
80221bf0 80221bf0       18     1                 .L_MergedGlobals
80221bf0 80221bf0        0     1                 $d
80221bf0 80221bf0        4     1                 blk_request_vq
80221bf4 80221bf4        4     1                 blk_req_paddr
80221bf8 80221bf8        4     1                 blk_req
80221c00 80221c00        8     1                 blk_capacity
80221c08 80221c08     2140     4         /var/folders/hw/r5t5ryts3r7fw374z_3h5bmw0000gp/T/fat16-5539d3.o:(.bss)
80221c08 80221c08        0     1                 $d
80221c08 80221c08     2000     1                 fat
80223c08 80223c08      140     1                 root_dir
80223d48 80223d48        0     1         __bss_end = .
80223d48 80223d48        0     1 . = ALIGN(4)
80223d48 80223d48    20000     1 . += 128 * 1024
80243d48 80243d48        0     1 __stack_top = .
80243d48 80243d48      2b8     1 . = ALIGN(4096)
80244000 80244000        0     1 __free_ram = .
80244000 80244000  4000000     1 . += 64 * 1024 * 1024
84244000 84244000        0     1 __free_ram_end = .
       0        0      c44     1 .debug_loclists
       0        0      8a9     1         /var/folders/hw/r5t5ryts3r7fw374z_3h5bmw0000gp/T/kernel-506de4.o:(.debug_loclists)
       0        0        0     1                 $d
       c        c        0     1                 .L0 
     8a9      8a9      1e1     1         /var/folders/hw/r5t5ryts3r7fw374z_3h5bmw0000gp/T/common-7588bb.o:(.debug_loclists)
     8a9      8a9        0     1                 $d
     8b5      8b5        0     1                 .L0 
     a8a      a8a      12b     1         /var/folders/hw/r5t5ryts3r7fw374z_3h5bmw0000gp/T/virtio-61ee54.o:(.debug_loclists)
     a8a      a8a        0     1                 $d
     a96      a96        0     1                 .L0 
     bb5      bb5       8f     1         /var/folders/hw/r5t5ryts3r7fw374z_3h5bmw0000gp/T/fat16-5539d3.o:(.debug_loclists)
     bb5      bb5        0     1                 $d
     bc1      bc1        0     1                 .L0 
       0        0      812     1 .debug_abbrev
       0        0      33d     1         /var/folders/hw/r5t5ryts3r7fw374z_3h5bmw0000gp/T/kernel-506de4.o:(.debug_abbrev)
       0        0        0     1                 $d
     33d      33d      157     1         /var/folders/hw/r5t5ryts3r7fw374z_3h5bmw0000gp/T/common-7588bb.o:(.debug_abbrev)
     33d      33d        0     1                 $d
     494      494      1ff     1         /var/folders/hw/r5t5ryts3r7fw374z_3h5bmw0000gp/T/virtio-61ee54.o:(.debug_abbrev)
     494      494        0     1                 $d
     693      693      17f     1         /var/folders/hw/r5t5ryts3r7fw374z_3h5bmw0000gp/T/fat16-5539d3.o:(.debug_abbrev)
     693      693        0     1                 $d
       0        0     1ac0     1 .debug_info
       0        0      edb     1         /var/folders/hw/r5t5ryts3r7fw374z_3h5bmw0000gp/T/kernel-506de4.o:(.debug_info)
       0        0        0     1                 $d
     edb      edb      273     1         /var/folders/hw/r5t5ryts3r7fw374z_3h5bmw0000gp/T/common-7588bb.o:(.debug_info)
     edb      edb        0     1                 $d
    114e     114e      76b     1         /var/folders/hw/r5t5ryts3r7fw374z_3h5bmw0000gp/T/virtio-61ee54.o:(.debug_info)
    114e     114e        0     1                 $d
    18b9     18b9      207     1         /var/folders/hw/r5t5ryts3r7fw374z_3h5bmw0000gp/T/fat16-5539d3.o:(.debug_info)
    18b9     18b9        0     1                 $d
       0        0       e5     1 .debug_rnglists
       0        0       a0     1         /var/folders/hw/r5t5ryts3r7fw374z_3h5bmw0000gp/T/kernel-506de4.o:(.debug_rnglists)
       0        0        0     1                 $d
       c        c        0     1                 .L0 
      a0       a0       1b     1         /var/folders/hw/r5t5ryts3r7fw374z_3h5bmw0000gp/T/common-7588bb.o:(.debug_rnglists)
      a0       a0        0     1                 $d
      ac       ac        0     1                 .L0 
      bb       bb       2a     1         /var/folders/hw/r5t5ryts3r7fw374z_3h5bmw0000gp/T/virtio-61ee54.o:(.debug_rnglists)
      bb       bb        0     1                 $d
      c7       c7        0     1                 .L0 
       0        0      45c     1 .debug_str_offsets
       0        0      218     1         /var/folders/hw/r5t5ryts3r7fw374z_3h5bmw0000gp/T/kernel-506de4.o:(.debug_str_offsets)
       0        0        0     1                 $d
       8        8        0     1                 .L0 
     218      218       ac     1         /var/folders/hw/r5t5ryts3r7fw374z_3h5bmw0000gp/T/common-7588bb.o:(.debug_str_offsets)
     218      218        0     1                 $d
     220      220        0     1                 .L0 
     2c4      2c4      108     1         /var/folders/hw/r5t5ryts3r7fw374z_3h5bmw0000gp/T/virtio-61ee54.o:(.debug_str_offsets)
     2c4      2c4        0     1                 $d
     2cc      2cc        0     1                 .L0 
     3cc      3cc       90     1         /var/folders/hw/r5t5ryts3r7fw374z_3h5bmw0000gp/T/fat16-5539d3.o:(.debug_str_offsets)
     3cc      3cc        0     1                 $d
     3d4      3d4        0     1                 .L0 
       0        0      665     1 .debug_str
       0        0      665     1         <internal>:(.debug_str)
       0        0      37c     1 .debug_addr
       0        0      20c     1         /var/folders/hw/r5t5ryts3r7fw374z_3h5bmw0000gp/T/kernel-506de4.o:(.debug_addr)
       0        0        0     1                 $d
       8        8        0     1                 .L0 
     20c      20c       6c     1         /var/folders/hw/r5t5ryts3r7fw374z_3h5bmw0000gp/T/common-7588bb.o:(.debug_addr)
     20c      20c        0     1                 $d
     214      214        0     1                 .L0 
     278      278       d8     1         /var/folders/hw/r5t5ryts3r7fw374z_3h5bmw0000gp/T/virtio-61ee54.o:(.debug_addr)
     278      278        0     1                 $d
     280      280        0     1                 .L0 
     350      350       2c     1         /var/folders/hw/r5t5ryts3r7fw374z_3h5bmw0000gp/T/fat16-5539d3.o:(.debug_addr)
     350      350        0     1                 $d
     358      358        0     1                 .L0 
       0        0       3b     1 .comment
       0        0       3b     1         <internal>:(.comment)
       0        0       4e     1 .riscv.attributes
       0        0       4e     1         <internal>:(.riscv.attributes)
       0        0      458     4 .debug_frame
       0        0      228     4         /var/folders/hw/r5t5ryts3r7fw374z_3h5bmw0000gp/T/kernel-506de4.o:(.debug_frame)
       0        0        0     1                 .L0 
       0        0        0     1                 $d
     228      228       b8     4         /var/folders/hw/r5t5ryts3r7fw374z_3h5bmw0000gp/T/common-7588bb.o:(.debug_frame)
     228      228        0     1                 .L0 
     228      228        0     1                 $d
     2e0      2e0      10c     4         /var/folders/hw/r5t5ryts3r7fw374z_3h5bmw0000gp/T/virtio-61ee54.o:(.debug_frame)
     2e0      2e0        0     1                 .L0 
     2e0      2e0        0     1                 $d
     3ec      3ec       6c     4         /var/folders/hw/r5t5ryts3r7fw374z_3h5bmw0000gp/T/fat16-5539d3.o:(.debug_frame)
     3ec      3ec        0     1                 .L0 
     3ec      3ec        0     1                 $d
       0        0     1535     1 .debug_line
       0        0      cdd     1         /var/folders/hw/r5t5ryts3r7fw374z_3h5bmw0000gp/T/kernel-506de4.o:(.debug_line)
       0        0        0     1                 .Lline_table_start0
       0        0        0     1                 $d
     cdd      cdd      349     1         /var/folders/hw/r5t5ryts3r7fw374z_3h5bmw0000gp/T/common-7588bb.o:(.debug_line)
     cdd      cdd        0     1                 .Lline_table_start0
     cdd      cdd        0     1                 $d
    1026     1026      3ce     1         /var/folders/hw/r5t5ryts3r7fw374z_3h5bmw0000gp/T/virtio-61ee54.o:(.debug_line)
    1026     1026        0     1                 .Lline_table_start0
    1026     1026        0     1                 $d
    13f4     13f4      141     1         /var/folders/hw/r5t5ryts3r7fw374z_3h5bmw0000gp/T/fat16-5539d3.o:(.debug_line)
    13f4     13f4        0     1                 .Lline_table_start0
    13f4     13f4        0     1                 $d
       0        0       e1     1 .debug_line_str
       0        0       e1     1         <internal>:(.debug_line_str)
       0        0      7f0     4 .symtab
       0        0      7f0     4         <internal>:(.symtab)
       0        0       dc     1 .shstrtab
       0        0       dc     1         <internal>:(.shstrtab)
       0        0      3bc     1 .strtab
       0        0      3bc     1         <internal>:(.strtab)
