     VMA      LMA     Size Align Out     In      Symbol
       0        0 80200000     1 . = 0x80200000
80200000        0        0     1 __kernel_base = .
80200000 80200000     11be     4 .text
80200000 80200000        e     2         /var/folders/hw/r5t5ryts3r7fw374z_3h5bmw0000gp/T/kernel-f3cb7b.o:(.text.boot)
80200000 80200000        0     1                 .L0 
80200000 80200000        0     1                 .L0 
80200000 80200000        0     1                 $x
80200000 80200000        0     1                 .L0 
80200000 80200000        e     1                 boot
8020000e 8020000e        0     1                 .L0 
8020000e 8020000e        0     1                 .L0 
80200010 80200010      972     4         /var/folders/hw/r5t5ryts3r7fw374z_3h5bmw0000gp/T/kernel-f3cb7b.o:(.text)
80200010 80200010        0     1                 .L0 
80200010 80200010        0     1                 .L0 
80200010 80200010        0     1                 $x
80200010 80200010        0     1                 .L0 
80200010 80200010       50     1                 alloc_pages
80200016 80200016        0     1                 .L0 
80200016 80200016        0     1                 .L0 
8020001e 8020001e        0     1                 .L0 
8020001e 8020001e        0     1                 .L0 
80200022 80200022        0     1                 .L0 
80200026 80200026        0     1                 .L0 
80200026 80200026        0     1                 .L0 
8020002e 8020002e        0     1                 .L0 
80200032 80200032        0     1                 .L0 
80200036 80200036        0     1                 .L0 
8020004c 8020004c        0     1                 .L0 
8020004e 8020004e        0     1                 .L0 
8020004e 8020004e        0     1                 .L0 
80200056 80200056        0     1                 .L0 
80200056 80200056        0     1                 .L0 
80200058 80200058        0     1                 .L0 
8020005c 8020005c        0     1                 .L0 
8020005c 8020005c        0     1                 .L0 
80200060 80200060        0     1                 .L0 
80200060 80200060        0     1                 .L0 
80200060 80200060        0     1                 .L0 
80200060 80200060        0     1                 .L0 
80200060 80200060        0     1                 .L0 
80200060 80200060       de     1                 map_page
8020006e 8020006e        0     1                 .L0 
80200070 80200070        0     1                 .L0 
80200070 80200070        0     1                 .L0 
80200074 80200074        0     1                 .L0 
80200078 80200078        0     1                 .L0 
80200088 80200088        0     1                 .L0 
8020008a 8020008a        0     1                 .L0 
8020008e 8020008e        0     1                 .L0 
80200090 80200090        0     1                 .L0 
80200090 80200090        0     1                 .L0 
80200090 80200090        0     1                 .L0 
80200096 80200096        0     1                 .L0 
80200098 80200098        0     1                 .L0 
8020009c 8020009c        0     1                 .L0 
802000aa 802000aa        0     1                 .L0 
802000ae 802000ae        0     1                 .L0 
802000b2 802000b2        0     1                 .L0 
802000b4 802000b4        0     1                 .L0 
802000b4 802000b4        0     1                 .L0 
802000b4 802000b4        0     1                 .L0 
802000c0 802000c0        0     1                 .L0 
802000c0 802000c0        0     1                 .L0 
802000c6 802000c6        0     1                 .L0 
802000c6 802000c6        0     1                 .L0 
802000ce 802000ce        0     1                 .L0 
802000ce 802000ce        0     1                 .L0 
802000d0 802000d0        0     1                 .L0 
802000d2 802000d2        0     1                 .L0 
802000da 802000da        0     1                 .L0 
802000de 802000de        0     1                 .L0 
802000e2 802000e2        0     1                 .L0 
802000f4 802000f4        0     1                 .L0 
802000f8 802000f8        0     1                 .L0 
802000fa 802000fa        0     1                 .L0 
802000fa 802000fa        0     1                 .L0 
802000fa 802000fa        0     1                 .L0 
802000fc 802000fc        0     1                 .L0 
802000fc 802000fc        0     1                 .L0 
80200104 80200104        0     1                 .L0 
80200108 80200108        0     1                 .L0 
80200108 80200108        0     1                 .L0 
8020010c 8020010c        0     1                 .L0 
80200116 80200116        0     1                 .L0 
80200116 80200116        0     1                 .L0 
8020011c 8020011c        0     1                 .L0 
80200122 80200122        0     1                 .L0 
8020012c 8020012c        0     1                 .L0 
8020012e 8020012e        0     1                 .L0 
8020013a 8020013a        0     1                 .L0 
8020013e 8020013e        0     1                 .L0 
8020013e 8020013e        0     1                 .L0 
8020013e 8020013e        0     1                 .L0 
8020013e 8020013e        0     1                 .L0 
8020013e 8020013e        0     1                 .L0 
8020013e 8020013e       14     1                 user_entry
80200146 80200146        0     1                 .L0 
80200152 80200152        0     1                 .L0 
80200152 80200152        0     1                 .L0 
80200152 80200152        0     1                 .L0 
80200152 80200152      26e     1                 create_process
8020016e 8020016e        0     1                 .L0 
80200170 80200170        0     1                 .L0 
80200170 80200170        0     1                 .L0 
8020017e 8020017e        0     1                 .L0 
8020017e 8020017e        0     1                 .L0 
80200180 80200180        0     1                 .L0 
80200180 80200180        0     1                 .L0 
80200188 80200188        0     1                 .L0 
8020018a 8020018a        0     1                 .L0 
8020018a 8020018a        0     1                 .L0 
80200192 80200192        0     1                 .L0 
80200194 80200194        0     1                 .L0 
80200194 80200194        0     1                 .L0 
8020019c 8020019c        0     1                 .L0 
8020019e 8020019e        0     1                 .L0 
8020019e 8020019e        0     1                 .L0 
802001a6 802001a6        0     1                 .L0 
802001a8 802001a8        0     1                 .L0 
802001a8 802001a8        0     1                 .L0 
802001b0 802001b0        0     1                 .L0 
802001b2 802001b2        0     1                 .L0 
802001b2 802001b2        0     1                 .L0 
802001ba 802001ba        0     1                 .L0 
802001bc 802001bc        0     1                 .L0 
802001bc 802001bc        0     1                 .L0 
802001c4 802001c4        0     1                 .L0 
802001c6 802001c6        0     1                 .L0 
802001c6 802001c6        0     1                 .L0 
802001dc 802001dc        0     1                 .L0 
802001de 802001de        0     1                 .L0 
802001de 802001de        0     1                 .L0 
802001de 802001de        0     1                 .L0 
802001e2 802001e2        0     1                 .L0 
802001e2 802001e2        0     1                 .L0 
802001e8 802001e8        0     1                 .L0 
802001ea 802001ea        0     1                 .L0 
802001ea 802001ea        0     1                 .L0 
802001ea 802001ea        0     1                 .L0 
802001f2 802001f2        0     1                 .L0 
802001f4 802001f4        0     1                 .L0 
802001f4 802001f4        0     1                 .L0 
802001f4 802001f4        0     1                 .L0 
802001fc 802001fc        0     1                 .L0 
802001fe 802001fe        0     1                 .L0 
802001fe 802001fe        0     1                 .L0 
802001fe 802001fe        0     1                 .L0 
80200206 80200206        0     1                 .L0 
80200208 80200208        0     1                 .L0 
80200208 80200208        0     1                 .L0 
80200208 80200208        0     1                 .L0 
80200210 80200210        0     1                 .L0 
80200212 80200212        0     1                 .L0 
80200212 80200212        0     1                 .L0 
80200212 80200212        0     1                 .L0 
8020021a 8020021a        0     1                 .L0 
8020021c 8020021c        0     1                 .L0 
8020021c 8020021c        0     1                 .L0 
8020021c 8020021c        0     1                 .L0 
80200224 80200224        0     1                 .L0 
80200224 80200224        0     1                 .L0 
8020022c 8020022c        0     1                 .L0 
8020022c 8020022c        0     1                 .L0 
8020022e 8020022e        0     1                 .L0 
8020022e 8020022e        0     1                 .L0 
80200238 80200238        0     1                 .L0 
80200238 80200238        0     1                 .L0 
8020023e 8020023e        0     1                 .L0 
8020024a 8020024a        0     1                 .L0 
8020024a 8020024a        0     1                 .L0 
8020024c 8020024c        0     1                 .L0 
80200250 80200250        0     1                 .L0 
80200254 80200254        0     1                 .L0 
80200258 80200258        0     1                 .L0 
8020025c 8020025c        0     1                 .L0 
80200260 80200260        0     1                 .L0 
80200264 80200264        0     1                 .L0 
80200268 80200268        0     1                 .L0 
8020026c 8020026c        0     1                 .L0 
80200270 80200270        0     1                 .L0 
80200278 80200278        0     1                 .L0 
8020027c 8020027c        0     1                 .L0 
80200280 80200280        0     1                 .L0 
80200280 80200280        0     1                 .L0 
80200284 80200284        0     1                 .L0 
80200284 80200284        0     1                 .L0 
80200298 80200298        0     1                 .L0 
8020029a 8020029a        0     1                 .L0 
8020029a 8020029a        0     1                 .L0 
8020029c 8020029c        0     1                 .L0 
802002a8 802002a8        0     1                 .L0 
802002a8 802002a8        0     1                 .L0 
802002b0 802002b0        0     1                 .L0 
802002b0 802002b0        0     1                 .L0 
802002b4 802002b4        0     1                 .L0 
802002b4 802002b4        0     1                 .L0 
802002b4 802002b4        0     1                 .L0 
802002be 802002be        0     1                 .L0 
802002be 802002be        0     1                 .L0 
802002c0 802002c0        0     1                 .L0 
802002c4 802002c4        0     1                 .L0 
802002c4 802002c4        0     1                 .L0 
802002c4 802002c4        0     1                 .L0 
802002c8 802002c8        0     1                 .L0 
802002ce 802002ce        0     1                 .L0 
802002ce 802002ce        0     1                 .L0 
802002d6 802002d6        0     1                 .L0 
802002d6 802002d6        0     1                 .L0 
802002d8 802002d8        0     1                 .L0 
802002de 802002de        0     1                 .L0 
802002e2 802002e2        0     1                 .L0 
802002f6 802002f6        0     1                 .L0 
802002f8 802002f8        0     1                 .L0 
802002f8 802002f8        0     1                 .L0 
80200302 80200302        0     1                 .L0 
80200302 80200302        0     1                 .L0 
80200304 80200304        0     1                 .L0 
8020030e 8020030e        0     1                 .L0 
8020030e 8020030e        0     1                 .L0 
80200316 80200316        0     1                 .L0 
8020031c 8020031c        0     1                 .L0 
8020031c 8020031c        0     1                 .L0 
80200320 80200320        0     1                 .L0 
80200320 80200320        0     1                 .L0 
80200332 80200332        0     1                 .L0 
80200332 80200332        0     1                 .L0 
80200334 80200334        0     1                 .L0 
80200334 80200334        0     1                 .L0 
80200336 80200336        0     1                 .L0 
8020033a 8020033a        0     1                 .L0 
8020033a 8020033a        0     1                 .L0 
8020033e 8020033e        0     1                 .L0 
80200346 80200346        0     1                 .L0 
80200346 80200346        0     1                 .L0 
80200348 80200348        0     1                 .L0 
80200350 80200350        0     1                 .L0 
80200354 80200354        0     1                 .L0 
80200354 80200354        0     1                 .L0 
80200354 80200354        0     1                 .L0 
80200358 80200358        0     1                 .L0 
80200358 80200358        0     1                 .L0 
80200360 80200360        0     1                 .L0 
80200364 80200364        0     1                 .L0 
8020036c 8020036c        0     1                 .L0 
8020036c 8020036c        0     1                 .L0 
8020036e 8020036e        0     1                 .L0 
8020036e 8020036e        0     1                 .L0 
80200372 80200372        0     1                 .L0 
80200372 80200372        0     1                 .L0 
80200376 80200376        0     1                 .L0 
8020037a 8020037a        0     1                 .L0 
8020037e 8020037e        0     1                 .L0 
80200382 80200382        0     1                 .L0 
80200386 80200386        0     1                 .L0 
8020038a 8020038a        0     1                 .L0 
8020038c 8020038c        0     1                 .L0 
80200398 80200398        0     1                 .L0 
8020039a 8020039a        0     1                 .L0 
8020039c 8020039c        0     1                 .L0 
802003a0 802003a0        0     1                 .L0 
802003a6 802003a6        0     1                 .L0 
802003aa 802003aa        0     1                 .L0 
802003aa 802003aa        0     1                 .L0 
802003aa 802003aa        0     1                 .L0 
802003be 802003be        0     1                 .L0 
802003c0 802003c0        0     1                 .L0 
802003c0 802003c0        0     1                 .L0 
802003c0 802003c0        0     1                 .L0 
802003c0 802003c0        0     1                 .L0 
802003c0 802003c0        0     1                 .L0 
802003c0 802003c0        0     1                 .L0 
802003c0 802003c0       46     1                 switch_context
80200406 80200406        0     1                 .L0 
80200406 80200406        0     1                 .L0 
80200406 80200406        0     1                 .L0 
80200406 80200406      196     1                 yield
8020040e 8020040e        0     1                 .L0 
8020040e 8020040e        0     1                 .L0 
80200412 80200412        0     1                 .L0 
80200412 80200412        0     1                 .L0 
80200420 80200420        0     1                 .L0 
80200432 80200432        0     1                 .L0 
80200432 80200432        0     1                 .L0 
80200434 80200434        0     1                 .L0 
80200434 80200434        0     1                 .L0 
80200438 80200438        0     1                 .L0 
80200438 80200438        0     1                 .L0 
8020043a 8020043a        0     1                 .L0 
8020043a 8020043a        0     1                 .L0 
8020043e 8020043e        0     1                 .L0 
80200440 80200440        0     1                 .L0 
80200444 80200444        0     1                 .L0 
80200444 80200444        0     1                 .L0 
8020044c 8020044c        0     1                 .L0 
80200460 80200460        0     1                 .L0 
80200462 80200462        0     1                 .L0 
80200466 80200466        0     1                 .L0 
80200468 80200468        0     1                 .L0 
8020046c 8020046c        0     1                 .L0 
8020046c 8020046c        0     1                 .L0 
80200474 80200474        0     1                 .L0 
80200488 80200488        0     1                 .L0 
8020048c 8020048c        0     1                 .L0 
80200490 80200490        0     1                 .L0 
80200492 80200492        0     1                 .L0 
80200496 80200496        0     1                 .L0 
80200496 80200496        0     1                 .L0 
8020049e 8020049e        0     1                 .L0 
802004b2 802004b2        0     1                 .L0 
802004b4 802004b4        0     1                 .L0 
802004b8 802004b8        0     1                 .L0 
802004ba 802004ba        0     1                 .L0 
802004be 802004be        0     1                 .L0 
802004be 802004be        0     1                 .L0 
802004c6 802004c6        0     1                 .L0 
802004da 802004da        0     1                 .L0 
802004de 802004de        0     1                 .L0 
802004e2 802004e2        0     1                 .L0 
802004e4 802004e4        0     1                 .L0 
802004e8 802004e8        0     1                 .L0 
802004e8 802004e8        0     1                 .L0 
802004f0 802004f0        0     1                 .L0 
80200504 80200504        0     1                 .L0 
80200506 80200506        0     1                 .L0 
8020050a 8020050a        0     1                 .L0 
8020050c 8020050c        0     1                 .L0 
80200510 80200510        0     1                 .L0 
80200510 80200510        0     1                 .L0 
80200518 80200518        0     1                 .L0 
8020052c 8020052c        0     1                 .L0 
80200530 80200530        0     1                 .L0 
80200534 80200534        0     1                 .L0 
80200536 80200536        0     1                 .L0 
8020053a 8020053a        0     1                 .L0 
8020053a 8020053a        0     1                 .L0 
80200556 80200556        0     1                 .L0 
8020055a 8020055a        0     1                 .L0 
8020055c 8020055c        0     1                 .L0 
80200560 80200560        0     1                 .L0 
80200560 80200560        0     1                 .L0 
80200562 80200562        0     1                 .L0 
80200562 80200562        0     1                 .L0 
80200566 80200566        0     1                 .L0 
8020056e 8020056e        0     1                 .L0 
80200570 80200570        0     1                 .L0 
80200572 80200572        0     1                 .L0 
80200578 80200578        0     1                 .L0 
8020057a 8020057a        0     1                 .L0 
8020058a 8020058a        0     1                 .L0 
8020058e 8020058e        0     1                 .L0 
8020058e 8020058e        0     1                 .L0 
80200590 80200590        0     1                 .L0 
80200590 80200590        0     1                 .L0 
80200594 80200594        0     1                 .L0 
80200598 80200598        0     1                 .L0 
80200598 80200598        0     1                 .L0 
8020059a 8020059a        0     1                 .L0 
8020059a 8020059a        0     1                 .L0 
8020059c 8020059c        0     1                 .L0 
8020059c 8020059c        0     1                 .L0 
8020059c 8020059c        0     1                 .L0 
8020059c 8020059c        0     1                 .L0 
8020059c 8020059c        0     1                 .L0 
8020059c 8020059c        6     1                 sbi_call
802005a0 802005a0        0     1                 .L0 
802005a0 802005a0        0     1                 .L0 
802005a2 802005a2        0     1                 .L0 
802005a2 802005a2        0     1                 .L0 
802005a2 802005a2        0     1                 .L0 
802005a2 802005a2       14     1                 putchar
802005b4 802005b4        0     1                 .L0 
802005b4 802005b4        0     1                 .L0 
802005b6 802005b6        0     1                 .L0 
802005b6 802005b6        0     1                 .L0 
802005b6 802005b6        0     1                 .L0 
802005b6 802005b6       16     1                 getchar
802005ca 802005ca        0     1                 .L0 
802005ca 802005ca        0     1                 .L0 
802005cc 802005cc        0     1                 .L0 
802005cc 802005cc        0     1                 .L0 
802005cc 802005cc        0     1                 .L0 
802005cc 802005cc        0     1                 .L0 
802005cc 802005cc       96     1                 kernel_entry
80200662 80200662        0     1                 .L0 
80200662 80200662        0     1                 .L0 
80200662 80200662        0     1                 .L0 
80200662 80200662        0     1                 .L0 
80200662 80200662        0     1                 .L0 
80200662 80200662      108     1                 handle_syscall
80200668 80200668        0     1                 .L0 
80200684 80200684        0     1                 .L0 
8020069e 8020069e        0     1                 .L0 
8020069e 8020069e        0     1                 .L0 
802006a2 802006a2        0     1                 .L0 
802006b4 802006b4        0     1                 .L0 
802006b4 802006b4        0     1                 .L0 
802006b6 802006b6        0     1                 .L0 
802006b6 802006b6        0     1                 .L0 
802006b6 802006b6        0     1                 .L0 
802006b8 802006b8        0     1                 .L0 
802006b8 802006b8        0     1                 .L0 
802006bc 802006bc        0     1                 .L0 
802006bc 802006bc        0     1                 .L0 
802006c0 802006c0        0     1                 .L0 
802006c2 802006c2        0     1                 .L0 
802006c2 802006c2        0     1                 .L0 
802006c4 802006c4        0     1                 .L0 
802006c4 802006c4        0     1                 .L0 
802006c4 802006c4        0     1                 .L0 
802006c4 802006c4        0     1                 .L0 
802006c4 802006c4        0     1                 .L0 
802006cc 802006cc        0     1                 .L0 
802006cc 802006cc        0     1                 .L0 
802006ce 802006ce        0     1                 .L0 
802006d8 802006d8        0     1                 .L0 
802006d8 802006d8        0     1                 .L0 
802006de 802006de        0     1                 .L0 
802006e0 802006e0        0     1                 .L0 
802006e2 802006e2        0     1                 .L0 
802006e2 802006e2        0     1                 .L0 
802006f8 802006f8        0     1                 .L0 
802006fa 802006fa        0     1                 .L0 
802006fa 802006fa        0     1                 .L0 
802006fa 802006fa        0     1                 .L0 
802006fc 802006fc        0     1                 .L0 
80200710 80200710        0     1                 .L0 
80200710 80200710        0     1                 .L0 
80200714 80200714        0     1                 .L0 
80200714 80200714        0     1                 .L0 
80200714 80200714        0     1                 .L0 
80200716 80200716        0     1                 .L0 
80200716 80200716        0     1                 .L0 
8020072a 8020072a        0     1                 .L0 
8020072a 8020072a        0     1                 .L0 
8020072e 8020072e        0     1                 .L0 
8020072e 8020072e        0     1                 .L0 
8020072e 8020072e        0     1                 .L0 
8020074a 8020074a        0     1                 .L0 
8020074a 8020074a        0     1                 .L0 
8020074a 8020074a        0     1                 .L0 
8020074e 8020074e        0     1                 .L0 
80200752 80200752        0     1                 .L0 
80200752 80200752        0     1                 .L0 
80200752 80200752        0     1                 .L0 
80200756 80200756        0     1                 .L0 
80200768 80200768        0     1                 .L0 
8020076a 8020076a        0     1                 .L0 
8020076a 8020076a        0     1                 .L0 
8020076a 8020076a        0     1                 .L0 
8020076a 8020076a        0     1                 .L0 
8020076a 8020076a        0     1                 .L0 
8020076a 8020076a       42     1                 handle_trap
80200770 80200770        0     1                 .L0 
80200770 80200770        0     1                 .L0 
80200774 80200774        0     1                 .L0 
80200778 80200778        0     1                 .L0 
8020077a 8020077a        0     1                 .L0 
8020077e 8020077e        0     1                 .L0 
8020077e 8020077e        0     1                 .L0 
80200782 80200782        0     1                 .L0 
80200782 80200782        0     1                 .L0 
80200784 80200784        0     1                 .L0 
80200784 80200784        0     1                 .L0 
80200786 80200786        0     1                 .L0 
80200786 80200786        0     1                 .L0 
8020078a 8020078a        0     1                 .L0 
8020078e 8020078e        0     1                 .L0 
8020078e 8020078e        0     1                 .L0 
80200792 80200792        0     1                 .L0 
80200792 80200792        0     1                 .L0 
80200792 80200792        0     1                 .L0 
80200796 80200796        0     1                 .L0 
802007aa 802007aa        0     1                 .L0 
802007ac 802007ac        0     1                 .L0 
802007ac 802007ac        0     1                 .L0 
802007ac 802007ac        0     1                 .L0 
802007ac 802007ac        0     1                 .L0 
802007ac 802007ac        0     1                 .L0 
802007ac 802007ac       10     1                 delay
802007b4 802007b4        0     1                 .L0 
802007b6 802007b6        0     1                 .L0 
802007b8 802007b8        0     1                 .L0 
802007b8 802007b8        0     1                 .L0 
802007ba 802007ba        0     1                 .L0 
802007ba 802007ba        0     1                 .L0 
802007bc 802007bc        0     1                 .L0 
802007bc 802007bc        0     1                 .L0 
802007bc 802007bc        0     1                 .L0 
802007bc 802007bc       3a     1                 proc_a_entry
802007c2 802007c2        0     1                 .L0 
802007cc 802007cc        0     1                 .L0 
802007cc 802007cc        0     1                 .L0 
802007d4 802007d4        0     1                 .L0 
802007d4 802007d4        0     1                 .L0 
802007d4 802007d4        0     1                 .L0 
802007ea 802007ea        0     1                 .L0 
802007ea 802007ea        0     1                 .L0 
802007ec 802007ec        0     1                 .L0 
802007ec 802007ec        0     1                 .L0 
802007ee 802007ee        0     1                 .L0 
802007f0 802007f0        0     1                 .L0 
802007f2 802007f2        0     1                 .L0 
802007f2 802007f2        0     1                 .L0 
802007f6 802007f6        0     1                 .L0 
802007f6 802007f6        0     1                 .L0 
802007f6 802007f6        0     1                 .L0 
802007f6 802007f6        0     1                 .L0 
802007f6 802007f6        0     1                 .L0 
802007f6 802007f6       3a     1                 proc_b_entry
802007fc 802007fc        0     1                 .L0 
80200806 80200806        0     1                 .L0 
80200806 80200806        0     1                 .L0 
8020080e 8020080e        0     1                 .L0 
8020080e 8020080e        0     1                 .L0 
8020080e 8020080e        0     1                 .L0 
80200824 80200824        0     1                 .L0 
80200824 80200824        0     1                 .L0 
80200826 80200826        0     1                 .L0 
80200826 80200826        0     1                 .L0 
80200828 80200828        0     1                 .L0 
8020082a 8020082a        0     1                 .L0 
8020082c 8020082c        0     1                 .L0 
8020082c 8020082c        0     1                 .L0 
80200830 80200830        0     1                 .L0 
80200830 80200830        0     1                 .L0 
80200830 80200830        0     1                 .L0 
80200830 80200830        0     1                 .L0 
80200830 80200830        0     1                 .L0 
80200830 80200830      152     1                 kernel_main
80200848 80200848        0     1                 .L0 
8020085e 8020085e        0     1                 .L0 
8020085e 8020085e        0     1                 .L0 
80200866 80200866        0     1                 .L0 
8020086a 8020086a        0     1                 .L0 
8020086a 8020086a        0     1                 .L0 
8020086c 8020086c        0     1                 .L0 
8020086c 8020086c        0     1                 .L0 
8020086e 8020086e        0     1                 .L0 
80200874 80200874        0     1                 .L0 
80200874 80200874        0     1                 .L0 
80200880 80200880        0     1                 .L0 
80200884 80200884        0     1                 .L0 
80200886 80200886        0     1                 .L0 
80200898 80200898        0     1                 .L0 
80200898 80200898        0     1                 .L0 
802008ac 802008ac        0     1                 .L0 
802008ac 802008ac        0     1                 .L0 
802008b4 802008b4        0     1                 .L0 
802008b4 802008b4        0     1                 .L0 
802008b6 802008b6        0     1                 .L0 
802008b8 802008b8        0     1                 .L0 
802008c0 802008c0        0     1                 .L0 
802008c4 802008c4        0     1                 .L0 
802008c8 802008c8        0     1                 .L0 
802008dc 802008dc        0     1                 .L0 
802008de 802008de        0     1                 .L0 
802008de 802008de        0     1                 .L0 
802008e6 802008e6        0     1                 .L0 
802008e6 802008e6        0     1                 .L0 
802008ea 802008ea        0     1                 .L0 
802008ea 802008ea        0     1                 .L0 
802008ec 802008ec        0     1                 .L0 
802008f2 802008f2        0     1                 .L0 
802008f6 802008f6        0     1                 .L0 
802008f6 802008f6        0     1                 .L0 
8020090a 8020090a        0     1                 .L0 
8020090c 8020090c        0     1                 .L0 
8020090c 8020090c        0     1                 .L0 
80200914 80200914        0     1                 .L0 
80200914 80200914        0     1                 .L0 
80200920 80200920        0     1                 .L0 
80200920 80200920        0     1                 .L0 
8020092c 8020092c        0     1                 .L0 
8020092c 8020092c        0     1                 .L0 
80200934 80200934        0     1                 .L0 
80200934 80200934        0     1                 .L0 
80200940 80200940        0     1                 .L0 
80200940 80200940        0     1                 .L0 
8020094c 8020094c        0     1                 .L0 
8020094c 8020094c        0     1                 .L0 
80200954 80200954        0     1                 .L0 
80200954 80200954        0     1                 .L0 
80200968 80200968        0     1                 .L0 
80200968 80200968        0     1                 .L0 
8020096a 8020096a        0     1                 .L0 
8020096a 8020096a        0     1                 .L0 
80200980 80200980        0     1                 .L0 
80200982 80200982        0     1                 .L0 
80200982 80200982        0     1                 .L0 
80200982 80200982      254     2         /var/folders/hw/r5t5ryts3r7fw374z_3h5bmw0000gp/T/common-b0263d.o:(.text)
80200982 80200982        0     1                 .L0 
80200982 80200982        0     1                 .L0 
80200982 80200982        0     1                 $x
80200982 80200982        0     1                 .L0 
80200982 80200982      1a8     1                 printf
8020099e 8020099e        0     1                 .L0 
802009c8 802009c8        0     1                 .L0 
802009d8 802009d8        0     1                 .L0 
802009d8 802009d8        0     1                 .L0 
802009dc 802009dc        0     1                 .L0 
802009dc 802009dc        0     1                 .L0 
802009de 802009de        0     1                 .L0 
802009e2 802009e2        0     1                 .L0 
802009ea 802009ea        0     1                 .L0 
802009ea 802009ea        0     1                 .L0 
802009ec 802009ec        0     1                 .L0 
802009ec 802009ec        0     1                 .L0 
802009ee 802009ee        0     1                 .L0 
802009f0 802009f0        0     1                 .L0 
802009f0 802009f0        0     1                 .L0 
802009f6 802009f6        0     1                 .L0 
80200a06 80200a06        0     1                 .L0 
80200a06 80200a06        0     1                 .L0 
80200a12 80200a12        0     1                 .L0 
80200a12 80200a12        0     1                 .L0 
80200a16 80200a16        0     1                 .L0 
80200a16 80200a16        0     1                 .L0 
80200a18 80200a18        0     1                 .L0 
80200a1e 80200a1e        0     1                 .L0 
80200a1e 80200a1e        0     1                 .L0 
80200a26 80200a26        0     1                 .L0 
80200a26 80200a26        0     1                 .L0 
80200a30 80200a30        0     1                 .L0 
80200a30 80200a30        0     1                 .L0 
80200a34 80200a34        0     1                 .L0 
80200a34 80200a34        0     1                 .L0 
80200a36 80200a36        0     1                 .L0 
80200a3a 80200a3a        0     1                 .L0 
80200a3c 80200a3c        0     1                 .L0 
80200a3c 80200a3c        0     1                 .L0 
80200a42 80200a42        0     1                 .L0 
80200a42 80200a42        0     1                 .L0 
80200a44 80200a44        0     1                 .L0 
80200a48 80200a48        0     1                 .L0 
80200a4a 80200a4a        0     1                 .L0 
80200a4a 80200a4a        0     1                 .L0 
80200a50 80200a50        0     1                 .L0 
80200a50 80200a50        0     1                 .L0 
80200a52 80200a52        0     1                 .L0 
80200a56 80200a56        0     1                 .L0 
80200a58 80200a58        0     1                 .L0 
80200a58 80200a58        0     1                 .L0 
80200a5e 80200a5e        0     1                 .L0 
80200a5e 80200a5e        0     1                 .L0 
80200a60 80200a60        0     1                 .L0 
80200a64 80200a64        0     1                 .L0 
80200a66 80200a66        0     1                 .L0 
80200a66 80200a66        0     1                 .L0 
80200a6c 80200a6c        0     1                 .L0 
80200a6c 80200a6c        0     1                 .L0 
80200a6e 80200a6e        0     1                 .L0 
80200a72 80200a72        0     1                 .L0 
80200a74 80200a74        0     1                 .L0 
80200a74 80200a74        0     1                 .L0 
80200a7a 80200a7a        0     1                 .L0 
80200a7a 80200a7a        0     1                 .L0 
80200a7c 80200a7c        0     1                 .L0 
80200a80 80200a80        0     1                 .L0 
80200a82 80200a82        0     1                 .L0 
80200a82 80200a82        0     1                 .L0 
80200a88 80200a88        0     1                 .L0 
80200a88 80200a88        0     1                 .L0 
80200a8a 80200a8a        0     1                 .L0 
80200a8e 80200a8e        0     1                 .L0 
80200a90 80200a90        0     1                 .L0 
80200a90 80200a90        0     1                 .L0 
80200a92 80200a92        0     1                 .L0 
80200a92 80200a92        0     1                 .L0 
80200a94 80200a94        0     1                 .L0 
80200a98 80200a98        0     1                 .L0 
80200a98 80200a98        0     1                 .L0 
80200a9a 80200a9a        0     1                 .L0 
80200a9a 80200a9a        0     1                 .L0 
80200a9c 80200a9c        0     1                 .L0 
80200a9e 80200a9e        0     1                 .L0 
80200a9e 80200a9e        0     1                 .L0 
80200a9e 80200a9e        0     1                 .L0 
80200aa8 80200aa8        0     1                 .L0 
80200aac 80200aac        0     1                 .L0 
80200ab2 80200ab2        0     1                 .L0 
80200ab2 80200ab2        0     1                 .L0 
80200ab2 80200ab2        0     1                 .L0 
80200ab8 80200ab8        0     1                 .L0 
80200ab8 80200ab8        0     1                 .L0 
80200abc 80200abc        0     1                 .L0 
80200abe 80200abe        0     1                 .L0 
80200ac2 80200ac2        0     1                 .L0 
80200ac2 80200ac2        0     1                 .L0 
80200ac2 80200ac2        0     1                 .L0 
80200ac8 80200ac8        0     1                 .L0 
80200ac8 80200ac8        0     1                 .L0 
80200acc 80200acc        0     1                 .L0 
80200ace 80200ace        0     1                 .L0 
80200ad2 80200ad2        0     1                 .L0 
80200ad2 80200ad2        0     1                 .L0 
80200ad2 80200ad2        0     1                 .L0 
80200ad8 80200ad8        0     1                 .L0 
80200ada 80200ada        0     1                 .L0 
80200ade 80200ade        0     1                 .L0 
80200ae2 80200ae2        0     1                 .L0 
80200ae2 80200ae2        0     1                 .L0 
80200ae2 80200ae2        0     1                 .L0 
80200ae4 80200ae4        0     1                 .L0 
80200ae4 80200ae4        0     1                 .L0 
80200ae8 80200ae8        0     1                 .L0 
80200aec 80200aec        0     1                 .L0 
80200af2 80200af2        0     1                 .L0 
80200af2 80200af2        0     1                 .L0 
80200b00 80200b00        0     1                 .L0 
80200b00 80200b00        0     1                 .L0 
80200b06 80200b06        0     1                 .L0 
80200b06 80200b06        0     1                 .L0 
80200b06 80200b06        0     1                 .L0 
80200b0c 80200b0c        0     1                 .L0 
80200b0c 80200b0c        0     1                 .L0 
80200b0c 80200b0c        0     1                 .L0 
80200b10 80200b10        0     1                 .L0 
80200b26 80200b26        0     1                 .L0 
80200b2a 80200b2a        0     1                 .L0 
80200b2a 80200b2a        0     1                 .L0 
80200b2a 80200b2a        0     1                 .L0 
80200b2a 80200b2a        0     1                 .L0 
80200b2a 80200b2a        0     1                 .L0 
80200b2a 80200b2a       1c     1                 memcpy
80200b2e 80200b2e        0     1                 .L0 
80200b2e 80200b2e        0     1                 .L0 
80200b30 80200b30        0     1                 .L0 
80200b3a 80200b3a        0     1                 .L0 
80200b40 80200b40        0     1                 .L0 
80200b40 80200b40        0     1                 .L0 
80200b44 80200b44        0     1                 .L0 
80200b44 80200b44        0     1                 .L0 
80200b46 80200b46        0     1                 .L0 
80200b46 80200b46        0     1                 .L0 
80200b46 80200b46        0     1                 .L0 
80200b46 80200b46       16     1                 memset
80200b4a 80200b4a        0     1                 .L0 
80200b4a 80200b4a        0     1                 .L0 
80200b4c 80200b4c        0     1                 .L0 
80200b50 80200b50        0     1                 .L0 
80200b56 80200b56        0     1                 .L0 
80200b56 80200b56        0     1                 .L0 
80200b5a 80200b5a        0     1                 .L0 
80200b5a 80200b5a        0     1                 .L0 
80200b5c 80200b5c        0     1                 .L0 
80200b5c 80200b5c        0     1                 .L0 
80200b5c 80200b5c        0     1                 .L0 
80200b5c 80200b5c       24     1                 strcpy
80200b62 80200b62        0     1                 .L0 
80200b66 80200b66        0     1                 .L0 
80200b66 80200b66        0     1                 .L0 
80200b68 80200b68        0     1                 .L0 
80200b74 80200b74        0     1                 .L0 
80200b76 80200b76        0     1                 .L0 
80200b78 80200b78        0     1                 .L0 
80200b7a 80200b7a        0     1                 .L0 
80200b7a 80200b7a        0     1                 .L0 
80200b7e 80200b7e        0     1                 .L0 
80200b80 80200b80        0     1                 .L0 
80200b80 80200b80        0     1                 .L0 
80200b80 80200b80        0     1                 .L0 
80200b80 80200b80       24     1                 strcmp
80200b84 80200b84        0     1                 .L0 
80200b86 80200b86        0     1                 .L0 
80200b88 80200b88        0     1                 .L0 
80200b8c 80200b8c        0     1                 .L0 
80200b90 80200b90        0     1                 .L0 
80200b90 80200b90        0     1                 .L0 
80200b96 80200b96        0     1                 .L0 
80200b98 80200b98        0     1                 .L0 
80200b9a 80200b9a        0     1                 .L0 
80200ba2 80200ba2        0     1                 .L0 
80200ba4 80200ba4        0     1                 .L0 
80200ba4 80200ba4        0     1                 .L0 
80200ba4 80200ba4        0     1                 .L0 
80200ba4 80200ba4        a     1                 srand
80200bac 80200bac        0     1                 .L0 
80200bae 80200bae        0     1                 .L0 
80200bae 80200bae        0     1                 .L0 
80200bae 80200bae        0     1                 .L0 
80200bae 80200bae        0     1                 .L0 
80200bae 80200bae        0     1                 .L0 
80200bae 80200bae       28     1                 rand
80200bbe 80200bbe        0     1                 .L0 
80200bc8 80200bc8        0     1                 .L0 
80200bca 80200bca        0     1                 .L0 
80200bd0 80200bd0        0     1                 .L0 
80200bd4 80200bd4        0     1                 .L0 
80200bd6 80200bd6        0     1                 .L0 
80200bd6 80200bd6        0     1                 .L0 
80200bd6 80200bd6      322     2         /var/folders/hw/r5t5ryts3r7fw374z_3h5bmw0000gp/T/virtio-3df78d.o:(.text)
80200bd6 80200bd6        0     1                 .L0 
80200bd6 80200bd6        0     1                 .L0 
80200bd6 80200bd6        0     1                 $x
80200bd6 80200bd6        0     1                 .L0 
80200bd6 80200bd6        a     1                 virtio_reg_read32
80200bde 80200bde        0     1                 .L0 
80200be0 80200be0        0     1                 .L0 
80200be0 80200be0        0     1                 .L0 
80200be0 80200be0        0     1                 .L0 
80200be0 80200be0        c     1                 virtio_reg_read64
80200bea 80200bea        0     1                 .L0 
80200bec 80200bec        0     1                 .L0 
80200bec 80200bec        0     1                 .L0 
80200bec 80200bec        0     1                 .L0 
80200bec 80200bec        a     1                 virtio_reg_write32
80200bf4 80200bf4        0     1                 .L0 
80200bf6 80200bf6        0     1                 .L0 
80200bf6 80200bf6        0     1                 .L0 
80200bf6 80200bf6        0     1                 .L0 
80200bf6 80200bf6        e     1                 virtio_reg_fetch_and_or32
80200c00 80200c00        0     1                 .L0 
80200c02 80200c02        0     1                 .L0 
80200c04 80200c04        0     1                 .L0 
80200c04 80200c04        0     1                 .L0 
80200c04 80200c04        0     1                 .L0 
80200c04 80200c04       38     1                 virtq_init
80200c0a 80200c0a        0     1                 .L0 
80200c0c 80200c0c        0     1                 .L0 
80200c12 80200c12        0     1                 .L0 
80200c12 80200c12        0     1                 .L0 
80200c2a 80200c2a        0     1                 .L0 
80200c2c 80200c2c        0     1                 .L0 
80200c2e 80200c2e        0     1                 .L0 
80200c32 80200c32        0     1                 .L0 
80200c34 80200c34        0     1                 .L0 
80200c38 80200c38        0     1                 .L0 
80200c38 80200c38        0     1                 .L0 
80200c3c 80200c3c        0     1                 .L0 
80200c3c 80200c3c        0     1                 .L0 
80200c3c 80200c3c        0     1                 .L0 
80200c3c 80200c3c        0     1                 .L0 
80200c3c 80200c3c        0     1                 .L0 
80200c3c 80200c3c       fc     1                 virtio_blk_init
80200c44 80200c44        0     1                 .L0 
80200c48 80200c48        0     1                 .L0 
80200c52 80200c52        0     1                 .L0 
80200c56 80200c56        0     1                 .L0 
80200c56 80200c56        0     1                 .L0 
80200c5a 80200c5a        0     1                 .L0 
80200c5e 80200c5e        0     1                 .L0 
80200c5e 80200c5e        0     1                 .L0 
80200c62 80200c62        0     1                 .L0 
80200c66 80200c66        0     1                 .L0 
80200c66 80200c66        0     1                 .L0 
80200c6a 80200c6a        0     1                 .L0 
80200c6a 80200c6a        0     1                 .L0 
80200c6c 80200c6c        0     1                 .L0 
80200c70 80200c70        0     1                 .L0 
80200c70 80200c70        0     1                 .L0 
80200c72 80200c72        0     1                 .L0 
80200c72 80200c72        0     1                 .L0 
80200c74 80200c74        0     1                 .L0 
80200c78 80200c78        0     1                 .L0 
80200c78 80200c78        0     1                 .L0 
80200c7a 80200c7a        0     1                 .L0 
80200c7a 80200c7a        0     1                 .L0 
80200c7c 80200c7c        0     1                 .L0 
80200c80 80200c80        0     1                 .L0 
80200c80 80200c80        0     1                 .L0 
80200c82 80200c82        0     1                 .L0 
80200c82 80200c82        0     1                 .L0 
80200c88 80200c88        0     1                 .L0 
80200c88 80200c88        0     1                 .L0 
80200c92 80200c92        0     1                 .L0 
80200c94 80200c94        0     1                 .L0 
80200c98 80200c98        0     1                 .L0 
80200c9c 80200c9c        0     1                 .L0 
80200c9c 80200c9c        0     1                 .L0 
80200ca2 80200ca2        0     1                 .L0 
80200ca2 80200ca2        0     1                 .L0 
80200ca6 80200ca6        0     1                 .L0 
80200ca6 80200ca6        0     1                 .L0 
80200ca8 80200ca8        0     1                 .L0 
80200ca8 80200ca8        0     1                 .L0 
80200cac 80200cac        0     1                 .L0 
80200cac 80200cac        0     1                 .L0 
80200cae 80200cae        0     1                 .L0 
80200cae 80200cae        0     1                 .L0 
80200cb2 80200cb2        0     1                 .L0 
80200cb2 80200cb2        0     1                 .L0 
80200cb4 80200cb4        0     1                 .L0 
80200cb4 80200cb4        0     1                 .L0 
80200cb8 80200cb8        0     1                 .L0 
80200cbc 80200cbc        0     1                 .L0 
80200cc0 80200cc0        0     1                 .L0 
80200ccc 80200ccc        0     1                 .L0 
80200cd0 80200cd0        0     1                 .L0 
80200cda 80200cda        0     1                 .L0 
80200cda 80200cda        0     1                 .L0 
80200ce0 80200ce0        0     1                 .L0 
80200ce0 80200ce0        0     1                 .L0 
80200ce4 80200ce4        0     1                 .L0 
80200ce6 80200ce6        0     1                 .L0 
80200cec 80200cec        0     1                 .L0 
80200cf0 80200cf0        0     1                 .L0 
80200cf0 80200cf0        0     1                 .L0 
80200d06 80200d06        0     1                 .L0 
80200d08 80200d08        0     1                 .L0 
80200d08 80200d08        0     1                 .L0 
80200d1e 80200d1e        0     1                 .L0 
80200d20 80200d20        0     1                 .L0 
80200d20 80200d20        0     1                 .L0 
80200d36 80200d36        0     1                 .L0 
80200d38 80200d38        0     1                 .L0 
80200d38 80200d38        0     1                 .L0 
80200d38 80200d38        0     1                 .L0 
80200d38 80200d38        0     1                 .L0 
80200d38 80200d38        0     1                 .L0 
80200d38 80200d38       34     1                 virtq_kick
80200d5a 80200d5a        0     1                 .L0 
80200d5e 80200d5e        0     1                 .L0 
80200d6a 80200d6a        0     1                 .L0 
80200d6c 80200d6c        0     1                 .L0 
80200d6c 80200d6c        0     1                 .L0 
80200d6c 80200d6c        0     1                 .L0 
80200d6c 80200d6c       18     1                 virtq_is_busy
80200d70 80200d70        0     1                 .L0 
80200d82 80200d82        0     1                 .L0 
80200d84 80200d84        0     1                 .L0 
80200d84 80200d84        0     1                 .L0 
80200d84 80200d84        0     1                 .L0 
80200d84 80200d84      174     1                 read_write_disk
80200d90 80200d90        0     1                 .L0 
80200d92 80200d92        0     1                 .L0 
80200d92 80200d92        0     1                 .L0 
80200d9e 80200d9e        0     1                 .L0 
80200da8 80200da8        0     1                 .L0 
80200db4 80200db4        0     1                 .L0 
80200db6 80200db6        0     1                 .L0 
80200dda 80200dda        0     1                 .L0 
80200dfa 80200dfa        0     1                 .L0 
80200dfc 80200dfc        0     1                 .L0 
80200dfe 80200dfe        0     1                 .L0 
80200e06 80200e06        0     1                 .L0 
80200e06 80200e06        0     1                 .L0 
80200e0a 80200e0a        0     1                 .L0 
80200e0a 80200e0a        0     1                 .L0 
80200e0a 80200e0a        0     1                 .L0 
80200e0e 80200e0e        0     1                 .L0 
80200e12 80200e12        0     1                 .L0 
80200e16 80200e16        0     1                 .L0 
80200e1c 80200e1c        0     1                 .L0 
80200e1e 80200e1e        0     1                 .L0 
80200e1e 80200e1e        0     1                 .L0 
80200e20 80200e20        0     1                 .L0 
80200e20 80200e20        0     1                 .L0 
80200e20 80200e20        0     1                 .L0 
80200e20 80200e20        0     1                 .L0 
80200e20 80200e20        0     1                 .L0 
80200e22 80200e22        0     1                 .L0 
80200e22 80200e22        0     1                 .L0 
80200e36 80200e36        0     1                 .L0 
80200e36 80200e36        0     1                 .L0 
80200e40 80200e40        0     1                 .L0 
80200e66 80200e66        0     1                 .L0 
80200e6a 80200e6a        0     1                 .L0 
80200e76 80200e76        0     1                 .L0 
80200e7e 80200e7e        0     1                 .L0 
80200e94 80200e94        0     1                 .L0 
80200ea8 80200ea8        0     1                 .L0 
80200eac 80200eac        0     1                 .L0 
80200eb0 80200eb0        0     1                 .L0 
80200eb6 80200eb6        0     1                 .L0 
80200eb8 80200eb8        0     1                 .L0 
80200eba 80200eba        0     1                 .L0 
80200ec2 80200ec2        0     1                 .L0 
80200ec6 80200ec6        0     1                 .L0 
80200eca 80200eca        0     1                 .L0 
80200ecc 80200ecc        0     1                 .L0 
80200ece 80200ece        0     1                 .L0 
80200ece 80200ece        0     1                 .L0 
80200ed0 80200ed0        0     1                 .L0 
80200ed0 80200ed0        0     1                 .L0 
80200ed0 80200ed0        0     1                 .L0 
80200ed0 80200ed0        0     1                 .L0 
80200ed0 80200ed0        0     1                 .L0 
80200ed2 80200ed2        0     1                 .L0 
80200ed6 80200ed6        0     1                 .L0 
80200eda 80200eda        0     1                 .L0 
80200edc 80200edc        0     1                 .L0 
80200ee0 80200ee0        0     1                 .L0 
80200ee0 80200ee0        0     1                 .L0 
80200ee4 80200ee4        0     1                 .L0 
80200eea 80200eea        0     1                 .L0 
80200eee 80200eee        0     1                 .L0 
80200ef2 80200ef2        0     1                 .L0 
80200ef6 80200ef6        0     1                 .L0 
80200ef8 80200ef8        0     1                 .L0 
80200ef8 80200ef8        0     1                 .L0 
80200ef8 80200ef8        0     1                 .L0 
80200ef8 80200ef8      2c6     2         /var/folders/hw/r5t5ryts3r7fw374z_3h5bmw0000gp/T/fat16-ff2659.o:(.text)
80200ef8 80200ef8        0     1                 .L0 
80200ef8 80200ef8        0     1                 .L0 
80200ef8 80200ef8        0     1                 $x
80200ef8 80200ef8        0     1                 .L0 
80200ef8 80200ef8       5a     1                 init_fat16_disk
80200f08 80200f08        0     1                 .L0 
80200f0a 80200f0a        0     1                 .L0 
80200f12 80200f12        0     1                 .L0 
80200f16 80200f16        0     1                 .L0 
80200f1c 80200f1c        0     1                 .L0 
80200f1c 80200f1c        0     1                 .L0 
80200f1c 80200f1c        0     1                 .L0 
80200f24 80200f24        0     1                 .L0 
80200f24 80200f24        0     1                 .L0 
80200f26 80200f26        0     1                 .L0 
80200f2a 80200f2a        0     1                 .L0 
80200f2a 80200f2a        0     1                 .L0 
80200f32 80200f32        0     1                 .L0 
80200f32 80200f32        0     1                 .L0 
80200f32 80200f32        0     1                 .L0 
80200f3a 80200f3a        0     1                 .L0 
80200f3a 80200f3a        0     1                 .L0 
80200f3c 80200f3c        0     1                 .L0 
80200f40 80200f40        0     1                 .L0 
80200f40 80200f40        0     1                 .L0 
80200f4c 80200f4c        0     1                 .L0 
80200f52 80200f52        0     1                 .L0 
80200f52 80200f52        0     1                 .L0 
80200f52 80200f52        0     1                 .L0 
80200f52 80200f52        0     1                 .L0 
80200f52 80200f52        0     1                 .L0 
80200f52 80200f52        6     1                 cluster_to_sector
80200f56 80200f56        0     1                 .L0 
80200f56 80200f56        0     1                 .L0 
80200f58 80200f58        0     1                 .L0 
80200f58 80200f58        0     1                 .L0 
80200f58 80200f58        0     1                 .L0 
80200f58 80200f58        c     1                 read_cluster
80200f5e 80200f5e        0     1                 .L0 
80200f5e 80200f5e        0     1                 .L0 
80200f62 80200f62        0     1                 .L0 
80200f64 80200f64        0     1                 .L0 
80200f64 80200f64        0     1                 .L0 
80200f64 80200f64        0     1                 .L0 
80200f64 80200f64        0     1                 .L0 
80200f64 80200f64        0     1                 .L0 
80200f64 80200f64        0     1                 .L0 
80200f64 80200f64        c     1                 write_cluster
80200f68 80200f68        0     1                 .L0 
80200f6c 80200f6c        0     1                 .L0 
80200f6e 80200f6e        0     1                 .L0 
80200f70 80200f70        0     1                 .L0 
80200f70 80200f70        0     1                 .L0 
80200f70 80200f70        0     1                 .L0 
80200f70 80200f70        0     1                 .L0 
80200f70 80200f70        0     1                 .L0 
80200f70 80200f70        0     1                 .L0 
80200f70 80200f70       5a     1                 copy_name_dynamic
80200f7a 80200f7a        0     1                 .L0 
80200f7c 80200f7c        0     1                 .L0 
80200f7e 80200f7e        0     1                 .L0 
80200f84 80200f84        0     1                 .L0 
80200f8c 80200f8c        0     1                 .L0 
80200f8e 80200f8e        0     1                 .L0 
80200f90 80200f90        0     1                 .L0 
80200f96 80200f96        0     1                 .L0 
80200f98 80200f98        0     1                 .L0 
80200f9a 80200f9a        0     1                 .L0 
80200f9c 80200f9c        0     1                 .L0 
80200f9e 80200f9e        0     1                 .L0 
80200fa2 80200fa2        0     1                 .L0 
80200fa2 80200fa2        0     1                 .L0 
80200faa 80200faa        0     1                 .L0 
80200fb6 80200fb6        0     1                 .L0 
80200fba 80200fba        0     1                 .L0 
80200fbe 80200fbe        0     1                 .L0 
80200fc6 80200fc6        0     1                 .L0 
80200fc6 80200fc6        0     1                 .L0 
80200fca 80200fca        0     1                 .L0 
80200fca 80200fca        0     1                 .L0 
80200fca 80200fca        0     1                 .L0 
80200fca 80200fca        0     1                 .L0 
80200fca 80200fca        0     1                 .L0 
80200fca 80200fca      150     1                 create_file
80200fd2 80200fd2        0     1                 .L0 
80200fe0 80200fe0        0     1                 .L0 
80200fe0 80200fe0        0     1                 .L0 
80200fe4 80200fe4        0     1                 .L0 
80200fe6 80200fe6        0     1                 .L0 
80200fe8 80200fe8        0     1                 .L0 
80200ff0 80200ff0        0     1                 .L0 
80201002 80201002        0     1                 .L0 
80201002 80201002        0     1                 .L0 
80201008 80201008        0     1                 .L0 
80201008 80201008        0     1                 .L0 
8020100a 8020100a        0     1                 .L0 
80201010 80201010        0     1                 .L0 
80201010 80201010        0     1                 .L0 
80201012 80201012        0     1                 .L0 
80201012 80201012        0     1                 .L0 
80201014 80201014        0     1                 .L0 
80201014 80201014        0     1                 .L0 
80201018 80201018        0     1                 .L0 
80201020 80201020        0     1                 .L0 
80201024 80201024        0     1                 .L0 
80201028 80201028        0     1                 .L0 
8020102c 8020102c        0     1                 .L0 
80201030 80201030        0     1                 .L0 
80201034 80201034        0     1                 .L0 
80201038 80201038        0     1                 .L0 
8020103c 8020103c        0     1                 .L0 
80201040 80201040        0     1                 .L0 
80201044 80201044        0     1                 .L0 
80201048 80201048        0     1                 .L0 
8020104c 8020104c        0     1                 .L0 
80201050 80201050        0     1                 .L0 
80201054 80201054        0     1                 .L0 
80201058 80201058        0     1                 .L0 
8020105c 8020105c        0     1                 .L0 
80201060 80201060        0     1                 .L0 
80201064 80201064        0     1                 .L0 
80201068 80201068        0     1                 .L0 
8020106c 8020106c        0     1                 .L0 
80201070 80201070        0     1                 .L0 
80201074 80201074        0     1                 .L0 
80201078 80201078        0     1                 .L0 
8020107c 8020107c        0     1                 .L0 
80201080 80201080        0     1                 .L0 
80201084 80201084        0     1                 .L0 
80201088 80201088        0     1                 .L0 
8020108c 8020108c        0     1                 .L0 
80201090 80201090        0     1                 .L0 
80201094 80201094        0     1                 .L0 
80201094 80201094        0     1                 .L0 
80201096 80201096        0     1                 .L0 
8020109a 8020109a        0     1                 .L0 
8020109a 8020109a        0     1                 .L0 
8020109c 8020109c        0     1                 .L0 
8020109c 8020109c        0     1                 .L0 
8020109e 8020109e        0     1                 .L0 
8020109e 8020109e        0     1                 .L0 
802010a0 802010a0        0     1                 .L0 
802010a0 802010a0        0     1                 .L0 
802010a2 802010a2        0     1                 .L0 
802010a2 802010a2        0     1                 .L0 
802010a4 802010a4        0     1                 .L0 
802010a4 802010a4        0     1                 .L0 
802010a6 802010a6        0     1                 .L0 
802010a6 802010a6        0     1                 .L0 
802010a8 802010a8        0     1                 .L0 
802010a8 802010a8        0     1                 .L0 
802010aa 802010aa        0     1                 .L0 
802010aa 802010aa        0     1                 .L0 
802010ac 802010ac        0     1                 .L0 
802010ac 802010ac        0     1                 .L0 
802010ae 802010ae        0     1                 .L0 
802010ae 802010ae        0     1                 .L0 
802010b0 802010b0        0     1                 .L0 
802010b0 802010b0        0     1                 .L0 
802010b2 802010b2        0     1                 .L0 
802010b2 802010b2        0     1                 .L0 
802010b4 802010b4        0     1                 .L0 
802010b4 802010b4        0     1                 .L0 
802010b6 802010b6        0     1                 .L0 
802010b6 802010b6        0     1                 .L0 
802010b8 802010b8        0     1                 .L0 
802010b8 802010b8        0     1                 .L0 
802010ba 802010ba        0     1                 .L0 
802010ba 802010ba        0     1                 .L0 
802010bc 802010bc        0     1                 .L0 
802010bc 802010bc        0     1                 .L0 
802010be 802010be        0     1                 .L0 
802010be 802010be        0     1                 .L0 
802010c0 802010c0        0     1                 .L0 
802010c0 802010c0        0     1                 .L0 
802010c2 802010c2        0     1                 .L0 
802010c2 802010c2        0     1                 .L0 
802010c4 802010c4        0     1                 .L0 
802010c4 802010c4        0     1                 .L0 
802010c6 802010c6        0     1                 .L0 
802010c6 802010c6        0     1                 .L0 
802010e2 802010e2        0     1                 .L0 
802010e8 802010e8        0     1                 .L0 
802010ec 802010ec        0     1                 .L0 
802010ec 802010ec        0     1                 .L0 
802010f4 802010f4        0     1                 .L0 
802010f6 802010f6        0     1                 .L0 
802010fa 802010fa        0     1                 .L0 
802010fc 802010fc        0     1                 .L0 
80201102 80201102        0     1                 .L0 
80201106 80201106        0     1                 .L0 
80201106 80201106        0     1                 .L0 
8020110e 8020110e        0     1                 .L0 
8020110e 8020110e        0     1                 .L0 
80201110 80201110        0     1                 .L0 
80201110 80201110        0     1                 .L0 
80201110 80201110        0     1                 .L0 
80201114 80201114        0     1                 .L0 
8020111a 8020111a        0     1                 .L0 
8020111a 8020111a        0     1                 .L0 
8020111a 8020111a        0     1                 .L0 
8020111a 8020111a        0     1                 .L0 
8020111a 8020111a        0     1                 .L0 
8020111a 8020111a       a4     1                 list_root_dir
80201124 80201124        0     1                 .L0 
80201124 80201124        0     1                 .L0 
80201142 80201142        0     1                 .L0 
80201142 80201142        0     1                 .L0 
80201142 80201142        0     1                 .L0 
80201144 80201144        0     1                 .L0 
80201148 80201148        0     1                 .L0 
80201148 80201148        0     1                 .L0 
8020114c 8020114c        0     1                 .L0 
8020114e 8020114e        0     1                 .L0 
8020114e 8020114e        0     1                 .L0 
8020115e 8020115e        0     1                 .L0 
80201162 80201162        0     1                 .L0 
80201166 80201166        0     1                 .L0 
8020116a 8020116a        0     1                 .L0 
8020116e 8020116e        0     1                 .L0 
8020116e 8020116e        0     1                 .L0 
8020117e 8020117e        0     1                 .L0 
80201182 80201182        0     1                 .L0 
80201186 80201186        0     1                 .L0 
8020118a 8020118a        0     1                 .L0 
8020118e 8020118e        0     1                 .L0 
8020118e 8020118e        0     1                 .L0 
80201196 80201196        0     1                 .L0 
80201196 80201196        0     1                 .L0 
80201198 80201198        0     1                 .L0 
80201198 80201198        0     1                 .L0 
8020119c 8020119c        0     1                 .L0 
802011a0 802011a0        0     1                 .L0 
802011a4 802011a4        0     1                 .L0 
802011a4 802011a4        0     1                 .L0 
802011a8 802011a8        0     1                 .L0 
802011b0 802011b0        0     1                 .L0 
802011b0 802011b0        0     1                 .L0 
802011b2 802011b2        0     1                 .L0 
802011b2 802011b2        0     1                 .L0 
802011b2 802011b2        0     1                 .L0 
802011ba 802011ba        0     1                 .L0 
802011be 802011be        0     1                 .L0 
802011be 802011be        0     1                 .L0 
802011c0 802011c0      35a     4 .rodata
802011c0 802011c0       14     4         /var/folders/hw/r5t5ryts3r7fw374z_3h5bmw0000gp/T/kernel-f3cb7b.o:(.rodata)
802011c0 802011c0        0     1                 .LJTI10_0
802011c0 802011c0        0     1                 $d
802011d4 802011d4      346     1         <internal>:(.rodata.str1.1)
8020151c 8020151c    10598     4 .data
8020151c 8020151c        4     4         /var/folders/hw/r5t5ryts3r7fw374z_3h5bmw0000gp/T/kernel-f3cb7b.o:(.data)
8020151c 8020151c        4     1                 alloc_pages.next_paddr
8020151c 8020151c        0     1                 $d
80201520 80201520        4     4         /var/folders/hw/r5t5ryts3r7fw374z_3h5bmw0000gp/T/common-b0263d.o:(.data)
80201520 80201520        4     1                 next
80201520 80201520        0     1                 $d
80201524 80201524    10590     1         shell.bin.o:(.data)
80201524 80201524        0     1                 _binary_shell_bin_start
80211ab4 80211ab4        0     1                 _binary_shell_bin_end
80211ab8 80211ab8    141e8     8 .bss
80211ab8 80211ab8        0     1         __bss = .
80211ab8 80211ab8    10090     4         /var/folders/hw/r5t5ryts3r7fw374z_3h5bmw0000gp/T/kernel-f3cb7b.o:(.bss)
80211ab8 80211ab8        0     1                 $d
80211ab8 80211ab8    10080     1                 procs
80221b38 80221b38        4     1                 proc_a
80221b3c 80221b3c        4     1                 proc_b
80221b40 80221b40        8     1                 .L_MergedGlobals
80221b40 80221b40        4     1                 idle_proc
80221b44 80221b44        4     1                 current_proc
80221b48 80221b48       18     8         /var/folders/hw/r5t5ryts3r7fw374z_3h5bmw0000gp/T/virtio-3df78d.o:(.bss)
80221b48 80221b48       18     1                 .L_MergedGlobals
80221b48 80221b48        0     1                 $d
80221b48 80221b48        4     1                 blk_request_vq
80221b4c 80221b4c        4     1                 blk_req_paddr
80221b50 80221b50        4     1                 blk_req
80221b58 80221b58        8     1                 blk_capacity
80221b60 80221b60     4140     4         /var/folders/hw/r5t5ryts3r7fw374z_3h5bmw0000gp/T/fat16-ff2659.o:(.bss)
80221b60 80221b60        0     1                 $d
80221b60 80221b60      140     1                 root_dir
80221ca0 80221ca0     4000     1                 fat
80225ca0 80225ca0        0     1         __bss_end = .
80225ca0 80225ca0        0     1 . = ALIGN(4)
80225ca0 80225ca0    20000     1 . += 128 * 1024
80245ca0 80245ca0        0     1 __stack_top = .
80245ca0 80245ca0      360     1 . = ALIGN(4096)
80246000 80246000        0     1 __free_ram = .
80246000 80246000  4000000     1 . += 64 * 1024 * 1024
84246000 84246000        0     1 __free_ram_end = .
       0        0      c24     1 .debug_loclists
       0        0      69a     1         /var/folders/hw/r5t5ryts3r7fw374z_3h5bmw0000gp/T/kernel-f3cb7b.o:(.debug_loclists)
       0        0        0     1                 $d
       c        c        0     1                 .L0 
     69a      69a      1e1     1         /var/folders/hw/r5t5ryts3r7fw374z_3h5bmw0000gp/T/common-b0263d.o:(.debug_loclists)
     69a      69a        0     1                 $d
     6a6      6a6        0     1                 .L0 
     87b      87b      12b     1         /var/folders/hw/r5t5ryts3r7fw374z_3h5bmw0000gp/T/virtio-3df78d.o:(.debug_loclists)
     87b      87b        0     1                 $d
     887      887        0     1                 .L0 
     9a6      9a6      27e     1         /var/folders/hw/r5t5ryts3r7fw374z_3h5bmw0000gp/T/fat16-ff2659.o:(.debug_loclists)
     9a6      9a6        0     1                 $d
     9b2      9b2        0     1                 .L0 
       0        0      874     1 .debug_abbrev
       0        0      319     1         /var/folders/hw/r5t5ryts3r7fw374z_3h5bmw0000gp/T/kernel-f3cb7b.o:(.debug_abbrev)
       0        0        0     1                 $d
     319      319      157     1         /var/folders/hw/r5t5ryts3r7fw374z_3h5bmw0000gp/T/common-b0263d.o:(.debug_abbrev)
     319      319        0     1                 $d
     470      470      1ff     1         /var/folders/hw/r5t5ryts3r7fw374z_3h5bmw0000gp/T/virtio-3df78d.o:(.debug_abbrev)
     470      470        0     1                 $d
     66f      66f      205     1         /var/folders/hw/r5t5ryts3r7fw374z_3h5bmw0000gp/T/fat16-ff2659.o:(.debug_abbrev)
     66f      66f        0     1                 $d
       0        0     1b17     1 .debug_info
       0        0      d84     1         /var/folders/hw/r5t5ryts3r7fw374z_3h5bmw0000gp/T/kernel-f3cb7b.o:(.debug_info)
       0        0        0     1                 $d
     d84      d84      273     1         /var/folders/hw/r5t5ryts3r7fw374z_3h5bmw0000gp/T/common-b0263d.o:(.debug_info)
     d84      d84        0     1                 $d
     ff7      ff7      76b     1         /var/folders/hw/r5t5ryts3r7fw374z_3h5bmw0000gp/T/virtio-3df78d.o:(.debug_info)
     ff7      ff7        0     1                 $d
    1762     1762      3b5     1         /var/folders/hw/r5t5ryts3r7fw374z_3h5bmw0000gp/T/fat16-ff2659.o:(.debug_info)
    1762     1762        0     1                 $d
       0        0       ef     1 .debug_rnglists
       0        0       8f     1         /var/folders/hw/r5t5ryts3r7fw374z_3h5bmw0000gp/T/kernel-f3cb7b.o:(.debug_rnglists)
       0        0        0     1                 $d
       c        c        0     1                 .L0 
      8f       8f       1b     1         /var/folders/hw/r5t5ryts3r7fw374z_3h5bmw0000gp/T/common-b0263d.o:(.debug_rnglists)
      8f       8f        0     1                 $d
      9b       9b        0     1                 .L0 
      aa       aa       2a     1         /var/folders/hw/r5t5ryts3r7fw374z_3h5bmw0000gp/T/virtio-3df78d.o:(.debug_rnglists)
      aa       aa        0     1                 $d
      b6       b6        0     1                 .L0 
      d4       d4       1b     1         /var/folders/hw/r5t5ryts3r7fw374z_3h5bmw0000gp/T/fat16-ff2659.o:(.debug_rnglists)
      d4       d4        0     1                 $d
      e0       e0        0     1                 .L0 
       0        0      450     1 .debug_str_offsets
       0        0      1ec     1         /var/folders/hw/r5t5ryts3r7fw374z_3h5bmw0000gp/T/kernel-f3cb7b.o:(.debug_str_offsets)
       0        0        0     1                 $d
       8        8        0     1                 .L0 
     1ec      1ec       ac     1         /var/folders/hw/r5t5ryts3r7fw374z_3h5bmw0000gp/T/common-b0263d.o:(.debug_str_offsets)
     1ec      1ec        0     1                 $d
     1f4      1f4        0     1                 .L0 
     298      298      108     1         /var/folders/hw/r5t5ryts3r7fw374z_3h5bmw0000gp/T/virtio-3df78d.o:(.debug_str_offsets)
     298      298        0     1                 $d
     2a0      2a0        0     1                 .L0 
     3a0      3a0       b0     1         /var/folders/hw/r5t5ryts3r7fw374z_3h5bmw0000gp/T/fat16-ff2659.o:(.debug_str_offsets)
     3a0      3a0        0     1                 $d
     3a8      3a8        0     1                 .L0 
       0        0      68d     1 .debug_str
       0        0      68d     1         <internal>:(.debug_str)
       0        0      354     1 .debug_addr
       0        0      1a0     1         /var/folders/hw/r5t5ryts3r7fw374z_3h5bmw0000gp/T/kernel-f3cb7b.o:(.debug_addr)
       0        0        0     1                 $d
       8        8        0     1                 .L0 
     1a0      1a0       6c     1         /var/folders/hw/r5t5ryts3r7fw374z_3h5bmw0000gp/T/common-b0263d.o:(.debug_addr)
     1a0      1a0        0     1                 $d
     1a8      1a8        0     1                 .L0 
     20c      20c       d8     1         /var/folders/hw/r5t5ryts3r7fw374z_3h5bmw0000gp/T/virtio-3df78d.o:(.debug_addr)
     20c      20c        0     1                 $d
     214      214        0     1                 .L0 
     2e4      2e4       70     1         /var/folders/hw/r5t5ryts3r7fw374z_3h5bmw0000gp/T/fat16-ff2659.o:(.debug_addr)
     2e4      2e4        0     1                 $d
     2ec      2ec        0     1                 .L0 
       0        0       3b     1 .comment
       0        0       3b     1         <internal>:(.comment)
       0        0       4e     1 .riscv.attributes
       0        0       4e     1         <internal>:(.riscv.attributes)
       0        0      470     4 .debug_frame
       0        0      1d4     4         /var/folders/hw/r5t5ryts3r7fw374z_3h5bmw0000gp/T/kernel-f3cb7b.o:(.debug_frame)
       0        0        0     1                 .L0 
       0        0        0     1                 $d
     1d4      1d4       b8     4         /var/folders/hw/r5t5ryts3r7fw374z_3h5bmw0000gp/T/common-b0263d.o:(.debug_frame)
     1d4      1d4        0     1                 .L0 
     1d4      1d4        0     1                 $d
     28c      28c      10c     4         /var/folders/hw/r5t5ryts3r7fw374z_3h5bmw0000gp/T/virtio-3df78d.o:(.debug_frame)
     28c      28c        0     1                 .L0 
     28c      28c        0     1                 $d
     398      398       d8     4         /var/folders/hw/r5t5ryts3r7fw374z_3h5bmw0000gp/T/fat16-ff2659.o:(.debug_frame)
     398      398        0     1                 .L0 
     398      398        0     1                 $d
       0        0     13ca     1 .debug_line
       0        0      8b4     1         /var/folders/hw/r5t5ryts3r7fw374z_3h5bmw0000gp/T/kernel-f3cb7b.o:(.debug_line)
       0        0        0     1                 .Lline_table_start0
       0        0        0     1                 $d
     8b4      8b4      349     1         /var/folders/hw/r5t5ryts3r7fw374z_3h5bmw0000gp/T/common-b0263d.o:(.debug_line)
     8b4      8b4        0     1                 .Lline_table_start0
     8b4      8b4        0     1                 $d
     bfd      bfd      3ce     1         /var/folders/hw/r5t5ryts3r7fw374z_3h5bmw0000gp/T/virtio-3df78d.o:(.debug_line)
     bfd      bfd        0     1                 .Lline_table_start0
     bfd      bfd        0     1                 $d
     fcb      fcb      3ff     1         /var/folders/hw/r5t5ryts3r7fw374z_3h5bmw0000gp/T/fat16-ff2659.o:(.debug_line)
     fcb      fcb        0     1                 .Lline_table_start0
     fcb      fcb        0     1                 $d
       0        0      113     1 .debug_line_str
       0        0      113     1         <internal>:(.debug_line_str)
       0        0      820     4 .symtab
       0        0      820     4         <internal>:(.symtab)
       0        0       dc     1 .shstrtab
       0        0       dc     1         <internal>:(.shstrtab)
       0        0      3d2     1 .strtab
       0        0      3d2     1         <internal>:(.strtab)
