     VMA      LMA     Size Align Out     In      Symbol
       0        0  1000000     1 . = 0x1000000
 1000000  1000000      236     2 .text
 1000000  1000000        e     2         /var/folders/hw/r5t5ryts3r7fw374z_3h5bmw0000gp/T/user-146183.o:(.text.start)
 1000000  1000000        0     1                 .L0 
 1000000  1000000        0     1                 .L0 
 1000000  1000000        0     1                 $x
 1000000  1000000        0     1                 .L0 
 1000000  1000000        e     1                 start
 100000e  100000e        0     1                 .L0 
 100000e  100000e        0     1                 .L0 
 100000e  100000e        2     2         /var/folders/hw/r5t5ryts3r7fw374z_3h5bmw0000gp/T/shell-d3a35d.o:(.text)
 100000e  100000e        0     1                 .L0 
 100000e  100000e        0     1                 .L0 
 100000e  100000e        0     1                 $x
 100000e  100000e        0     1                 .L0 
 100000e  100000e        2     1                 main
 1000010  1000010        0     1                 .L0 
 1000010  1000010        4     2         /var/folders/hw/r5t5ryts3r7fw374z_3h5bmw0000gp/T/user-146183.o:(.text)
 1000010  1000010        0     1                 .L0 
 1000010  1000010        0     1                 .L0 
 1000010  1000010        0     1                 $x
 1000010  1000010        0     1                 .L0 
 1000010  1000010        2     1                 exit
 1000012  1000012        0     1                 .L0 
 1000012  1000012        0     1                 .L0 
 1000012  1000012        0     1                 .L0 
 1000012  1000012        2     1                 putchar
 1000014  1000014      222     2         /var/folders/hw/r5t5ryts3r7fw374z_3h5bmw0000gp/T/common-032108.o:(.text)
 1000014  1000014        0     1                 .L0 
 1000014  1000014        0     1                 .L0 
 1000014  1000014        0     1                 $x
 1000014  1000014        0     1                 .L0 
 1000014  1000014      1a8     1                 printf
 1000030  1000030        0     1                 .L0 
 100005a  100005a        0     1                 .L0 
 100006a  100006a        0     1                 .L0 
 100006a  100006a        0     1                 .L0 
 100006e  100006e        0     1                 .L0 
 100006e  100006e        0     1                 .L0 
 1000070  1000070        0     1                 .L0 
 1000074  1000074        0     1                 .L0 
 100007c  100007c        0     1                 .L0 
 100007c  100007c        0     1                 .L0 
 100007e  100007e        0     1                 .L0 
 100007e  100007e        0     1                 .L0 
 1000080  1000080        0     1                 .L0 
 1000082  1000082        0     1                 .L0 
 1000082  1000082        0     1                 .L0 
 1000088  1000088        0     1                 .L0 
 1000098  1000098        0     1                 .L0 
 1000098  1000098        0     1                 .L0 
 10000a4  10000a4        0     1                 .L0 
 10000a4  10000a4        0     1                 .L0 
 10000a8  10000a8        0     1                 .L0 
 10000a8  10000a8        0     1                 .L0 
 10000aa  10000aa        0     1                 .L0 
 10000b0  10000b0        0     1                 .L0 
 10000b0  10000b0        0     1                 .L0 
 10000b8  10000b8        0     1                 .L0 
 10000b8  10000b8        0     1                 .L0 
 10000c2  10000c2        0     1                 .L0 
 10000c2  10000c2        0     1                 .L0 
 10000c6  10000c6        0     1                 .L0 
 10000c6  10000c6        0     1                 .L0 
 10000c8  10000c8        0     1                 .L0 
 10000cc  10000cc        0     1                 .L0 
 10000ce  10000ce        0     1                 .L0 
 10000ce  10000ce        0     1                 .L0 
 10000d4  10000d4        0     1                 .L0 
 10000d4  10000d4        0     1                 .L0 
 10000d6  10000d6        0     1                 .L0 
 10000da  10000da        0     1                 .L0 
 10000dc  10000dc        0     1                 .L0 
 10000dc  10000dc        0     1                 .L0 
 10000e2  10000e2        0     1                 .L0 
 10000e2  10000e2        0     1                 .L0 
 10000e4  10000e4        0     1                 .L0 
 10000e8  10000e8        0     1                 .L0 
 10000ea  10000ea        0     1                 .L0 
 10000ea  10000ea        0     1                 .L0 
 10000f0  10000f0        0     1                 .L0 
 10000f0  10000f0        0     1                 .L0 
 10000f2  10000f2        0     1                 .L0 
 10000f6  10000f6        0     1                 .L0 
 10000f8  10000f8        0     1                 .L0 
 10000f8  10000f8        0     1                 .L0 
 10000fe  10000fe        0     1                 .L0 
 10000fe  10000fe        0     1                 .L0 
 1000100  1000100        0     1                 .L0 
 1000104  1000104        0     1                 .L0 
 1000106  1000106        0     1                 .L0 
 1000106  1000106        0     1                 .L0 
 100010c  100010c        0     1                 .L0 
 100010c  100010c        0     1                 .L0 
 100010e  100010e        0     1                 .L0 
 1000112  1000112        0     1                 .L0 
 1000114  1000114        0     1                 .L0 
 1000114  1000114        0     1                 .L0 
 100011a  100011a        0     1                 .L0 
 100011a  100011a        0     1                 .L0 
 100011c  100011c        0     1                 .L0 
 1000120  1000120        0     1                 .L0 
 1000122  1000122        0     1                 .L0 
 1000122  1000122        0     1                 .L0 
 1000124  1000124        0     1                 .L0 
 1000124  1000124        0     1                 .L0 
 1000126  1000126        0     1                 .L0 
 100012a  100012a        0     1                 .L0 
 100012a  100012a        0     1                 .L0 
 100012c  100012c        0     1                 .L0 
 100012c  100012c        0     1                 .L0 
 100012e  100012e        0     1                 .L0 
 1000130  1000130        0     1                 .L0 
 1000130  1000130        0     1                 .L0 
 1000130  1000130        0     1                 .L0 
 100013a  100013a        0     1                 .L0 
 100013e  100013e        0     1                 .L0 
 1000144  1000144        0     1                 .L0 
 1000144  1000144        0     1                 .L0 
 1000144  1000144        0     1                 .L0 
 100014a  100014a        0     1                 .L0 
 100014a  100014a        0     1                 .L0 
 100014e  100014e        0     1                 .L0 
 1000150  1000150        0     1                 .L0 
 1000154  1000154        0     1                 .L0 
 1000154  1000154        0     1                 .L0 
 1000154  1000154        0     1                 .L0 
 100015a  100015a        0     1                 .L0 
 100015a  100015a        0     1                 .L0 
 100015e  100015e        0     1                 .L0 
 1000160  1000160        0     1                 .L0 
 1000164  1000164        0     1                 .L0 
 1000164  1000164        0     1                 .L0 
 1000164  1000164        0     1                 .L0 
 100016a  100016a        0     1                 .L0 
 100016c  100016c        0     1                 .L0 
 1000170  1000170        0     1                 .L0 
 1000174  1000174        0     1                 .L0 
 1000174  1000174        0     1                 .L0 
 1000174  1000174        0     1                 .L0 
 1000176  1000176        0     1                 .L0 
 1000176  1000176        0     1                 .L0 
 100017a  100017a        0     1                 .L0 
 100017e  100017e        0     1                 .L0 
 1000184  1000184        0     1                 .L0 
 1000184  1000184        0     1                 .L0 
 1000192  1000192        0     1                 .L0 
 1000192  1000192        0     1                 .L0 
 1000198  1000198        0     1                 .L0 
 1000198  1000198        0     1                 .L0 
 1000198  1000198        0     1                 .L0 
 100019e  100019e        0     1                 .L0 
 100019e  100019e        0     1                 .L0 
 100019e  100019e        0     1                 .L0 
 10001a2  10001a2        0     1                 .L0 
 10001b8  10001b8        0     1                 .L0 
 10001bc  10001bc        0     1                 .L0 
 10001bc  10001bc        0     1                 .L0 
 10001bc  10001bc        0     1                 .L0 
 10001bc  10001bc        0     1                 .L0 
 10001bc  10001bc        0     1                 .L0 
 10001bc  10001bc       1c     1                 memcpy
 10001c0  10001c0        0     1                 .L0 
 10001c0  10001c0        0     1                 .L0 
 10001c2  10001c2        0     1                 .L0 
 10001cc  10001cc        0     1                 .L0 
 10001d2  10001d2        0     1                 .L0 
 10001d2  10001d2        0     1                 .L0 
 10001d6  10001d6        0     1                 .L0 
 10001d6  10001d6        0     1                 .L0 
 10001d8  10001d8        0     1                 .L0 
 10001d8  10001d8        0     1                 .L0 
 10001d8  10001d8        0     1                 .L0 
 10001d8  10001d8       16     1                 memset
 10001dc  10001dc        0     1                 .L0 
 10001dc  10001dc        0     1                 .L0 
 10001de  10001de        0     1                 .L0 
 10001e2  10001e2        0     1                 .L0 
 10001e8  10001e8        0     1                 .L0 
 10001e8  10001e8        0     1                 .L0 
 10001ec  10001ec        0     1                 .L0 
 10001ec  10001ec        0     1                 .L0 
 10001ee  10001ee        0     1                 .L0 
 10001ee  10001ee        0     1                 .L0 
 10001ee  10001ee        0     1                 .L0 
 10001ee  10001ee       24     1                 strcpy
 10001f4  10001f4        0     1                 .L0 
 10001f8  10001f8        0     1                 .L0 
 10001f8  10001f8        0     1                 .L0 
 10001fa  10001fa        0     1                 .L0 
 1000206  1000206        0     1                 .L0 
 1000208  1000208        0     1                 .L0 
 100020a  100020a        0     1                 .L0 
 100020c  100020c        0     1                 .L0 
 100020c  100020c        0     1                 .L0 
 1000210  1000210        0     1                 .L0 
 1000212  1000212        0     1                 .L0 
 1000212  1000212        0     1                 .L0 
 1000212  1000212        0     1                 .L0 
 1000212  1000212       24     1                 strcmp
 1000216  1000216        0     1                 .L0 
 1000218  1000218        0     1                 .L0 
 100021a  100021a        0     1                 .L0 
 100021e  100021e        0     1                 .L0 
 1000222  1000222        0     1                 .L0 
 1000222  1000222        0     1                 .L0 
 1000228  1000228        0     1                 .L0 
 100022a  100022a        0     1                 .L0 
 100022c  100022c        0     1                 .L0 
 1000236  1000236        0     1                 .L0 
 1000238  1000238       11     4 .rodata
 1000238  1000238       11     1         <internal>:(.rodata.str1.1)
 100024c  100024c    10004     4 .bss
 100024c  100024c        4     1         . = ALIGN(16)
 1000250  1000250    10000     1         . += 64 * 1024
 1010250  1010250        0     1         __stack_top = .
 1010250  1010250        0     1         
       0        0      1da     1 .debug_abbrev
       0        0       2f     1         /var/folders/hw/r5t5ryts3r7fw374z_3h5bmw0000gp/T/shell-d3a35d.o:(.debug_abbrev)
       0        0        0     1                 $d
      2f       2f       7c     1         /var/folders/hw/r5t5ryts3r7fw374z_3h5bmw0000gp/T/user-146183.o:(.debug_abbrev)
      2f       2f        0     1                 $d
      ab       ab      12f     1         /var/folders/hw/r5t5ryts3r7fw374z_3h5bmw0000gp/T/common-032108.o:(.debug_abbrev)
      ab       ab        0     1                 $d
       0        0      2c6     1 .debug_info
       0        0       2f     1         /var/folders/hw/r5t5ryts3r7fw374z_3h5bmw0000gp/T/shell-d3a35d.o:(.debug_info)
       0        0        0     1                 $d
      2f       2f       58     1         /var/folders/hw/r5t5ryts3r7fw374z_3h5bmw0000gp/T/user-146183.o:(.debug_info)
      2f       2f        0     1                 $d
      87       87      23f     1         /var/folders/hw/r5t5ryts3r7fw374z_3h5bmw0000gp/T/common-032108.o:(.debug_info)
      87       87        0     1                 $d
       0        0       d8     1 .debug_str_offsets
       0        0       18     1         /var/folders/hw/r5t5ryts3r7fw374z_3h5bmw0000gp/T/shell-d3a35d.o:(.debug_str_offsets)
       0        0        0     1                 $d
       8        8        0     1                 .L0 
      18       18       28     1         /var/folders/hw/r5t5ryts3r7fw374z_3h5bmw0000gp/T/user-146183.o:(.debug_str_offsets)
      18       18        0     1                 $d
      20       20        0     1                 .L0 
      40       40       98     1         /var/folders/hw/r5t5ryts3r7fw374z_3h5bmw0000gp/T/common-032108.o:(.debug_str_offsets)
      40       40        0     1                 $d
      48       48        0     1                 .L0 
       0        0      146     1 .debug_str
       0        0      146     1         <internal>:(.debug_str)
       0        0       80     1 .debug_addr
       0        0        c     1         /var/folders/hw/r5t5ryts3r7fw374z_3h5bmw0000gp/T/shell-d3a35d.o:(.debug_addr)
       0        0        0     1                 $d
       8        8        0     1                 .L0 
       c        c       14     1         /var/folders/hw/r5t5ryts3r7fw374z_3h5bmw0000gp/T/user-146183.o:(.debug_addr)
       c        c        0     1                 $d
      14       14        0     1                 .L0 
      20       20       60     1         /var/folders/hw/r5t5ryts3r7fw374z_3h5bmw0000gp/T/common-032108.o:(.debug_addr)
      20       20        0     1                 $d
      28       28        0     1                 .L0 
       0        0       3b     1 .comment
       0        0       3b     1         <internal>:(.comment)
       0        0       4e     1 .riscv.attributes
       0        0       4e     1         <internal>:(.riscv.attributes)
       0        0      100     4 .debug_frame
       0        0       24     4         /var/folders/hw/r5t5ryts3r7fw374z_3h5bmw0000gp/T/shell-d3a35d.o:(.debug_frame)
       0        0        0     1                 .L0 
       0        0        0     1                 $d
      24       24       44     4         /var/folders/hw/r5t5ryts3r7fw374z_3h5bmw0000gp/T/user-146183.o:(.debug_frame)
      24       24        0     1                 .L0 
      24       24        0     1                 $d
      68       68       98     4         /var/folders/hw/r5t5ryts3r7fw374z_3h5bmw0000gp/T/common-032108.o:(.debug_frame)
      68       68        0     1                 .L0 
      68       68        0     1                 $d
       0        0      3cb     1 .debug_line
       0        0       56     1         /var/folders/hw/r5t5ryts3r7fw374z_3h5bmw0000gp/T/shell-d3a35d.o:(.debug_line)
       0        0        0     1                 .Lline_table_start0
       0        0        0     1                 $d
      56       56       73     1         /var/folders/hw/r5t5ryts3r7fw374z_3h5bmw0000gp/T/user-146183.o:(.debug_line)
      56       56        0     1                 .Lline_table_start0
      56       56        0     1                 $d
      c9       c9      302     1         /var/folders/hw/r5t5ryts3r7fw374z_3h5bmw0000gp/T/common-032108.o:(.debug_line)
      c9       c9        0     1                 .Lline_table_start0
      c9       c9        0     1                 $d
       0        0       48     1 .debug_line_str
       0        0       48     1         <internal>:(.debug_line_str)
       0        0       32     1 .debug_rnglists
       0        0       17     1         /var/folders/hw/r5t5ryts3r7fw374z_3h5bmw0000gp/T/user-146183.o:(.debug_rnglists)
       0        0        0     1                 $d
       c        c        0     1                 .L0 
      17       17       1b     1         /var/folders/hw/r5t5ryts3r7fw374z_3h5bmw0000gp/T/common-032108.o:(.debug_rnglists)
      17       17        0     1                 $d
      23       23        0     1                 .L0 
       0        0      1e1     1 .debug_loclists
       0        0      1e1     1         /var/folders/hw/r5t5ryts3r7fw374z_3h5bmw0000gp/T/common-032108.o:(.debug_loclists)
       0        0        0     1                 $d
       c        c        0     1                 .L0 
       0        0      340     4 .symtab
       0        0      340     4         <internal>:(.symtab)
       0        0       d6     1 .shstrtab
       0        0       d6     1         <internal>:(.shstrtab)
       0        0       d2     1 .strtab
       0        0       d2     1         <internal>:(.strtab)
