     VMA      LMA     Size Align Out     In      Symbol
       0        0  1000000     1 . = 0x1000000
 1000000  1000000      3e2     2 .text
 1000000  1000000        e     2         /var/folders/hw/r5t5ryts3r7fw374z_3h5bmw0000gp/T/user-e9acf0.o:(.text.start)
 1000000  1000000        0     1                 .L0 
 1000000  1000000        0     1                 .L0 
 1000000  1000000        0     1                 $x
 1000000  1000000        0     1                 .L0 
 1000000  1000000        e     1                 start
 100000e  100000e        0     1                 .L0 
 100000e  100000e        0     1                 .L0 
 100000e  100000e      12c     2         /var/folders/hw/r5t5ryts3r7fw374z_3h5bmw0000gp/T/shell-ece509.o:(.text)
 100000e  100000e        0     1                 .L0 
 100000e  100000e        0     1                 .L0 
 100000e  100000e        0     1                 $x
 100000e  100000e        0     1                 .L0 
 100000e  100000e      12c     1                 main
 100002a  100002a        0     1                 .L0 
 1000078  1000078        0     1                 .L0 
 1000078  1000078        0     1                 .L0 
 1000078  1000078        0     1                 .L0 
 100007c  100007c        0     1                 .L0 
 100007c  100007c        0     1                 .L0 
 100007c  100007c        0     1                 .L0 
 1000080  1000080        0     1                 .L0 
 1000080  1000080        0     1                 .L0 
 1000082  1000082        0     1                 .L0 
 1000084  1000084        0     1                 .L0 
 100008a  100008a        0     1                 .L0 
 100008a  100008a        0     1                 .L0 
 1000092  1000092        0     1                 .L0 
 1000092  1000092        0     1                 .L0 
 1000096  1000096        0     1                 .L0 
 100009a  100009a        0     1                 .L0 
 100009e  100009e        0     1                 .L0 
 100009e  100009e        0     1                 .L0 
 10000a0  10000a0        0     1                 .L0 
 10000a2  10000a2        0     1                 .L0 
 10000a6  10000a6        0     1                 .L0 
 10000a8  10000a8        0     1                 .L0 
 10000a8  10000a8        0     1                 .L0 
 10000ac  10000ac        0     1                 .L0 
 10000b0  10000b0        0     1                 .L0 
 10000b4  10000b4        0     1                 .L0 
 10000b4  10000b4        0     1                 .L0 
 10000b6  10000b6        0     1                 .L0 
 10000b6  10000b6        0     1                 .L0 
 10000b6  10000b6        0     1                 .L0 
 10000ba  10000ba        0     1                 .L0 
 10000ba  10000ba        0     1                 .L0 
 10000be  10000be        0     1                 .L0 
 10000be  10000be        0     1                 .L0 
 10000c4  10000c4        0     1                 .L0 
 10000c4  10000c4        0     1                 .L0 
 10000c6  10000c6        0     1                 .L0 
 10000c6  10000c6        0     1                 .L0 
 10000cc  10000cc        0     1                 .L0 
 10000cc  10000cc        0     1                 .L0 
 10000ce  10000ce        0     1                 .L0 
 10000d4  10000d4        0     1                 .L0 
 10000d4  10000d4        0     1                 .L0 
 10000d6  10000d6        0     1                 .L0 
 10000dc  10000dc        0     1                 .L0 
 10000dc  10000dc        0     1                 .L0 
 10000de  10000de        0     1                 .L0 
 10000ea  10000ea        0     1                 .L0 
 10000ea  10000ea        0     1                 .L0 
 10000ec  10000ec        0     1                 .L0 
 10000ec  10000ec        0     1                 .L0 
 10000f0  10000f0        0     1                 .L0 
 10000f0  10000f0        0     1                 .L0 
 10000f0  10000f0        0     1                 .L0 
 10000f2  10000f2        0     1                 .L0 
 10000f2  10000f2        0     1                 .L0 
 1000106  1000106        0     1                 .L0 
 1000106  1000106        0     1                 .L0 
 1000114  1000114        0     1                 .L0 
 1000118  1000118        0     1                 .L0 
 100011e  100011e        0     1                 .L0 
 100011e  100011e        0     1                 .L0 
 1000120  1000120        0     1                 .L0 
 1000120  1000120        0     1                 .L0 
 1000120  1000120        0     1                 .L0 
 1000124  1000124        0     1                 .L0 
 100012a  100012a        0     1                 .L0 
 100012a  100012a        0     1                 .L0 
 100012c  100012c        0     1                 .L0 
 100012c  100012c        0     1                 .L0 
 100012c  100012c        0     1                 .L0 
 1000130  1000130        0     1                 .L0 
 1000136  1000136        0     1                 .L0 
 1000136  1000136        0     1                 .L0 
 1000138  1000138        0     1                 .L0 
 1000138  1000138        0     1                 .L0 
 1000138  1000138        0     1                 .L0 
 100013a  100013a        0     1                 .L0 
 100013a  100013a        0     1                 .L0 
 100013a  100013a        0     1                 .L0 
 100013a  100013a       54     2         /var/folders/hw/r5t5ryts3r7fw374z_3h5bmw0000gp/T/user-e9acf0.o:(.text)
 100013a  100013a        0     1                 .L0 
 100013a  100013a        0     1                 .L0 
 100013a  100013a        0     1                 $x
 100013a  100013a        0     1                 .L0 
 100013a  100013a       10     1                 syscall
 1000148  1000148        0     1                 .L0 
 100014a  100014a        0     1                 .L0 
 100014a  100014a        0     1                 .L0 
 100014a  100014a        0     1                 .L0 
 100014a  100014a        c     1                 putchar
 1000154  1000154        0     1                 .L0 
 1000156  1000156        0     1                 .L0 
 1000156  1000156        0     1                 .L0 
 1000156  1000156        0     1                 .L0 
 1000156  1000156        e     1                 getchar
 1000162  1000162        0     1                 .L0 
 1000164  1000164        0     1                 .L0 
 1000164  1000164        0     1                 .L0 
 1000164  1000164        0     1                 .L0 
 1000164  1000164        e     1                 exit
 1000170  1000170        0     1                 .L0 
 1000172  1000172        0     1                 .L0 
 1000172  1000172        0     1                 .L0 
 1000172  1000172        0     1                 .L0 
 1000172  1000172        e     1                 create_file
 100017e  100017e        0     1                 .L0 
 1000180  1000180        0     1                 .L0 
 1000180  1000180        0     1                 .L0 
 1000180  1000180        0     1                 .L0 
 1000180  1000180        e     1                 list_root_dir
 100018e  100018e      254     2         /var/folders/hw/r5t5ryts3r7fw374z_3h5bmw0000gp/T/common-434a3c.o:(.text)
 100018e  100018e        0     1                 .L0 
 100018e  100018e        0     1                 .L0 
 100018e  100018e        0     1                 $x
 100018e  100018e        0     1                 .L0 
 100018e  100018e      1a8     1                 printf
 10001aa  10001aa        0     1                 .L0 
 10001d4  10001d4        0     1                 .L0 
 10001e4  10001e4        0     1                 .L0 
 10001e4  10001e4        0     1                 .L0 
 10001e8  10001e8        0     1                 .L0 
 10001e8  10001e8        0     1                 .L0 
 10001ea  10001ea        0     1                 .L0 
 10001ee  10001ee        0     1                 .L0 
 10001f6  10001f6        0     1                 .L0 
 10001f6  10001f6        0     1                 .L0 
 10001f8  10001f8        0     1                 .L0 
 10001f8  10001f8        0     1                 .L0 
 10001fa  10001fa        0     1                 .L0 
 10001fc  10001fc        0     1                 .L0 
 10001fc  10001fc        0     1                 .L0 
 1000202  1000202        0     1                 .L0 
 1000212  1000212        0     1                 .L0 
 1000212  1000212        0     1                 .L0 
 100021e  100021e        0     1                 .L0 
 100021e  100021e        0     1                 .L0 
 1000222  1000222        0     1                 .L0 
 1000222  1000222        0     1                 .L0 
 1000224  1000224        0     1                 .L0 
 100022a  100022a        0     1                 .L0 
 100022a  100022a        0     1                 .L0 
 1000232  1000232        0     1                 .L0 
 1000232  1000232        0     1                 .L0 
 100023c  100023c        0     1                 .L0 
 100023c  100023c        0     1                 .L0 
 1000240  1000240        0     1                 .L0 
 1000240  1000240        0     1                 .L0 
 1000242  1000242        0     1                 .L0 
 1000246  1000246        0     1                 .L0 
 1000248  1000248        0     1                 .L0 
 1000248  1000248        0     1                 .L0 
 100024e  100024e        0     1                 .L0 
 100024e  100024e        0     1                 .L0 
 1000250  1000250        0     1                 .L0 
 1000254  1000254        0     1                 .L0 
 1000256  1000256        0     1                 .L0 
 1000256  1000256        0     1                 .L0 
 100025c  100025c        0     1                 .L0 
 100025c  100025c        0     1                 .L0 
 100025e  100025e        0     1                 .L0 
 1000262  1000262        0     1                 .L0 
 1000264  1000264        0     1                 .L0 
 1000264  1000264        0     1                 .L0 
 100026a  100026a        0     1                 .L0 
 100026a  100026a        0     1                 .L0 
 100026c  100026c        0     1                 .L0 
 1000270  1000270        0     1                 .L0 
 1000272  1000272        0     1                 .L0 
 1000272  1000272        0     1                 .L0 
 1000278  1000278        0     1                 .L0 
 1000278  1000278        0     1                 .L0 
 100027a  100027a        0     1                 .L0 
 100027e  100027e        0     1                 .L0 
 1000280  1000280        0     1                 .L0 
 1000280  1000280        0     1                 .L0 
 1000286  1000286        0     1                 .L0 
 1000286  1000286        0     1                 .L0 
 1000288  1000288        0     1                 .L0 
 100028c  100028c        0     1                 .L0 
 100028e  100028e        0     1                 .L0 
 100028e  100028e        0     1                 .L0 
 1000294  1000294        0     1                 .L0 
 1000294  1000294        0     1                 .L0 
 1000296  1000296        0     1                 .L0 
 100029a  100029a        0     1                 .L0 
 100029c  100029c        0     1                 .L0 
 100029c  100029c        0     1                 .L0 
 100029e  100029e        0     1                 .L0 
 100029e  100029e        0     1                 .L0 
 10002a0  10002a0        0     1                 .L0 
 10002a4  10002a4        0     1                 .L0 
 10002a4  10002a4        0     1                 .L0 
 10002a6  10002a6        0     1                 .L0 
 10002a6  10002a6        0     1                 .L0 
 10002a8  10002a8        0     1                 .L0 
 10002aa  10002aa        0     1                 .L0 
 10002aa  10002aa        0     1                 .L0 
 10002aa  10002aa        0     1                 .L0 
 10002b4  10002b4        0     1                 .L0 
 10002b8  10002b8        0     1                 .L0 
 10002be  10002be        0     1                 .L0 
 10002be  10002be        0     1                 .L0 
 10002be  10002be        0     1                 .L0 
 10002c4  10002c4        0     1                 .L0 
 10002c4  10002c4        0     1                 .L0 
 10002c8  10002c8        0     1                 .L0 
 10002ca  10002ca        0     1                 .L0 
 10002ce  10002ce        0     1                 .L0 
 10002ce  10002ce        0     1                 .L0 
 10002ce  10002ce        0     1                 .L0 
 10002d4  10002d4        0     1                 .L0 
 10002d4  10002d4        0     1                 .L0 
 10002d8  10002d8        0     1                 .L0 
 10002da  10002da        0     1                 .L0 
 10002de  10002de        0     1                 .L0 
 10002de  10002de        0     1                 .L0 
 10002de  10002de        0     1                 .L0 
 10002e4  10002e4        0     1                 .L0 
 10002e6  10002e6        0     1                 .L0 
 10002ea  10002ea        0     1                 .L0 
 10002ee  10002ee        0     1                 .L0 
 10002ee  10002ee        0     1                 .L0 
 10002ee  10002ee        0     1                 .L0 
 10002f0  10002f0        0     1                 .L0 
 10002f0  10002f0        0     1                 .L0 
 10002f4  10002f4        0     1                 .L0 
 10002f8  10002f8        0     1                 .L0 
 10002fe  10002fe        0     1                 .L0 
 10002fe  10002fe        0     1                 .L0 
 100030c  100030c        0     1                 .L0 
 100030c  100030c        0     1                 .L0 
 1000312  1000312        0     1                 .L0 
 1000312  1000312        0     1                 .L0 
 1000312  1000312        0     1                 .L0 
 1000318  1000318        0     1                 .L0 
 1000318  1000318        0     1                 .L0 
 1000318  1000318        0     1                 .L0 
 100031c  100031c        0     1                 .L0 
 1000332  1000332        0     1                 .L0 
 1000336  1000336        0     1                 .L0 
 1000336  1000336        0     1                 .L0 
 1000336  1000336        0     1                 .L0 
 1000336  1000336        0     1                 .L0 
 1000336  1000336        0     1                 .L0 
 1000336  1000336       1c     1                 memcpy
 100033a  100033a        0     1                 .L0 
 100033a  100033a        0     1                 .L0 
 100033c  100033c        0     1                 .L0 
 1000346  1000346        0     1                 .L0 
 100034c  100034c        0     1                 .L0 
 100034c  100034c        0     1                 .L0 
 1000350  1000350        0     1                 .L0 
 1000350  1000350        0     1                 .L0 
 1000352  1000352        0     1                 .L0 
 1000352  1000352        0     1                 .L0 
 1000352  1000352        0     1                 .L0 
 1000352  1000352       16     1                 memset
 1000356  1000356        0     1                 .L0 
 1000356  1000356        0     1                 .L0 
 1000358  1000358        0     1                 .L0 
 100035c  100035c        0     1                 .L0 
 1000362  1000362        0     1                 .L0 
 1000362  1000362        0     1                 .L0 
 1000366  1000366        0     1                 .L0 
 1000366  1000366        0     1                 .L0 
 1000368  1000368        0     1                 .L0 
 1000368  1000368        0     1                 .L0 
 1000368  1000368        0     1                 .L0 
 1000368  1000368       24     1                 strcpy
 100036e  100036e        0     1                 .L0 
 1000372  1000372        0     1                 .L0 
 1000372  1000372        0     1                 .L0 
 1000374  1000374        0     1                 .L0 
 1000380  1000380        0     1                 .L0 
 1000382  1000382        0     1                 .L0 
 1000384  1000384        0     1                 .L0 
 1000386  1000386        0     1                 .L0 
 1000386  1000386        0     1                 .L0 
 100038a  100038a        0     1                 .L0 
 100038c  100038c        0     1                 .L0 
 100038c  100038c        0     1                 .L0 
 100038c  100038c        0     1                 .L0 
 100038c  100038c       24     1                 strcmp
 1000390  1000390        0     1                 .L0 
 1000392  1000392        0     1                 .L0 
 1000394  1000394        0     1                 .L0 
 1000398  1000398        0     1                 .L0 
 100039c  100039c        0     1                 .L0 
 100039c  100039c        0     1                 .L0 
 10003a2  10003a2        0     1                 .L0 
 10003a4  10003a4        0     1                 .L0 
 10003a6  10003a6        0     1                 .L0 
 10003ae  10003ae        0     1                 .L0 
 10003b0  10003b0        0     1                 .L0 
 10003b0  10003b0        0     1                 .L0 
 10003b0  10003b0        0     1                 .L0 
 10003b0  10003b0        a     1                 srand
 10003b8  10003b8        0     1                 .L0 
 10003ba  10003ba        0     1                 .L0 
 10003ba  10003ba        0     1                 .L0 
 10003ba  10003ba        0     1                 .L0 
 10003ba  10003ba        0     1                 .L0 
 10003ba  10003ba        0     1                 .L0 
 10003ba  10003ba       28     1                 rand
 10003ca  10003ca        0     1                 .L0 
 10003d4  10003d4        0     1                 .L0 
 10003d6  10003d6        0     1                 .L0 
 10003dc  10003dc        0     1                 .L0 
 10003e0  10003e0        0     1                 .L0 
 10003e2  10003e2        0     1                 .L0 
 10003e2  10003e2        0     1                 .L0 
 10003e4  10003e4      19e     4 .rodata
 10003e4  10003e4      19e     1         <internal>:(.rodata.str1.1)
 1000584  1000584        4     4 .data
 1000584  1000584        4     4         /var/folders/hw/r5t5ryts3r7fw374z_3h5bmw0000gp/T/common-434a3c.o:(.data)
 1000584  1000584        4     1                 next
 1000584  1000584        0     1                 $d
 1000588  1000588    10008     4 .bss
 1000588  1000588        8     1         . = ALIGN(16)
 1000590  1000590    10000     1         . += 64 * 1024
 1010590  1010590        0     1         __stack_top = .
 1010590  1010590        0     1         
       0        0      341     1 .debug_loclists
       0        0       66     1         /var/folders/hw/r5t5ryts3r7fw374z_3h5bmw0000gp/T/shell-ece509.o:(.debug_loclists)
       0        0        0     1                 $d
       c        c        0     1                 .L0 
      66       66       fa     1         /var/folders/hw/r5t5ryts3r7fw374z_3h5bmw0000gp/T/user-e9acf0.o:(.debug_loclists)
      66       66        0     1                 $d
      72       72        0     1                 .L0 
     160      160      1e1     1         /var/folders/hw/r5t5ryts3r7fw374z_3h5bmw0000gp/T/common-434a3c.o:(.debug_loclists)
     160      160        0     1                 $d
     16c      16c        0     1                 .L0 
       0        0      3ac     1 .debug_abbrev
       0        0      109     1         /var/folders/hw/r5t5ryts3r7fw374z_3h5bmw0000gp/T/shell-ece509.o:(.debug_abbrev)
       0        0        0     1                 $d
     109      109      14c     1         /var/folders/hw/r5t5ryts3r7fw374z_3h5bmw0000gp/T/user-e9acf0.o:(.debug_abbrev)
     109      109        0     1                 $d
     255      255      157     1         /var/folders/hw/r5t5ryts3r7fw374z_3h5bmw0000gp/T/common-434a3c.o:(.debug_abbrev)
     255      255        0     1                 $d
       0        0      71b     1 .debug_info
       0        0      236     1         /var/folders/hw/r5t5ryts3r7fw374z_3h5bmw0000gp/T/shell-ece509.o:(.debug_info)
       0        0        0     1                 $d
     236      236      272     1         /var/folders/hw/r5t5ryts3r7fw374z_3h5bmw0000gp/T/user-e9acf0.o:(.debug_info)
     236      236        0     1                 $d
     4a8      4a8      273     1         /var/folders/hw/r5t5ryts3r7fw374z_3h5bmw0000gp/T/common-434a3c.o:(.debug_info)
     4a8      4a8        0     1                 $d
       0        0      168     1 .debug_str_offsets
       0        0       50     1         /var/folders/hw/r5t5ryts3r7fw374z_3h5bmw0000gp/T/shell-ece509.o:(.debug_str_offsets)
       0        0        0     1                 $d
       8        8        0     1                 .L0 
      50       50       6c     1         /var/folders/hw/r5t5ryts3r7fw374z_3h5bmw0000gp/T/user-e9acf0.o:(.debug_str_offsets)
      50       50        0     1                 $d
      58       58        0     1                 .L0 
      bc       bc       ac     1         /var/folders/hw/r5t5ryts3r7fw374z_3h5bmw0000gp/T/common-434a3c.o:(.debug_str_offsets)
      bc       bc        0     1                 $d
      c4       c4        0     1                 .L0 
       0        0      1cf     1 .debug_str
       0        0      1cf     1         <internal>:(.debug_str)
       0        0      11c     1 .debug_addr
       0        0       8c     1         /var/folders/hw/r5t5ryts3r7fw374z_3h5bmw0000gp/T/shell-ece509.o:(.debug_addr)
       0        0        0     1                 $d
       8        8        0     1                 .L0 
      8c       8c       24     1         /var/folders/hw/r5t5ryts3r7fw374z_3h5bmw0000gp/T/user-e9acf0.o:(.debug_addr)
      8c       8c        0     1                 $d
      94       94        0     1                 .L0 
      b0       b0       6c     1         /var/folders/hw/r5t5ryts3r7fw374z_3h5bmw0000gp/T/common-434a3c.o:(.debug_addr)
      b0       b0        0     1                 $d
      b8       b8        0     1                 .L0 
       0        0       3b     1 .comment
       0        0       3b     1         <internal>:(.comment)
       0        0       4e     1 .riscv.attributes
       0        0       4e     1         <internal>:(.riscv.attributes)
       0        0      180     4 .debug_frame
       0        0       44     4         /var/folders/hw/r5t5ryts3r7fw374z_3h5bmw0000gp/T/shell-ece509.o:(.debug_frame)
       0        0        0     1                 .L0 
       0        0        0     1                 $d
      44       44       84     4         /var/folders/hw/r5t5ryts3r7fw374z_3h5bmw0000gp/T/user-e9acf0.o:(.debug_frame)
      44       44        0     1                 .L0 
      44       44        0     1                 $d
      c8       c8       b8     4         /var/folders/hw/r5t5ryts3r7fw374z_3h5bmw0000gp/T/common-434a3c.o:(.debug_frame)
      c8       c8        0     1                 .L0 
      c8       c8        0     1                 $d
       0        0      5b1     1 .debug_line
       0        0      1a3     1         /var/folders/hw/r5t5ryts3r7fw374z_3h5bmw0000gp/T/shell-ece509.o:(.debug_line)
       0        0        0     1                 .Lline_table_start0
       0        0        0     1                 $d
     1a3      1a3       c5     1         /var/folders/hw/r5t5ryts3r7fw374z_3h5bmw0000gp/T/user-e9acf0.o:(.debug_line)
     1a3      1a3        0     1                 .Lline_table_start0
     1a3      1a3        0     1                 $d
     268      268      349     1         /var/folders/hw/r5t5ryts3r7fw374z_3h5bmw0000gp/T/common-434a3c.o:(.debug_line)
     268      268        0     1                 .Lline_table_start0
     268      268        0     1                 $d
       0        0       53     1 .debug_line_str
       0        0       53     1         <internal>:(.debug_line_str)
       0        0       32     1 .debug_rnglists
       0        0       17     1         /var/folders/hw/r5t5ryts3r7fw374z_3h5bmw0000gp/T/user-e9acf0.o:(.debug_rnglists)
       0        0        0     1                 $d
       c        c        0     1                 .L0 
      17       17       1b     1         /var/folders/hw/r5t5ryts3r7fw374z_3h5bmw0000gp/T/common-434a3c.o:(.debug_rnglists)
      17       17        0     1                 $d
      23       23        0     1                 .L0 
       0        0      3f0     4 .symtab
       0        0      3f0     4         <internal>:(.symtab)
       0        0       dc     1 .shstrtab
       0        0       dc     1         <internal>:(.shstrtab)
       0        0      118     1 .strtab
       0        0      118     1         <internal>:(.strtab)
