     VMA      LMA     Size Align Out     In      Symbol
       0        0  1000000     1 . = 0x1000000
 1000000  1000000      426     2 .text
 1000000  1000000        e     2         /var/folders/hw/r5t5ryts3r7fw374z_3h5bmw0000gp/T/user-aff5f3.o:(.text.start)
 1000000  1000000        0     1                 .L0 
 1000000  1000000        0     1                 .L0 
 1000000  1000000        0     1                 $x
 1000000  1000000        0     1                 .L0 
 1000000  1000000        e     1                 start
 100000e  100000e        0     1                 .L0 
 100000e  100000e        0     1                 .L0 
 100000e  100000e      140     2         /var/folders/hw/r5t5ryts3r7fw374z_3h5bmw0000gp/T/shell-ec2e3f.o:(.text)
 100000e  100000e        0     1                 .L0 
 100000e  100000e        0     1                 .L0 
 100000e  100000e        0     1                 $x
 100000e  100000e        0     1                 .L0 
 100000e  100000e      140     1                 main
 100002a  100002a        0     1                 .L0 
 1000078  1000078        0     1                 .L0 
 1000078  1000078        0     1                 .L0 
 1000078  1000078        0     1                 .L0 
 100007c  100007c        0     1                 .L0 
 100007c  100007c        0     1                 .L0 
 100007c  100007c        0     1                 .L0 
 1000080  1000080        0     1                 .L0 
 1000080  1000080        0     1                 .L0 
 1000082  1000082        0     1                 .L0 
 1000084  1000084        0     1                 .L0 
 100008a  100008a        0     1                 .L0 
 100008a  100008a        0     1                 .L0 
 1000092  1000092        0     1                 .L0 
 1000092  1000092        0     1                 .L0 
 1000096  1000096        0     1                 .L0 
 100009a  100009a        0     1                 .L0 
 100009e  100009e        0     1                 .L0 
 100009e  100009e        0     1                 .L0 
 10000a0  10000a0        0     1                 .L0 
 10000a2  10000a2        0     1                 .L0 
 10000a6  10000a6        0     1                 .L0 
 10000a8  10000a8        0     1                 .L0 
 10000a8  10000a8        0     1                 .L0 
 10000ac  10000ac        0     1                 .L0 
 10000b0  10000b0        0     1                 .L0 
 10000b4  10000b4        0     1                 .L0 
 10000b4  10000b4        0     1                 .L0 
 10000b6  10000b6        0     1                 .L0 
 10000b6  10000b6        0     1                 .L0 
 10000b6  10000b6        0     1                 .L0 
 10000ba  10000ba        0     1                 .L0 
 10000ba  10000ba        0     1                 .L0 
 10000be  10000be        0     1                 .L0 
 10000be  10000be        0     1                 .L0 
 10000c4  10000c4        0     1                 .L0 
 10000c4  10000c4        0     1                 .L0 
 10000c6  10000c6        0     1                 .L0 
 10000c6  10000c6        0     1                 .L0 
 10000cc  10000cc        0     1                 .L0 
 10000cc  10000cc        0     1                 .L0 
 10000ce  10000ce        0     1                 .L0 
 10000d4  10000d4        0     1                 .L0 
 10000d4  10000d4        0     1                 .L0 
 10000d6  10000d6        0     1                 .L0 
 10000dc  10000dc        0     1                 .L0 
 10000dc  10000dc        0     1                 .L0 
 10000de  10000de        0     1                 .L0 
 10000ea  10000ea        0     1                 .L0 
 10000ea  10000ea        0     1                 .L0 
 10000ec  10000ec        0     1                 .L0 
 10000f8  10000f8        0     1                 .L0 
 10000f8  10000f8        0     1                 .L0 
 10000fa  10000fa        0     1                 .L0 
 10000fa  10000fa        0     1                 .L0 
 10000fc  10000fc        0     1                 .L0 
 10000fe  10000fe        0     1                 .L0 
 10000fe  10000fe        0     1                 .L0 
 1000102  1000102        0     1                 .L0 
 1000102  1000102        0     1                 .L0 
 1000102  1000102        0     1                 .L0 
 1000104  1000104        0     1                 .L0 
 1000104  1000104        0     1                 .L0 
 1000118  1000118        0     1                 .L0 
 1000118  1000118        0     1                 .L0 
 1000128  1000128        0     1                 .L0 
 100012c  100012c        0     1                 .L0 
 1000132  1000132        0     1                 .L0 
 1000132  1000132        0     1                 .L0 
 1000134  1000134        0     1                 .L0 
 1000134  1000134        0     1                 .L0 
 1000134  1000134        0     1                 .L0 
 1000138  1000138        0     1                 .L0 
 100013e  100013e        0     1                 .L0 
 100013e  100013e        0     1                 .L0 
 1000140  1000140        0     1                 .L0 
 1000140  1000140        0     1                 .L0 
 1000140  1000140        0     1                 .L0 
 1000144  1000144        0     1                 .L0 
 100014a  100014a        0     1                 .L0 
 100014a  100014a        0     1                 .L0 
 100014c  100014c        0     1                 .L0 
 100014c  100014c        0     1                 .L0 
 100014c  100014c        0     1                 .L0 
 100014e  100014e        0     1                 .L0 
 100014e  100014e        0     1                 .L0 
 100014e  100014e        0     1                 .L0 
 100014e  100014e       62     2         /var/folders/hw/r5t5ryts3r7fw374z_3h5bmw0000gp/T/user-aff5f3.o:(.text)
 100014e  100014e        0     1                 .L0 
 100014e  100014e        0     1                 .L0 
 100014e  100014e        0     1                 $x
 100014e  100014e        0     1                 .L0 
 100014e  100014e       10     1                 syscall
 100015c  100015c        0     1                 .L0 
 100015e  100015e        0     1                 .L0 
 100015e  100015e        0     1                 .L0 
 100015e  100015e        0     1                 .L0 
 100015e  100015e        c     1                 putchar
 1000168  1000168        0     1                 .L0 
 100016a  100016a        0     1                 .L0 
 100016a  100016a        0     1                 .L0 
 100016a  100016a        0     1                 .L0 
 100016a  100016a        e     1                 getchar
 1000176  1000176        0     1                 .L0 
 1000178  1000178        0     1                 .L0 
 1000178  1000178        0     1                 .L0 
 1000178  1000178        0     1                 .L0 
 1000178  1000178        e     1                 exit
 1000184  1000184        0     1                 .L0 
 1000186  1000186        0     1                 .L0 
 1000186  1000186        0     1                 .L0 
 1000186  1000186        0     1                 .L0 
 1000186  1000186        e     1                 create_file
 1000192  1000192        0     1                 .L0 
 1000194  1000194        0     1                 .L0 
 1000194  1000194        0     1                 .L0 
 1000194  1000194        0     1                 .L0 
 1000194  1000194        e     1                 list_root_dir
 10001a0  10001a0        0     1                 .L0 
 10001a2  10001a2        0     1                 .L0 
 10001a2  10001a2        0     1                 .L0 
 10001a2  10001a2        0     1                 .L0 
 10001a2  10001a2        e     1                 concatenate
 10001b0  10001b0      276     2         /var/folders/hw/r5t5ryts3r7fw374z_3h5bmw0000gp/T/common-42218b.o:(.text)
 10001b0  10001b0        0     1                 .L0 
 10001b0  10001b0        0     1                 .L0 
 10001b0  10001b0        0     1                 $x
 10001b0  10001b0        0     1                 .L0 
 10001b0  10001b0      1a8     1                 printf
 10001cc  10001cc        0     1                 .L0 
 10001f6  10001f6        0     1                 .L0 
 1000206  1000206        0     1                 .L0 
 1000206  1000206        0     1                 .L0 
 100020a  100020a        0     1                 .L0 
 100020a  100020a        0     1                 .L0 
 100020c  100020c        0     1                 .L0 
 1000210  1000210        0     1                 .L0 
 1000218  1000218        0     1                 .L0 
 1000218  1000218        0     1                 .L0 
 100021a  100021a        0     1                 .L0 
 100021a  100021a        0     1                 .L0 
 100021c  100021c        0     1                 .L0 
 100021e  100021e        0     1                 .L0 
 100021e  100021e        0     1                 .L0 
 1000224  1000224        0     1                 .L0 
 1000234  1000234        0     1                 .L0 
 1000234  1000234        0     1                 .L0 
 1000240  1000240        0     1                 .L0 
 1000240  1000240        0     1                 .L0 
 1000244  1000244        0     1                 .L0 
 1000244  1000244        0     1                 .L0 
 1000246  1000246        0     1                 .L0 
 100024c  100024c        0     1                 .L0 
 100024c  100024c        0     1                 .L0 
 1000254  1000254        0     1                 .L0 
 1000254  1000254        0     1                 .L0 
 100025e  100025e        0     1                 .L0 
 100025e  100025e        0     1                 .L0 
 1000262  1000262        0     1                 .L0 
 1000262  1000262        0     1                 .L0 
 1000264  1000264        0     1                 .L0 
 1000268  1000268        0     1                 .L0 
 100026a  100026a        0     1                 .L0 
 100026a  100026a        0     1                 .L0 
 1000270  1000270        0     1                 .L0 
 1000270  1000270        0     1                 .L0 
 1000272  1000272        0     1                 .L0 
 1000276  1000276        0     1                 .L0 
 1000278  1000278        0     1                 .L0 
 1000278  1000278        0     1                 .L0 
 100027e  100027e        0     1                 .L0 
 100027e  100027e        0     1                 .L0 
 1000280  1000280        0     1                 .L0 
 1000284  1000284        0     1                 .L0 
 1000286  1000286        0     1                 .L0 
 1000286  1000286        0     1                 .L0 
 100028c  100028c        0     1                 .L0 
 100028c  100028c        0     1                 .L0 
 100028e  100028e        0     1                 .L0 
 1000292  1000292        0     1                 .L0 
 1000294  1000294        0     1                 .L0 
 1000294  1000294        0     1                 .L0 
 100029a  100029a        0     1                 .L0 
 100029a  100029a        0     1                 .L0 
 100029c  100029c        0     1                 .L0 
 10002a0  10002a0        0     1                 .L0 
 10002a2  10002a2        0     1                 .L0 
 10002a2  10002a2        0     1                 .L0 
 10002a8  10002a8        0     1                 .L0 
 10002a8  10002a8        0     1                 .L0 
 10002aa  10002aa        0     1                 .L0 
 10002ae  10002ae        0     1                 .L0 
 10002b0  10002b0        0     1                 .L0 
 10002b0  10002b0        0     1                 .L0 
 10002b6  10002b6        0     1                 .L0 
 10002b6  10002b6        0     1                 .L0 
 10002b8  10002b8        0     1                 .L0 
 10002bc  10002bc        0     1                 .L0 
 10002be  10002be        0     1                 .L0 
 10002be  10002be        0     1                 .L0 
 10002c0  10002c0        0     1                 .L0 
 10002c0  10002c0        0     1                 .L0 
 10002c2  10002c2        0     1                 .L0 
 10002c6  10002c6        0     1                 .L0 
 10002c6  10002c6        0     1                 .L0 
 10002c8  10002c8        0     1                 .L0 
 10002c8  10002c8        0     1                 .L0 
 10002ca  10002ca        0     1                 .L0 
 10002cc  10002cc        0     1                 .L0 
 10002cc  10002cc        0     1                 .L0 
 10002cc  10002cc        0     1                 .L0 
 10002d6  10002d6        0     1                 .L0 
 10002da  10002da        0     1                 .L0 
 10002e0  10002e0        0     1                 .L0 
 10002e0  10002e0        0     1                 .L0 
 10002e0  10002e0        0     1                 .L0 
 10002e6  10002e6        0     1                 .L0 
 10002e6  10002e6        0     1                 .L0 
 10002ea  10002ea        0     1                 .L0 
 10002ec  10002ec        0     1                 .L0 
 10002f0  10002f0        0     1                 .L0 
 10002f0  10002f0        0     1                 .L0 
 10002f0  10002f0        0     1                 .L0 
 10002f6  10002f6        0     1                 .L0 
 10002f6  10002f6        0     1                 .L0 
 10002fa  10002fa        0     1                 .L0 
 10002fc  10002fc        0     1                 .L0 
 1000300  1000300        0     1                 .L0 
 1000300  1000300        0     1                 .L0 
 1000300  1000300        0     1                 .L0 
 1000306  1000306        0     1                 .L0 
 1000308  1000308        0     1                 .L0 
 100030c  100030c        0     1                 .L0 
 1000310  1000310        0     1                 .L0 
 1000310  1000310        0     1                 .L0 
 1000310  1000310        0     1                 .L0 
 1000312  1000312        0     1                 .L0 
 1000312  1000312        0     1                 .L0 
 1000316  1000316        0     1                 .L0 
 100031a  100031a        0     1                 .L0 
 1000320  1000320        0     1                 .L0 
 1000320  1000320        0     1                 .L0 
 100032e  100032e        0     1                 .L0 
 100032e  100032e        0     1                 .L0 
 1000334  1000334        0     1                 .L0 
 1000334  1000334        0     1                 .L0 
 1000334  1000334        0     1                 .L0 
 100033a  100033a        0     1                 .L0 
 100033a  100033a        0     1                 .L0 
 100033a  100033a        0     1                 .L0 
 100033e  100033e        0     1                 .L0 
 1000354  1000354        0     1                 .L0 
 1000358  1000358        0     1                 .L0 
 1000358  1000358        0     1                 .L0 
 1000358  1000358        0     1                 .L0 
 1000358  1000358        0     1                 .L0 
 1000358  1000358        0     1                 .L0 
 1000358  1000358       1c     1                 memcpy
 100035c  100035c        0     1                 .L0 
 100035c  100035c        0     1                 .L0 
 100035e  100035e        0     1                 .L0 
 1000368  1000368        0     1                 .L0 
 100036e  100036e        0     1                 .L0 
 100036e  100036e        0     1                 .L0 
 1000372  1000372        0     1                 .L0 
 1000372  1000372        0     1                 .L0 
 1000374  1000374        0     1                 .L0 
 1000374  1000374        0     1                 .L0 
 1000374  1000374        0     1                 .L0 
 1000374  1000374       16     1                 memset
 1000378  1000378        0     1                 .L0 
 1000378  1000378        0     1                 .L0 
 100037a  100037a        0     1                 .L0 
 100037e  100037e        0     1                 .L0 
 1000384  1000384        0     1                 .L0 
 1000384  1000384        0     1                 .L0 
 1000388  1000388        0     1                 .L0 
 1000388  1000388        0     1                 .L0 
 100038a  100038a        0     1                 .L0 
 100038a  100038a        0     1                 .L0 
 100038a  100038a        0     1                 .L0 
 100038a  100038a       24     1                 strcpy
 1000390  1000390        0     1                 .L0 
 1000394  1000394        0     1                 .L0 
 1000394  1000394        0     1                 .L0 
 1000396  1000396        0     1                 .L0 
 10003a2  10003a2        0     1                 .L0 
 10003a4  10003a4        0     1                 .L0 
 10003a6  10003a6        0     1                 .L0 
 10003a8  10003a8        0     1                 .L0 
 10003a8  10003a8        0     1                 .L0 
 10003ac  10003ac        0     1                 .L0 
 10003ae  10003ae        0     1                 .L0 
 10003ae  10003ae        0     1                 .L0 
 10003ae  10003ae        0     1                 .L0 
 10003ae  10003ae       24     1                 strcmp
 10003b2  10003b2        0     1                 .L0 
 10003b4  10003b4        0     1                 .L0 
 10003b6  10003b6        0     1                 .L0 
 10003ba  10003ba        0     1                 .L0 
 10003be  10003be        0     1                 .L0 
 10003be  10003be        0     1                 .L0 
 10003c4  10003c4        0     1                 .L0 
 10003c6  10003c6        0     1                 .L0 
 10003c8  10003c8        0     1                 .L0 
 10003d0  10003d0        0     1                 .L0 
 10003d2  10003d2        0     1                 .L0 
 10003d2  10003d2        0     1                 .L0 
 10003d2  10003d2        0     1                 .L0 
 10003d2  10003d2       22     1                 strncmp
 10003d4  10003d4        0     1                 .L0 
 10003d4  10003d4        0     1                 .L0 
 10003dc  10003dc        0     1                 .L0 
 10003dc  10003dc        0     1                 .L0 
 10003e2  10003e2        0     1                 .L0 
 10003e2  10003e2        0     1                 .L0 
 10003e8  10003e8        0     1                 .L0 
 10003ea  10003ea        0     1                 .L0 
 10003ea  10003ea        0     1                 .L0 
 10003ee  10003ee        0     1                 .L0 
 10003f2  10003f2        0     1                 .L0 
 10003f2  10003f2        0     1                 .L0 
 10003f4  10003f4        0     1                 .L0 
 10003f4  10003f4        0     1                 .L0 
 10003f4  10003f4        0     1                 .L0 
 10003f4  10003f4        0     1                 .L0 
 10003f4  10003f4        a     1                 srand
 10003fc  10003fc        0     1                 .L0 
 10003fe  10003fe        0     1                 .L0 
 10003fe  10003fe        0     1                 .L0 
 10003fe  10003fe        0     1                 .L0 
 10003fe  10003fe        0     1                 .L0 
 10003fe  10003fe        0     1                 .L0 
 10003fe  10003fe       28     1                 rand
 100040e  100040e        0     1                 .L0 
 1000418  1000418        0     1                 .L0 
 100041a  100041a        0     1                 .L0 
 1000420  1000420        0     1                 .L0 
 1000424  1000424        0     1                 .L0 
 1000426  1000426        0     1                 .L0 
 1000426  1000426        0     1                 .L0 
 1000428  1000428      1a2     4 .rodata
 1000428  1000428      1a2     1         <internal>:(.rodata.str1.1)
 10005cc  10005cc        4     4 .data
 10005cc  10005cc        4     4         /var/folders/hw/r5t5ryts3r7fw374z_3h5bmw0000gp/T/common-42218b.o:(.data)
 10005cc  10005cc        4     1                 next
 10005cc  10005cc        0     1                 $d
 10005d0  10005d0    10000     4 .bss
 10005d0  10005d0        0     1         . = ALIGN(16)
 10005d0  10005d0    10000     1         . += 64 * 1024
 10105d0  10105d0        0     1         __stack_top = .
 10105d0  10105d0        0     1         
       0        0      39e     1 .debug_loclists
       0        0       66     1         /var/folders/hw/r5t5ryts3r7fw374z_3h5bmw0000gp/T/shell-ec2e3f.o:(.debug_loclists)
       0        0        0     1                 $d
       c        c        0     1                 .L0 
      66       66      114     1         /var/folders/hw/r5t5ryts3r7fw374z_3h5bmw0000gp/T/user-aff5f3.o:(.debug_loclists)
      66       66        0     1                 $d
      72       72        0     1                 .L0 
     17a      17a      224     1         /var/folders/hw/r5t5ryts3r7fw374z_3h5bmw0000gp/T/common-42218b.o:(.debug_loclists)
     17a      17a        0     1                 $d
     186      186        0     1                 .L0 
       0        0      3ac     1 .debug_abbrev
       0        0      109     1         /var/folders/hw/r5t5ryts3r7fw374z_3h5bmw0000gp/T/shell-ec2e3f.o:(.debug_abbrev)
       0        0        0     1                 $d
     109      109      14c     1         /var/folders/hw/r5t5ryts3r7fw374z_3h5bmw0000gp/T/user-aff5f3.o:(.debug_abbrev)
     109      109        0     1                 $d
     255      255      157     1         /var/folders/hw/r5t5ryts3r7fw374z_3h5bmw0000gp/T/common-42218b.o:(.debug_abbrev)
     255      255        0     1                 $d
       0        0      7d7     1 .debug_info
       0        0      252     1         /var/folders/hw/r5t5ryts3r7fw374z_3h5bmw0000gp/T/shell-ec2e3f.o:(.debug_info)
       0        0        0     1                 $d
     252      252      2db     1         /var/folders/hw/r5t5ryts3r7fw374z_3h5bmw0000gp/T/user-aff5f3.o:(.debug_info)
     252      252        0     1                 $d
     52d      52d      2aa     1         /var/folders/hw/r5t5ryts3r7fw374z_3h5bmw0000gp/T/common-42218b.o:(.debug_info)
     52d      52d        0     1                 $d
       0        0      17c     1 .debug_str_offsets
       0        0       50     1         /var/folders/hw/r5t5ryts3r7fw374z_3h5bmw0000gp/T/shell-ec2e3f.o:(.debug_str_offsets)
       0        0        0     1                 $d
       8        8        0     1                 .L0 
      50       50       7c     1         /var/folders/hw/r5t5ryts3r7fw374z_3h5bmw0000gp/T/user-aff5f3.o:(.debug_str_offsets)
      50       50        0     1                 $d
      58       58        0     1                 .L0 
      cc       cc       b0     1         /var/folders/hw/r5t5ryts3r7fw374z_3h5bmw0000gp/T/common-42218b.o:(.debug_str_offsets)
      cc       cc        0     1                 $d
      d4       d4        0     1                 .L0 
       0        0      1ec     1 .debug_str
       0        0      1ec     1         <internal>:(.debug_str)
       0        0      12c     1 .debug_addr
       0        0       94     1         /var/folders/hw/r5t5ryts3r7fw374z_3h5bmw0000gp/T/shell-ec2e3f.o:(.debug_addr)
       0        0        0     1                 $d
       8        8        0     1                 .L0 
      94       94       28     1         /var/folders/hw/r5t5ryts3r7fw374z_3h5bmw0000gp/T/user-aff5f3.o:(.debug_addr)
      94       94        0     1                 $d
      9c       9c        0     1                 .L0 
      bc       bc       70     1         /var/folders/hw/r5t5ryts3r7fw374z_3h5bmw0000gp/T/common-42218b.o:(.debug_addr)
      bc       bc        0     1                 $d
      c4       c4        0     1                 .L0 
       0        0       3b     1 .comment
       0        0       3b     1         <internal>:(.comment)
       0        0       4e     1 .riscv.attributes
       0        0       4e     1         <internal>:(.riscv.attributes)
       0        0      1a0     4 .debug_frame
       0        0       44     4         /var/folders/hw/r5t5ryts3r7fw374z_3h5bmw0000gp/T/shell-ec2e3f.o:(.debug_frame)
       0        0        0     1                 .L0 
       0        0        0     1                 $d
      44       44       94     4         /var/folders/hw/r5t5ryts3r7fw374z_3h5bmw0000gp/T/user-aff5f3.o:(.debug_frame)
      44       44        0     1                 .L0 
      44       44        0     1                 $d
      d8       d8       c8     4         /var/folders/hw/r5t5ryts3r7fw374z_3h5bmw0000gp/T/common-42218b.o:(.debug_frame)
      d8       d8        0     1                 .L0 
      d8       d8        0     1                 $d
       0        0      618     1 .debug_line
       0        0      1c5     1         /var/folders/hw/r5t5ryts3r7fw374z_3h5bmw0000gp/T/shell-ec2e3f.o:(.debug_line)
       0        0        0     1                 .Lline_table_start0
       0        0        0     1                 $d
     1c5      1c5       d3     1         /var/folders/hw/r5t5ryts3r7fw374z_3h5bmw0000gp/T/user-aff5f3.o:(.debug_line)
     1c5      1c5        0     1                 .Lline_table_start0
     1c5      1c5        0     1                 $d
     298      298      380     1         /var/folders/hw/r5t5ryts3r7fw374z_3h5bmw0000gp/T/common-42218b.o:(.debug_line)
     298      298        0     1                 .Lline_table_start0
     298      298        0     1                 $d
       0        0       5f     1 .debug_line_str
       0        0       5f     1         <internal>:(.debug_line_str)
       0        0       41     1 .debug_rnglists
       0        0       17     1         /var/folders/hw/r5t5ryts3r7fw374z_3h5bmw0000gp/T/user-aff5f3.o:(.debug_rnglists)
       0        0        0     1                 $d
       c        c        0     1                 .L0 
      17       17       2a     1         /var/folders/hw/r5t5ryts3r7fw374z_3h5bmw0000gp/T/common-42218b.o:(.debug_rnglists)
      17       17        0     1                 $d
      23       23        0     1                 .L0 
       0        0      410     4 .symtab
       0        0      410     4         <internal>:(.symtab)
       0        0       dc     1 .shstrtab
       0        0       dc     1         <internal>:(.shstrtab)
       0        0      12c     1 .strtab
       0        0      12c     1         <internal>:(.strtab)
