     VMA      LMA     Size Align Out     In      Symbol
       0        0  1000000     1 . = 0x1000000
 1000000  1000000      3ae     2 .text
 1000000  1000000        e     2         /var/folders/hw/r5t5ryts3r7fw374z_3h5bmw0000gp/T/user-834efa.o:(.text.start)
 1000000  1000000        0     1                 .L0 
 1000000  1000000        0     1                 .L0 
 1000000  1000000        0     1                 $x
 1000000  1000000        0     1                 .L0 
 1000000  1000000        e     1                 start
 100000e  100000e        0     1                 .L0 
 100000e  100000e        0     1                 .L0 
 100000e  100000e      114     2         /var/folders/hw/r5t5ryts3r7fw374z_3h5bmw0000gp/T/shell-cca2eb.o:(.text)
 100000e  100000e        0     1                 .L0 
 100000e  100000e        0     1                 .L0 
 100000e  100000e        0     1                 $x
 100000e  100000e        0     1                 .L0 
 100000e  100000e      114     1                 main
 100002a  100002a        0     1                 .L0 
 100006e  100006e        0     1                 .L0 
 100006e  100006e        0     1                 .L0 
 100006e  100006e        0     1                 .L0 
 1000078  1000078        0     1                 .L0 
 1000078  1000078        0     1                 .L0 
 1000078  1000078        0     1                 .L0 
 100007c  100007c        0     1                 .L0 
 100007c  100007c        0     1                 .L0 
 100007e  100007e        0     1                 .L0 
 1000080  1000080        0     1                 .L0 
 1000086  1000086        0     1                 .L0 
 1000086  1000086        0     1                 .L0 
 100008e  100008e        0     1                 .L0 
 100008e  100008e        0     1                 .L0 
 1000092  1000092        0     1                 .L0 
 1000096  1000096        0     1                 .L0 
 100009a  100009a        0     1                 .L0 
 100009a  100009a        0     1                 .L0 
 100009c  100009c        0     1                 .L0 
 100009e  100009e        0     1                 .L0 
 10000a2  10000a2        0     1                 .L0 
 10000a4  10000a4        0     1                 .L0 
 10000a4  10000a4        0     1                 .L0 
 10000a8  10000a8        0     1                 .L0 
 10000ac  10000ac        0     1                 .L0 
 10000b0  10000b0        0     1                 .L0 
 10000b0  10000b0        0     1                 .L0 
 10000b2  10000b2        0     1                 .L0 
 10000b2  10000b2        0     1                 .L0 
 10000b2  10000b2        0     1                 .L0 
 10000b6  10000b6        0     1                 .L0 
 10000b6  10000b6        0     1                 .L0 
 10000ba  10000ba        0     1                 .L0 
 10000ba  10000ba        0     1                 .L0 
 10000c0  10000c0        0     1                 .L0 
 10000c0  10000c0        0     1                 .L0 
 10000c2  10000c2        0     1                 .L0 
 10000c2  10000c2        0     1                 .L0 
 10000c8  10000c8        0     1                 .L0 
 10000c8  10000c8        0     1                 .L0 
 10000ca  10000ca        0     1                 .L0 
 10000d0  10000d0        0     1                 .L0 
 10000d0  10000d0        0     1                 .L0 
 10000d2  10000d2        0     1                 .L0 
 10000d8  10000d8        0     1                 .L0 
 10000d8  10000d8        0     1                 .L0 
 10000da  10000da        0     1                 .L0 
 10000da  10000da        0     1                 .L0 
 10000da  10000da        0     1                 .L0 
 10000dc  10000dc        0     1                 .L0 
 10000dc  10000dc        0     1                 .L0 
 10000ee  10000ee        0     1                 .L0 
 10000ee  10000ee        0     1                 .L0 
 10000fc  10000fc        0     1                 .L0 
 1000100  1000100        0     1                 .L0 
 1000106  1000106        0     1                 .L0 
 1000106  1000106        0     1                 .L0 
 1000108  1000108        0     1                 .L0 
 1000108  1000108        0     1                 .L0 
 1000108  1000108        0     1                 .L0 
 100010c  100010c        0     1                 .L0 
 1000112  1000112        0     1                 .L0 
 1000112  1000112        0     1                 .L0 
 1000114  1000114        0     1                 .L0 
 1000114  1000114        0     1                 .L0 
 1000114  1000114        0     1                 .L0 
 1000118  1000118        0     1                 .L0 
 100011e  100011e        0     1                 .L0 
 100011e  100011e        0     1                 .L0 
 1000120  1000120        0     1                 .L0 
 1000120  1000120        0     1                 .L0 
 1000120  1000120        0     1                 .L0 
 1000122  1000122        0     1                 .L0 
 1000122  1000122        0     1                 .L0 
 1000122  1000122        0     1                 .L0 
 1000122  1000122       38     2         /var/folders/hw/r5t5ryts3r7fw374z_3h5bmw0000gp/T/user-834efa.o:(.text)
 1000122  1000122        0     1                 .L0 
 1000122  1000122        0     1                 .L0 
 1000122  1000122        0     1                 $x
 1000122  1000122        0     1                 .L0 
 1000122  1000122       10     1                 syscall
 1000130  1000130        0     1                 .L0 
 1000132  1000132        0     1                 .L0 
 1000132  1000132        0     1                 .L0 
 1000132  1000132        0     1                 .L0 
 1000132  1000132        c     1                 putchar
 100013c  100013c        0     1                 .L0 
 100013e  100013e        0     1                 .L0 
 100013e  100013e        0     1                 .L0 
 100013e  100013e        0     1                 .L0 
 100013e  100013e        e     1                 getchar
 100014a  100014a        0     1                 .L0 
 100014c  100014c        0     1                 .L0 
 100014c  100014c        0     1                 .L0 
 100014c  100014c        0     1                 .L0 
 100014c  100014c        e     1                 exit
 1000158  1000158        0     1                 .L0 
 100015a  100015a        0     1                 .L0 
 100015a  100015a      254     2         /var/folders/hw/r5t5ryts3r7fw374z_3h5bmw0000gp/T/common-a210b9.o:(.text)
 100015a  100015a        0     1                 .L0 
 100015a  100015a        0     1                 .L0 
 100015a  100015a        0     1                 $x
 100015a  100015a        0     1                 .L0 
 100015a  100015a      1a8     1                 printf
 1000176  1000176        0     1                 .L0 
 10001a0  10001a0        0     1                 .L0 
 10001b0  10001b0        0     1                 .L0 
 10001b0  10001b0        0     1                 .L0 
 10001b4  10001b4        0     1                 .L0 
 10001b4  10001b4        0     1                 .L0 
 10001b6  10001b6        0     1                 .L0 
 10001ba  10001ba        0     1                 .L0 
 10001c2  10001c2        0     1                 .L0 
 10001c2  10001c2        0     1                 .L0 
 10001c4  10001c4        0     1                 .L0 
 10001c4  10001c4        0     1                 .L0 
 10001c6  10001c6        0     1                 .L0 
 10001c8  10001c8        0     1                 .L0 
 10001c8  10001c8        0     1                 .L0 
 10001ce  10001ce        0     1                 .L0 
 10001de  10001de        0     1                 .L0 
 10001de  10001de        0     1                 .L0 
 10001ea  10001ea        0     1                 .L0 
 10001ea  10001ea        0     1                 .L0 
 10001ee  10001ee        0     1                 .L0 
 10001ee  10001ee        0     1                 .L0 
 10001f0  10001f0        0     1                 .L0 
 10001f6  10001f6        0     1                 .L0 
 10001f6  10001f6        0     1                 .L0 
 10001fe  10001fe        0     1                 .L0 
 10001fe  10001fe        0     1                 .L0 
 1000208  1000208        0     1                 .L0 
 1000208  1000208        0     1                 .L0 
 100020c  100020c        0     1                 .L0 
 100020c  100020c        0     1                 .L0 
 100020e  100020e        0     1                 .L0 
 1000212  1000212        0     1                 .L0 
 1000214  1000214        0     1                 .L0 
 1000214  1000214        0     1                 .L0 
 100021a  100021a        0     1                 .L0 
 100021a  100021a        0     1                 .L0 
 100021c  100021c        0     1                 .L0 
 1000220  1000220        0     1                 .L0 
 1000222  1000222        0     1                 .L0 
 1000222  1000222        0     1                 .L0 
 1000228  1000228        0     1                 .L0 
 1000228  1000228        0     1                 .L0 
 100022a  100022a        0     1                 .L0 
 100022e  100022e        0     1                 .L0 
 1000230  1000230        0     1                 .L0 
 1000230  1000230        0     1                 .L0 
 1000236  1000236        0     1                 .L0 
 1000236  1000236        0     1                 .L0 
 1000238  1000238        0     1                 .L0 
 100023c  100023c        0     1                 .L0 
 100023e  100023e        0     1                 .L0 
 100023e  100023e        0     1                 .L0 
 1000244  1000244        0     1                 .L0 
 1000244  1000244        0     1                 .L0 
 1000246  1000246        0     1                 .L0 
 100024a  100024a        0     1                 .L0 
 100024c  100024c        0     1                 .L0 
 100024c  100024c        0     1                 .L0 
 1000252  1000252        0     1                 .L0 
 1000252  1000252        0     1                 .L0 
 1000254  1000254        0     1                 .L0 
 1000258  1000258        0     1                 .L0 
 100025a  100025a        0     1                 .L0 
 100025a  100025a        0     1                 .L0 
 1000260  1000260        0     1                 .L0 
 1000260  1000260        0     1                 .L0 
 1000262  1000262        0     1                 .L0 
 1000266  1000266        0     1                 .L0 
 1000268  1000268        0     1                 .L0 
 1000268  1000268        0     1                 .L0 
 100026a  100026a        0     1                 .L0 
 100026a  100026a        0     1                 .L0 
 100026c  100026c        0     1                 .L0 
 1000270  1000270        0     1                 .L0 
 1000270  1000270        0     1                 .L0 
 1000272  1000272        0     1                 .L0 
 1000272  1000272        0     1                 .L0 
 1000274  1000274        0     1                 .L0 
 1000276  1000276        0     1                 .L0 
 1000276  1000276        0     1                 .L0 
 1000276  1000276        0     1                 .L0 
 1000280  1000280        0     1                 .L0 
 1000284  1000284        0     1                 .L0 
 100028a  100028a        0     1                 .L0 
 100028a  100028a        0     1                 .L0 
 100028a  100028a        0     1                 .L0 
 1000290  1000290        0     1                 .L0 
 1000290  1000290        0     1                 .L0 
 1000294  1000294        0     1                 .L0 
 1000296  1000296        0     1                 .L0 
 100029a  100029a        0     1                 .L0 
 100029a  100029a        0     1                 .L0 
 100029a  100029a        0     1                 .L0 
 10002a0  10002a0        0     1                 .L0 
 10002a0  10002a0        0     1                 .L0 
 10002a4  10002a4        0     1                 .L0 
 10002a6  10002a6        0     1                 .L0 
 10002aa  10002aa        0     1                 .L0 
 10002aa  10002aa        0     1                 .L0 
 10002aa  10002aa        0     1                 .L0 
 10002b0  10002b0        0     1                 .L0 
 10002b2  10002b2        0     1                 .L0 
 10002b6  10002b6        0     1                 .L0 
 10002ba  10002ba        0     1                 .L0 
 10002ba  10002ba        0     1                 .L0 
 10002ba  10002ba        0     1                 .L0 
 10002bc  10002bc        0     1                 .L0 
 10002bc  10002bc        0     1                 .L0 
 10002c0  10002c0        0     1                 .L0 
 10002c4  10002c4        0     1                 .L0 
 10002ca  10002ca        0     1                 .L0 
 10002ca  10002ca        0     1                 .L0 
 10002d8  10002d8        0     1                 .L0 
 10002d8  10002d8        0     1                 .L0 
 10002de  10002de        0     1                 .L0 
 10002de  10002de        0     1                 .L0 
 10002de  10002de        0     1                 .L0 
 10002e4  10002e4        0     1                 .L0 
 10002e4  10002e4        0     1                 .L0 
 10002e4  10002e4        0     1                 .L0 
 10002e8  10002e8        0     1                 .L0 
 10002fe  10002fe        0     1                 .L0 
 1000302  1000302        0     1                 .L0 
 1000302  1000302        0     1                 .L0 
 1000302  1000302        0     1                 .L0 
 1000302  1000302        0     1                 .L0 
 1000302  1000302        0     1                 .L0 
 1000302  1000302       1c     1                 memcpy
 1000306  1000306        0     1                 .L0 
 1000306  1000306        0     1                 .L0 
 1000308  1000308        0     1                 .L0 
 1000312  1000312        0     1                 .L0 
 1000318  1000318        0     1                 .L0 
 1000318  1000318        0     1                 .L0 
 100031c  100031c        0     1                 .L0 
 100031c  100031c        0     1                 .L0 
 100031e  100031e        0     1                 .L0 
 100031e  100031e        0     1                 .L0 
 100031e  100031e        0     1                 .L0 
 100031e  100031e       16     1                 memset
 1000322  1000322        0     1                 .L0 
 1000322  1000322        0     1                 .L0 
 1000324  1000324        0     1                 .L0 
 1000328  1000328        0     1                 .L0 
 100032e  100032e        0     1                 .L0 
 100032e  100032e        0     1                 .L0 
 1000332  1000332        0     1                 .L0 
 1000332  1000332        0     1                 .L0 
 1000334  1000334        0     1                 .L0 
 1000334  1000334        0     1                 .L0 
 1000334  1000334        0     1                 .L0 
 1000334  1000334       24     1                 strcpy
 100033a  100033a        0     1                 .L0 
 100033e  100033e        0     1                 .L0 
 100033e  100033e        0     1                 .L0 
 1000340  1000340        0     1                 .L0 
 100034c  100034c        0     1                 .L0 
 100034e  100034e        0     1                 .L0 
 1000350  1000350        0     1                 .L0 
 1000352  1000352        0     1                 .L0 
 1000352  1000352        0     1                 .L0 
 1000356  1000356        0     1                 .L0 
 1000358  1000358        0     1                 .L0 
 1000358  1000358        0     1                 .L0 
 1000358  1000358        0     1                 .L0 
 1000358  1000358       24     1                 strcmp
 100035c  100035c        0     1                 .L0 
 100035e  100035e        0     1                 .L0 
 1000360  1000360        0     1                 .L0 
 1000364  1000364        0     1                 .L0 
 1000368  1000368        0     1                 .L0 
 1000368  1000368        0     1                 .L0 
 100036e  100036e        0     1                 .L0 
 1000370  1000370        0     1                 .L0 
 1000372  1000372        0     1                 .L0 
 100037a  100037a        0     1                 .L0 
 100037c  100037c        0     1                 .L0 
 100037c  100037c        0     1                 .L0 
 100037c  100037c        0     1                 .L0 
 100037c  100037c        a     1                 srand
 1000384  1000384        0     1                 .L0 
 1000386  1000386        0     1                 .L0 
 1000386  1000386        0     1                 .L0 
 1000386  1000386        0     1                 .L0 
 1000386  1000386        0     1                 .L0 
 1000386  1000386        0     1                 .L0 
 1000386  1000386       28     1                 rand
 1000396  1000396        0     1                 .L0 
 10003a0  10003a0        0     1                 .L0 
 10003a2  10003a2        0     1                 .L0 
 10003a8  10003a8        0     1                 .L0 
 10003ac  10003ac        0     1                 .L0 
 10003ae  10003ae        0     1                 .L0 
 10003ae  10003ae        0     1                 .L0 
 10003b0  10003b0      19b     4 .rodata
 10003b0  10003b0      19b     1         <internal>:(.rodata.str1.1)
 100054c  100054c        4     4 .data
 100054c  100054c        4     4         /var/folders/hw/r5t5ryts3r7fw374z_3h5bmw0000gp/T/common-a210b9.o:(.data)
 100054c  100054c        4     1                 next
 100054c  100054c        0     1                 $d
 1000550  1000550    10000     4 .bss
 1000550  1000550        0     1         . = ALIGN(16)
 1000550  1000550    10000     1         . += 64 * 1024
 1010550  1010550        0     1         __stack_top = .
 1010550  1010550        0     1         
       0        0      30d     1 .debug_loclists
       0        0       66     1         /var/folders/hw/r5t5ryts3r7fw374z_3h5bmw0000gp/T/shell-cca2eb.o:(.debug_loclists)
       0        0        0     1                 $d
       c        c        0     1                 .L0 
      66       66       c6     1         /var/folders/hw/r5t5ryts3r7fw374z_3h5bmw0000gp/T/user-834efa.o:(.debug_loclists)
      66       66        0     1                 $d
      72       72        0     1                 .L0 
     12c      12c      1e1     1         /var/folders/hw/r5t5ryts3r7fw374z_3h5bmw0000gp/T/common-a210b9.o:(.debug_loclists)
     12c      12c        0     1                 $d
     138      138        0     1                 .L0 
       0        0      37c     1 .debug_abbrev
       0        0      109     1         /var/folders/hw/r5t5ryts3r7fw374z_3h5bmw0000gp/T/shell-cca2eb.o:(.debug_abbrev)
       0        0        0     1                 $d
     109      109      11c     1         /var/folders/hw/r5t5ryts3r7fw374z_3h5bmw0000gp/T/user-834efa.o:(.debug_abbrev)
     109      109        0     1                 $d
     225      225      157     1         /var/folders/hw/r5t5ryts3r7fw374z_3h5bmw0000gp/T/common-a210b9.o:(.debug_abbrev)
     225      225        0     1                 $d
       0        0      64b     1 .debug_info
       0        0      226     1         /var/folders/hw/r5t5ryts3r7fw374z_3h5bmw0000gp/T/shell-cca2eb.o:(.debug_info)
       0        0        0     1                 $d
     226      226      1b2     1         /var/folders/hw/r5t5ryts3r7fw374z_3h5bmw0000gp/T/user-834efa.o:(.debug_info)
     226      226        0     1                 $d
     3d8      3d8      273     1         /var/folders/hw/r5t5ryts3r7fw374z_3h5bmw0000gp/T/common-a210b9.o:(.debug_info)
     3d8      3d8        0     1                 $d
       0        0      150     1 .debug_str_offsets
       0        0       50     1         /var/folders/hw/r5t5ryts3r7fw374z_3h5bmw0000gp/T/shell-cca2eb.o:(.debug_str_offsets)
       0        0        0     1                 $d
       8        8        0     1                 .L0 
      50       50       54     1         /var/folders/hw/r5t5ryts3r7fw374z_3h5bmw0000gp/T/user-834efa.o:(.debug_str_offsets)
      50       50        0     1                 $d
      58       58        0     1                 .L0 
      a4       a4       ac     1         /var/folders/hw/r5t5ryts3r7fw374z_3h5bmw0000gp/T/common-a210b9.o:(.debug_str_offsets)
      a4       a4        0     1                 $d
      ac       ac        0     1                 .L0 
       0        0      1ab     1 .debug_str
       0        0      1ab     1         <internal>:(.debug_str)
       0        0      10c     1 .debug_addr
       0        0       84     1         /var/folders/hw/r5t5ryts3r7fw374z_3h5bmw0000gp/T/shell-cca2eb.o:(.debug_addr)
       0        0        0     1                 $d
       8        8        0     1                 .L0 
      84       84       1c     1         /var/folders/hw/r5t5ryts3r7fw374z_3h5bmw0000gp/T/user-834efa.o:(.debug_addr)
      84       84        0     1                 $d
      8c       8c        0     1                 .L0 
      a0       a0       6c     1         /var/folders/hw/r5t5ryts3r7fw374z_3h5bmw0000gp/T/common-a210b9.o:(.debug_addr)
      a0       a0        0     1                 $d
      a8       a8        0     1                 .L0 
       0        0       3b     1 .comment
       0        0       3b     1         <internal>:(.comment)
       0        0       4e     1 .riscv.attributes
       0        0       4e     1         <internal>:(.riscv.attributes)
       0        0      160     4 .debug_frame
       0        0       44     4         /var/folders/hw/r5t5ryts3r7fw374z_3h5bmw0000gp/T/shell-cca2eb.o:(.debug_frame)
       0        0        0     1                 .L0 
       0        0        0     1                 $d
      44       44       64     4         /var/folders/hw/r5t5ryts3r7fw374z_3h5bmw0000gp/T/user-834efa.o:(.debug_frame)
      44       44        0     1                 .L0 
      44       44        0     1                 $d
      a8       a8       b8     4         /var/folders/hw/r5t5ryts3r7fw374z_3h5bmw0000gp/T/common-a210b9.o:(.debug_frame)
      a8       a8        0     1                 .L0 
      a8       a8        0     1                 $d
       0        0      562     1 .debug_line
       0        0      188     1         /var/folders/hw/r5t5ryts3r7fw374z_3h5bmw0000gp/T/shell-cca2eb.o:(.debug_line)
       0        0        0     1                 .Lline_table_start0
       0        0        0     1                 $d
     188      188       91     1         /var/folders/hw/r5t5ryts3r7fw374z_3h5bmw0000gp/T/user-834efa.o:(.debug_line)
     188      188        0     1                 .Lline_table_start0
     188      188        0     1                 $d
     219      219      349     1         /var/folders/hw/r5t5ryts3r7fw374z_3h5bmw0000gp/T/common-a210b9.o:(.debug_line)
     219      219        0     1                 .Lline_table_start0
     219      219        0     1                 $d
       0        0       4f     1 .debug_line_str
       0        0       4f     1         <internal>:(.debug_line_str)
       0        0       32     1 .debug_rnglists
       0        0       17     1         /var/folders/hw/r5t5ryts3r7fw374z_3h5bmw0000gp/T/user-834efa.o:(.debug_rnglists)
       0        0        0     1                 $d
       c        c        0     1                 .L0 
      17       17       1b     1         /var/folders/hw/r5t5ryts3r7fw374z_3h5bmw0000gp/T/common-a210b9.o:(.debug_rnglists)
      17       17        0     1                 $d
      23       23        0     1                 .L0 
       0        0      3d0     4 .symtab
       0        0      3d0     4         <internal>:(.symtab)
       0        0       dc     1 .shstrtab
       0        0       dc     1         <internal>:(.shstrtab)
       0        0       fe     1 .strtab
       0        0       fe     1         <internal>:(.strtab)
